Archive member included because of file (symbol)

.\CortexM3\ARM_GCC_493\Debug\Design01.a(cyfitter_cfg.o)
                              .\CortexM3\ARM_GCC_493\Debug\Cm3Start.o (cyfitter_cfg)
.\CortexM3\ARM_GCC_493\Debug\Design01.a(Printer.o)
                              .\CortexM3\ARM_GCC_493\Debug\main.o (Printer_Start)
.\CortexM3\ARM_GCC_493\Debug\Design01.a(Display1.o)
                              .\CortexM3\ARM_GCC_493\Debug\main.o (Display1_Start)
.\CortexM3\ARM_GCC_493\Debug\Design01.a(Display1_INT.o)
                              .\CortexM3\ARM_GCC_493\Debug\Design01.a(Display1.o) (Display1_RXISR)
.\CortexM3\ARM_GCC_493\Debug\Design01.a(Display2.o)
                              .\CortexM3\ARM_GCC_493\Debug\main.o (Display2_Start)
.\CortexM3\ARM_GCC_493\Debug\Design01.a(Display2_INT.o)
                              .\CortexM3\ARM_GCC_493\Debug\Design01.a(Display2.o) (Display2_RXISR)
.\CortexM3\ARM_GCC_493\Debug\Design01.a(Display1_IntClock.o)
                              .\CortexM3\ARM_GCC_493\Debug\Design01.a(Display1.o) (Display1_IntClock_Start)
.\CortexM3\ARM_GCC_493\Debug\Design01.a(Display2_IntClock.o)
                              .\CortexM3\ARM_GCC_493\Debug\Design01.a(Display2.o) (Display2_IntClock_Start)
.\CortexM3\ARM_GCC_493\Debug\Design01.a(CyBootAsmGnu.o)
                              .\CortexM3\ARM_GCC_493\Debug\Design01.a(cyfitter_cfg.o) (CyDelayCycles)
.\CortexM3\ARM_GCC_493\Debug\Design01.a(CyLib.o)
                              .\CortexM3\ARM_GCC_493\Debug\Cm3Start.o (CyHalt)
.\CortexM3\ARM_GCC_493\Debug\Design01.a(cyPm.o)
                              .\CortexM3\ARM_GCC_493\Debug\Design01.a(CyLib.o) (CyPmReadStatus)
.\CortexM3\ARM_GCC_493\Debug\Design01.a(Printer_IntClock.o)
                              .\CortexM3\ARM_GCC_493\Debug\Design01.a(Printer.o) (Printer_IntClock_Start)
.\CortexM3\ARM_GCC_493\Debug\Design01.a(Pump.o)
                              .\CortexM3\ARM_GCC_493\Debug\main.o (Pump_Start)
.\CortexM3\ARM_GCC_493\Debug\Design01.a(Pump_INT.o)
                              .\CortexM3\ARM_GCC_493\Debug\Design01.a(Pump.o) (Pump_RXISR)
.\CortexM3\ARM_GCC_493\Debug\Design01.a(EEPROM_1.o)
                              .\CortexM3\ARM_GCC_493\Debug\main.o (EEPROM_1_Start)
.\CortexM3\ARM_GCC_493\Debug\Design01.a(I2C_Bus.o)
                              .\CortexM3\ARM_GCC_493\Debug\main.o (I2C_Bus_Start)
.\CortexM3\ARM_GCC_493\Debug\Design01.a(I2C_Bus_INT.o)
                              .\CortexM3\ARM_GCC_493\Debug\Design01.a(I2C_Bus.o) (I2C_Bus_ISR)
.\CortexM3\ARM_GCC_493\Debug\Design01.a(I2C_Bus_PM.o)
                              .\CortexM3\ARM_GCC_493\Debug\Design01.a(I2C_Bus.o) (I2C_Bus_backup)
.\CortexM3\ARM_GCC_493\Debug\Design01.a(I2C_Bus_MASTER.o)
                              .\CortexM3\ARM_GCC_493\Debug\Design01.a(I2C_Bus_INT.o) (I2C_Bus_mstrStatus)
.\CortexM3\ARM_GCC_493\Debug\Design01.a(Timer_Animacion.o)
                              .\CortexM3\ARM_GCC_493\Debug\main.o (Timer_Animacion_Stop)
.\CortexM3\ARM_GCC_493\Debug\Design01.a(isr_3.o)
                              .\CortexM3\ARM_GCC_493\Debug\main.o (isr_3_StartEx)
.\CortexM3\ARM_GCC_493\Debug\Design01.a(Timer_Animacion2.o)
                              .\CortexM3\ARM_GCC_493\Debug\main.o (Timer_Animacion2_Stop)
.\CortexM3\ARM_GCC_493\Debug\Design01.a(isr_4.o)
                              .\CortexM3\ARM_GCC_493\Debug\main.o (isr_4_Stop)
.\CortexM3\ARM_GCC_493\Debug\Design01.a(IB1.o)
                              .\CortexM3\ARM_GCC_493\Debug\ibuton.o (IB1_Write)
.\CortexM3\ARM_GCC_493\Debug\Design01.a(IB2.o)
                              .\CortexM3\ARM_GCC_493\Debug\ibuton.o (IB2_Write)
.\CortexM3\ARM_GCC_493\Debug\Design01.a(RF_Connection.o)
                              .\CortexM3\ARM_GCC_493\Debug\main.o (RF_Connection_Start)
.\CortexM3\ARM_GCC_493\Debug\Design01.a(RF_Connection_INT.o)
                              .\CortexM3\ARM_GCC_493\Debug\Design01.a(RF_Connection.o) (RF_Connection_RXISR)
.\CortexM3\ARM_GCC_493\Debug\Design01.a(RF_Connection_IntClock.o)
                              .\CortexM3\ARM_GCC_493\Debug\Design01.a(RF_Connection.o) (RF_Connection_IntClock_Start)
.\CortexM3\ARM_GCC_493\Debug\Design01.a(Waitable_4.o)
                              .\CortexM3\ARM_GCC_493\Debug\main.o (Waitable_4_ReadStatusRegister)
.\CortexM3\ARM_GCC_493\Debug\Design01.a(Waitable_3.o)
                              .\CortexM3\ARM_GCC_493\Debug\main.o (Waitable_3_ReadStatusRegister)
.\CortexM3\ARM_GCC_493\Debug\Design01.a(isr_1.o)
                              .\CortexM3\ARM_GCC_493\Debug\main.o (isr_1_StartEx)
.\CortexM3\ARM_GCC_493\Debug\Design01.a(isr_2.o)
                              .\CortexM3\ARM_GCC_493\Debug\main.o (isr_2_StartEx)
.\CortexM3\ARM_GCC_493\Debug\Design01.a(CyFlash.o)
                              .\CortexM3\ARM_GCC_493\Debug\Design01.a(EEPROM_1.o) (dieTemperature)
.\CortexM3\ARM_GCC_493\Debug\Design01.a(CySpc.o)
[...]
Memory Configuration

Name             Origin             Length             Attributes
rom              0x00000000         0x00040000         xr
ram              0x1fff8000         0x00010000         xrw
*default*        0x00000000         0xffffffff

Linker script and memory map

LOAD c:/program files (x86)/cypress/psoc creator/3.3/psoc creator/import/gnu/arm/4.9.3/bin/../lib/gcc/arm-none-eabi/4.9.3/armv7-m/crti.o
LOAD c:/program files (x86)/cypress/psoc creator/3.3/psoc creator/import/gnu/arm/4.9.3/bin/../lib/gcc/arm-none-eabi/4.9.3/armv7-m/crtbegin.o
LOAD c:/program files (x86)/cypress/psoc creator/3.3/psoc creator/import/gnu/arm/4.9.3/bin/../lib/gcc/arm-none-eabi/4.9.3/../../../../arm-none-eabi/lib/armv7-m/crt0.o
START GROUP
LOAD .\CortexM3\ARM_GCC_493\Debug\main.o
LOAD .\CortexM3\ARM_GCC_493\Debug\protocol.o
LOAD .\CortexM3\ARM_GCC_493\Debug\LCD.o
LOAD .\CortexM3\ARM_GCC_493\Debug\keyboard.o
LOAD .\CortexM3\ARM_GCC_493\Debug\I2C.o
LOAD .\CortexM3\ARM_GCC_493\Debug\Print.o
LOAD .\CortexM3\ARM_GCC_493\Debug\ibuton.o
LOAD .\CortexM3\ARM_GCC_493\Debug\RFPoll.o
LOAD .\CortexM3\ARM_GCC_493\Debug\cymetadata.o
LOAD .\CortexM3\ARM_GCC_493\Debug\Cm3Start.o
LOAD .\CortexM3\ARM_GCC_493\Debug\Design01.a
LOAD C:\Program Files (x86)\Cypress\PSoC Creator\3.3\PSoC Creator\psoc\content\cycomponentlibrary\CyComponentLibrary.cylib\CortexM3\ARM_GCC_493\Debug\CyComponentLibrary.a
END GROUP
START GROUP
LOAD c:/program files (x86)/cypress/psoc creator/3.3/psoc creator/import/gnu/arm/4.9.3/bin/../lib/gcc/arm-none-eabi/4.9.3/armv7-m\libgcc.a
LOAD c:/program files (x86)/cypress/psoc creator/3.3/psoc creator/import/gnu/arm/4.9.3/bin/../lib/gcc/arm-none-eabi/4.9.3/../../../../arm-none-eabi/lib/armv7-m\libg_nano.a
LOAD c:/program files (x86)/cypress/psoc creator/3.3/psoc creator/import/gnu/arm/4.9.3/bin/../lib/gcc/arm-none-eabi/4.9.3/../../../../arm-none-eabi/lib/armv7-m\libc_nano.a
END GROUP
START GROUP
LOAD c:/program files (x86)/cypress/psoc creator/3.3/psoc creator/import/gnu/arm/4.9.3/bin/../lib/gcc/arm-none-eabi/4.9.3/armv7-m\libgcc.a
LOAD c:/program files (x86)/cypress/psoc creator/3.3/psoc creator/import/gnu/arm/4.9.3/bin/../lib/gcc/arm-none-eabi/4.9.3/../../../../arm-none-eabi/lib/armv7-m\libc_nano.a
END GROUP
LOAD c:/program files (x86)/cypress/psoc creator/3.3/psoc creator/import/gnu/arm/4.9.3/bin/../lib/gcc/arm-none-eabi/4.9.3/armv7-m/crtend.o
LOAD c:/program files (x86)/cypress/psoc creator/3.3/psoc creator/import/gnu/arm/4.9.3/bin/../lib/gcc/arm-none-eabi/4.9.3/armv7-m/crtn.o
START GROUP
LOAD c:/program files (x86)/cypress/psoc creator/3.3/psoc creator/import/gnu/arm/4.9.3/bin/../lib/gcc/arm-none-eabi/4.9.3/armv7-m\libgcc.a
LOAD c:/program files (x86)/cypress/psoc creator/3.3/psoc creator/import/gnu/arm/4.9.3/bin/../lib/gcc/arm-none-eabi/4.9.3/../../../../arm-none-eabi/lib/armv7-m\libc.a
LOAD c:/program files (x86)/cypress/psoc creator/3.3/psoc creator/import/gnu/arm/4.9.3/bin/../lib/gcc/arm-none-eabi/4.9.3/../../../../arm-none-eabi/lib/armv7-m\libnosys.a
END GROUP
                0x00000000                CY_APPL_ORIGIN = 0x0
                0x00000100                CY_FLASH_ROW_SIZE = 0x100
                0x00000020                CY_ECC_ROW_SIZE = 0x20
                0x00000000                CY_EE_IN_BTLDR = 0x0
                0x00000000                CY_APPL_LOADABLE = 0x0
                0x00000800                CY_EE_SIZE = 0x800
                0x00000001                CY_APPL_NUM = 0x1
                0x00000001                CY_APPL_MAX = 0x1
                0x00000040                CY_METADATA_SIZE = 0x40
                0x00000000                CY_APPL_LOADABLE = 0x0
                0x00000000                CY_CHECKSUM_EXCLUDE_SIZE = ALIGN (0x0, CY_FLASH_ROW_SIZE)
                0x1fff9880                PROVIDE (__cy_heap_start, _end)
                0x00000001                PROVIDE (__cy_region_num, ((__cy_regions_end - __cy_regions) / 0x10))
                0x20008000                PROVIDE (__cy_stack, (ORIGIN (ram) + 0x10000))
                0x20007800                PROVIDE (__cy_heap_end, (__cy_stack - 0x800))

.cybootloader   0x00000000        0x0
 *(.cybootloader)
                0x00000000                appl1_start = CY_APPL_ORIGIN?CY_APPL_ORIGIN:ALIGN (CY_FLASH_ROW_SIZE)
                0x0001ff00                appl2_start = (appl1_start + ALIGN ((((0x40000 - appl1_start) - (0x2 * CY_FLASH_ROW_SIZE)) / 0x2), CY_FLASH_ROW_SIZE))
                0x00000000                appl_start = (CY_APPL_NUM == 0x1)?appl1_start:appl2_start
                0x00000000                ecc_offset = ((appl_start / CY_FLASH_ROW_SIZE) * CY_ECC_ROW_SIZE)
                0x00000000                ee_offset = (CY_APPL_LOADABLE && ! (CY_EE_IN_BTLDR))?((CY_EE_SIZE / CY_APPL_MAX) * (CY_APPL_NUM - 0x1)):0x0
                0x00000800                ee_size = (CY_APPL_LOADABLE && ! (CY_EE_IN_BTLDR))?(CY_EE_SIZE / CY_APPL_MAX):CY_EE_SIZE
                0x00000000                PROVIDE (CY_ECC_OFFSET, ecc_offset)

.text           0x00000000     0x88dc
 CREATE_OBJECT_SYMBOLS
                0x00000000                PROVIDE (__cy_interrupt_vector, RomVectors)
 *(.romvectors)
 .romvectors    0x00000000       0x10 .\CortexM3\ARM_GCC_493\Debug\Cm3Start.o
                0x00000000                RomVectors
                0x00000001                ASSERT ((. != __cy_interrupt_vector), No interrupt vector)
                0x00000001                ASSERT (CY_APPL_ORIGIN?(SIZEOF (.cybootloader) <= CY_APPL_ORIGIN):0x1, Wrong image location)
                0x00000010                PROVIDE (__cy_reset, Reset)
 *(.text.Reset)
 .text.Reset    0x00000010       0x18 .\CortexM3\ARM_GCC_493\Debug\Cm3Start.o
                0x00000010                Reset
                0x00000001                ASSERT ((. != __cy_reset), No reset code)
 *(.dma_init)
                0x00000001                ASSERT ((((appl_start + .) <= 0x10000) || 0x1), DMA Init must be within the first 64k of flash)
 *(.text .text.* .gnu.linkonce.t.*)
 .text          0x00000028       0x5c c:/program files (x86)/cypress/psoc creator/3.3/psoc creator/import/gnu/arm/4.9.3/bin/../lib/gcc/arm-none-eabi/4.9.3/armv7-m/crtbegin.o
 .text.animacion
                0x00000084       0x14 .\CortexM3\ARM_GCC_493\Debug\main.o
                0x00000084                animacion
 .text.timerRFRX
                0x00000098       0x30 .\CortexM3\ARM_GCC_493\Debug\main.o
                0x00000098                timerRFRX
 .text.timerPump
                0x000000c8       0x30 .\CortexM3\ARM_GCC_493\Debug\main.o
                0x000000c8                timerPump
 .text.GlobalInitializer
                0x000000f8       0x3c .\CortexM3\ARM_GCC_493\Debug\main.o
                0x000000f8                GlobalInitializer
 .text.StoreConfiguration
                0x00000134       0x94 .\CortexM3\ARM_GCC_493\Debug\main.o
                0x00000134                StoreConfiguration
 .text.loadConfiguration
                0x000001c8       0xc8 .\CortexM3\ARM_GCC_493\Debug\main.o
                0x000001c8                loadConfiguration
 .text.InitDisplay1
                0x00000290      0x28c .\CortexM3\ARM_GCC_493\Debug\main.o
                0x00000290                InitDisplay1
 .text.InitDisplay2
                0x0000051c       0x50 .\CortexM3\ARM_GCC_493\Debug\main.o
                0x0000051c                InitDisplay2
 .text.InitPump
                0x0000056c       0xc4 .\CortexM3\ARM_GCC_493\Debug\main.o
                0x0000056c                InitPump
 .text.PrintTest
                0x00000630       0xc4 .\CortexM3\ARM_GCC_493\Debug\main.o
                0x00000630                PrintTest
 .text.PollingDisplay1
                0x000006f4     0x13bc .\CortexM3\ARM_GCC_493\Debug\main.o
                0x000006f4                PollingDisplay1
 .text.PollingDisplay2
                0x00001ab0     0x13d8 .\CortexM3\ARM_GCC_493\Debug\main.o
                0x00001ab0                PollingDisplay2
 .text.main     0x00002e88       0x54 .\CortexM3\ARM_GCC_493\Debug\main.o
                0x00002e88                main
 .text.get_state
                0x00002edc       0x30 .\CortexM3\ARM_GCC_493\Debug\protocol.o
                0x00002edc                get_state
 .text.get_position
                0x00002f0c      0x120 .\CortexM3\ARM_GCC_493\Debug\protocol.o
                0x00002f0c                get_position
 .text.getTotals
                0x0000302c      0x4b4 .\CortexM3\ARM_GCC_493\Debug\protocol.o
                0x0000302c                getTotals
 .text.priceChange
                0x000034e0      0x1dc .\CortexM3\ARM_GCC_493\Debug\protocol.o
                0x000034e0                priceChange
 .text.getSale  0x000036bc      0x3c8 .\CortexM3\ARM_GCC_493\Debug\protocol.o
                0x000036bc                getSale
 .text.PumpIsInValidState
                0x00003a84       0x14 .\CortexM3\ARM_GCC_493\Debug\protocol.o
                0x00003a84                PumpIsInValidState
 .text.GetLRC   0x00003a98       0x28 .\CortexM3\ARM_GCC_493\Debug\protocol.o
                0x00003a98                GetLRC
 .text.PresetData
                0x00003ac0      0x310 .\CortexM3\ARM_GCC_493\Debug\protocol.o
                0x00003ac0                PresetData
 .text.PumpCompleteConfiguration
                0x00003dd0      0x160 .\CortexM3\ARM_GCC_493\Debug\protocol.o
                0x00003dd0                PumpCompleteConfiguration
 .text.PumpHoseActiveState
                0x00003f30       0xd4 .\CortexM3\ARM_GCC_493\Debug\protocol.o
                0x00003f30                PumpHoseActiveState
 .text.SetPicture
                0x00004004       0x50 .\CortexM3\ARM_GCC_493\Debug\LCD.o
                0x00004004                SetPicture
 .text.WriteMessage
                0x00004054       0xc8 .\CortexM3\ARM_GCC_493\Debug\LCD.o
                0x00004054                WriteMessage
 .text.ShowRectangle
                0x0000411c       0x5c .\CortexM3\ARM_GCC_493\Debug\LCD.o
                0x0000411c                ShowRectangle
 .text.ShowMessage
                0x00004178       0x34 .\CortexM3\ARM_GCC_493\Debug\LCD.o
                0x00004178                ShowMessage
 .text.UnmapCode
                0x000041ac       0x1c .\CortexM3\ARM_GCC_493\Debug\LCD.o
                0x000041ac                UnmapCode
 .text.WriteLCD
                0x000041c8       0xc8 .\CortexM3\ARM_GCC_493\Debug\LCD.o
                0x000041c8                WriteLCD
 .text.alphanumeric_keyboard
                0x00004290      0x494 .\CortexM3\ARM_GCC_493\Debug\keyboard.o
                0x00004290                alphanumeric_keyboard
 .text.write_psoc1
                0x00004724       0x48 .\CortexM3\ARM_GCC_493\Debug\I2C.o
                0x00004724                write_psoc1
 .text.leer_fecha
                0x0000476c       0x5c .\CortexM3\ARM_GCC_493\Debug\I2C.o
                0x0000476c                leer_fecha
 .text.write_fecha
                0x000047c8       0x5c .\CortexM3\ARM_GCC_493\Debug\I2C.o
                0x000047c8                write_fecha
 .text.leer_hora
                0x00004824       0x5c .\CortexM3\ARM_GCC_493\Debug\I2C.o
                0x00004824                leer_hora
 .text.write_hora
                0x00004880       0x58 .\CortexM3\ARM_GCC_493\Debug\I2C.o
                0x00004880                write_hora
 .text.printLogoP
                0x000048d8      0x1f0 .\CortexM3\ARM_GCC_493\Debug\Print.o
                0x000048d8                printLogoP
 .text.imprimir
                0x00004ac8      0xf00 .\CortexM3\ARM_GCC_493\Debug\Print.o
                0x00004ac8                imprimir
 .text.touch_present
                0x000059c8       0x84 .\CortexM3\ARM_GCC_493\Debug\ibuton.o
                0x000059c8                touch_present
 .text.touch_write
                0x00005a4c       0xd4 .\CortexM3\ARM_GCC_493\Debug\ibuton.o
                0x00005a4c                touch_write
 .text.touch_read_byte
                0x00005b20       0x78 .\CortexM3\ARM_GCC_493\Debug\ibuton.o
                0x00005b20                touch_read_byte
 .text.crc_check
                0x00005b98       0x20 .\CortexM3\ARM_GCC_493\Debug\ibuton.o
                0x00005b98                crc_check
 .text.verificar_check
                0x00005bb8       0x34 .\CortexM3\ARM_GCC_493\Debug\RFPoll.o
                0x00005bb8                verificar_check
 .text.pollingRF_Tx
                0x00005bec      0x79c .\CortexM3\ARM_GCC_493\Debug\RFPoll.o
                0x00005bec                pollingRF_Tx
 .text.pollingRF_Rx
                0x00006388      0x78c .\CortexM3\ARM_GCC_493\Debug\RFPoll.o
                0x00006388                pollingRF_Rx
 .text.IntDefaultHandler
                0x00006b14        0x4 .\CortexM3\ARM_GCC_493\Debug\Cm3Start.o
                0x00006b14                IntDefaultHandler
 .text.Start_c  0x00006b18       0x4c .\CortexM3\ARM_GCC_493\Debug\Cm3Start.o
                0x00006b18                Start_c
 .text.initialize_psoc
                0x00006b64       0x74 .\CortexM3\ARM_GCC_493\Debug\Cm3Start.o
                0x00006b64                initialize_psoc
 .text.CyClockStartupError
                0x00006bd8        0x4 .\CortexM3\ARM_GCC_493\Debug\Design01.a(cyfitter_cfg.o)
 .text.cfg_write_bytes32
                0x00006bdc       0x34 .\CortexM3\ARM_GCC_493\Debug\Design01.a(cyfitter_cfg.o)
 .text.AnalogSetDefault
                0x00006c10       0x28 .\CortexM3\ARM_GCC_493\Debug\Design01.a(cyfitter_cfg.o)
 .text.CYMEMZERO
                0x00006c38        0xc .\CortexM3\ARM_GCC_493\Debug\Design01.a(cyfitter_cfg.o)
 .text.ClockSetup
                0x00006c44       0xf8 .\CortexM3\ARM_GCC_493\Debug\Design01.a(cyfitter_cfg.o)
 .text.CYCONFIGCPY
                0x00006d3c        0x8 .\CortexM3\ARM_GCC_493\Debug\Design01.a(cyfitter_cfg.o)
 .text.cyfitter_cfg
                0x00006d44      0x13c .\CortexM3\ARM_GCC_493\Debug\Design01.a(cyfitter_cfg.o)
                0x00006d44                cyfitter_cfg
 .text.Printer_Init
                0x00006e80       0x24 .\CortexM3\ARM_GCC_493\Debug\Design01.a(Printer.o)
                0x00006e80                Printer_Init
 .text.Printer_Enable
                0x00006ea4       0x38 .\CortexM3\ARM_GCC_493\Debug\Design01.a(Printer.o)
                0x00006ea4                Printer_Enable
 .text.Printer_Start
                0x00006edc       0x1c .\CortexM3\ARM_GCC_493\Debug\Design01.a(Printer.o)
                0x00006edc                Printer_Start
 .text.Display1_Init
                0x00006ef8       0x44 .\CortexM3\ARM_GCC_493\Debug\Design01.a(Display1.o)
                0x00006ef8                Display1_Init
 .text.Display1_Enable
                0x00006f3c       0x44 .\CortexM3\ARM_GCC_493\Debug\Design01.a(Display1.o)
                0x00006f3c                Display1_Enable
 .text.Display1_Start
                0x00006f80       0x1c .\CortexM3\ARM_GCC_493\Debug\Design01.a(Display1.o)
                0x00006f80                Display1_Start
 .text.Display1_GetRxBufferSize
                0x00006f9c       0x5c .\CortexM3\ARM_GCC_493\Debug\Design01.a(Display1.o)
                0x00006f9c                Display1_GetRxBufferSize
 .text.Display1_ClearRxBuffer
                0x00006ff8       0x44 .\CortexM3\ARM_GCC_493\Debug\Design01.a(Display1.o)
                0x00006ff8                Display1_ClearRxBuffer
 .text.Display1_PutChar
                0x0000703c       0x18 .\CortexM3\ARM_GCC_493\Debug\Design01.a(Display1.o)
                0x0000703c                Display1_PutChar
 .text.Display1_RXISR
                0x00007054       0x94 .\CortexM3\ARM_GCC_493\Debug\Design01.a(Display1_INT.o)
                0x00007054                Display1_RXISR
 .text.Display2_Init
                0x000070e8       0x44 .\CortexM3\ARM_GCC_493\Debug\Design01.a(Display2.o)
                0x000070e8                Display2_Init
 .text.Display2_Enable
                0x0000712c       0x44 .\CortexM3\ARM_GCC_493\Debug\Design01.a(Display2.o)
                0x0000712c                Display2_Enable
 .text.Display2_Start
                0x00007170       0x1c .\CortexM3\ARM_GCC_493\Debug\Design01.a(Display2.o)
                0x00007170                Display2_Start
 .text.Display2_GetRxBufferSize
                0x0000718c       0x5c .\CortexM3\ARM_GCC_493\Debug\Design01.a(Display2.o)
                0x0000718c                Display2_GetRxBufferSize
 .text.Display2_ClearRxBuffer
                0x000071e8       0x44 .\CortexM3\ARM_GCC_493\Debug\Design01.a(Display2.o)
                0x000071e8                Display2_ClearRxBuffer
 .text.Display2_PutChar
                0x0000722c       0x18 .\CortexM3\ARM_GCC_493\Debug\Design01.a(Display2.o)
                0x0000722c                Display2_PutChar
 .text.Display2_RXISR
                0x00007244       0x94 .\CortexM3\ARM_GCC_493\Debug\Design01.a(Display2_INT.o)
                0x00007244                Display2_RXISR
 .text.Display1_IntClock_Start
                0x000072d8       0x1c .\CortexM3\ARM_GCC_493\Debug\Design01.a(Display1_IntClock.o)
                0x000072d8                Display1_IntClock_Start
 .text.Display2_IntClock_Start
                0x000072f4       0x1c .\CortexM3\ARM_GCC_493\Debug\Design01.a(Display2_IntClock.o)
                0x000072f4                Display2_IntClock_Start
 .text          0x00007310       0x20 .\CortexM3\ARM_GCC_493\Debug\Design01.a(CyBootAsmGnu.o)
                0x00007310                CyDelayCycles
                0x00007320                CyEnterCriticalSection
                0x00007328                CyExitCriticalSection
 .text.CyHalt   0x00007330        0x4 .\CortexM3\ARM_GCC_493\Debug\Design01.a(CyLib.o)
                0x00007330                CyHalt
 .text.CyDelay  0x00007334       0x2c .\CortexM3\ARM_GCC_493\Debug\Design01.a(CyLib.o)
                0x00007334                CyDelay
 .text.CyDelayUs
                0x00007360       0x14 .\CortexM3\ARM_GCC_493\Debug\Design01.a(CyLib.o)
                0x00007360                CyDelayUs
 .text.CyWdtStart
                0x00007374       0x40 .\CortexM3\ARM_GCC_493\Debug\Design01.a(CyLib.o)
                0x00007374                CyWdtStart
 .text.CyWdtClear
                0x000073b4        0xc .\CortexM3\ARM_GCC_493\Debug\Design01.a(CyLib.o)
                0x000073b4                CyWdtClear
 .text.CyIntSetVector
                0x000073c0       0x28 .\CortexM3\ARM_GCC_493\Debug\Design01.a(CyLib.o)
                0x000073c0                CyIntSetVector
 .text.CyIntSetPriority
                0x000073e8       0x30 .\CortexM3\ARM_GCC_493\Debug\Design01.a(CyLib.o)
                0x000073e8                CyIntSetPriority
 .text.Printer_IntClock_Start
                0x00007418       0x1c .\CortexM3\ARM_GCC_493\Debug\Design01.a(Printer_IntClock.o)
                0x00007418                Printer_IntClock_Start
 .text.Pump_Init
                0x00007434       0x44 .\CortexM3\ARM_GCC_493\Debug\Design01.a(Pump.o)
                0x00007434                Pump_Init
 .text.Pump_Enable
                0x00007478       0x3c .\CortexM3\ARM_GCC_493\Debug\Design01.a(Pump.o)
                0x00007478                Pump_Enable
 .text.Pump_Start
                0x000074b4       0x1c .\CortexM3\ARM_GCC_493\Debug\Design01.a(Pump.o)
                0x000074b4                Pump_Start
 .text.Pump_ReadRxData
                0x000074d0       0x64 .\CortexM3\ARM_GCC_493\Debug\Design01.a(Pump.o)
                0x000074d0                Pump_ReadRxData
 .text.Pump_GetRxBufferSize
                0x00007534       0x68 .\CortexM3\ARM_GCC_493\Debug\Design01.a(Pump.o)
                0x00007534                Pump_GetRxBufferSize
 .text.Pump_ClearRxBuffer
                0x0000759c       0x44 .\CortexM3\ARM_GCC_493\Debug\Design01.a(Pump.o)
                0x0000759c                Pump_ClearRxBuffer
 .text.Pump_PutChar
                0x000075e0       0x18 .\CortexM3\ARM_GCC_493\Debug\Design01.a(Pump.o)
                0x000075e0                Pump_PutChar
 .text.Pump_RXISR
                0x000075f8       0x98 .\CortexM3\ARM_GCC_493\Debug\Design01.a(Pump_INT.o)
                0x000075f8                Pump_RXISR
 .text.EEPROM_1_Enable
                0x00007690        0xc .\CortexM3\ARM_GCC_493\Debug\Design01.a(EEPROM_1.o)
                0x00007690                EEPROM_1_Enable
 .text.EEPROM_1_Start
                0x0000769c        0x8 .\CortexM3\ARM_GCC_493\Debug\Design01.a(EEPROM_1.o)
                0x0000769c                EEPROM_1_Start
 .text.EEPROM_1_WriteByte
                0x000076a4       0xd4 .\CortexM3\ARM_GCC_493\Debug\Design01.a(EEPROM_1.o)
                0x000076a4                EEPROM_1_WriteByte
 .text.EEPROM_1_ReadByte
                0x00007778       0x28 .\CortexM3\ARM_GCC_493\Debug\Design01.a(EEPROM_1.o)
                0x00007778                EEPROM_1_ReadByte
 .text.I2C_Bus_Init
                0x000077a0       0x58 .\CortexM3\ARM_GCC_493\Debug\Design01.a(I2C_Bus.o)
                0x000077a0                I2C_Bus_Init
 .text.I2C_Bus_Enable
                0x000077f8       0x24 .\CortexM3\ARM_GCC_493\Debug\Design01.a(I2C_Bus.o)
                0x000077f8                I2C_Bus_Enable
 .text.I2C_Bus_Start
                0x0000781c       0x28 .\CortexM3\ARM_GCC_493\Debug\Design01.a(I2C_Bus.o)
                0x0000781c                I2C_Bus_Start
 .text.I2C_Bus_ISR
                0x00007844      0x2d0 .\CortexM3\ARM_GCC_493\Debug\Design01.a(I2C_Bus_INT.o)
                0x00007844                I2C_Bus_ISR
 .text.I2C_Bus_MasterSendStart
                0x00007b14       0x80 .\CortexM3\ARM_GCC_493\Debug\Design01.a(I2C_Bus_MASTER.o)
                0x00007b14                I2C_Bus_MasterSendStart
 .text.I2C_Bus_MasterSendStop
                0x00007b94       0x38 .\CortexM3\ARM_GCC_493\Debug\Design01.a(I2C_Bus_MASTER.o)
                0x00007b94                I2C_Bus_MasterSendStop
 .text.I2C_Bus_MasterWriteByte
                0x00007bcc       0x58 .\CortexM3\ARM_GCC_493\Debug\Design01.a(I2C_Bus_MASTER.o)
                0x00007bcc                I2C_Bus_MasterWriteByte
 .text.I2C_Bus_MasterReadByte
                0x00007c24       0x58 .\CortexM3\ARM_GCC_493\Debug\Design01.a(I2C_Bus_MASTER.o)
                0x00007c24                I2C_Bus_MasterReadByte
 .text.I2C_Bus_MasterClearStatus
                0x00007c7c       0x10 .\CortexM3\ARM_GCC_493\Debug\Design01.a(I2C_Bus_MASTER.o)
                0x00007c7c                I2C_Bus_MasterClearStatus
 .text.I2C_Bus_MasterClearReadBuf
                0x00007c8c       0x1c .\CortexM3\ARM_GCC_493\Debug\Design01.a(I2C_Bus_MASTER.o)
                0x00007c8c                I2C_Bus_MasterClearReadBuf
 .text.I2C_Bus_MasterClearWriteBuf
                0x00007ca8       0x1c .\CortexM3\ARM_GCC_493\Debug\Design01.a(I2C_Bus_MASTER.o)
                0x00007ca8                I2C_Bus_MasterClearWriteBuf
 .text.I2C_Bus_Workaround
                0x00007cc4        0x4 .\CortexM3\ARM_GCC_493\Debug\Design01.a(I2C_Bus_MASTER.o)
                0x00007cc4                I2C_Bus_Workaround
 .text.Timer_Animacion_Enable
                0x00007cc8       0x28 .\CortexM3\ARM_GCC_493\Debug\Design01.a(Timer_Animacion.o)
                0x00007cc8                Timer_Animacion_Enable
 .text.Timer_Animacion_Stop
                0x00007cf0       0x28 .\CortexM3\ARM_GCC_493\Debug\Design01.a(Timer_Animacion.o)
                0x00007cf0                Timer_Animacion_Stop
 .text.Timer_Animacion_SetInterruptMode
                0x00007d18        0xc .\CortexM3\ARM_GCC_493\Debug\Design01.a(Timer_Animacion.o)
                0x00007d18                Timer_Animacion_SetInterruptMode
 .text.Timer_Animacion_ReadStatusRegister
                0x00007d24        0xc .\CortexM3\ARM_GCC_493\Debug\Design01.a(Timer_Animacion.o)
                0x00007d24                Timer_Animacion_ReadStatusRegister
 .text.Timer_Animacion_WritePeriod
                0x00007d30        0xc .\CortexM3\ARM_GCC_493\Debug\Design01.a(Timer_Animacion.o)
                0x00007d30                Timer_Animacion_WritePeriod
 .text.Timer_Animacion_WriteCounter
                0x00007d3c        0xc .\CortexM3\ARM_GCC_493\Debug\Design01.a(Timer_Animacion.o)
                0x00007d3c                Timer_Animacion_WriteCounter
 .text.Timer_Animacion_Init
                0x00007d48       0x68 .\CortexM3\ARM_GCC_493\Debug\Design01.a(Timer_Animacion.o)
                0x00007d48                Timer_Animacion_Init
 .text.Timer_Animacion_Start
                0x00007db0       0x1c .\CortexM3\ARM_GCC_493\Debug\Design01.a(Timer_Animacion.o)
                0x00007db0                Timer_Animacion_Start
 .text.isr_3_SetVector
                0x00007dcc       0x10 .\CortexM3\ARM_GCC_493\Debug\Design01.a(isr_3.o)
                0x00007dcc                isr_3_SetVector
 .text.isr_3_SetPriority
                0x00007ddc       0x10 .\CortexM3\ARM_GCC_493\Debug\Design01.a(isr_3.o)
                0x00007ddc                isr_3_SetPriority
 .text.isr_3_Enable
                0x00007dec       0x10 .\CortexM3\ARM_GCC_493\Debug\Design01.a(isr_3.o)
                0x00007dec                isr_3_Enable
 .text.isr_3_Disable
                0x00007dfc       0x10 .\CortexM3\ARM_GCC_493\Debug\Design01.a(isr_3.o)
                0x00007dfc                isr_3_Disable
 .text.isr_3_StartEx
                0x00007e0c       0x1c .\CortexM3\ARM_GCC_493\Debug\Design01.a(isr_3.o)
                0x00007e0c                isr_3_StartEx
 .text.isr_3_Stop
                0x00007e28       0x14 .\CortexM3\ARM_GCC_493\Debug\Design01.a(isr_3.o)
                0x00007e28                isr_3_Stop
 .text.Timer_Animacion2_Stop
                0x00007e3c       0x28 .\CortexM3\ARM_GCC_493\Debug\Design01.a(Timer_Animacion2.o)
                0x00007e3c                Timer_Animacion2_Stop
 .text.isr_4_SetVector
                0x00007e64       0x10 .\CortexM3\ARM_GCC_493\Debug\Design01.a(isr_4.o)
                0x00007e64                isr_4_SetVector
 .text.isr_4_Disable
                0x00007e74       0x10 .\CortexM3\ARM_GCC_493\Debug\Design01.a(isr_4.o)
                0x00007e74                isr_4_Disable
 .text.isr_4_Stop
                0x00007e84       0x14 .\CortexM3\ARM_GCC_493\Debug\Design01.a(isr_4.o)
                0x00007e84                isr_4_Stop
 .text.IB1_Write
                0x00007e98       0x18 .\CortexM3\ARM_GCC_493\Debug\Design01.a(IB1.o)
                0x00007e98                IB1_Write
 .text.IB1_Read
                0x00007eb0       0x10 .\CortexM3\ARM_GCC_493\Debug\Design01.a(IB1.o)
                0x00007eb0                IB1_Read
 .text.IB2_Write
                0x00007ec0       0x18 .\CortexM3\ARM_GCC_493\Debug\Design01.a(IB2.o)
                0x00007ec0                IB2_Write
 .text.IB2_Read
                0x00007ed8        0xc .\CortexM3\ARM_GCC_493\Debug\Design01.a(IB2.o)
                0x00007ed8                IB2_Read
 .text.RF_Connection_Enable
                0x00007ee4       0x44 .\CortexM3\ARM_GCC_493\Debug\Design01.a(RF_Connection.o)
                0x00007ee4                RF_Connection_Enable
 .text.RF_Connection_ReadControlRegister
                0x00007f28        0xc .\CortexM3\ARM_GCC_493\Debug\Design01.a(RF_Connection.o)
                0x00007f28                RF_Connection_ReadControlRegister
 .text.RF_Connection_WriteControlRegister
                0x00007f34        0xc .\CortexM3\ARM_GCC_493\Debug\Design01.a(RF_Connection.o)
                0x00007f34                RF_Connection_WriteControlRegister
 .text.RF_Connection_Init
                0x00007f40       0x50 .\CortexM3\ARM_GCC_493\Debug\Design01.a(RF_Connection.o)
                0x00007f40                RF_Connection_Init
 .text.RF_Connection_Start
                0x00007f90       0x1c .\CortexM3\ARM_GCC_493\Debug\Design01.a(RF_Connection.o)
                0x00007f90                RF_Connection_Start
 .text.RF_Connection_ReadRxData
                0x00007fac       0x64 .\CortexM3\ARM_GCC_493\Debug\Design01.a(RF_Connection.o)
                0x00007fac                RF_Connection_ReadRxData
 .text.RF_Connection_GetRxBufferSize
                0x00008010       0x68 .\CortexM3\ARM_GCC_493\Debug\Design01.a(RF_Connection.o)
                0x00008010                RF_Connection_GetRxBufferSize
 .text.RF_Connection_ClearRxBuffer
                0x00008078       0x44 .\CortexM3\ARM_GCC_493\Debug\Design01.a(RF_Connection.o)
                0x00008078                RF_Connection_ClearRxBuffer
 .text.RF_Connection_PutChar
                0x000080bc       0x18 .\CortexM3\ARM_GCC_493\Debug\Design01.a(RF_Connection.o)
                0x000080bc                RF_Connection_PutChar
 .text.RF_Connection_RXISR
                0x000080d4       0x9c .\CortexM3\ARM_GCC_493\Debug\Design01.a(RF_Connection_INT.o)
                0x000080d4                RF_Connection_RXISR
 .text.RF_Connection_IntClock_Start
                0x00008170       0x1c .\CortexM3\ARM_GCC_493\Debug\Design01.a(RF_Connection_IntClock.o)
                0x00008170                RF_Connection_IntClock_Start
 .text.Waitable_4_Enable
                0x0000818c       0x28 .\CortexM3\ARM_GCC_493\Debug\Design01.a(Waitable_4.o)
                0x0000818c                Waitable_4_Enable
 .text.Waitable_4_SetInterruptMode
                0x000081b4        0xc .\CortexM3\ARM_GCC_493\Debug\Design01.a(Waitable_4.o)
                0x000081b4                Waitable_4_SetInterruptMode
 .text.Waitable_4_ReadStatusRegister
                0x000081c0        0xc .\CortexM3\ARM_GCC_493\Debug\Design01.a(Waitable_4.o)
                0x000081c0                Waitable_4_ReadStatusRegister
 .text.Waitable_4_WritePeriod
                0x000081cc        0xc .\CortexM3\ARM_GCC_493\Debug\Design01.a(Waitable_4.o)
                0x000081cc                Waitable_4_WritePeriod
 .text.Waitable_4_WriteCounter
                0x000081d8        0xc .\CortexM3\ARM_GCC_493\Debug\Design01.a(Waitable_4.o)
                0x000081d8                Waitable_4_WriteCounter
 .text.Waitable_4_Init
                0x000081e4       0x64 .\CortexM3\ARM_GCC_493\Debug\Design01.a(Waitable_4.o)
                0x000081e4                Waitable_4_Init
 .text.Waitable_4_Start
                0x00008248       0x1c .\CortexM3\ARM_GCC_493\Debug\Design01.a(Waitable_4.o)
                0x00008248                Waitable_4_Start
 .text.Waitable_3_Enable
                0x00008264       0x28 .\CortexM3\ARM_GCC_493\Debug\Design01.a(Waitable_3.o)
                0x00008264                Waitable_3_Enable
 .text.Waitable_3_SetInterruptMode
                0x0000828c        0xc .\CortexM3\ARM_GCC_493\Debug\Design01.a(Waitable_3.o)
                0x0000828c                Waitable_3_SetInterruptMode
 .text.Waitable_3_ReadStatusRegister
                0x00008298        0xc .\CortexM3\ARM_GCC_493\Debug\Design01.a(Waitable_3.o)
                0x00008298                Waitable_3_ReadStatusRegister
 .text.Waitable_3_WritePeriod
                0x000082a4        0xc .\CortexM3\ARM_GCC_493\Debug\Design01.a(Waitable_3.o)
                0x000082a4                Waitable_3_WritePeriod
 .text.Waitable_3_WriteCounter
                0x000082b0        0xc .\CortexM3\ARM_GCC_493\Debug\Design01.a(Waitable_3.o)
                0x000082b0                Waitable_3_WriteCounter
 .text.Waitable_3_Init
                0x000082bc       0x64 .\CortexM3\ARM_GCC_493\Debug\Design01.a(Waitable_3.o)
                0x000082bc                Waitable_3_Init
 .text.Waitable_3_Start
                0x00008320       0x1c .\CortexM3\ARM_GCC_493\Debug\Design01.a(Waitable_3.o)
                0x00008320                Waitable_3_Start
 .text.isr_1_SetVector
                0x0000833c       0x10 .\CortexM3\ARM_GCC_493\Debug\Design01.a(isr_1.o)
                0x0000833c                isr_1_SetVector
 .text.isr_1_SetPriority
                0x0000834c       0x10 .\CortexM3\ARM_GCC_493\Debug\Design01.a(isr_1.o)
                0x0000834c                isr_1_SetPriority
 .text.isr_1_Enable
                0x0000835c       0x10 .\CortexM3\ARM_GCC_493\Debug\Design01.a(isr_1.o)
                0x0000835c                isr_1_Enable
 .text.isr_1_Disable
                0x0000836c       0x10 .\CortexM3\ARM_GCC_493\Debug\Design01.a(isr_1.o)
                0x0000836c                isr_1_Disable
 .text.isr_1_StartEx
                0x0000837c       0x1c .\CortexM3\ARM_GCC_493\Debug\Design01.a(isr_1.o)
                0x0000837c                isr_1_StartEx
 .text.isr_2_SetVector
                0x00008398       0x10 .\CortexM3\ARM_GCC_493\Debug\Design01.a(isr_2.o)
                0x00008398                isr_2_SetVector
 .text.isr_2_SetPriority
                0x000083a8       0x10 .\CortexM3\ARM_GCC_493\Debug\Design01.a(isr_2.o)
                0x000083a8                isr_2_SetPriority
 .text.isr_2_Enable
                0x000083b8       0x10 .\CortexM3\ARM_GCC_493\Debug\Design01.a(isr_2.o)
                0x000083b8                isr_2_Enable
 .text.isr_2_Disable
                0x000083c8       0x10 .\CortexM3\ARM_GCC_493\Debug\Design01.a(isr_2.o)
                0x000083c8                isr_2_Disable
 .text.isr_2_StartEx
                0x000083d8       0x1c .\CortexM3\ARM_GCC_493\Debug\Design01.a(isr_2.o)
                0x000083d8                isr_2_StartEx
 .text.CyFlashGetSpcAlgorithm
                0x000083f4       0x4c .\CortexM3\ARM_GCC_493\Debug\Design01.a(CyFlash.o)
 .text.CySetTempInt
                0x00008440       0x60 .\CortexM3\ARM_GCC_493\Debug\Design01.a(CyFlash.o)
 .text.CySetTemp
                0x000084a0       0x14 .\CortexM3\ARM_GCC_493\Debug\Design01.a(CyFlash.o)
                0x000084a0                CySetTemp
 .text.CyEEPROM_Start
                0x000084b4       0x54 .\CortexM3\ARM_GCC_493\Debug\Design01.a(CyFlash.o)
                0x000084b4                CyEEPROM_Start
 .text.CyEEPROM_ReadReserve
                0x00008508       0x1c .\CortexM3\ARM_GCC_493\Debug\Design01.a(CyFlash.o)
                0x00008508                CyEEPROM_ReadReserve
 .text.CyEEPROM_ReadRelease
                0x00008524       0x10 .\CortexM3\ARM_GCC_493\Debug\Design01.a(CyFlash.o)
                0x00008524                CyEEPROM_ReadRelease
 .text.CySpcStart
                0x00008534       0x24 .\CortexM3\ARM_GCC_493\Debug\Design01.a(CySpc.o)
                0x00008534                CySpcStart
 .text.CySpcReadData
                0x00008558       0x34 .\CortexM3\ARM_GCC_493\Debug\Design01.a(CySpc.o)
                0x00008558                CySpcReadData
 .text.CySpcLoadMultiByte
                0x0000858c       0x78 .\CortexM3\ARM_GCC_493\Debug\Design01.a(CySpc.o)
                0x0000858c                CySpcLoadMultiByte
 .text.CySpcWriteRow
                0x00008604       0x4c .\CortexM3\ARM_GCC_493\Debug\Design01.a(CySpc.o)
                0x00008604                CySpcWriteRow
 .text.CySpcGetTemp
                0x00008650       0x3c .\CortexM3\ARM_GCC_493\Debug\Design01.a(CySpc.o)
                0x00008650                CySpcGetTemp
 .text.CySpcLock
                0x0000868c       0x4c .\CortexM3\ARM_GCC_493\Debug\Design01.a(CySpc.o)
                0x0000868c                CySpcLock
 .text.CySpcUnlock
                0x000086d8       0x38 .\CortexM3\ARM_GCC_493\Debug\Design01.a(CySpc.o)
                0x000086d8                CySpcUnlock
 .text.CySpcGetAlgorithm
                0x00008710       0x28 .\CortexM3\ARM_GCC_493\Debug\Design01.a(CySpc.o)
                0x00008710                CySpcGetAlgorithm
 .text.atoi     0x00008738        0x8 c:/program files (x86)/cypress/psoc creator/3.3/psoc creator/import/gnu/arm/4.9.3/bin/../lib/gcc/arm-none-eabi/4.9.3/../../../../arm-none-eabi/lib/armv7-m\libg_nano.a(lib_a-atoi.o)
                0x00008738                atoi
 .text.__libc_init_array
                0x00008740       0x4c c:/program files (x86)/cypress/psoc creator/3.3/psoc creator/import/gnu/arm/4.9.3/bin/../lib/gcc/arm-none-eabi/4.9.3/../../../../arm-none-eabi/lib/armv7-m\libg_nano.a(lib_a-init.o)
                0x00008740                __libc_init_array
 .text.memcpy   0x0000878c       0x16 c:/program files (x86)/cypress/psoc creator/3.3/psoc creator/import/gnu/arm/4.9.3/bin/../lib/gcc/arm-none-eabi/4.9.3/../../../../arm-none-eabi/lib/armv7-m\libg_nano.a(lib_a-memcpy.o)
                0x0000878c                memcpy
 .text.memset   0x000087a2       0x10 c:/program files (x86)/cypress/psoc creator/3.3/psoc creator/import/gnu/arm/4.9.3/bin/../lib/gcc/arm-none-eabi/4.9.3/../../../../arm-none-eabi/lib/armv7-m\libg_nano.a(lib_a-memset.o)
                0x000087a2                memset
 *fill*         0x000087b2        0x2 
 .text._strtol_r
                0x000087b4      0x10c c:/program files (x86)/cypress/psoc creator/3.3/psoc creator/import/gnu/arm/4.9.3/bin/../lib/gcc/arm-none-eabi/4.9.3/../../../../arm-none-eabi/lib/armv7-m\libg_nano.a(lib_a-strtol.o)
                0x000087b4                _strtol_r
 .text.strtol   0x000088c0       0x1c c:/program files (x86)/cypress/psoc creator/3.3/psoc creator/import/gnu/arm/4.9.3/bin/../lib/gcc/arm-none-eabi/4.9.3/../../../../arm-none-eabi/lib/armv7-m\libg_nano.a(lib_a-strtol.o)
                0x000088c0                strtol
 *(.plt)
 *(.gnu.warning)
 *(.glue_7t)
 .glue_7t       0x00000000        0x0 linker stubs
 *(.glue_7)
 .glue_7        0x00000000        0x0 linker stubs
 *(.vfp11_veneer)
 .vfp11_veneer  0x00000000        0x0 linker stubs
 *(.bootloader)
 *(.ARM.extab* .gnu.linkonce.armextab.*)
 *(.gcc_except_table)

.v4_bx          0x000088dc        0x0
 .v4_bx         0x00000000        0x0 linker stubs

.iplt           0x000088dc        0x0
 .iplt          0x00000000        0x0 c:/program files (x86)/cypress/psoc creator/3.3/psoc creator/import/gnu/arm/4.9.3/bin/../lib/gcc/arm-none-eabi/4.9.3/armv7-m/crtbegin.o

.eh_frame_hdr
 *(.eh_frame_hdr)

.eh_frame       0x000088dc        0x4
 *(.eh_frame)
 .eh_frame      0x000088dc        0x0 c:/program files (x86)/cypress/psoc creator/3.3/psoc creator/import/gnu/arm/4.9.3/bin/../lib/gcc/arm-none-eabi/4.9.3/armv7-m/crtbegin.o
 .eh_frame      0x000088dc        0x4 c:/program files (x86)/cypress/psoc creator/3.3/psoc creator/import/gnu/arm/4.9.3/bin/../lib/gcc/arm-none-eabi/4.9.3/armv7-m/crtend.o
                0x000088e0                PROVIDE (__exidx_start, .)

.ARM.exidx
 *(.ARM.exidx* .gnu.linkonce.armexidx.*)
                0x000088e0                __exidx_end = .

.rodata         0x000088e0     0x8718
 *(.rodata .rodata.* .gnu.linkonce.r.*)
 .rodata        0x000088e0       0x8c .\CortexM3\ARM_GCC_493\Debug\main.o
 .rodata.str1.4
                0x0000896c       0x18 .\CortexM3\ARM_GCC_493\Debug\main.o
 .rodata        0x00008984       0x10 .\CortexM3\ARM_GCC_493\Debug\protocol.o
 .rodata        0x00008994       0x40 .\CortexM3\ARM_GCC_493\Debug\LCD.o
 .rodata        0x000089d4     0x8364 .\CortexM3\ARM_GCC_493\Debug\Print.o
                0x000089d4                biomax
                0x00008fbc                brio
                0x000095a4                cencosud
                0x00009b8c                ecospetrol
                0x0000a174                esso
                0x0000a75c                National
                0x0000ad44                mineroil
                0x0000b0f8                mobil
                0x0000b4ac                petrobras
                0x0000ba94                plus
                0x0000bd88                terpel
                0x0000c370                texaco
                0x0000c958                zeus
                0x0000cc4c                petromil
                0x0000d234                biomax1
                0x0000d5e4                brio1
                0x0000d994                cencosud1
                0x0000dd44                ecospetrol1
                0x0000e0f4                esso1
                0x0000e4a4                National1
                0x0000e854                mineroil1
                0x0000ec04                mobil1
                0x0000efb4                petrobras1
                0x0000f364                plus1
                0x0000f714                terpel1
                0x0000fac4                texaco1
                0x0000fe74                zeus1
                0x00010224                petromil1
                0x000105d4                exito1
                0x00010984                exito
 .rodata        0x00010d38      0x100 .\CortexM3\ARM_GCC_493\Debug\RFPoll.o
 .rodata        0x00010e38       0x84 .\CortexM3\ARM_GCC_493\Debug\Design01.a(cyfitter_cfg.o)
 .rodata.str1.1
                0x00010ebc        0x2 c:/program files (x86)/cypress/psoc creator/3.3/psoc creator/import/gnu/arm/4.9.3/bin/../lib/gcc/arm-none-eabi/4.9.3/../../../../arm-none-eabi/lib/armv7-m\libg_nano.a(lib_a-impure.o)
 .rodata._ctype_
                0x00010ebe      0x101 c:/program files (x86)/cypress/psoc creator/3.3/psoc creator/import/gnu/arm/4.9.3/bin/../lib/gcc/arm-none-eabi/4.9.3/../../../../arm-none-eabi/lib/armv7-m\libg_nano.a(lib_a-ctype_.o)
                0x00010ebe                _ctype_
                0x00010fc0                . = ALIGN (0x4)
 *fill*         0x00010fbf        0x1 
 *(.init)
 .init          0x00010fc0        0x4 c:/program files (x86)/cypress/psoc creator/3.3/psoc creator/import/gnu/arm/4.9.3/bin/../lib/gcc/arm-none-eabi/4.9.3/armv7-m/crti.o
                0x00010fc0                _init
 .init          0x00010fc4        0x8 c:/program files (x86)/cypress/psoc creator/3.3/psoc creator/import/gnu/arm/4.9.3/bin/../lib/gcc/arm-none-eabi/4.9.3/armv7-m/crtn.o
                0x00010fcc                . = ALIGN (0x4)
                0x00010fcc                __preinit_array_start = .
 *(.preinit_array)
                0x00010fcc                __preinit_array_end = .
                0x00010fcc                . = ALIGN (0x4)
                0x00010fcc                __init_array_start = .
 *(SORT(.init_array.*))
 *(.init_array)
 .init_array    0x00010fcc        0x4 c:/program files (x86)/cypress/psoc creator/3.3/psoc creator/import/gnu/arm/4.9.3/bin/../lib/gcc/arm-none-eabi/4.9.3/armv7-m/crtbegin.o
 .init_array    0x00010fd0        0x4 .\CortexM3\ARM_GCC_493\Debug\Cm3Start.o
                0x00010fd4                __init_array_end = .
                0x00010fd4                . = ALIGN (0x4)
 *(.fini)
 .fini          0x00010fd4        0x4 c:/program files (x86)/cypress/psoc creator/3.3/psoc creator/import/gnu/arm/4.9.3/bin/../lib/gcc/arm-none-eabi/4.9.3/armv7-m/crti.o
                0x00010fd4                _fini
 .fini          0x00010fd8        0x8 c:/program files (x86)/cypress/psoc creator/3.3/psoc creator/import/gnu/arm/4.9.3/bin/../lib/gcc/arm-none-eabi/4.9.3/armv7-m/crtn.o
                0x00010fe0                . = ALIGN (0x4)
                0x00010fe0                __fini_array_start = .
 *(.fini_array)
 .fini_array    0x00010fe0        0x4 c:/program files (x86)/cypress/psoc creator/3.3/psoc creator/import/gnu/arm/4.9.3/bin/../lib/gcc/arm-none-eabi/4.9.3/armv7-m/crtbegin.o
 *(SORT(.fini_array.*))
                0x00010fe4                __fini_array_end = .
                0x00010fe4                . = ALIGN (0x4)
 *crtbegin.o(.ctors)
 *(EXCLUDE_FILE(*crtend.o) .ctors)
 *(SORT(.ctors.*))
 *crtend.o(.ctors)
                0x00010fe4                . = ALIGN (0x4)
 *crtbegin.o(.dtors)
 *(EXCLUDE_FILE(*crtend.o) .dtors)
 *(SORT(.dtors.*))
 *crtend.o(.dtors)
                0x00010fe4                . = ALIGN (0x4)
                0x00010fe4                __cy_regions = .
                0x00010fe4        0x4 LONG 0x10ff8 __cy_region_init_ram
                0x00010fe8        0x4 LONG 0x1fff8108 __cy_region_start_data
                0x00010fec        0x4 LONG 0x2c8 __cy_region_init_size_ram
                0x00010ff0        0x4 LONG 0x14b0 __cy_region_zero_size_ram
                0x00010ff4                __cy_regions_end = .
                0x00010ff8                . = ALIGN (0x8)
 *fill*         0x00010ff4        0x4 
                0x00010ff8                _etext = .

.cy_checksum_exclude
                0x00010ff8        0x0
 *(.cy_checksum_exclude)

.ramvectors     0x1fff8000      0x100
                0x1fff8000                __cy_region_start_ram = .
 *(.ramvectors)
 .ramvectors    0x1fff8000      0x100 .\CortexM3\ARM_GCC_493\Debug\Cm3Start.o
                0x1fff8000                CyRamVectors

.noinit         0x1fff8100        0x5
 *(.noinit)
 .noinit        0x1fff8100        0x4 .\CortexM3\ARM_GCC_493\Debug\Cm3Start.o
 .noinit        0x1fff8104        0x1 .\CortexM3\ARM_GCC_493\Debug\Design01.a(CyLib.o)
                0x1fff8104                CyResetStatus

.data           0x1fff8108      0x2c8 load address 0x00010ff8
                0x1fff8108                __cy_region_start_data = .
 *(.jcr)
 .jcr           0x1fff8108        0x0 c:/program files (x86)/cypress/psoc creator/3.3/psoc creator/import/gnu/arm/4.9.3/bin/../lib/gcc/arm-none-eabi/4.9.3/armv7-m/crtbegin.o
 .jcr           0x1fff8108        0x4 c:/program files (x86)/cypress/psoc creator/3.3/psoc creator/import/gnu/arm/4.9.3/bin/../lib/gcc/arm-none-eabi/4.9.3/armv7-m/crtend.o
 *(.got.plt)
 *(.got)
 *(.shdata)
 *(.data .data.* .gnu.linkonce.d.*)
 .data          0x1fff810c       0x14 .\CortexM3\ARM_GCC_493\Debug\main.o
                0x1fff810c                passwordPump
                0x1fff8114                MuxVersion
 .data          0x1fff8120       0x54 .\CortexM3\ARM_GCC_493\Debug\LCD.o
                0x1fff8120                _g_charmaplut
 .data          0x1fff8174      0x1e4 .\CortexM3\ARM_GCC_493\Debug\Print.o
                0x1fff8174                SEPARATOR
                0x1fff8194                msn_fecha
                0x1fff81a4                msn_hora
                0x1fff81b4                msn_pos
                0x1fff81c4                msn_numero
                0x1fff81d4                PRN_PRODUCT
                0x1fff81e4                msn_ppu
                0x1fff81f4                PRN_CURRENCY
                0x1fff81f8                msn_vol
                0x1fff8208                msn_din
                0x1fff8218                msn_placa
                0x1fff8228                PRN_PRESET
                0x1fff8238                PRN_MILLEAGE
                0x1fff8248                PRN_SERIAL
                0x1fff8258                PRN_BALANCE
                0x1fff8268                PRN_COMPANY
                0x1fff8278                PRN_ACCOUNT
                0x1fff8288                PRN_VISITSDAY
                0x1fff8298                PRN_VISITSWEEK
                0x1fff82a8                PRN_VISITSMONTH
                0x1fff82b8                PRN_MONEYDAY
                0x1fff82c8                PRN_MONEYWEEK
                0x1fff82d8                PRN_MONEYMONTH
                0x1fff82e8                PRN_ACCOUNTTYPE
                0x1fff82f8                PRN_SIGNATURE
                0x1fff8308                PRN_ID
                0x1fff8318                PRN_VOLUMEMONTH
                0x1fff8328                PRN_VOLUMEWEEK
                0x1fff8338                PRN_VOLUMEDAY
                0x1fff8348                PRN_TRANSTYPE
 .data          0x1fff8358       0x10 .\CortexM3\ARM_GCC_493\Debug\Design01.a(CyLib.o)
                0x1fff8358                cydelay_32k_ms
                0x1fff835c                cydelay_freq_khz
                0x1fff8360                cydelay_freq_mhz
                0x1fff8364                cydelay_freq_hz
 .data.impure_data
                0x1fff8368       0x60 c:/program files (x86)/cypress/psoc creator/3.3/psoc creator/import/gnu/arm/4.9.3/bin/../lib/gcc/arm-none-eabi/4.9.3/../../../../arm-none-eabi/lib/armv7-m\libg_nano.a(lib_a-impure.o)
 .data._impure_ptr
                0x1fff83c8        0x4 c:/program files (x86)/cypress/psoc creator/3.3/psoc creator/import/gnu/arm/4.9.3/bin/../lib/gcc/arm-none-eabi/4.9.3/../../../../arm-none-eabi/lib/armv7-m\libg_nano.a(lib_a-impure.o)
                0x1fff83c8                _impure_ptr
 .data.__ctype_ptr__
                0x1fff83cc        0x4 c:/program files (x86)/cypress/psoc creator/3.3/psoc creator/import/gnu/arm/4.9.3/bin/../lib/gcc/arm-none-eabi/4.9.3/../../../../arm-none-eabi/lib/armv7-m\libg_nano.a(lib_a-ctype_.o)
                0x1fff83cc                __ctype_ptr__
                0x1fff83d0                . = ALIGN (0x8)
 *(.ram)
                0x1fff83d0                _edata = .

.igot.plt       0x1fff83d0        0x0 load address 0x000112c0
 .igot.plt      0x00000000        0x0 c:/program files (x86)/cypress/psoc creator/3.3/psoc creator/import/gnu/arm/4.9.3/bin/../lib/gcc/arm-none-eabi/4.9.3/armv7-m/crtbegin.o

.bss            0x1fff83d0     0x14b0 load address 0x000112c0
                0x1fff83d0                PROVIDE (__bss_start__, .)
 *(.shbss)
 *(.bss .bss.* .gnu.linkonce.b.*)
 .bss           0x1fff83d0       0x1c c:/program files (x86)/cypress/psoc creator/3.3/psoc creator/import/gnu/arm/4.9.3/bin/../lib/gcc/arm-none-eabi/4.9.3/armv7-m/crtbegin.o
 .bss           0x1fff83ec        0x2 .\CortexM3\ARM_GCC_493\Debug\Design01.a(Printer.o)
                0x1fff83ec                Printer_initVar
 .bss           0x1fff83ee        0x7 .\CortexM3\ARM_GCC_493\Debug\Design01.a(Display1.o)
                0x1fff83ee                Display1_errorStatus
                0x1fff83ef                Display1_initVar
                0x1fff83f0                Display1_rxBufferRead
                0x1fff83f1                Display1_rxBufferWrite
                0x1fff83f2                Display1_rxBufferLoopDetect
                0x1fff83f3                Display1_rxBufferOverflow
 .bss           0x1fff83f5        0x7 .\CortexM3\ARM_GCC_493\Debug\Design01.a(Display2.o)
                0x1fff83f5                Display2_errorStatus
                0x1fff83f6                Display2_initVar
                0x1fff83f7                Display2_rxBufferRead
                0x1fff83f8                Display2_rxBufferWrite
                0x1fff83f9                Display2_rxBufferLoopDetect
                0x1fff83fa                Display2_rxBufferOverflow
 .bss           0x1fff83fc        0xa .\CortexM3\ARM_GCC_493\Debug\Design01.a(Pump.o)
                0x1fff83fc                Pump_errorStatus
                0x1fff83fd                Pump_initVar
                0x1fff83fe                Pump_rxBufferRead
                0x1fff8400                Pump_rxBufferWrite
                0x1fff8402                Pump_rxBufferLoopDetect
                0x1fff8403                Pump_rxBufferOverflow
 .bss           0x1fff8406        0x1 .\CortexM3\ARM_GCC_493\Debug\Design01.a(I2C_Bus.o)
                0x1fff8406                I2C_Bus_initVar
 .bss           0x1fff8407        0x1 .\CortexM3\ARM_GCC_493\Debug\Design01.a(Timer_Animacion.o)
                0x1fff8407                Timer_Animacion_initVar
 .bss           0x1fff8408        0xa .\CortexM3\ARM_GCC_493\Debug\Design01.a(RF_Connection.o)
                0x1fff8408                RF_Connection_errorStatus
                0x1fff8409                RF_Connection_initVar
                0x1fff840a                RF_Connection_rxBufferRead
                0x1fff840c                RF_Connection_rxBufferWrite
                0x1fff840e                RF_Connection_rxBufferLoopDetect
                0x1fff840f                RF_Connection_rxBufferOverflow
 .bss           0x1fff8412        0x1 .\CortexM3\ARM_GCC_493\Debug\Design01.a(Waitable_4.o)
                0x1fff8412                Waitable_4_initVar
 .bss           0x1fff8413        0x1 .\CortexM3\ARM_GCC_493\Debug\Design01.a(Waitable_3.o)
                0x1fff8413                Waitable_3_initVar
 .bss           0x1fff8414        0x8 .\CortexM3\ARM_GCC_493\Debug\Design01.a(CySpc.o)
                0x1fff8414                SpcLockState
 *(COMMON)
 *fill*         0x1fff841c        0x4 
 COMMON         0x1fff8420     0x1101 .\CortexM3\ARM_GCC_493\Debug\main.o
                0x1fff8420                idSeller
                0x1fff843c                delayPicture2
                0x1fff8440                Encabezado4
                0x1fff8460                side
                0x1fff8880                flagPoint2
                0x1fff8884                tempPPU
                0x1fff8890                countRX
                0x1fff8898                ShiftState
                0x1fff8899                count_protector2
                0x1fff889a                hiddenKeys
                0x1fff889b                decimalVolume
                0x1fff889c                bufferDisplay1
                0x1fff89e8                PrevStatePump
                0x1fff89ec                configAccess
                0x1fff89f1                CopiasCredito
                0x1fff89f4                pumpGap
                0x1fff89f8                screen
                0x1fff89fc                GradesHose
                0x1fff8a08                countTX
                0x1fff8a10                Encabezado3
                0x1fff8a2e                ActiveRF
                0x1fff8a2f                UnitType
                0x1fff8a30                VolDec
                0x1fff8a38                countAnimation1
                0x1fff8a40                buffer_tx
                0x1fff8c40                flowDisplay3
                0x1fff8c44                tempPreset
                0x1fff8c4c                bufferDisplay2
                0x1fff8d98                MoneyDec
                0x1fff8d9c                Encabezado1
                0x1fff8dbc                residue
                0x1fff8dca                flagResetMux
                0x1fff8dcb                PlateRequest
                0x1fff8dcc                passwordSeller
                0x1fff8dd4                lockTurn
                0x1fff8dd5                controlChar
                0x1fff8dd8                dateDownHandle
                0x1fff8ddb                PrinterType
                0x1fff8ddc                productNumber
                0x1fff8de0                statePump
                0x1fff8de4                symbols
                0x1fff8de8                IDCast
                0x1fff8dea                CGrade
                0x1fff8deb                digits
                0x1fff8dec                printPortB
                0x1fff8ded                count_protector
                0x1fff8dee                numberKeys1
                0x1fff8df0                countLCD
                0x1fff8df8                countAnimation2
                0x1fff8e00                flowDisplay1
                0x1fff8e04                bufferDisplay4
                0x1fff8f50                ppux10
                0x1fff8f54                buffer_txDisplay
                0x1fff9154                flowDisplay2
                0x1fff9158                time
                0x1fff915b                flagPoint1
                0x1fff915c                VolUnit
                0x1fff9164                buffer_rf
                0x1fff9364                intIDStation
                0x1fff9368                bufferDisplay3
                0x1fff94b4                idStation
                0x1fff94bc                temporal
                0x1fff94dc                Encabezado2
                0x1fff94fa                PPUDec
                0x1fff94fb                numberKeys2
                0x1fff94fc                ConversionFactor
                0x1fff9500                delayPicture1
                0x1fff9504                date
                0x1fff9508                countPump
                0x1fff9510                DDMode
                0x1fff9511                printPortA
                0x1fff9514                timeDownHandle
                0x1fff9518                flowDisplay4
                0x1fff951c                counterRF
                0x1fff951d                NumPositions
                0x1fff951e                stateBeagleSoft
                0x1fff951f                decimalMoney
                0x1fff9520                typeIdSeller
 *fill*         0x1fff9521        0x3 
 COMMON         0x1fff9524       0x20 .\CortexM3\ARM_GCC_493\Debug\Design01.a(Display1.o)
                0x1fff9524                Display1_rxBuffer
 COMMON         0x1fff9544       0x20 .\CortexM3\ARM_GCC_493\Debug\Design01.a(Display2.o)
                0x1fff9544                Display2_rxBuffer
 COMMON         0x1fff9564      0x100 .\CortexM3\ARM_GCC_493\Debug\Design01.a(Pump.o)
                0x1fff9564                Pump_rxBuffer
 COMMON         0x1fff9664        0x1 .\CortexM3\ARM_GCC_493\Debug\Design01.a(I2C_Bus.o)
                0x1fff9664                I2C_Bus_state
 *fill*         0x1fff9665        0x3 
 COMMON         0x1fff9668       0x11 .\CortexM3\ARM_GCC_493\Debug\Design01.a(I2C_Bus_MASTER.o)
                0x1fff9668                I2C_Bus_mstrWrBufSize
                0x1fff9669                I2C_Bus_mstrControl
                0x1fff966a                I2C_Bus_mstrRdBufSize
                0x1fff966c                I2C_Bus_mstrRdBufPtr
                0x1fff9670                I2C_Bus_mstrStatus
                0x1fff9671                I2C_Bus_mstrWrBufIndex
                0x1fff9674                I2C_Bus_mstrWrBufPtr
                0x1fff9678                I2C_Bus_mstrRdBufIndex
 *fill*         0x1fff9679        0x3 
 COMMON         0x1fff967c      0x200 .\CortexM3\ARM_GCC_493\Debug\Design01.a(RF_Connection.o)
                0x1fff967c                RF_Connection_rxBuffer
 COMMON         0x1fff987c        0x2 .\CortexM3\ARM_GCC_493\Debug\Design01.a(CyFlash.o)
                0x1fff987c                dieTemperature
                0x1fff9880                . = ALIGN (0x8)
 *fill*         0x1fff987e        0x2 
 *(.ram.b)
                0x1fff9880                _end = .
                0x1fff9880                __end = .
                0x1fff9880                PROVIDE (end, .)
                0x1fff9880                PROVIDE (__bss_end__, .)
                0x00010ff8                __cy_region_init_ram = LOADADDR (.data)
                0x000002c8                __cy_region_init_size_ram = (_edata - ADDR (.data))
                0x000014b0                __cy_region_zero_size_ram = (_end - _edata)

.heap           0x1fff9880       0x80 load address 0x000112c0
                0x1fff9880                . = _end
                0x1fff9900                . = (. + 0x80)
 *fill*         0x1fff9880       0x80 
                0x1fff9900                __cy_heap_limit = .

.stack          0x20007800      0x800
                0x20007800                __cy_stack_limit = .
                0x20008000                . = (. + 0x800)
 *fill*         0x20007800      0x800 
                0x00000001                ASSERT ((__cy_stack_limit >= __cy_heap_limit), region RAM overflowed with stack)
                0x00000000                cy_checksum_exclude_size = (CY_APPL_LOADABLE == 0x1)?SIZEOF (.cy_checksum_exclude):0x0
                0x00000001                ASSERT ((cy_checksum_exclude_size <= CY_CHECKSUM_EXCLUDE_SIZE), CY_BOOT: Section .cy_checksum_exclude size exceedes specified limit.)

.cyloadermeta
 *(.cyloadermeta)

.cyloadablemeta
 *(.cyloadablemeta)

.cyconfigecc    0x80000000     0x1118
 *(.cyconfigecc)
 .cyconfigecc   0x80000000     0x1118 .\CortexM3\ARM_GCC_493\Debug\cymetadata.o
                0x80000000                cy_meta_configecc

.cycustnvl      0x90000000        0x4
 *(.cycustnvl)
 .cycustnvl     0x90000000        0x4 .\CortexM3\ARM_GCC_493\Debug\cymetadata.o
                0x90000000                cy_meta_custnvl

.cywolatch      0x90100000        0x4
 *(.cywolatch)
 .cywolatch     0x90100000        0x4 .\CortexM3\ARM_GCC_493\Debug\cymetadata.o
                0x90100000                cy_meta_wonvl

.cyeeprom       0x90200000        0x0
 *(.cyeeprom)
                0x00000001                ASSERT ((. <= ((0x90200000 + ee_offset) + ee_size)), .cyeeprom data will not fit in EEPROM)

.cyflashprotect
                0x90400000      0x100
 *(.cyflashprotect)
 .cyflashprotect
                0x90400000      0x100 .\CortexM3\ARM_GCC_493\Debug\cymetadata.o
                0x90400000                cy_meta_flashprotect

.cymeta         0x90500000        0xc
 *(.cymeta)
 .cymeta        0x90500000        0xc .\CortexM3\ARM_GCC_493\Debug\cymetadata.o
                0x90500000                cy_metadata

.rel.dyn        0x000112c0        0x0 load address 0x9050000c
 .rel.iplt      0x00000000        0x0 c:/program files (x86)/cypress/psoc creator/3.3/psoc creator/import/gnu/arm/4.9.3/bin/../lib/gcc/arm-none-eabi/4.9.3/armv7-m/crtbegin.o

.stab
 *(.stab)

.stabstr
 *(.stabstr)

.debug
 *(.debug)

.line
 *(.line)

.debug_srcinfo
 *(.debug_srcinfo)

.debug_sfnames
 *(.debug_sfnames)

.debug_aranges  0x00000000     0x1448
 *(.debug_aranges)
 .debug_aranges
                0x00000000       0x90 .\CortexM3\ARM_GCC_493\Debug\main.o
 .debug_aranges
                0x00000090       0x68 .\CortexM3\ARM_GCC_493\Debug\protocol.o
 .debug_aranges
                0x000000f8       0x48 .\CortexM3\ARM_GCC_493\Debug\LCD.o
 .debug_aranges
                0x00000140       0x20 .\CortexM3\ARM_GCC_493\Debug\keyboard.o
 .debug_aranges
                0x00000160       0x40 .\CortexM3\ARM_GCC_493\Debug\I2C.o
 .debug_aranges
                0x000001a0       0x30 .\CortexM3\ARM_GCC_493\Debug\Print.o
 .debug_aranges
                0x000001d0       0x38 .\CortexM3\ARM_GCC_493\Debug\ibuton.o
 .debug_aranges
                0x00000208       0x30 .\CortexM3\ARM_GCC_493\Debug\RFPoll.o
 .debug_aranges
                0x00000238       0x18 .\CortexM3\ARM_GCC_493\Debug\cymetadata.o
 .debug_aranges
                0x00000250       0x48 .\CortexM3\ARM_GCC_493\Debug\Cm3Start.o
 .debug_aranges
                0x00000298       0x58 .\CortexM3\ARM_GCC_493\Debug\Design01.a(cyfitter_cfg.o)
 .debug_aranges
                0x000002f0       0xf0 .\CortexM3\ARM_GCC_493\Debug\Design01.a(Printer.o)
 .debug_aranges
                0x000003e0       0xf0 .\CortexM3\ARM_GCC_493\Debug\Design01.a(Display1.o)
 .debug_aranges
                0x000004d0       0x20 .\CortexM3\ARM_GCC_493\Debug\Design01.a(Display1_INT.o)
 .debug_aranges
                0x000004f0       0xf0 .\CortexM3\ARM_GCC_493\Debug\Design01.a(Display2.o)
 .debug_aranges
                0x000005e0       0x20 .\CortexM3\ARM_GCC_493\Debug\Design01.a(Display2_INT.o)
 .debug_aranges
                0x00000600       0x70 .\CortexM3\ARM_GCC_493\Debug\Design01.a(Display1_IntClock.o)
 .debug_aranges
                0x00000670       0x70 .\CortexM3\ARM_GCC_493\Debug\Design01.a(Display2_IntClock.o)
 .debug_aranges
                0x000006e0       0x20 .\CortexM3\ARM_GCC_493\Debug\Design01.a(CyBootAsmGnu.o)
 .debug_aranges
                0x00000700      0x298 .\CortexM3\ARM_GCC_493\Debug\Design01.a(CyLib.o)
 .debug_aranges
                0x00000998       0x98 .\CortexM3\ARM_GCC_493\Debug\Design01.a(cyPm.o)
 .debug_aranges
                0x00000a30       0x70 .\CortexM3\ARM_GCC_493\Debug\Design01.a(Printer_IntClock.o)
 .debug_aranges
                0x00000aa0       0xf0 .\CortexM3\ARM_GCC_493\Debug\Design01.a(Pump.o)
 .debug_aranges
                0x00000b90       0x20 .\CortexM3\ARM_GCC_493\Debug\Design01.a(Pump_INT.o)
 .debug_aranges
                0x00000bb0       0x78 .\CortexM3\ARM_GCC_493\Debug\Design01.a(EEPROM_1.o)
 .debug_aranges
                0x00000c28       0x38 .\CortexM3\ARM_GCC_493\Debug\Design01.a(I2C_Bus.o)
 .debug_aranges
                0x00000c60       0x20 .\CortexM3\ARM_GCC_493\Debug\Design01.a(I2C_Bus_INT.o)
 .debug_aranges
                0x00000c80       0x38 .\CortexM3\ARM_GCC_493\Debug\Design01.a(I2C_Bus_PM.o)
 .debug_aranges
                0x00000cb8       0x88 .\CortexM3\ARM_GCC_493\Debug\Design01.a(I2C_Bus_MASTER.o)
 .debug_aranges
                0x00000d40       0x88 .\CortexM3\ARM_GCC_493\Debug\Design01.a(Timer_Animacion.o)
 .debug_aranges
                0x00000dc8       0x80 .\CortexM3\ARM_GCC_493\Debug\Design01.a(isr_3.o)
 .debug_aranges
                0x00000e48       0x88 .\CortexM3\ARM_GCC_493\Debug\Design01.a(Timer_Animacion2.o)
 .debug_aranges
                0x00000ed0       0x80 .\CortexM3\ARM_GCC_493\Debug\Design01.a(isr_4.o)
 .debug_aranges
                0x00000f50       0x38 .\CortexM3\ARM_GCC_493\Debug\Design01.a(IB1.o)
 .debug_aranges
                0x00000f88       0x38 .\CortexM3\ARM_GCC_493\Debug\Design01.a(IB2.o)
 .debug_aranges
                0x00000fc0       0xf0 .\CortexM3\ARM_GCC_493\Debug\Design01.a(RF_Connection.o)
 .debug_aranges
                0x000010b0       0x20 .\CortexM3\ARM_GCC_493\Debug\Design01.a(RF_Connection_INT.o)
 .debug_aranges
                0x000010d0       0x70 .\CortexM3\ARM_GCC_493\Debug\Design01.a(RF_Connection_IntClock.o)
 .debug_aranges
                0x00001140       0x88 .\CortexM3\ARM_GCC_493\Debug\Design01.a(Waitable_4.o)
 .debug_aranges
                0x000011c8       0x88 .\CortexM3\ARM_GCC_493\Debug\Design01.a(Waitable_3.o)
 .debug_aranges
                0x00001250       0x80 .\CortexM3\ARM_GCC_493\Debug\Design01.a(isr_1.o)
 .debug_aranges
                0x000012d0       0x80 .\CortexM3\ARM_GCC_493\Debug\Design01.a(isr_2.o)
 .debug_aranges
                0x00001350       0x80 .\CortexM3\ARM_GCC_493\Debug\Design01.a(CyFlash.o)
 .debug_aranges
                0x000013d0       0x78 .\CortexM3\ARM_GCC_493\Debug\Design01.a(CySpc.o)

.debug_pubnames
 *(.debug_pubnames)

.debug_info     0x00000000    0x149a8
 *(.debug_info .gnu.linkonce.wi.*)
 .debug_info    0x00000000     0x3cf4 .\CortexM3\ARM_GCC_493\Debug\main.o
 .debug_info    0x00003cf4     0x144b .\CortexM3\ARM_GCC_493\Debug\protocol.o
 .debug_info    0x0000513f      0xf14 .\CortexM3\ARM_GCC_493\Debug\LCD.o
 .debug_info    0x00006053      0xf7f .\CortexM3\ARM_GCC_493\Debug\keyboard.o
 .debug_info    0x00006fd2      0xe4c .\CortexM3\ARM_GCC_493\Debug\I2C.o
 .debug_info    0x00007e1e     0x25b1 .\CortexM3\ARM_GCC_493\Debug\Print.o
 .debug_info    0x0000a3cf      0x575 .\CortexM3\ARM_GCC_493\Debug\ibuton.o
 .debug_info    0x0000a944     0x10f8 .\CortexM3\ARM_GCC_493\Debug\RFPoll.o
 .debug_info    0x0000ba3c      0x13f .\CortexM3\ARM_GCC_493\Debug\cymetadata.o
 .debug_info    0x0000bb7b      0x3a5 .\CortexM3\ARM_GCC_493\Debug\Cm3Start.o
 .debug_info    0x0000bf20      0x5fc .\CortexM3\ARM_GCC_493\Debug\Design01.a(cyfitter_cfg.o)
 .debug_info    0x0000c51c      0x603 .\CortexM3\ARM_GCC_493\Debug\Design01.a(Printer.o)
 .debug_info    0x0000cb1f      0x751 .\CortexM3\ARM_GCC_493\Debug\Design01.a(Display1.o)
 .debug_info    0x0000d270      0x145 .\CortexM3\ARM_GCC_493\Debug\Design01.a(Display1_INT.o)
 .debug_info    0x0000d3b5      0x751 .\CortexM3\ARM_GCC_493\Debug\Design01.a(Display2.o)
 .debug_info    0x0000db06      0x145 .\CortexM3\ARM_GCC_493\Debug\Design01.a(Display2_INT.o)
 .debug_info    0x0000dc4b      0x283 .\CortexM3\ARM_GCC_493\Debug\Design01.a(Display1_IntClock.o)
 .debug_info    0x0000dece      0x283 .\CortexM3\ARM_GCC_493\Debug\Design01.a(Display2_IntClock.o)
 .debug_info    0x0000e151       0x96 .\CortexM3\ARM_GCC_493\Debug\Design01.a(CyBootAsmGnu.o)
 .debug_info    0x0000e1e7     0x1371 .\CortexM3\ARM_GCC_493\Debug\Design01.a(CyLib.o)
 .debug_info    0x0000f558      0xa58 .\CortexM3\ARM_GCC_493\Debug\Design01.a(cyPm.o)
 .debug_info    0x0000ffb0      0x283 .\CortexM3\ARM_GCC_493\Debug\Design01.a(Printer_IntClock.o)
 .debug_info    0x00010233      0x724 .\CortexM3\ARM_GCC_493\Debug\Design01.a(Pump.o)
 .debug_info    0x00010957      0x156 .\CortexM3\ARM_GCC_493\Debug\Design01.a(Pump_INT.o)
 .debug_info    0x00010aad      0x668 .\CortexM3\ARM_GCC_493\Debug\Design01.a(EEPROM_1.o)
 .debug_info    0x00011115      0x2d7 .\CortexM3\ARM_GCC_493\Debug\Design01.a(I2C_Bus.o)
 .debug_info    0x000113ec      0x193 .\CortexM3\ARM_GCC_493\Debug\Design01.a(I2C_Bus_INT.o)
 .debug_info    0x0001157f      0x1f2 .\CortexM3\ARM_GCC_493\Debug\Design01.a(I2C_Bus_PM.o)
 .debug_info    0x00011771      0x412 .\CortexM3\ARM_GCC_493\Debug\Design01.a(I2C_Bus_MASTER.o)
 .debug_info    0x00011b83      0x28e .\CortexM3\ARM_GCC_493\Debug\Design01.a(Timer_Animacion.o)
 .debug_info    0x00011e11      0x2cb .\CortexM3\ARM_GCC_493\Debug\Design01.a(isr_3.o)
 .debug_info    0x000120dc      0x28e .\CortexM3\ARM_GCC_493\Debug\Design01.a(Timer_Animacion2.o)
 .debug_info    0x0001236a      0x2cb .\CortexM3\ARM_GCC_493\Debug\Design01.a(isr_4.o)
 .debug_info    0x00012635      0x11f .\CortexM3\ARM_GCC_493\Debug\Design01.a(IB1.o)
 .debug_info    0x00012754      0x121 .\CortexM3\ARM_GCC_493\Debug\Design01.a(IB2.o)
 .debug_info    0x00012875      0x7b3 .\CortexM3\ARM_GCC_493\Debug\Design01.a(RF_Connection.o)
 .debug_info    0x00013028      0x157 .\CortexM3\ARM_GCC_493\Debug\Design01.a(RF_Connection_INT.o)
 .debug_info    0x0001317f      0x283 .\CortexM3\ARM_GCC_493\Debug\Design01.a(RF_Connection_IntClock.o)
 .debug_info    0x00013402      0x28c .\CortexM3\ARM_GCC_493\Debug\Design01.a(Waitable_4.o)
 .debug_info    0x0001368e      0x28a .\CortexM3\ARM_GCC_493\Debug\Design01.a(Waitable_3.o)
 .debug_info    0x00013918      0x2cb .\CortexM3\ARM_GCC_493\Debug\Design01.a(isr_1.o)
 .debug_info    0x00013be3      0x2cb .\CortexM3\ARM_GCC_493\Debug\Design01.a(isr_2.o)
 .debug_info    0x00013eae      0x60a .\CortexM3\ARM_GCC_493\Debug\Design01.a(CyFlash.o)
 .debug_info    0x000144b8      0x4f0 .\CortexM3\ARM_GCC_493\Debug\Design01.a(CySpc.o)

.debug_abbrev   0x00000000     0x3cb2
 *(.debug_abbrev)
 .debug_abbrev  0x00000000      0x23c .\CortexM3\ARM_GCC_493\Debug\main.o
 .debug_abbrev  0x0000023c      0x25e .\CortexM3\ARM_GCC_493\Debug\protocol.o
 .debug_abbrev  0x0000049a      0x1b9 .\CortexM3\ARM_GCC_493\Debug\LCD.o
 .debug_abbrev  0x00000653      0x193 .\CortexM3\ARM_GCC_493\Debug\keyboard.o
 .debug_abbrev  0x000007e6      0x1be .\CortexM3\ARM_GCC_493\Debug\I2C.o
 .debug_abbrev  0x000009a4      0x1cd .\CortexM3\ARM_GCC_493\Debug\Print.o
 .debug_abbrev  0x00000b71      0x11f .\CortexM3\ARM_GCC_493\Debug\ibuton.o
 .debug_abbrev  0x00000c90      0x230 .\CortexM3\ARM_GCC_493\Debug\RFPoll.o
 .debug_abbrev  0x00000ec0       0x77 .\CortexM3\ARM_GCC_493\Debug\cymetadata.o
 .debug_abbrev  0x00000f37      0x20f .\CortexM3\ARM_GCC_493\Debug\Cm3Start.o
 .debug_abbrev  0x00001146      0x212 .\CortexM3\ARM_GCC_493\Debug\Design01.a(cyfitter_cfg.o)
 .debug_abbrev  0x00001358      0x1a2 .\CortexM3\ARM_GCC_493\Debug\Design01.a(Printer.o)
 .debug_abbrev  0x000014fa      0x1b8 .\CortexM3\ARM_GCC_493\Debug\Design01.a(Display1.o)
 .debug_abbrev  0x000016b2       0x8a .\CortexM3\ARM_GCC_493\Debug\Design01.a(Display1_INT.o)
 .debug_abbrev  0x0000173c      0x1b8 .\CortexM3\ARM_GCC_493\Debug\Design01.a(Display2.o)
 .debug_abbrev  0x000018f4       0x8a .\CortexM3\ARM_GCC_493\Debug\Design01.a(Display2_INT.o)
 .debug_abbrev  0x0000197e      0x139 .\CortexM3\ARM_GCC_493\Debug\Design01.a(Display1_IntClock.o)
 .debug_abbrev  0x00001ab7      0x139 .\CortexM3\ARM_GCC_493\Debug\Design01.a(Display2_IntClock.o)
 .debug_abbrev  0x00001bf0       0x14 .\CortexM3\ARM_GCC_493\Debug\Design01.a(CyBootAsmGnu.o)
 .debug_abbrev  0x00001c04      0x296 .\CortexM3\ARM_GCC_493\Debug\Design01.a(CyLib.o)
 .debug_abbrev  0x00001e9a      0x1ed .\CortexM3\ARM_GCC_493\Debug\Design01.a(cyPm.o)
 .debug_abbrev  0x00002087      0x139 .\CortexM3\ARM_GCC_493\Debug\Design01.a(Printer_IntClock.o)
 .debug_abbrev  0x000021c0      0x1b8 .\CortexM3\ARM_GCC_493\Debug\Design01.a(Pump.o)
 .debug_abbrev  0x00002378       0x8a .\CortexM3\ARM_GCC_493\Debug\Design01.a(Pump_INT.o)
 .debug_abbrev  0x00002402      0x1a3 .\CortexM3\ARM_GCC_493\Debug\Design01.a(EEPROM_1.o)
 .debug_abbrev  0x000025a5      0x159 .\CortexM3\ARM_GCC_493\Debug\Design01.a(I2C_Bus.o)
 .debug_abbrev  0x000026fe       0xdb .\CortexM3\ARM_GCC_493\Debug\Design01.a(I2C_Bus_INT.o)
 .debug_abbrev  0x000027d9      0x12b .\CortexM3\ARM_GCC_493\Debug\Design01.a(I2C_Bus_PM.o)
 .debug_abbrev  0x00002904      0x13c .\CortexM3\ARM_GCC_493\Debug\Design01.a(I2C_Bus_MASTER.o)
 .debug_abbrev  0x00002a40      0x11a .\CortexM3\ARM_GCC_493\Debug\Design01.a(Timer_Animacion.o)
 .debug_abbrev  0x00002b5a      0x173 .\CortexM3\ARM_GCC_493\Debug\Design01.a(isr_3.o)
 .debug_abbrev  0x00002ccd      0x11a .\CortexM3\ARM_GCC_493\Debug\Design01.a(Timer_Animacion2.o)
 .debug_abbrev  0x00002de7      0x173 .\CortexM3\ARM_GCC_493\Debug\Design01.a(isr_4.o)
 .debug_abbrev  0x00002f5a       0x90 .\CortexM3\ARM_GCC_493\Debug\Design01.a(IB1.o)
 .debug_abbrev  0x00002fea       0x90 .\CortexM3\ARM_GCC_493\Debug\Design01.a(IB2.o)
 .debug_abbrev  0x0000307a      0x1c9 .\CortexM3\ARM_GCC_493\Debug\Design01.a(RF_Connection.o)
 .debug_abbrev  0x00003243       0x8a .\CortexM3\ARM_GCC_493\Debug\Design01.a(RF_Connection_INT.o)
 .debug_abbrev  0x000032cd      0x139 .\CortexM3\ARM_GCC_493\Debug\Design01.a(RF_Connection_IntClock.o)
 .debug_abbrev  0x00003406      0x11a .\CortexM3\ARM_GCC_493\Debug\Design01.a(Waitable_4.o)
 .debug_abbrev  0x00003520      0x11a .\CortexM3\ARM_GCC_493\Debug\Design01.a(Waitable_3.o)
 .debug_abbrev  0x0000363a      0x173 .\CortexM3\ARM_GCC_493\Debug\Design01.a(isr_1.o)
 .debug_abbrev  0x000037ad      0x173 .\CortexM3\ARM_GCC_493\Debug\Design01.a(isr_2.o)
 .debug_abbrev  0x00003920      0x1d1 .\CortexM3\ARM_GCC_493\Debug\Design01.a(CyFlash.o)
 .debug_abbrev  0x00003af1      0x1c1 .\CortexM3\ARM_GCC_493\Debug\Design01.a(CySpc.o)

.debug_line     0x00000000     0x725a
 *(.debug_line)
 .debug_line    0x00000000      0xd86 .\CortexM3\ARM_GCC_493\Debug\main.o
 .debug_line    0x00000d86      0x933 .\CortexM3\ARM_GCC_493\Debug\protocol.o
 .debug_line    0x000016b9      0x277 .\CortexM3\ARM_GCC_493\Debug\LCD.o
 .debug_line    0x00001930      0x24d .\CortexM3\ARM_GCC_493\Debug\keyboard.o
 .debug_line    0x00001b7d      0x279 .\CortexM3\ARM_GCC_493\Debug\I2C.o
 .debug_line    0x00001df6      0xaed .\CortexM3\ARM_GCC_493\Debug\Print.o
 .debug_line    0x000028e3      0x299 .\CortexM3\ARM_GCC_493\Debug\ibuton.o
 .debug_line    0x00002b7c      0x7ac .\CortexM3\ARM_GCC_493\Debug\RFPoll.o
 .debug_line    0x00003328       0x53 .\CortexM3\ARM_GCC_493\Debug\cymetadata.o
 .debug_line    0x0000337b      0x249 .\CortexM3\ARM_GCC_493\Debug\Cm3Start.o
 .debug_line    0x000035c4      0x20b .\CortexM3\ARM_GCC_493\Debug\Design01.a(cyfitter_cfg.o)
 .debug_line    0x000037cf      0x2c4 .\CortexM3\ARM_GCC_493\Debug\Design01.a(Printer.o)
 .debug_line    0x00003a93      0x30c .\CortexM3\ARM_GCC_493\Debug\Design01.a(Display1.o)
 .debug_line    0x00003d9f       0x8a .\CortexM3\ARM_GCC_493\Debug\Design01.a(Display1_INT.o)
 .debug_line    0x00003e29      0x30c .\CortexM3\ARM_GCC_493\Debug\Design01.a(Display2.o)
 .debug_line    0x00004135       0x8a .\CortexM3\ARM_GCC_493\Debug\Design01.a(Display2_INT.o)
 .debug_line    0x000041bf      0x199 .\CortexM3\ARM_GCC_493\Debug\Design01.a(Display1_IntClock.o)
 .debug_line    0x00004358      0x199 .\CortexM3\ARM_GCC_493\Debug\Design01.a(Display2_IntClock.o)
 .debug_line    0x000044f1       0x68 .\CortexM3\ARM_GCC_493\Debug\Design01.a(CyBootAsmGnu.o)
 .debug_line    0x00004559      0x806 .\CortexM3\ARM_GCC_493\Debug\Design01.a(CyLib.o)
 .debug_line    0x00004d5f      0x366 .\CortexM3\ARM_GCC_493\Debug\Design01.a(cyPm.o)
 .debug_line    0x000050c5      0x198 .\CortexM3\ARM_GCC_493\Debug\Design01.a(Printer_IntClock.o)
 .debug_line    0x0000525d      0x2f1 .\CortexM3\ARM_GCC_493\Debug\Design01.a(Pump.o)
 .debug_line    0x0000554e       0x83 .\CortexM3\ARM_GCC_493\Debug\Design01.a(Pump_INT.o)
 .debug_line    0x000055d1      0x268 .\CortexM3\ARM_GCC_493\Debug\Design01.a(EEPROM_1.o)
 .debug_line    0x00005839       0xe4 .\CortexM3\ARM_GCC_493\Debug\Design01.a(I2C_Bus.o)
 .debug_line    0x0000591d      0x130 .\CortexM3\ARM_GCC_493\Debug\Design01.a(I2C_Bus_INT.o)
 .debug_line    0x00005a4d       0xc8 .\CortexM3\ARM_GCC_493\Debug\Design01.a(I2C_Bus_PM.o)
 .debug_line    0x00005b15      0x207 .\CortexM3\ARM_GCC_493\Debug\Design01.a(I2C_Bus_MASTER.o)
 .debug_line    0x00005d1c      0x15f .\CortexM3\ARM_GCC_493\Debug\Design01.a(Timer_Animacion.o)
 .debug_line    0x00005e7b      0x14b .\CortexM3\ARM_GCC_493\Debug\Design01.a(isr_3.o)
 .debug_line    0x00005fc6      0x160 .\CortexM3\ARM_GCC_493\Debug\Design01.a(Timer_Animacion2.o)
 .debug_line    0x00006126      0x14b .\CortexM3\ARM_GCC_493\Debug\Design01.a(isr_4.o)
 .debug_line    0x00006271       0x92 .\CortexM3\ARM_GCC_493\Debug\Design01.a(IB1.o)
 .debug_line    0x00006303       0x92 .\CortexM3\ARM_GCC_493\Debug\Design01.a(IB2.o)
 .debug_line    0x00006395      0x31e .\CortexM3\ARM_GCC_493\Debug\Design01.a(RF_Connection.o)
 .debug_line    0x000066b3       0x95 .\CortexM3\ARM_GCC_493\Debug\Design01.a(RF_Connection_INT.o)
 .debug_line    0x00006748      0x19e .\CortexM3\ARM_GCC_493\Debug\Design01.a(RF_Connection_IntClock.o)
 .debug_line    0x000068e6      0x15a .\CortexM3\ARM_GCC_493\Debug\Design01.a(Waitable_4.o)
 .debug_line    0x00006a40      0x15a .\CortexM3\ARM_GCC_493\Debug\Design01.a(Waitable_3.o)
 .debug_line    0x00006b9a      0x14b .\CortexM3\ARM_GCC_493\Debug\Design01.a(isr_1.o)
 .debug_line    0x00006ce5      0x14b .\CortexM3\ARM_GCC_493\Debug\Design01.a(isr_2.o)
 .debug_line    0x00006e30      0x1ec .\CortexM3\ARM_GCC_493\Debug\Design01.a(CyFlash.o)
 .debug_line    0x0000701c      0x23e .\CortexM3\ARM_GCC_493\Debug\Design01.a(CySpc.o)

.debug_frame    0x00000000     0x31d8
 *(.debug_frame)
 .debug_frame   0x00000000      0x1ec .\CortexM3\ARM_GCC_493\Debug\main.o
 .debug_frame   0x000001ec      0x164 .\CortexM3\ARM_GCC_493\Debug\protocol.o
 .debug_frame   0x00000350       0xf4 .\CortexM3\ARM_GCC_493\Debug\LCD.o
 .debug_frame   0x00000444       0x34 .\CortexM3\ARM_GCC_493\Debug\keyboard.o
 .debug_frame   0x00000478       0xb0 .\CortexM3\ARM_GCC_493\Debug\I2C.o
 .debug_frame   0x00000528       0x78 .\CortexM3\ARM_GCC_493\Debug\Print.o
 .debug_frame   0x000005a0       0x7c .\CortexM3\ARM_GCC_493\Debug\ibuton.o
 .debug_frame   0x0000061c       0x80 .\CortexM3\ARM_GCC_493\Debug\RFPoll.o
 .debug_frame   0x0000069c       0xac .\CortexM3\ARM_GCC_493\Debug\Cm3Start.o
 .debug_frame   0x00000748       0xe4 .\CortexM3\ARM_GCC_493\Debug\Design01.a(cyfitter_cfg.o)
 .debug_frame   0x0000082c      0x250 .\CortexM3\ARM_GCC_493\Debug\Design01.a(Printer.o)
 .debug_frame   0x00000a7c      0x25c .\CortexM3\ARM_GCC_493\Debug\Design01.a(Display1.o)
 .debug_frame   0x00000cd8       0x20 .\CortexM3\ARM_GCC_493\Debug\Design01.a(Display1_INT.o)
 .debug_frame   0x00000cf8      0x25c .\CortexM3\ARM_GCC_493\Debug\Design01.a(Display2.o)
 .debug_frame   0x00000f54       0x20 .\CortexM3\ARM_GCC_493\Debug\Design01.a(Display2_INT.o)
 .debug_frame   0x00000f74       0xe0 .\CortexM3\ARM_GCC_493\Debug\Design01.a(Display1_IntClock.o)
 .debug_frame   0x00001054       0xe0 .\CortexM3\ARM_GCC_493\Debug\Design01.a(Display2_IntClock.o)
 .debug_frame   0x00001134      0x728 .\CortexM3\ARM_GCC_493\Debug\Design01.a(CyLib.o)
 .debug_frame   0x0000185c      0x1f8 .\CortexM3\ARM_GCC_493\Debug\Design01.a(cyPm.o)
 .debug_frame   0x00001a54       0xe0 .\CortexM3\ARM_GCC_493\Debug\Design01.a(Printer_IntClock.o)
 .debug_frame   0x00001b34      0x25c .\CortexM3\ARM_GCC_493\Debug\Design01.a(Pump.o)
 .debug_frame   0x00001d90       0x20 .\CortexM3\ARM_GCC_493\Debug\Design01.a(Pump_INT.o)
 .debug_frame   0x00001db0      0x17c .\CortexM3\ARM_GCC_493\Debug\Design01.a(EEPROM_1.o)
 .debug_frame   0x00001f2c       0x8c .\CortexM3\ARM_GCC_493\Debug\Design01.a(I2C_Bus.o)
 .debug_frame   0x00001fb8       0x30 .\CortexM3\ARM_GCC_493\Debug\Design01.a(I2C_Bus_INT.o)
 .debug_frame   0x00001fe8       0x74 .\CortexM3\ARM_GCC_493\Debug\Design01.a(I2C_Bus_PM.o)
 .debug_frame   0x0000205c      0x120 .\CortexM3\ARM_GCC_493\Debug\Design01.a(I2C_Bus_MASTER.o)
 .debug_frame   0x0000217c      0x108 .\CortexM3\ARM_GCC_493\Debug\Design01.a(Timer_Animacion.o)
 .debug_frame   0x00002284      0x104 .\CortexM3\ARM_GCC_493\Debug\Design01.a(isr_3.o)
 .debug_frame   0x00002388      0x108 .\CortexM3\ARM_GCC_493\Debug\Design01.a(Timer_Animacion2.o)
 .debug_frame   0x00002490      0x104 .\CortexM3\ARM_GCC_493\Debug\Design01.a(isr_4.o)
 .debug_frame   0x00002594       0x50 .\CortexM3\ARM_GCC_493\Debug\Design01.a(IB1.o)
 .debug_frame   0x000025e4       0x50 .\CortexM3\ARM_GCC_493\Debug\Design01.a(IB2.o)
 .debug_frame   0x00002634      0x278 .\CortexM3\ARM_GCC_493\Debug\Design01.a(RF_Connection.o)
 .debug_frame   0x000028ac       0x20 .\CortexM3\ARM_GCC_493\Debug\Design01.a(RF_Connection_INT.o)
 .debug_frame   0x000028cc       0xe0 .\CortexM3\ARM_GCC_493\Debug\Design01.a(RF_Connection_IntClock.o)
 .debug_frame   0x000029ac      0x108 .\CortexM3\ARM_GCC_493\Debug\Design01.a(Waitable_4.o)
 .debug_frame   0x00002ab4      0x108 .\CortexM3\ARM_GCC_493\Debug\Design01.a(Waitable_3.o)
 .debug_frame   0x00002bbc      0x104 .\CortexM3\ARM_GCC_493\Debug\Design01.a(isr_1.o)
 .debug_frame   0x00002cc0      0x104 .\CortexM3\ARM_GCC_493\Debug\Design01.a(isr_2.o)
 .debug_frame   0x00002dc4      0x174 .\CortexM3\ARM_GCC_493\Debug\Design01.a(CyFlash.o)
 .debug_frame   0x00002f38      0x160 .\CortexM3\ARM_GCC_493\Debug\Design01.a(CySpc.o)
 .debug_frame   0x00003098       0x30 c:/program files (x86)/cypress/psoc creator/3.3/psoc creator/import/gnu/arm/4.9.3/bin/../lib/gcc/arm-none-eabi/4.9.3/../../../../arm-none-eabi/lib/armv7-m\libg_nano.a(lib_a-atoi.o)
 .debug_frame   0x000030c8       0x20 c:/program files (x86)/cypress/psoc creator/3.3/psoc creator/import/gnu/arm/4.9.3/bin/../lib/gcc/arm-none-eabi/4.9.3/../../../../arm-none-eabi/lib/armv7-m\libg_nano.a(lib_a-errno.o)
 .debug_frame   0x000030e8       0x28 c:/program files (x86)/cypress/psoc creator/3.3/psoc creator/import/gnu/arm/4.9.3/bin/../lib/gcc/arm-none-eabi/4.9.3/../../../../arm-none-eabi/lib/armv7-m\libg_nano.a(lib_a-exit.o)
 .debug_frame   0x00003110       0x2c c:/program files (x86)/cypress/psoc creator/3.3/psoc creator/import/gnu/arm/4.9.3/bin/../lib/gcc/arm-none-eabi/4.9.3/../../../../arm-none-eabi/lib/armv7-m\libg_nano.a(lib_a-init.o)
 .debug_frame   0x0000313c       0x28 c:/program files (x86)/cypress/psoc creator/3.3/psoc creator/import/gnu/arm/4.9.3/bin/../lib/gcc/arm-none-eabi/4.9.3/../../../../arm-none-eabi/lib/armv7-m\libg_nano.a(lib_a-memcpy.o)
 .debug_frame   0x00003164       0x20 c:/program files (x86)/cypress/psoc creator/3.3/psoc creator/import/gnu/arm/4.9.3/bin/../lib/gcc/arm-none-eabi/4.9.3/../../../../arm-none-eabi/lib/armv7-m\libg_nano.a(lib_a-memset.o)
 .debug_frame   0x00003184       0x54 c:/program files (x86)/cypress/psoc creator/3.3/psoc creator/import/gnu/arm/4.9.3/bin/../lib/gcc/arm-none-eabi/4.9.3/../../../../arm-none-eabi/lib/armv7-m\libg_nano.a(lib_a-strtol.o)

.debug_str      0x00000000     0x4ced
 *(.debug_str)
 .debug_str     0x00000000     0x12dd .\CortexM3\ARM_GCC_493\Debug\main.o
                               0x1344 (size before relaxing)
 .debug_str     0x000012dd       0xd6 .\CortexM3\ARM_GCC_493\Debug\protocol.o
                                0x9f1 (size before relaxing)
 .debug_str     0x000013b3       0xb4 .\CortexM3\ARM_GCC_493\Debug\LCD.o
                                0x90f (size before relaxing)
 .debug_str     0x00001467       0x30 .\CortexM3\ARM_GCC_493\Debug\keyboard.o
                                0x8f9 (size before relaxing)
 .debug_str     0x00001497       0xa9 .\CortexM3\ARM_GCC_493\Debug\I2C.o
                                0x8c7 (size before relaxing)
 .debug_str     0x00001540      0x279 .\CortexM3\ARM_GCC_493\Debug\Print.o
                                0xa91 (size before relaxing)
 .debug_str     0x000017b9       0x43 .\CortexM3\ARM_GCC_493\Debug\ibuton.o
                                0x22f (size before relaxing)
 .debug_str     0x000017fc       0xad .\CortexM3\ARM_GCC_493\Debug\RFPoll.o
                                0xa19 (size before relaxing)
 .debug_str     0x000018a9       0x77 .\CortexM3\ARM_GCC_493\Debug\cymetadata.o
                                0x1f0 (size before relaxing)
 .debug_str     0x00001920      0x158 .\CortexM3\ARM_GCC_493\Debug\Cm3Start.o
                                0x304 (size before relaxing)
 .debug_str     0x00001a78      0x17e .\CortexM3\ARM_GCC_493\Debug\Design01.a(cyfitter_cfg.o)
                                0x33e (size before relaxing)
 .debug_str     0x00001bf6      0x31f .\CortexM3\ARM_GCC_493\Debug\Design01.a(Printer.o)
                                0x4cc (size before relaxing)
 .debug_str     0x00001f15      0x31d .\CortexM3\ARM_GCC_493\Debug\Design01.a(Display1.o)
                                0x5df (size before relaxing)
 .debug_str     0x00002232       0x5d .\CortexM3\ARM_GCC_493\Debug\Design01.a(Display1_INT.o)
                                0x265 (size before relaxing)
 .debug_str     0x0000228f      0x2cd .\CortexM3\ARM_GCC_493\Debug\Design01.a(Display2.o)
                                0x5df (size before relaxing)
 .debug_str     0x0000255c       0x37 .\CortexM3\ARM_GCC_493\Debug\Design01.a(Display2_INT.o)
                                0x265 (size before relaxing)
 .debug_str     0x00002593      0x1ad .\CortexM3\ARM_GCC_493\Debug\Design01.a(Display1_IntClock.o)
                                0x36c (size before relaxing)
 .debug_str     0x00002740      0x162 .\CortexM3\ARM_GCC_493\Debug\Design01.a(Display2_IntClock.o)
                                0x36c (size before relaxing)
 .debug_str     0x000028a2      0x7b4 .\CortexM3\ARM_GCC_493\Debug\Design01.a(CyLib.o)
                                0xa29 (size before relaxing)
 .debug_str     0x00003056      0x35b .\CortexM3\ARM_GCC_493\Debug\Design01.a(cyPm.o)
                                0x721 (size before relaxing)
 .debug_str     0x000033b1      0x158 .\CortexM3\ARM_GCC_493\Debug\Design01.a(Printer_IntClock.o)
                                0x360 (size before relaxing)
 .debug_str     0x00003509      0x216 .\CortexM3\ARM_GCC_493\Debug\Design01.a(Pump.o)
                                0x524 (size before relaxing)
 .debug_str     0x0000371f       0x2f .\CortexM3\ARM_GCC_493\Debug\Design01.a(Pump_INT.o)
                                0x24c (size before relaxing)
 .debug_str     0x0000374e      0x1c9 .\CortexM3\ARM_GCC_493\Debug\Design01.a(EEPROM_1.o)
                                0x3d6 (size before relaxing)
 .debug_str     0x00003917       0xe7 .\CortexM3\ARM_GCC_493\Debug\Design01.a(I2C_Bus.o)
                                0x316 (size before relaxing)
 .debug_str     0x000039fe       0xf8 .\CortexM3\ARM_GCC_493\Debug\Design01.a(I2C_Bus_INT.o)
                                0x298 (size before relaxing)
 .debug_str     0x00003af6       0x6c .\CortexM3\ARM_GCC_493\Debug\Design01.a(I2C_Bus_PM.o)
                                0x29e (size before relaxing)
 .debug_str     0x00003b62       0xfb .\CortexM3\ARM_GCC_493\Debug\Design01.a(I2C_Bus_MASTER.o)
                                0x40d (size before relaxing)
 .debug_str     0x00003c5d      0x1ae .\CortexM3\ARM_GCC_493\Debug\Design01.a(Timer_Animacion.o)
                                0x38f (size before relaxing)
 .debug_str     0x00003e0b       0xcf .\CortexM3\ARM_GCC_493\Debug\Design01.a(isr_3.o)
                                0x2a0 (size before relaxing)
 .debug_str     0x00003eda      0x1a9 .\CortexM3\ARM_GCC_493\Debug\Design01.a(Timer_Animacion2.o)
                                0x39f (size before relaxing)
 .debug_str     0x00004083       0xdd .\CortexM3\ARM_GCC_493\Debug\Design01.a(isr_4.o)
                                0x2a0 (size before relaxing)
 .debug_str     0x00004160       0x4b .\CortexM3\ARM_GCC_493\Debug\Design01.a(IB1.o)
                                0x1de (size before relaxing)
 .debug_str     0x000041ab       0x40 .\CortexM3\ARM_GCC_493\Debug\Design01.a(IB2.o)
                                0x1de (size before relaxing)
 .debug_str     0x000041eb      0x36b .\CortexM3\ARM_GCC_493\Debug\Design01.a(RF_Connection.o)
                                0x698 (size before relaxing)
 .debug_str     0x00004556       0x41 .\CortexM3\ARM_GCC_493\Debug\Design01.a(RF_Connection_INT.o)
                                0x294 (size before relaxing)
 .debug_str     0x00004597      0x194 .\CortexM3\ARM_GCC_493\Debug\Design01.a(RF_Connection_IntClock.o)
                                0x3a8 (size before relaxing)
 .debug_str     0x0000472b      0x154 .\CortexM3\ARM_GCC_493\Debug\Design01.a(Waitable_4.o)
                                0x33f (size before relaxing)
 .debug_str     0x0000487f      0x154 .\CortexM3\ARM_GCC_493\Debug\Design01.a(Waitable_3.o)
                                0x33f (size before relaxing)
 .debug_str     0x000049d3       0xda .\CortexM3\ARM_GCC_493\Debug\Design01.a(isr_1.o)
                                0x2a0 (size before relaxing)
 .debug_str     0x00004aad       0xda .\CortexM3\ARM_GCC_493\Debug\Design01.a(isr_2.o)
                                0x2a0 (size before relaxing)
 .debug_str     0x00004b87       0xf6 .\CortexM3\ARM_GCC_493\Debug\Design01.a(CyFlash.o)
                                0x39b (size before relaxing)
 .debug_str     0x00004c7d       0x70 .\CortexM3\ARM_GCC_493\Debug\Design01.a(CySpc.o)
                                0x324 (size before relaxing)

.debug_loc      0x00000000     0x7a6c
 *(.debug_loc)
 .debug_loc     0x00000000      0x6fd .\CortexM3\ARM_GCC_493\Debug\main.o
 .debug_loc     0x000006fd     0x1037 .\CortexM3\ARM_GCC_493\Debug\protocol.o
 .debug_loc     0x00001734      0x411 .\CortexM3\ARM_GCC_493\Debug\LCD.o
 .debug_loc     0x00001b45      0x1b8 .\CortexM3\ARM_GCC_493\Debug\keyboard.o
 .debug_loc     0x00001cfd      0x23d .\CortexM3\ARM_GCC_493\Debug\I2C.o
 .debug_loc     0x00001f3a     0x1363 .\CortexM3\ARM_GCC_493\Debug\Print.o
 .debug_loc     0x0000329d      0x20e .\CortexM3\ARM_GCC_493\Debug\ibuton.o
 .debug_loc     0x000034ab      0xb04 .\CortexM3\ARM_GCC_493\Debug\RFPoll.o
 .debug_loc     0x00003faf      0x144 .\CortexM3\ARM_GCC_493\Debug\Cm3Start.o
 .debug_loc     0x000040f3      0x289 .\CortexM3\ARM_GCC_493\Debug\Design01.a(cyfitter_cfg.o)
 .debug_loc     0x0000437c      0x258 .\CortexM3\ARM_GCC_493\Debug\Design01.a(Printer.o)
 .debug_loc     0x000045d4      0x34e .\CortexM3\ARM_GCC_493\Debug\Design01.a(Display1.o)
 .debug_loc     0x00004922       0x45 .\CortexM3\ARM_GCC_493\Debug\Design01.a(Display1_INT.o)
 .debug_loc     0x00004967      0x34e .\CortexM3\ARM_GCC_493\Debug\Design01.a(Display2.o)
 .debug_loc     0x00004cb5       0x45 .\CortexM3\ARM_GCC_493\Debug\Design01.a(Display2_INT.o)
 .debug_loc     0x00004cfa      0x128 .\CortexM3\ARM_GCC_493\Debug\Design01.a(Display1_IntClock.o)
 .debug_loc     0x00004e22      0x12c .\CortexM3\ARM_GCC_493\Debug\Design01.a(Display2_IntClock.o)
 .debug_loc     0x00004f4e      0xa11 .\CortexM3\ARM_GCC_493\Debug\Design01.a(CyLib.o)
 .debug_loc     0x0000595f      0x1e4 .\CortexM3\ARM_GCC_493\Debug\Design01.a(cyPm.o)
 .debug_loc     0x00005b43      0x128 .\CortexM3\ARM_GCC_493\Debug\Design01.a(Printer_IntClock.o)
 .debug_loc     0x00005c6b      0x34e .\CortexM3\ARM_GCC_493\Debug\Design01.a(Pump.o)
 .debug_loc     0x00005fb9       0x45 .\CortexM3\ARM_GCC_493\Debug\Design01.a(Pump_INT.o)
 .debug_loc     0x00005ffe      0x49f .\CortexM3\ARM_GCC_493\Debug\Design01.a(EEPROM_1.o)
 .debug_loc     0x0000649d       0x26 .\CortexM3\ARM_GCC_493\Debug\Design01.a(I2C_Bus.o)
 .debug_loc     0x000064c3       0x29 .\CortexM3\ARM_GCC_493\Debug\Design01.a(I2C_Bus_INT.o)
 .debug_loc     0x000064ec       0x13 .\CortexM3\ARM_GCC_493\Debug\Design01.a(I2C_Bus_PM.o)
 .debug_loc     0x000064ff      0x531 .\CortexM3\ARM_GCC_493\Debug\Design01.a(I2C_Bus_MASTER.o)
 .debug_loc     0x00006a30       0x56 .\CortexM3\ARM_GCC_493\Debug\Design01.a(isr_3.o)
 .debug_loc     0x00006a86       0x56 .\CortexM3\ARM_GCC_493\Debug\Design01.a(isr_4.o)
 .debug_loc     0x00006adc       0x42 .\CortexM3\ARM_GCC_493\Debug\Design01.a(IB1.o)
 .debug_loc     0x00006b1e       0x55 .\CortexM3\ARM_GCC_493\Debug\Design01.a(IB2.o)
 .debug_loc     0x00006b73      0x393 .\CortexM3\ARM_GCC_493\Debug\Design01.a(RF_Connection.o)
 .debug_loc     0x00006f06       0x45 .\CortexM3\ARM_GCC_493\Debug\Design01.a(RF_Connection_INT.o)
 .debug_loc     0x00006f4b      0x128 .\CortexM3\ARM_GCC_493\Debug\Design01.a(RF_Connection_IntClock.o)
 .debug_loc     0x00007073       0x56 .\CortexM3\ARM_GCC_493\Debug\Design01.a(isr_1.o)
 .debug_loc     0x000070c9       0x56 .\CortexM3\ARM_GCC_493\Debug\Design01.a(isr_2.o)
 .debug_loc     0x0000711f      0x300 .\CortexM3\ARM_GCC_493\Debug\Design01.a(CyFlash.o)
 .debug_loc     0x0000741f      0x64d .\CortexM3\ARM_GCC_493\Debug\Design01.a(CySpc.o)

.debug_macinfo
 *(.debug_macinfo)

.debug_ranges   0x00000000     0x1170
 *(.debug_ranges)
 .debug_ranges  0x00000000       0x80 .\CortexM3\ARM_GCC_493\Debug\main.o
 .debug_ranges  0x00000080       0x58 .\CortexM3\ARM_GCC_493\Debug\protocol.o
 .debug_ranges  0x000000d8       0x38 .\CortexM3\ARM_GCC_493\Debug\LCD.o
 .debug_ranges  0x00000110       0x10 .\CortexM3\ARM_GCC_493\Debug\keyboard.o
 .debug_ranges  0x00000120       0x30 .\CortexM3\ARM_GCC_493\Debug\I2C.o
 .debug_ranges  0x00000150       0x20 .\CortexM3\ARM_GCC_493\Debug\Print.o
 .debug_ranges  0x00000170       0x28 .\CortexM3\ARM_GCC_493\Debug\ibuton.o
 .debug_ranges  0x00000198       0x20 .\CortexM3\ARM_GCC_493\Debug\RFPoll.o
 .debug_ranges  0x000001b8       0x38 .\CortexM3\ARM_GCC_493\Debug\Cm3Start.o
 .debug_ranges  0x000001f0       0x48 .\CortexM3\ARM_GCC_493\Debug\Design01.a(cyfitter_cfg.o)
 .debug_ranges  0x00000238       0xe0 .\CortexM3\ARM_GCC_493\Debug\Design01.a(Printer.o)
 .debug_ranges  0x00000318       0xe0 .\CortexM3\ARM_GCC_493\Debug\Design01.a(Display1.o)
 .debug_ranges  0x000003f8       0x10 .\CortexM3\ARM_GCC_493\Debug\Design01.a(Display1_INT.o)
 .debug_ranges  0x00000408       0xe0 .\CortexM3\ARM_GCC_493\Debug\Design01.a(Display2.o)
 .debug_ranges  0x000004e8       0x10 .\CortexM3\ARM_GCC_493\Debug\Design01.a(Display2_INT.o)
 .debug_ranges  0x000004f8       0x60 .\CortexM3\ARM_GCC_493\Debug\Design01.a(Display1_IntClock.o)
 .debug_ranges  0x00000558       0x60 .\CortexM3\ARM_GCC_493\Debug\Design01.a(Display2_IntClock.o)
 .debug_ranges  0x000005b8      0x288 .\CortexM3\ARM_GCC_493\Debug\Design01.a(CyLib.o)
 .debug_ranges  0x00000840       0x88 .\CortexM3\ARM_GCC_493\Debug\Design01.a(cyPm.o)
 .debug_ranges  0x000008c8       0x60 .\CortexM3\ARM_GCC_493\Debug\Design01.a(Printer_IntClock.o)
 .debug_ranges  0x00000928       0xe0 .\CortexM3\ARM_GCC_493\Debug\Design01.a(Pump.o)
 .debug_ranges  0x00000a08       0x10 .\CortexM3\ARM_GCC_493\Debug\Design01.a(Pump_INT.o)
 .debug_ranges  0x00000a18       0x68 .\CortexM3\ARM_GCC_493\Debug\Design01.a(EEPROM_1.o)
 .debug_ranges  0x00000a80       0x28 .\CortexM3\ARM_GCC_493\Debug\Design01.a(I2C_Bus.o)