Archive member included because of file (symbol)

.\CortexM3\ARM_GCC_493\Debug\Design01.a(cyfitter_cfg.o)
                              .\CortexM3\ARM_GCC_493\Debug\Cm3Start.o (cyfitter_cfg)
.\CortexM3\ARM_GCC_493\Debug\Design01.a(Printer.o)
                              .\CortexM3\ARM_GCC_493\Debug\main.o (Printer_Start)
.\CortexM3\ARM_GCC_493\Debug\Design01.a(Display1.o)
                              .\CortexM3\ARM_GCC_493\Debug\main.o (Display1_Start)
.\CortexM3\ARM_GCC_493\Debug\Design01.a(Display1_INT.o)
                              .\CortexM3\ARM_GCC_493\Debug\Design01.a(Display1.o) (Display1_RXISR)
.\CortexM3\ARM_GCC_493\Debug\Design01.a(Display2.o)
                              .\CortexM3\ARM_GCC_493\Debug\main.o (Display2_Start)
.\CortexM3\ARM_GCC_493\Debug\Design01.a(Display2_INT.o)
                              .\CortexM3\ARM_GCC_493\Debug\Design01.a(Display2.o) (Display2_RXISR)
.\CortexM3\ARM_GCC_493\Debug\Design01.a(Display1_IntClock.o)
                              .\CortexM3\ARM_GCC_493\Debug\Design01.a(Display1.o) (Display1_IntClock_Start)
.\CortexM3\ARM_GCC_493\Debug\Design01.a(Display2_IntClock.o)
                              .\CortexM3\ARM_GCC_493\Debug\Design01.a(Display2.o) (Display2_IntClock_Start)
.\CortexM3\ARM_GCC_493\Debug\Design01.a(CyBootAsmGnu.o)
                              .\CortexM3\ARM_GCC_493\Debug\Design01.a(cyfitter_cfg.o) (CyDelayCycles)
.\CortexM3\ARM_GCC_493\Debug\Design01.a(CyLib.o)
                              .\CortexM3\ARM_GCC_493\Debug\Cm3Start.o (CyHalt)
.\CortexM3\ARM_GCC_493\Debug\Design01.a(cyPm.o)
                              .\CortexM3\ARM_GCC_493\Debug\Design01.a(CyLib.o) (CyPmReadStatus)
.\CortexM3\ARM_GCC_493\Debug\Design01.a(Printer_IntClock.o)
                              .\CortexM3\ARM_GCC_493\Debug\Design01.a(Printer.o) (Printer_IntClock_Start)
.\CortexM3\ARM_GCC_493\Debug\Design01.a(Pump.o)
                              .\CortexM3\ARM_GCC_493\Debug\main.o (Pump_Start)
.\CortexM3\ARM_GCC_493\Debug\Design01.a(Pump_INT.o)
                              .\CortexM3\ARM_GCC_493\Debug\Design01.a(Pump.o) (Pump_RXISR)
.\CortexM3\ARM_GCC_493\Debug\Design01.a(EEPROM_1.o)
                              .\CortexM3\ARM_GCC_493\Debug\main.o (EEPROM_1_Start)
.\CortexM3\ARM_GCC_493\Debug\Design01.a(I2C_Bus.o)
                              .\CortexM3\ARM_GCC_493\Debug\main.o (I2C_Bus_Start)
.\CortexM3\ARM_GCC_493\Debug\Design01.a(I2C_Bus_INT.o)
                              .\CortexM3\ARM_GCC_493\Debug\Design01.a(I2C_Bus.o) (I2C_Bus_ISR)
.\CortexM3\ARM_GCC_493\Debug\Design01.a(I2C_Bus_PM.o)
                              .\CortexM3\ARM_GCC_493\Debug\Design01.a(I2C_Bus.o) (I2C_Bus_backup)
.\CortexM3\ARM_GCC_493\Debug\Design01.a(I2C_Bus_MASTER.o)
                              .\CortexM3\ARM_GCC_493\Debug\Design01.a(I2C_Bus_INT.o) (I2C_Bus_mstrStatus)
.\CortexM3\ARM_GCC_493\Debug\Design01.a(Timer_Animacion.o)
                              .\CortexM3\ARM_GCC_493\Debug\main.o (Timer_Animacion_Stop)
.\CortexM3\ARM_GCC_493\Debug\Design01.a(isr_3.o)
                              .\CortexM3\ARM_GCC_493\Debug\main.o (isr_3_StartEx)
.\CortexM3\ARM_GCC_493\Debug\Design01.a(Timer_Animacion2.o)
                              .\CortexM3\ARM_GCC_493\Debug\main.o (Timer_Animacion2_ReadStatusRegister)
.\CortexM3\ARM_GCC_493\Debug\Design01.a(IB1.o)
                              .\CortexM3\ARM_GCC_493\Debug\ibuton.o (IB1_Write)
.\CortexM3\ARM_GCC_493\Debug\Design01.a(IB2.o)
                              .\CortexM3\ARM_GCC_493\Debug\ibuton.o (IB2_Write)
.\CortexM3\ARM_GCC_493\Debug\Design01.a(RF_Connection.o)
                              .\CortexM3\ARM_GCC_493\Debug\main.o (RF_Connection_Start)
.\CortexM3\ARM_GCC_493\Debug\Design01.a(RF_Connection_INT.o)
                              .\CortexM3\ARM_GCC_493\Debug\Design01.a(RF_Connection.o) (RF_Connection_RXISR)
.\CortexM3\ARM_GCC_493\Debug\Design01.a(RF_Connection_IntClock.o)
                              .\CortexM3\ARM_GCC_493\Debug\Design01.a(RF_Connection.o) (RF_Connection_IntClock_Start)
.\CortexM3\ARM_GCC_493\Debug\Design01.a(Waitable_4.o)
                              .\CortexM3\ARM_GCC_493\Debug\main.o (Waitable_4_ReadStatusRegister)
.\CortexM3\ARM_GCC_493\Debug\Design01.a(Waitable_3.o)
                              .\CortexM3\ARM_GCC_493\Debug\main.o (Waitable_3_ReadStatusRegister)
.\CortexM3\ARM_GCC_493\Debug\Design01.a(isr_1.o)
                              .\CortexM3\ARM_GCC_493\Debug\main.o (isr_1_StartEx)
.\CortexM3\ARM_GCC_493\Debug\Design01.a(isr_2.o)
                              .\CortexM3\ARM_GCC_493\Debug\main.o (isr_2_StartEx)
.\CortexM3\ARM_GCC_493\Debug\Design01.a(CyFlash.o)
                              .\CortexM3\ARM_GCC_493\Debug\Design01.a(EEPROM_1.o) (dieTemperature)
.\CortexM3\ARM_GCC_493\Debug\Design01.a(CySpc.o)
                              .\CortexM3\ARM_GCC_493\Debug\Design01.a(EEPROM_1.o) (CySpcStart)
[...]
Memory Configuration

Name             Origin             Length             Attributes
rom              0x00000000         0x00040000         xr
ram              0x1fff8000         0x00010000         xrw
*default*        0x00000000         0xffffffff

Linker script and memory map

LOAD c:/program files (x86)/cypress/psoc creator/3.3/psoc creator/import/gnu/arm/4.9.3/bin/../lib/gcc/arm-none-eabi/4.9.3/armv7-m/crti.o
LOAD c:/program files (x86)/cypress/psoc creator/3.3/psoc creator/import/gnu/arm/4.9.3/bin/../lib/gcc/arm-none-eabi/4.9.3/armv7-m/crtbegin.o
LOAD c:/program files (x86)/cypress/psoc creator/3.3/psoc creator/import/gnu/arm/4.9.3/bin/../lib/gcc/arm-none-eabi/4.9.3/../../../../arm-none-eabi/lib/armv7-m/crt0.o
START GROUP
LOAD .\CortexM3\ARM_GCC_493\Debug\main.o
LOAD .\CortexM3\ARM_GCC_493\Debug\protocol.o
LOAD .\CortexM3\ARM_GCC_493\Debug\LCD.o
LOAD .\CortexM3\ARM_GCC_493\Debug\keyboard.o
LOAD .\CortexM3\ARM_GCC_493\Debug\I2C.o
LOAD .\CortexM3\ARM_GCC_493\Debug\Print.o
LOAD .\CortexM3\ARM_GCC_493\Debug\ibuton.o
LOAD .\CortexM3\ARM_GCC_493\Debug\RFPoll.o
LOAD .\CortexM3\ARM_GCC_493\Debug\cymetadata.o
LOAD .\CortexM3\ARM_GCC_493\Debug\Cm3Start.o
LOAD .\CortexM3\ARM_GCC_493\Debug\Design01.a
LOAD C:\Program Files (x86)\Cypress\PSoC Creator\3.3\PSoC Creator\psoc\content\cycomponentlibrary\CyComponentLibrary.cylib\CortexM3\ARM_GCC_493\Debug\CyComponentLibrary.a
END GROUP
START GROUP
LOAD c:/program files (x86)/cypress/psoc creator/3.3/psoc creator/import/gnu/arm/4.9.3/bin/../lib/gcc/arm-none-eabi/4.9.3/armv7-m\libgcc.a
LOAD c:/program files (x86)/cypress/psoc creator/3.3/psoc creator/import/gnu/arm/4.9.3/bin/../lib/gcc/arm-none-eabi/4.9.3/../../../../arm-none-eabi/lib/armv7-m\libg_nano.a
LOAD c:/program files (x86)/cypress/psoc creator/3.3/psoc creator/import/gnu/arm/4.9.3/bin/../lib/gcc/arm-none-eabi/4.9.3/../../../../arm-none-eabi/lib/armv7-m\libc_nano.a
END GROUP
START GROUP
LOAD c:/program files (x86)/cypress/psoc creator/3.3/psoc creator/import/gnu/arm/4.9.3/bin/../lib/gcc/arm-none-eabi/4.9.3/armv7-m\libgcc.a
LOAD c:/program files (x86)/cypress/psoc creator/3.3/psoc creator/import/gnu/arm/4.9.3/bin/../lib/gcc/arm-none-eabi/4.9.3/../../../../arm-none-eabi/lib/armv7-m\libc_nano.a
END GROUP
LOAD c:/program files (x86)/cypress/psoc creator/3.3/psoc creator/import/gnu/arm/4.9.3/bin/../lib/gcc/arm-none-eabi/4.9.3/armv7-m/crtend.o
LOAD c:/program files (x86)/cypress/psoc creator/3.3/psoc creator/import/gnu/arm/4.9.3/bin/../lib/gcc/arm-none-eabi/4.9.3/armv7-m/crtn.o
START GROUP
LOAD c:/program files (x86)/cypress/psoc creator/3.3/psoc creator/import/gnu/arm/4.9.3/bin/../lib/gcc/arm-none-eabi/4.9.3/armv7-m\libgcc.a
LOAD c:/program files (x86)/cypress/psoc creator/3.3/psoc creator/import/gnu/arm/4.9.3/bin/../lib/gcc/arm-none-eabi/4.9.3/../../../../arm-none-eabi/lib/armv7-m\libc.a
LOAD c:/program files (x86)/cypress/psoc creator/3.3/psoc creator/import/gnu/arm/4.9.3/bin/../lib/gcc/arm-none-eabi/4.9.3/../../../../arm-none-eabi/lib/armv7-m\libnosys.a
END GROUP
                0x00000000                CY_APPL_ORIGIN = 0x0
                0x00000100                CY_FLASH_ROW_SIZE = 0x100
                0x00000020                CY_ECC_ROW_SIZE = 0x20
                0x00000000                CY_EE_IN_BTLDR = 0x0
                0x00000000                CY_APPL_LOADABLE = 0x0
                0x00000800                CY_EE_SIZE = 0x800
                0x00000001                CY_APPL_NUM = 0x1
                0x00000001                CY_APPL_MAX = 0x1
                0x00000040                CY_METADATA_SIZE = 0x40
                0x00000000                CY_APPL_LOADABLE = 0x0
                0x00000000                CY_CHECKSUM_EXCLUDE_SIZE = ALIGN (0x0, CY_FLASH_ROW_SIZE)
                0x1fff9878                PROVIDE (__cy_heap_start, _end)
                0x00000001                PROVIDE (__cy_region_num, ((__cy_regions_end - __cy_regions) / 0x10))
                0x20008000                PROVIDE (__cy_stack, (ORIGIN (ram) + 0x10000))
                0x20007800                PROVIDE (__cy_heap_end, (__cy_stack - 0x800))

.cybootloader   0x00000000        0x0
 *(.cybootloader)
                0x00000000                appl1_start = CY_APPL_ORIGIN?CY_APPL_ORIGIN:ALIGN (CY_FLASH_ROW_SIZE)
                0x0001ff00                appl2_start = (appl1_start + ALIGN ((((0x40000 - appl1_start) - (0x2 * CY_FLASH_ROW_SIZE)) / 0x2), CY_FLASH_ROW_SIZE))
                0x00000000                appl_start = (CY_APPL_NUM == 0x1)?appl1_start:appl2_start
                0x00000000                ecc_offset = ((appl_start / CY_FLASH_ROW_SIZE) * CY_ECC_ROW_SIZE)
                0x00000000                ee_offset = (CY_APPL_LOADABLE && ! (CY_EE_IN_BTLDR))?((CY_EE_SIZE / CY_APPL_MAX) * (CY_APPL_NUM - 0x1)):0x0
                0x00000800                ee_size = (CY_APPL_LOADABLE && ! (CY_EE_IN_BTLDR))?(CY_EE_SIZE / CY_APPL_MAX):CY_EE_SIZE
                0x00000000                PROVIDE (CY_ECC_OFFSET, ecc_offset)

.text           0x00000000     0x6a08
 CREATE_OBJECT_SYMBOLS
                0x00000000                PROVIDE (__cy_interrupt_vector, RomVectors)
 *(.romvectors)
 .romvectors    0x00000000       0x10 .\CortexM3\ARM_GCC_493\Debug\Cm3Start.o
                0x00000000                RomVectors
                0x00000001                ASSERT ((. != __cy_interrupt_vector), No interrupt vector)
                0x00000001                ASSERT (CY_APPL_ORIGIN?(SIZEOF (.cybootloader) <= CY_APPL_ORIGIN):0x1, Wrong image location)
                0x00000010                PROVIDE (__cy_reset, Reset)
 *(.text.Reset)
 .text.Reset    0x00000010       0x18 .\CortexM3\ARM_GCC_493\Debug\Cm3Start.o
                0x00000010                Reset
                0x00000001                ASSERT ((. != __cy_reset), No reset code)
 *(.dma_init)
                0x00000001                ASSERT ((((appl_start + .) <= 0x10000) || 0x1), DMA Init must be within the first 64k of flash)
 *(.text .text.* .gnu.linkonce.t.*)
 .text          0x00000028       0x5c c:/program files (x86)/cypress/psoc creator/3.3/psoc creator/import/gnu/arm/4.9.3/bin/../lib/gcc/arm-none-eabi/4.9.3/armv7-m/crtbegin.o
 .text.animacion
                0x00000084       0x14 .\CortexM3\ARM_GCC_493\Debug\main.o
                0x00000084                animacion
 .text.timerRFRX
                0x00000098       0x30 .\CortexM3\ARM_GCC_493\Debug\main.o
                0x00000098                timerRFRX
 .text.timerPump
                0x000000c8       0x30 .\CortexM3\ARM_GCC_493\Debug\main.o
                0x000000c8                timerPump
 .text.GlobalInitializer
                0x000000f8       0x3c .\CortexM3\ARM_GCC_493\Debug\main.o
                0x000000f8                GlobalInitializer
 .text.StoreConfiguration
                0x00000134       0x94 .\CortexM3\ARM_GCC_493\Debug\main.o
                0x00000134                StoreConfiguration
 .text.loadConfiguration
                0x000001c8       0xc8 .\CortexM3\ARM_GCC_493\Debug\main.o
                0x000001c8                loadConfiguration
 .text.InitDisplay1
                0x00000290      0x28c .\CortexM3\ARM_GCC_493\Debug\main.o
                0x00000290                InitDisplay1
 .text.InitDisplay2
                0x0000051c       0x50 .\CortexM3\ARM_GCC_493\Debug\main.o
                0x0000051c                InitDisplay2
 .text.InitPump
                0x0000056c       0xc4 .\CortexM3\ARM_GCC_493\Debug\main.o
                0x0000056c                InitPump
 .text.PrintTest
                0x00000630       0xc4 .\CortexM3\ARM_GCC_493\Debug\main.o
                0x00000630                PrintTest
 .text.PollingDisplay1
                0x000006f4     0x13b0 .\CortexM3\ARM_GCC_493\Debug\main.o
                0x000006f4                PollingDisplay1
 .text.PollingDisplay2
                0x00001aa4       0x94 .\CortexM3\ARM_GCC_493\Debug\main.o
                0x00001aa4                PollingDisplay2
 .text.main     0x00001b38       0x5c .\CortexM3\ARM_GCC_493\Debug\main.o
                0x00001b38                main
 .text.get_state
                0x00001b94       0x30 .\CortexM3\ARM_GCC_493\Debug\protocol.o
                0x00001b94                get_state
 .text.get_position
                0x00001bc4      0x120 .\CortexM3\ARM_GCC_493\Debug\protocol.o
                0x00001bc4                get_position
 .text.getTotals
                0x00001ce4      0x4b4 .\CortexM3\ARM_GCC_493\Debug\protocol.o
                0x00001ce4                getTotals
 .text.priceChange
                0x00002198      0x1e0 .\CortexM3\ARM_GCC_493\Debug\protocol.o
                0x00002198                priceChange
 .text.getSale  0x00002378      0x3c8 .\CortexM3\ARM_GCC_493\Debug\protocol.o
                0x00002378                getSale
 .text.PumpIsInValidState
                0x00002740       0x14 .\CortexM3\ARM_GCC_493\Debug\protocol.o
                0x00002740                PumpIsInValidState
 .text.GetLRC   0x00002754       0x28 .\CortexM3\ARM_GCC_493\Debug\protocol.o
                0x00002754                GetLRC
 .text.PresetData
                0x0000277c      0x1b4 .\CortexM3\ARM_GCC_493\Debug\protocol.o
                0x0000277c                PresetData
 .text.PumpCompleteConfiguration
                0x00002930      0x160 .\CortexM3\ARM_GCC_493\Debug\protocol.o
                0x00002930                PumpCompleteConfiguration
 .text.PumpHoseActiveState
                0x00002a90       0xd4 .\CortexM3\ARM_GCC_493\Debug\protocol.o
                0x00002a90                PumpHoseActiveState
 .text.SetPicture
                0x00002b64       0x50 .\CortexM3\ARM_GCC_493\Debug\LCD.o
                0x00002b64                SetPicture
 .text.WriteMessage
                0x00002bb4       0xc8 .\CortexM3\ARM_GCC_493\Debug\LCD.o
                0x00002bb4                WriteMessage
 .text.ShowRectangle
                0x00002c7c       0x5c .\CortexM3\ARM_GCC_493\Debug\LCD.o
                0x00002c7c                ShowRectangle
 .text.ShowMessage
                0x00002cd8       0x34 .\CortexM3\ARM_GCC_493\Debug\LCD.o
                0x00002cd8                ShowMessage
 .text.UnmapCode
                0x00002d0c       0x1c .\CortexM3\ARM_GCC_493\Debug\LCD.o
                0x00002d0c                UnmapCode
 .text.WriteLCD
                0x00002d28       0xc8 .\CortexM3\ARM_GCC_493\Debug\LCD.o
                0x00002d28                WriteLCD
 .text.alphanumeric_keyboard
                0x00002df0      0x494 .\CortexM3\ARM_GCC_493\Debug\keyboard.o
                0x00002df0                alphanumeric_keyboard
 .text.write_psoc1
                0x00003284       0x48 .\CortexM3\ARM_GCC_493\Debug\I2C.o
                0x00003284                write_psoc1
 .text.leer_fecha
                0x000032cc       0x5c .\CortexM3\ARM_GCC_493\Debug\I2C.o
                0x000032cc                leer_fecha
 .text.write_fecha
                0x00003328       0x5c .\CortexM3\ARM_GCC_493\Debug\I2C.o
                0x00003328                write_fecha
 .text.leer_hora
                0x00003384       0x5c .\CortexM3\ARM_GCC_493\Debug\I2C.o
                0x00003384                leer_hora
 .text.write_hora
                0x000033e0       0x58 .\CortexM3\ARM_GCC_493\Debug\I2C.o
                0x000033e0                write_hora
 .text.printLogoP
                0x00003438      0x1f0 .\CortexM3\ARM_GCC_493\Debug\Print.o
                0x00003438                printLogoP
 .text.imprimir
                0x00003628      0x8b0 .\CortexM3\ARM_GCC_493\Debug\Print.o
                0x00003628                imprimir
 .text.touch_present
                0x00003ed8       0x84 .\CortexM3\ARM_GCC_493\Debug\ibuton.o
                0x00003ed8                touch_present
 .text.touch_write
                0x00003f5c       0xd4 .\CortexM3\ARM_GCC_493\Debug\ibuton.o
                0x00003f5c                touch_write
 .text.touch_read_byte
                0x00004030       0x78 .\CortexM3\ARM_GCC_493\Debug\ibuton.o
                0x00004030                touch_read_byte
 .text.crc_check
                0x000040a8       0x20 .\CortexM3\ARM_GCC_493\Debug\ibuton.o
                0x000040a8                crc_check
 .text.verificar_check
                0x000040c8       0x34 .\CortexM3\ARM_GCC_493\Debug\RFPoll.o
                0x000040c8                verificar_check
 .text.pollingRF_Rx
                0x000040fc      0x718 .\CortexM3\ARM_GCC_493\Debug\RFPoll.o
                0x000040fc                pollingRF_Rx
 .text.pollingRF_Tx
                0x00004814      0x488 .\CortexM3\ARM_GCC_493\Debug\RFPoll.o
                0x00004814                pollingRF_Tx
 .text.IntDefaultHandler
                0x00004c9c        0x4 .\CortexM3\ARM_GCC_493\Debug\Cm3Start.o
                0x00004c9c                IntDefaultHandler
 .text.Start_c  0x00004ca0       0x4c .\CortexM3\ARM_GCC_493\Debug\Cm3Start.o
                0x00004ca0                Start_c
 .text.initialize_psoc
                0x00004cec       0x74 .\CortexM3\ARM_GCC_493\Debug\Cm3Start.o
                0x00004cec                initialize_psoc
 .text.CyClockStartupError
                0x00004d60        0x4 .\CortexM3\ARM_GCC_493\Debug\Design01.a(cyfitter_cfg.o)
 .text.cfg_write_bytes32
                0x00004d64       0x34 .\CortexM3\ARM_GCC_493\Debug\Design01.a(cyfitter_cfg.o)
 .text.AnalogSetDefault
                0x00004d98       0x28 .\CortexM3\ARM_GCC_493\Debug\Design01.a(cyfitter_cfg.o)
 .text.CYMEMZERO
                0x00004dc0        0xc .\CortexM3\ARM_GCC_493\Debug\Design01.a(cyfitter_cfg.o)
 .text.ClockSetup
                0x00004dcc       0xf8 .\CortexM3\ARM_GCC_493\Debug\Design01.a(cyfitter_cfg.o)
 .text.CYCONFIGCPY
                0x00004ec4        0x8 .\CortexM3\ARM_GCC_493\Debug\Design01.a(cyfitter_cfg.o)
 .text.cyfitter_cfg
                0x00004ecc      0x13c .\CortexM3\ARM_GCC_493\Debug\Design01.a(cyfitter_cfg.o)
                0x00004ecc                cyfitter_cfg
 .text.Printer_Init
                0x00005008       0x24 .\CortexM3\ARM_GCC_493\Debug\Design01.a(Printer.o)
                0x00005008                Printer_Init
 .text.Printer_Enable
                0x0000502c       0x38 .\CortexM3\ARM_GCC_493\Debug\Design01.a(Printer.o)
                0x0000502c                Printer_Enable
 .text.Printer_Start
                0x00005064       0x1c .\CortexM3\ARM_GCC_493\Debug\Design01.a(Printer.o)
                0x00005064                Printer_Start
 .text.Display1_Init
                0x00005080       0x44 .\CortexM3\ARM_GCC_493\Debug\Design01.a(Display1.o)
                0x00005080                Display1_Init
 .text.Display1_Enable
                0x000050c4       0x44 .\CortexM3\ARM_GCC_493\Debug\Design01.a(Display1.o)
                0x000050c4                Display1_Enable
 .text.Display1_Start
                0x00005108       0x1c .\CortexM3\ARM_GCC_493\Debug\Design01.a(Display1.o)
                0x00005108                Display1_Start
 .text.Display1_GetRxBufferSize
                0x00005124       0x5c .\CortexM3\ARM_GCC_493\Debug\Design01.a(Display1.o)
                0x00005124                Display1_GetRxBufferSize
 .text.Display1_ClearRxBuffer
                0x00005180       0x44 .\CortexM3\ARM_GCC_493\Debug\Design01.a(Display1.o)
                0x00005180                Display1_ClearRxBuffer
 .text.Display1_PutChar
                0x000051c4       0x18 .\CortexM3\ARM_GCC_493\Debug\Design01.a(Display1.o)
                0x000051c4                Display1_PutChar
 .text.Display1_RXISR
                0x000051dc       0x94 .\CortexM3\ARM_GCC_493\Debug\Design01.a(Display1_INT.o)
                0x000051dc                Display1_RXISR
 .text.Display2_Init
                0x00005270       0x44 .\CortexM3\ARM_GCC_493\Debug\Design01.a(Display2.o)
                0x00005270                Display2_Init
 .text.Display2_Enable
                0x000052b4       0x44 .\CortexM3\ARM_GCC_493\Debug\Design01.a(Display2.o)
                0x000052b4                Display2_Enable
 .text.Display2_Start
                0x000052f8       0x1c .\CortexM3\ARM_GCC_493\Debug\Design01.a(Display2.o)
                0x000052f8                Display2_Start
 .text.Display2_GetRxBufferSize
                0x00005314       0x5c .\CortexM3\ARM_GCC_493\Debug\Design01.a(Display2.o)
                0x00005314                Display2_GetRxBufferSize
 .text.Display2_ClearRxBuffer
                0x00005370       0x44 .\CortexM3\ARM_GCC_493\Debug\Design01.a(Display2.o)
                0x00005370                Display2_ClearRxBuffer
 .text.Display2_PutChar
                0x000053b4       0x18 .\CortexM3\ARM_GCC_493\Debug\Design01.a(Display2.o)
                0x000053b4                Display2_PutChar
 .text.Display2_RXISR
                0x000053cc       0x94 .\CortexM3\ARM_GCC_493\Debug\Design01.a(Display2_INT.o)
                0x000053cc                Display2_RXISR
 .text.Display1_IntClock_Start
                0x00005460       0x1c .\CortexM3\ARM_GCC_493\Debug\Design01.a(Display1_IntClock.o)
                0x00005460                Display1_IntClock_Start
 .text.Display2_IntClock_Start
                0x0000547c       0x1c .\CortexM3\ARM_GCC_493\Debug\Design01.a(Display2_IntClock.o)
                0x0000547c                Display2_IntClock_Start
 .text          0x00005498       0x20 .\CortexM3\ARM_GCC_493\Debug\Design01.a(CyBootAsmGnu.o)
                0x00005498                CyDelayCycles
                0x000054a8                CyEnterCriticalSection
                0x000054b0                CyExitCriticalSection
 .text.CyHalt   0x000054b8        0x4 .\CortexM3\ARM_GCC_493\Debug\Design01.a(CyLib.o)
                0x000054b8                CyHalt
 .text.CyDelay  0x000054bc       0x2c .\CortexM3\ARM_GCC_493\Debug\Design01.a(CyLib.o)
                0x000054bc                CyDelay
 .text.CyDelayUs
                0x000054e8       0x14 .\CortexM3\ARM_GCC_493\Debug\Design01.a(CyLib.o)
                0x000054e8                CyDelayUs
 .text.CyWdtStart
                0x000054fc       0x40 .\CortexM3\ARM_GCC_493\Debug\Design01.a(CyLib.o)
                0x000054fc                CyWdtStart
 .text.CyWdtClear
                0x0000553c        0xc .\CortexM3\ARM_GCC_493\Debug\Design01.a(CyLib.o)
                0x0000553c                CyWdtClear
 .text.CyIntSetVector
                0x00005548       0x28 .\CortexM3\ARM_GCC_493\Debug\Design01.a(CyLib.o)
                0x00005548                CyIntSetVector
 .text.CyIntSetPriority
                0x00005570       0x30 .\CortexM3\ARM_GCC_493\Debug\Design01.a(CyLib.o)
                0x00005570                CyIntSetPriority
 .text.Printer_IntClock_Start
                0x000055a0       0x1c .\CortexM3\ARM_GCC_493\Debug\Design01.a(Printer_IntClock.o)
                0x000055a0                Printer_IntClock_Start
 .text.Pump_Init
                0x000055bc       0x44 .\CortexM3\ARM_GCC_493\Debug\Design01.a(Pump.o)
                0x000055bc                Pump_Init
 .text.Pump_Enable
                0x00005600       0x3c .\CortexM3\ARM_GCC_493\Debug\Design01.a(Pump.o)
                0x00005600                Pump_Enable
 .text.Pump_Start
                0x0000563c       0x1c .\CortexM3\ARM_GCC_493\Debug\Design01.a(Pump.o)
                0x0000563c                Pump_Start
 .text.Pump_ReadRxData
                0x00005658       0x64 .\CortexM3\ARM_GCC_493\Debug\Design01.a(Pump.o)
                0x00005658                Pump_ReadRxData
 .text.Pump_GetRxBufferSize
                0x000056bc       0x68 .\CortexM3\ARM_GCC_493\Debug\Design01.a(Pump.o)
                0x000056bc                Pump_GetRxBufferSize
 .text.Pump_ClearRxBuffer
                0x00005724       0x44 .\CortexM3\ARM_GCC_493\Debug\Design01.a(Pump.o)
                0x00005724                Pump_ClearRxBuffer
 .text.Pump_PutChar
                0x00005768       0x18 .\CortexM3\ARM_GCC_493\Debug\Design01.a(Pump.o)
                0x00005768                Pump_PutChar
 .text.Pump_RXISR
                0x00005780       0x98 .\CortexM3\ARM_GCC_493\Debug\Design01.a(Pump_INT.o)
                0x00005780                Pump_RXISR
 .text.EEPROM_1_Enable
                0x00005818        0xc .\CortexM3\ARM_GCC_493\Debug\Design01.a(EEPROM_1.o)
                0x00005818                EEPROM_1_Enable
 .text.EEPROM_1_Start
                0x00005824        0x8 .\CortexM3\ARM_GCC_493\Debug\Design01.a(EEPROM_1.o)
                0x00005824                EEPROM_1_Start
 .text.EEPROM_1_WriteByte
                0x0000582c       0xd4 .\CortexM3\ARM_GCC_493\Debug\Design01.a(EEPROM_1.o)
                0x0000582c                EEPROM_1_WriteByte
 .text.EEPROM_1_ReadByte
                0x00005900       0x28 .\CortexM3\ARM_GCC_493\Debug\Design01.a(EEPROM_1.o)
                0x00005900                EEPROM_1_ReadByte
 .text.I2C_Bus_Init
                0x00005928       0x58 .\CortexM3\ARM_GCC_493\Debug\Design01.a(I2C_Bus.o)
                0x00005928                I2C_Bus_Init
 .text.I2C_Bus_Enable
                0x00005980       0x24 .\CortexM3\ARM_GCC_493\Debug\Design01.a(I2C_Bus.o)
                0x00005980                I2C_Bus_Enable
 .text.I2C_Bus_Start
                0x000059a4       0x28 .\CortexM3\ARM_GCC_493\Debug\Design01.a(I2C_Bus.o)
                0x000059a4                I2C_Bus_Start
 .text.I2C_Bus_ISR
                0x000059cc      0x2d0 .\CortexM3\ARM_GCC_493\Debug\Design01.a(I2C_Bus_INT.o)
                0x000059cc                I2C_Bus_ISR
 .text.I2C_Bus_MasterSendStart
                0x00005c9c       0x80 .\CortexM3\ARM_GCC_493\Debug\Design01.a(I2C_Bus_MASTER.o)
                0x00005c9c                I2C_Bus_MasterSendStart
 .text.I2C_Bus_MasterSendStop
                0x00005d1c       0x38 .\CortexM3\ARM_GCC_493\Debug\Design01.a(I2C_Bus_MASTER.o)
                0x00005d1c                I2C_Bus_MasterSendStop
 .text.I2C_Bus_MasterWriteByte
                0x00005d54       0x58 .\CortexM3\ARM_GCC_493\Debug\Design01.a(I2C_Bus_MASTER.o)
                0x00005d54                I2C_Bus_MasterWriteByte
 .text.I2C_Bus_MasterReadByte
                0x00005dac       0x58 .\CortexM3\ARM_GCC_493\Debug\Design01.a(I2C_Bus_MASTER.o)
                0x00005dac                I2C_Bus_MasterReadByte
 .text.I2C_Bus_MasterClearStatus
                0x00005e04       0x10 .\CortexM3\ARM_GCC_493\Debug\Design01.a(I2C_Bus_MASTER.o)
                0x00005e04                I2C_Bus_MasterClearStatus
 .text.I2C_Bus_MasterClearReadBuf
                0x00005e14       0x1c .\CortexM3\ARM_GCC_493\Debug\Design01.a(I2C_Bus_MASTER.o)
                0x00005e14                I2C_Bus_MasterClearReadBuf
 .text.I2C_Bus_MasterClearWriteBuf
                0x00005e30       0x1c .\CortexM3\ARM_GCC_493\Debug\Design01.a(I2C_Bus_MASTER.o)
                0x00005e30                I2C_Bus_MasterClearWriteBuf
 .text.I2C_Bus_Workaround
                0x00005e4c        0x4 .\CortexM3\ARM_GCC_493\Debug\Design01.a(I2C_Bus_MASTER.o)
                0x00005e4c                I2C_Bus_Workaround
 .text.Timer_Animacion_Enable
                0x00005e50       0x28 .\CortexM3\ARM_GCC_493\Debug\Design01.a(Timer_Animacion.o)
                0x00005e50                Timer_Animacion_Enable
 .text.Timer_Animacion_Stop
                0x00005e78       0x28 .\CortexM3\ARM_GCC_493\Debug\Design01.a(Timer_Animacion.o)
                0x00005e78                Timer_Animacion_Stop
 .text.Timer_Animacion_SetInterruptMode
                0x00005ea0        0xc .\CortexM3\ARM_GCC_493\Debug\Design01.a(Timer_Animacion.o)
                0x00005ea0                Timer_Animacion_SetInterruptMode
 .text.Timer_Animacion_ReadStatusRegister
                0x00005eac        0xc .\CortexM3\ARM_GCC_493\Debug\Design01.a(Timer_Animacion.o)
                0x00005eac                Timer_Animacion_ReadStatusRegister
 .text.Timer_Animacion_WritePeriod
                0x00005eb8        0xc .\CortexM3\ARM_GCC_493\Debug\Design01.a(Timer_Animacion.o)
                0x00005eb8                Timer_Animacion_WritePeriod
 .text.Timer_Animacion_WriteCounter
                0x00005ec4        0xc .\CortexM3\ARM_GCC_493\Debug\Design01.a(Timer_Animacion.o)
                0x00005ec4                Timer_Animacion_WriteCounter
 .text.Timer_Animacion_Init
                0x00005ed0       0x68 .\CortexM3\ARM_GCC_493\Debug\Design01.a(Timer_Animacion.o)
                0x00005ed0                Timer_Animacion_Init
 .text.Timer_Animacion_Start
                0x00005f38       0x1c .\CortexM3\ARM_GCC_493\Debug\Design01.a(Timer_Animacion.o)
                0x00005f38                Timer_Animacion_Start
 .text.isr_3_SetVector
                0x00005f54       0x10 .\CortexM3\ARM_GCC_493\Debug\Design01.a(isr_3.o)
                0x00005f54                isr_3_SetVector
 .text.isr_3_SetPriority
                0x00005f64       0x10 .\CortexM3\ARM_GCC_493\Debug\Design01.a(isr_3.o)
                0x00005f64                isr_3_SetPriority
 .text.isr_3_Enable
                0x00005f74       0x10 .\CortexM3\ARM_GCC_493\Debug\Design01.a(isr_3.o)
                0x00005f74                isr_3_Enable
 .text.isr_3_Disable
                0x00005f84       0x10 .\CortexM3\ARM_GCC_493\Debug\Design01.a(isr_3.o)
                0x00005f84                isr_3_Disable
 .text.isr_3_StartEx
                0x00005f94       0x1c .\CortexM3\ARM_GCC_493\Debug\Design01.a(isr_3.o)
                0x00005f94                isr_3_StartEx
 .text.isr_3_Stop
                0x00005fb0       0x14 .\CortexM3\ARM_GCC_493\Debug\Design01.a(isr_3.o)
                0x00005fb0                isr_3_Stop
 .text.IB1_Write
                0x00005fc4       0x18 .\CortexM3\ARM_GCC_493\Debug\Design01.a(IB1.o)
                0x00005fc4                IB1_Write
 .text.IB1_Read
                0x00005fdc       0x10 .\CortexM3\ARM_GCC_493\Debug\Design01.a(IB1.o)
                0x00005fdc                IB1_Read
 .text.IB2_Write
                0x00005fec       0x18 .\CortexM3\ARM_GCC_493\Debug\Design01.a(IB2.o)
                0x00005fec                IB2_Write
 .text.IB2_Read
                0x00006004        0xc .\CortexM3\ARM_GCC_493\Debug\Design01.a(IB2.o)
                0x00006004                IB2_Read
 .text.RF_Connection_Enable
                0x00006010       0x44 .\CortexM3\ARM_GCC_493\Debug\Design01.a(RF_Connection.o)
                0x00006010                RF_Connection_Enable
 .text.RF_Connection_ReadControlRegister
                0x00006054        0xc .\CortexM3\ARM_GCC_493\Debug\Design01.a(RF_Connection.o)
                0x00006054                RF_Connection_ReadControlRegister
 .text.RF_Connection_WriteControlRegister
                0x00006060        0xc .\CortexM3\ARM_GCC_493\Debug\Design01.a(RF_Connection.o)
                0x00006060                RF_Connection_WriteControlRegister
 .text.RF_Connection_Init
                0x0000606c       0x50 .\CortexM3\ARM_GCC_493\Debug\Design01.a(RF_Connection.o)
                0x0000606c                RF_Connection_Init
 .text.RF_Connection_Start
                0x000060bc       0x1c .\CortexM3\ARM_GCC_493\Debug\Design01.a(RF_Connection.o)
                0x000060bc                RF_Connection_Start
 .text.RF_Connection_ReadRxData
                0x000060d8       0x64 .\CortexM3\ARM_GCC_493\Debug\Design01.a(RF_Connection.o)
                0x000060d8                RF_Connection_ReadRxData
 .text.RF_Connection_GetRxBufferSize
                0x0000613c       0x68 .\CortexM3\ARM_GCC_493\Debug\Design01.a(RF_Connection.o)
                0x0000613c                RF_Connection_GetRxBufferSize
 .text.RF_Connection_ClearRxBuffer
                0x000061a4       0x44 .\CortexM3\ARM_GCC_493\Debug\Design01.a(RF_Connection.o)
                0x000061a4                RF_Connection_ClearRxBuffer
 .text.RF_Connection_PutChar
                0x000061e8       0x18 .\CortexM3\ARM_GCC_493\Debug\Design01.a(RF_Connection.o)
                0x000061e8                RF_Connection_PutChar
 .text.RF_Connection_RXISR
                0x00006200       0x9c .\CortexM3\ARM_GCC_493\Debug\Design01.a(RF_Connection_INT.o)
                0x00006200                RF_Connection_RXISR
 .text.RF_Connection_IntClock_Start
                0x0000629c       0x1c .\CortexM3\ARM_GCC_493\Debug\Design01.a(RF_Connection_IntClock.o)
                0x0000629c                RF_Connection_IntClock_Start
 .text.Waitable_4_Enable
                0x000062b8       0x28 .\CortexM3\ARM_GCC_493\Debug\Design01.a(Waitable_4.o)
                0x000062b8                Waitable_4_Enable
 .text.Waitable_4_SetInterruptMode
                0x000062e0        0xc .\CortexM3\ARM_GCC_493\Debug\Design01.a(Waitable_4.o)
                0x000062e0                Waitable_4_SetInterruptMode
 .text.Waitable_4_ReadStatusRegister
                0x000062ec        0xc .\CortexM3\ARM_GCC_493\Debug\Design01.a(Waitable_4.o)
                0x000062ec                Waitable_4_ReadStatusRegister
 .text.Waitable_4_WritePeriod
                0x000062f8        0xc .\CortexM3\ARM_GCC_493\Debug\Design01.a(Waitable_4.o)
                0x000062f8                Waitable_4_WritePeriod
 .text.Waitable_4_WriteCounter
                0x00006304        0xc .\CortexM3\ARM_GCC_493\Debug\Design01.a(Waitable_4.o)
                0x00006304                Waitable_4_WriteCounter
 .text.Waitable_4_Init
                0x00006310       0x64 .\CortexM3\ARM_GCC_493\Debug\Design01.a(Waitable_4.o)
                0x00006310                Waitable_4_Init
 .text.Waitable_4_Start
                0x00006374       0x1c .\CortexM3\ARM_GCC_493\Debug\Design01.a(Waitable_4.o)
                0x00006374                Waitable_4_Start
 .text.Waitable_3_Enable
                0x00006390       0x28 .\CortexM3\ARM_GCC_493\Debug\Design01.a(Waitable_3.o)
                0x00006390                Waitable_3_Enable
 .text.Waitable_3_SetInterruptMode
                0x000063b8        0xc .\CortexM3\ARM_GCC_493\Debug\Design01.a(Waitable_3.o)
                0x000063b8                Waitable_3_SetInterruptMode
 .text.Waitable_3_ReadStatusRegister
                0x000063c4        0xc .\CortexM3\ARM_GCC_493\Debug\Design01.a(Waitable_3.o)
                0x000063c4                Waitable_3_ReadStatusRegister
 .text.Waitable_3_WritePeriod
                0x000063d0        0xc .\CortexM3\ARM_GCC_493\Debug\Design01.a(Waitable_3.o)
                0x000063d0                Waitable_3_WritePeriod
 .text.Waitable_3_WriteCounter
                0x000063dc        0xc .\CortexM3\ARM_GCC_493\Debug\Design01.a(Waitable_3.o)
                0x000063dc                Waitable_3_WriteCounter
 .text.Waitable_3_Init
                0x000063e8       0x64 .\CortexM3\ARM_GCC_493\Debug\Design01.a(Waitable_3.o)
                0x000063e8                Waitable_3_Init
 .text.Waitable_3_Start
                0x0000644c       0x1c .\CortexM3\ARM_GCC_493\Debug\Design01.a(Waitable_3.o)
                0x0000644c                Waitable_3_Start
 .text.isr_1_SetVector
                0x00006468       0x10 .\CortexM3\ARM_GCC_493\Debug\Design01.a(isr_1.o)
                0x00006468                isr_1_SetVector
 .text.isr_1_SetPriority
                0x00006478       0x10 .\CortexM3\ARM_GCC_493\Debug\Design01.a(isr_1.o)
                0x00006478                isr_1_SetPriority
 .text.isr_1_Enable
                0x00006488       0x10 .\CortexM3\ARM_GCC_493\Debug\Design01.a(isr_1.o)
                0x00006488                isr_1_Enable
 .text.isr_1_Disable
                0x00006498       0x10 .\CortexM3\ARM_GCC_493\Debug\Design01.a(isr_1.o)
                0x00006498                isr_1_Disable
 .text.isr_1_StartEx
                0x000064a8       0x1c .\CortexM3\ARM_GCC_493\Debug\Design01.a(isr_1.o)
                0x000064a8                isr_1_StartEx
 .text.isr_2_SetVector
                0x000064c4       0x10 .\CortexM3\ARM_GCC_493\Debug\Design01.a(isr_2.o)
                0x000064c4                isr_2_SetVector
 .text.isr_2_SetPriority
                0x000064d4       0x10 .\CortexM3\ARM_GCC_493\Debug\Design01.a(isr_2.o)
                0x000064d4                isr_2_SetPriority
 .text.isr_2_Enable
                0x000064e4       0x10 .\CortexM3\ARM_GCC_493\Debug\Design01.a(isr_2.o)
                0x000064e4                isr_2_Enable
 .text.isr_2_Disable
                0x000064f4       0x10 .\CortexM3\ARM_GCC_493\Debug\Design01.a(isr_2.o)
                0x000064f4                isr_2_Disable
 .text.isr_2_StartEx
                0x00006504       0x1c .\CortexM3\ARM_GCC_493\Debug\Design01.a(isr_2.o)
                0x00006504                isr_2_StartEx
 .text.CyFlashGetSpcAlgorithm
                0x00006520       0x4c .\CortexM3\ARM_GCC_493\Debug\Design01.a(CyFlash.o)
 .text.CySetTempInt
                0x0000656c       0x60 .\CortexM3\ARM_GCC_493\Debug\Design01.a(CyFlash.o)
 .text.CySetTemp
                0x000065cc       0x14 .\CortexM3\ARM_GCC_493\Debug\Design01.a(CyFlash.o)
                0x000065cc                CySetTemp
 .text.CyEEPROM_Start
                0x000065e0       0x54 .\CortexM3\ARM_GCC_493\Debug\Design01.a(CyFlash.o)
                0x000065e0                CyEEPROM_Start
 .text.CyEEPROM_ReadReserve
                0x00006634       0x1c .\CortexM3\ARM_GCC_493\Debug\Design01.a(CyFlash.o)
                0x00006634                CyEEPROM_ReadReserve
 .text.CyEEPROM_ReadRelease
                0x00006650       0x10 .\CortexM3\ARM_GCC_493\Debug\Design01.a(CyFlash.o)
                0x00006650                CyEEPROM_ReadRelease
 .text.CySpcStart
                0x00006660       0x24 .\CortexM3\ARM_GCC_493\Debug\Design01.a(CySpc.o)
                0x00006660                CySpcStart
 .text.CySpcReadData
                0x00006684       0x34 .\CortexM3\ARM_GCC_493\Debug\Design01.a(CySpc.o)
                0x00006684                CySpcReadData
 .text.CySpcLoadMultiByte
                0x000066b8       0x78 .\CortexM3\ARM_GCC_493\Debug\Design01.a(CySpc.o)
                0x000066b8                CySpcLoadMultiByte
 .text.CySpcWriteRow
                0x00006730       0x4c .\CortexM3\ARM_GCC_493\Debug\Design01.a(CySpc.o)
                0x00006730                CySpcWriteRow
 .text.CySpcGetTemp
                0x0000677c       0x3c .\CortexM3\ARM_GCC_493\Debug\Design01.a(CySpc.o)
                0x0000677c                CySpcGetTemp
 .text.CySpcLock
                0x000067b8       0x4c .\CortexM3\ARM_GCC_493\Debug\Design01.a(CySpc.o)
                0x000067b8                CySpcLock
 .text.CySpcUnlock
                0x00006804       0x38 .\CortexM3\ARM_GCC_493\Debug\Design01.a(CySpc.o)
                0x00006804                CySpcUnlock
 .text.CySpcGetAlgorithm
                0x0000683c       0x28 .\CortexM3\ARM_GCC_493\Debug\Design01.a(CySpc.o)
                0x0000683c                CySpcGetAlgorithm
 .text.atoi     0x00006864        0x8 c:/program files (x86)/cypress/psoc creator/3.3/psoc creator/import/gnu/arm/4.9.3/bin/../lib/gcc/arm-none-eabi/4.9.3/../../../../arm-none-eabi/lib/armv7-m\libg_nano.a(lib_a-atoi.o)
                0x00006864                atoi
 .text.__libc_init_array
                0x0000686c       0x4c c:/program files (x86)/cypress/psoc creator/3.3/psoc creator/import/gnu/arm/4.9.3/bin/../lib/gcc/arm-none-eabi/4.9.3/../../../../arm-none-eabi/lib/armv7-m\libg_nano.a(lib_a-init.o)
                0x0000686c                __libc_init_array
 .text.memcpy   0x000068b8       0x16 c:/program files (x86)/cypress/psoc creator/3.3/psoc creator/import/gnu/arm/4.9.3/bin/../lib/gcc/arm-none-eabi/4.9.3/../../../../arm-none-eabi/lib/armv7-m\libg_nano.a(lib_a-memcpy.o)
                0x000068b8                memcpy
 .text.memset   0x000068ce       0x10 c:/program files (x86)/cypress/psoc creator/3.3/psoc creator/import/gnu/arm/4.9.3/bin/../lib/gcc/arm-none-eabi/4.9.3/../../../../arm-none-eabi/lib/armv7-m\libg_nano.a(lib_a-memset.o)
                0x000068ce                memset
 *fill*         0x000068de        0x2 
 .text._strtol_r
                0x000068e0      0x10c c:/program files (x86)/cypress/psoc creator/3.3/psoc creator/import/gnu/arm/4.9.3/bin/../lib/gcc/arm-none-eabi/4.9.3/../../../../arm-none-eabi/lib/armv7-m\libg_nano.a(lib_a-strtol.o)
                0x000068e0                _strtol_r
 .text.strtol   0x000069ec       0x1c c:/program files (x86)/cypress/psoc creator/3.3/psoc creator/import/gnu/arm/4.9.3/bin/../lib/gcc/arm-none-eabi/4.9.3/../../../../arm-none-eabi/lib/armv7-m\libg_nano.a(lib_a-strtol.o)
                0x000069ec                strtol
 *(.plt)
 *(.gnu.warning)
 *(.glue_7t)
 .glue_7t       0x00000000        0x0 linker stubs
 *(.glue_7)
 .glue_7        0x00000000        0x0 linker stubs
 *(.vfp11_veneer)
 .vfp11_veneer  0x00000000        0x0 linker stubs
 *(.bootloader)
 *(.ARM.extab* .gnu.linkonce.armextab.*)
 *(.gcc_except_table)

.v4_bx          0x00006a08        0x0
 .v4_bx         0x00000000        0x0 linker stubs

.iplt           0x00006a08        0x0
 .iplt          0x00000000        0x0 c:/program files (x86)/cypress/psoc creator/3.3/psoc creator/import/gnu/arm/4.9.3/bin/../lib/gcc/arm-none-eabi/4.9.3/armv7-m/crtbegin.o

.eh_frame_hdr
 *(.eh_frame_hdr)

.eh_frame       0x00006a08        0x4
 *(.eh_frame)
 .eh_frame      0x00006a08        0x0 c:/program files (x86)/cypress/psoc creator/3.3/psoc creator/import/gnu/arm/4.9.3/bin/../lib/gcc/arm-none-eabi/4.9.3/armv7-m/crtbegin.o
 .eh_frame      0x00006a08        0x4 c:/program files (x86)/cypress/psoc creator/3.3/psoc creator/import/gnu/arm/4.9.3/bin/../lib/gcc/arm-none-eabi/4.9.3/armv7-m/crtend.o
                0x00006a0c                PROVIDE (__exidx_start, .)

.ARM.exidx
 *(.ARM.exidx* .gnu.linkonce.armexidx.*)
                0x00006a0c                __exidx_end = .

.rodata         0x00006a0c     0x8714
 *(.rodata .rodata.* .gnu.linkonce.r.*)
 .rodata        0x00006a0c       0x8c .\CortexM3\ARM_GCC_493\Debug\main.o
 .rodata.str1.4
                0x00006a98       0x18 .\CortexM3\ARM_GCC_493\Debug\main.o
 .rodata        0x00006ab0       0x10 .\CortexM3\ARM_GCC_493\Debug\protocol.o
 .rodata        0x00006ac0       0x40 .\CortexM3\ARM_GCC_493\Debug\LCD.o
 .rodata        0x00006b00     0x8364 .\CortexM3\ARM_GCC_493\Debug\Print.o
                0x00006b00                biomax
                0x000070e8                brio
                0x000076d0                cencosud
                0x00007cb8                ecospetrol
                0x000082a0                esso
                0x00008888                National
                0x00008e70                mineroil
                0x00009224                mobil
                0x000095d8                petrobras
                0x00009bc0                plus
                0x00009eb4                terpel
                0x0000a49c                texaco
                0x0000aa84                zeus
                0x0000ad78                petromil
                0x0000b360                biomax1
                0x0000b710                brio1
                0x0000bac0                cencosud1
                0x0000be70                ecospetrol1
                0x0000c220                esso1
                0x0000c5d0                National1
                0x0000c980                mineroil1
                0x0000cd30                mobil1
                0x0000d0e0                petrobras1
                0x0000d490                plus1
                0x0000d840                terpel1
                0x0000dbf0                texaco1
                0x0000dfa0                zeus1
                0x0000e350                petromil1
                0x0000e700                exito1
                0x0000eab0                exito
 .rodata        0x0000ee64      0x100 .\CortexM3\ARM_GCC_493\Debug\RFPoll.o
 .rodata        0x0000ef64       0x84 .\CortexM3\ARM_GCC_493\Debug\Design01.a(cyfitter_cfg.o)
 .rodata.str1.1
                0x0000efe8        0x2 c:/program files (x86)/cypress/psoc creator/3.3/psoc creator/import/gnu/arm/4.9.3/bin/../lib/gcc/arm-none-eabi/4.9.3/../../../../arm-none-eabi/lib/armv7-m\libg_nano.a(lib_a-impure.o)
 .rodata._ctype_
                0x0000efea      0x101 c:/program files (x86)/cypress/psoc creator/3.3/psoc creator/import/gnu/arm/4.9.3/bin/../lib/gcc/arm-none-eabi/4.9.3/../../../../arm-none-eabi/lib/armv7-m\libg_nano.a(lib_a-ctype_.o)
                0x0000efea                _ctype_
                0x0000f0ec                . = ALIGN (0x4)
 *fill*         0x0000f0eb        0x1 
 *(.init)
 .init          0x0000f0ec        0x4 c:/program files (x86)/cypress/psoc creator/3.3/psoc creator/import/gnu/arm/4.9.3/bin/../lib/gcc/arm-none-eabi/4.9.3/armv7-m/crti.o
                0x0000f0ec                _init
 .init          0x0000f0f0        0x8 c:/program files (x86)/cypress/psoc creator/3.3/psoc creator/import/gnu/arm/4.9.3/bin/../lib/gcc/arm-none-eabi/4.9.3/armv7-m/crtn.o
                0x0000f0f8                . = ALIGN (0x4)
                0x0000f0f8                __preinit_array_start = .
 *(.preinit_array)
                0x0000f0f8                __preinit_array_end = .
                0x0000f0f8                . = ALIGN (0x4)
                0x0000f0f8                __init_array_start = .
 *(SORT(.init_array.*))
 *(.init_array)
 .init_array    0x0000f0f8        0x4 c:/program files (x86)/cypress/psoc creator/3.3/psoc creator/import/gnu/arm/4.9.3/bin/../lib/gcc/arm-none-eabi/4.9.3/armv7-m/crtbegin.o
 .init_array    0x0000f0fc        0x4 .\CortexM3\ARM_GCC_493\Debug\Cm3Start.o
                0x0000f100                __init_array_end = .
                0x0000f100                . = ALIGN (0x4)
 *(.fini)
 .fini          0x0000f100        0x4 c:/program files (x86)/cypress/psoc creator/3.3/psoc creator/import/gnu/arm/4.9.3/bin/../lib/gcc/arm-none-eabi/4.9.3/armv7-m/crti.o
                0x0000f100                _fini
 .fini          0x0000f104        0x8 c:/program files (x86)/cypress/psoc creator/3.3/psoc creator/import/gnu/arm/4.9.3/bin/../lib/gcc/arm-none-eabi/4.9.3/armv7-m/crtn.o
                0x0000f10c                . = ALIGN (0x4)
                0x0000f10c                __fini_array_start = .
 *(.fini_array)
 .fini_array    0x0000f10c        0x4 c:/program files (x86)/cypress/psoc creator/3.3/psoc creator/import/gnu/arm/4.9.3/bin/../lib/gcc/arm-none-eabi/4.9.3/armv7-m/crtbegin.o
 *(SORT(.fini_array.*))
                0x0000f110                __fini_array_end = .
                0x0000f110                . = ALIGN (0x4)
 *crtbegin.o(.ctors)
 *(EXCLUDE_FILE(*crtend.o) .ctors)
 *(SORT(.ctors.*))
 *crtend.o(.ctors)
                0x0000f110                . = ALIGN (0x4)
 *crtbegin.o(.dtors)
 *(EXCLUDE_FILE(*crtend.o) .dtors)
 *(SORT(.dtors.*))
 *crtend.o(.dtors)
                0x0000f110                . = ALIGN (0x4)
                0x0000f110                __cy_regions = .
                0x0000f110        0x4 LONG 0xf120 __cy_region_init_ram
                0x0000f114        0x4 LONG 0x1fff8108 __cy_region_start_data
                0x0000f118        0x4 LONG 0x2c8 __cy_region_init_size_ram
                0x0000f11c        0x4 LONG 0x14a8 __cy_region_zero_size_ram
                0x0000f120                __cy_regions_end = .
                0x0000f120                . = ALIGN (0x8)
                0x0000f120                _etext = .

.cy_checksum_exclude
                0x0000f120        0x0
 *(.cy_checksum_exclude)

.ramvectors     0x1fff8000      0x100
                0x1fff8000                __cy_region_start_ram = .
 *(.ramvectors)
 .ramvectors    0x1fff8000      0x100 .\CortexM3\ARM_GCC_493\Debug\Cm3Start.o
                0x1fff8000                CyRamVectors

.noinit         0x1fff8100        0x5
 *(.noinit)
 .noinit        0x1fff8100        0x4 .\CortexM3\ARM_GCC_493\Debug\Cm3Start.o
 .noinit        0x1fff8104        0x1 .\CortexM3\ARM_GCC_493\Debug\Design01.a(CyLib.o)
                0x1fff8104                CyResetStatus

.data           0x1fff8108      0x2c8 load address 0x0000f120
                0x1fff8108                __cy_region_start_data = .
 *(.jcr)
 .jcr           0x1fff8108        0x0 c:/program files (x86)/cypress/psoc creator/3.3/psoc creator/import/gnu/arm/4.9.3/bin/../lib/gcc/arm-none-eabi/4.9.3/armv7-m/crtbegin.o
 .jcr           0x1fff8108        0x4 c:/program files (x86)/cypress/psoc creator/3.3/psoc creator/import/gnu/arm/4.9.3/bin/../lib/gcc/arm-none-eabi/4.9.3/armv7-m/crtend.o
 *(.got.plt)
 *(.got)
 *(.shdata)
 *(.data .data.* .gnu.linkonce.d.*)
 .data          0x1fff810c       0x14 .\CortexM3\ARM_GCC_493\Debug\main.o
                0x1fff810c                passwordPump
                0x1fff8114                MuxVersion
 .data          0x1fff8120       0x54 .\CortexM3\ARM_GCC_493\Debug\LCD.o
                0x1fff8120                _g_charmaplut
 .data          0x1fff8174      0x1e4 .\CortexM3\ARM_GCC_493\Debug\Print.o
                0x1fff8174                SEPARATOR
                0x1fff8194                msn_fecha
                0x1fff81a4                msn_hora
                0x1fff81b4                msn_pos
                0x1fff81c4                msn_numero
                0x1fff81d4                PRN_PRODUCT
                0x1fff81e4                msn_ppu
                0x1fff81f4                PRN_CURRENCY
                0x1fff81f8                msn_vol
                0x1fff8208                msn_din
                0x1fff8218                msn_placa
                0x1fff8228                PRN_PRESET
                0x1fff8238                PRN_MILLEAGE
                0x1fff8248                PRN_SERIAL
                0x1fff8258                PRN_BALANCE
                0x1fff8268                PRN_COMPANY
                0x1fff8278                PRN_ACCOUNT
                0x1fff8288                PRN_VISITSDAY
                0x1fff8298                PRN_VISITSWEEK
                0x1fff82a8                PRN_VISITSMONTH
                0x1fff82b8                PRN_MONEYDAY
                0x1fff82c8                PRN_MONEYWEEK
                0x1fff82d8                PRN_MONEYMONTH
                0x1fff82e8                PRN_ACCOUNTTYPE
                0x1fff82f8                PRN_SIGNATURE
                0x1fff8308                PRN_ID
                0x1fff8318                PRN_VOLUMEMONTH
                0x1fff8328                PRN_VOLUMEWEEK
                0x1fff8338                PRN_VOLUMEDAY
                0x1fff8348                PRN_TRANSTYPE
 .data          0x1fff8358       0x10 .\CortexM3\ARM_GCC_493\Debug\Design01.a(CyLib.o)
                0x1fff8358                cydelay_32k_ms
                0x1fff835c                cydelay_freq_khz
                0x1fff8360                cydelay_freq_mhz
                0x1fff8364                cydelay_freq_hz
 .data.impure_data
                0x1fff8368       0x60 c:/program files (x86)/cypress/psoc creator/3.3/psoc creator/import/gnu/arm/4.9.3/bin/../lib/gcc/arm-none-eabi/4.9.3/../../../../arm-none-eabi/lib/armv7-m\libg_nano.a(lib_a-impure.o)
 .data._impure_ptr
                0x1fff83c8        0x4 c:/program files (x86)/cypress/psoc creator/3.3/psoc creator/import/gnu/arm/4.9.3/bin/../lib/gcc/arm-none-eabi/4.9.3/../../../../arm-none-eabi/lib/armv7-m\libg_nano.a(lib_a-impure.o)
                0x1fff83c8                _impure_ptr
 .data.__ctype_ptr__
                0x1fff83cc        0x4 c:/program files (x86)/cypress/psoc creator/3.3/psoc creator/import/gnu/arm/4.9.3/bin/../lib/gcc/arm-none-eabi/4.9.3/../../../../arm-none-eabi/lib/armv7-m\libg_nano.a(lib_a-ctype_.o)
                0x1fff83cc                __ctype_ptr__
                0x1fff83d0                . = ALIGN (0x8)
 *(.ram)
                0x1fff83d0                _edata = .

.igot.plt       0x1fff83d0        0x0 load address 0x0000f3e8
 .igot.plt      0x00000000        0x0 c:/program files (x86)/cypress/psoc creator/3.3/psoc creator/import/gnu/arm/4.9.3/bin/../lib/gcc/arm-none-eabi/4.9.3/armv7-m/crtbegin.o

.bss            0x1fff83d0     0x14a8 load address 0x0000f3e8
                0x1fff83d0                PROVIDE (__bss_start__, .)
 *(.shbss)
 *(.bss .bss.* .gnu.linkonce.b.*)
 .bss           0x1fff83d0       0x1c c:/program files (x86)/cypress/psoc creator/3.3/psoc creator/import/gnu/arm/4.9.3/bin/../lib/gcc/arm-none-eabi/4.9.3/armv7-m/crtbegin.o
 .bss           0x1fff83ec        0x2 .\CortexM3\ARM_GCC_493\Debug\Design01.a(Printer.o)
                0x1fff83ec                Printer_initVar
 .bss           0x1fff83ee        0x7 .\CortexM3\ARM_GCC_493\Debug\Design01.a(Display1.o)
                0x1fff83ee                Display1_errorStatus
                0x1fff83ef                Display1_initVar
                0x1fff83f0                Display1_rxBufferRead
                0x1fff83f1                Display1_rxBufferWrite
                0x1fff83f2                Display1_rxBufferLoopDetect
                0x1fff83f3                Display1_rxBufferOverflow
 .bss           0x1fff83f5        0x7 .\CortexM3\ARM_GCC_493\Debug\Design01.a(Display2.o)
                0x1fff83f5                Display2_errorStatus
                0x1fff83f6                Display2_initVar
                0x1fff83f7                Display2_rxBufferRead
                0x1fff83f8                Display2_rxBufferWrite
                0x1fff83f9                Display2_rxBufferLoopDetect
                0x1fff83fa                Display2_rxBufferOverflow
 .bss           0x1fff83fc        0xa .\CortexM3\ARM_GCC_493\Debug\Design01.a(Pump.o)
                0x1fff83fc                Pump_errorStatus
                0x1fff83fd                Pump_initVar
                0x1fff83fe                Pump_rxBufferRead
                0x1fff8400                Pump_rxBufferWrite
                0x1fff8402                Pump_rxBufferLoopDetect
                0x1fff8403                Pump_rxBufferOverflow
 .bss           0x1fff8406        0x1 .\CortexM3\ARM_GCC_493\Debug\Design01.a(I2C_Bus.o)
                0x1fff8406                I2C_Bus_initVar
 .bss           0x1fff8407        0x1 .\CortexM3\ARM_GCC_493\Debug\Design01.a(Timer_Animacion.o)
                0x1fff8407                Timer_Animacion_initVar
 .bss           0x1fff8408        0xa .\CortexM3\ARM_GCC_493\Debug\Design01.a(RF_Connection.o)
                0x1fff8408                RF_Connection_errorStatus
                0x1fff8409                RF_Connection_initVar
                0x1fff840a                RF_Connection_rxBufferRead
                0x1fff840c                RF_Connection_rxBufferWrite
                0x1fff840e                RF_Connection_rxBufferLoopDetect
                0x1fff840f                RF_Connection_rxBufferOverflow
 .bss           0x1fff8412        0x1 .\CortexM3\ARM_GCC_493\Debug\Design01.a(Waitable_4.o)
                0x1fff8412                Waitable_4_initVar
 .bss           0x1fff8413        0x1 .\CortexM3\ARM_GCC_493\Debug\Design01.a(Waitable_3.o)
                0x1fff8413                Waitable_3_initVar
 .bss           0x1fff8414        0x8 .\CortexM3\ARM_GCC_493\Debug\Design01.a(CySpc.o)
                0x1fff8414                SpcLockState
 *(COMMON)
 *fill*         0x1fff841c        0x4 
 COMMON         0x1fff8420     0x10f9 .\CortexM3\ARM_GCC_493\Debug\main.o
                0x1fff8420                idSeller
                0x1fff843c                delayPicture2
                0x1fff8440                Encabezado4
                0x1fff8460                side
                0x1fff8878                flagPoint2
                0x1fff887c                tempPPU
                0x1fff8888                countRX
                0x1fff8890                ShiftState
                0x1fff8891                count_protector2
                0x1fff8892                hiddenKeys
                0x1fff8893                decimalVolume
                0x1fff8894                bufferDisplay1
                0x1fff89e0                PrevStatePump
                0x1fff89e4                configAccess
                0x1fff89e9                CopiasCredito
                0x1fff89ec                pumpGap
                0x1fff89f0                screen
                0x1fff89f4                GradesHose
                0x1fff8a00                countTX
                0x1fff8a08                Encabezado3
                0x1fff8a26                ActiveRF
                0x1fff8a27                UnitType
                0x1fff8a28                VolDec
                0x1fff8a30                countAnimation1
                0x1fff8a38                buffer_tx
                0x1fff8c38                flowDisplay3
                0x1fff8c3c                tempPreset
                0x1fff8c44                bufferDisplay2
                0x1fff8d90                MoneyDec
                0x1fff8d91                RFstateReport
                0x1fff8d94                Encabezado1
                0x1fff8db4                residue
                0x1fff8dc2                flagResetMux
                0x1fff8dc3                PlateRequest
                0x1fff8dc4                passwordSeller
                0x1fff8dcc                lockTurn
                0x1fff8dcd                controlChar
                0x1fff8dd0                dateDownHandle
                0x1fff8dd3                PrinterType
                0x1fff8dd4                productNumber
                0x1fff8dd8                statePump
                0x1fff8ddc                symbols
                0x1fff8de0                IDCast
                0x1fff8de2                CGrade
                0x1fff8de3                digits
                0x1fff8de4                printPortB
                0x1fff8de5                count_protector
                0x1fff8de6                numberKeys1
                0x1fff8de8                countLCD
                0x1fff8df0                countAnimation2
                0x1fff8df8                flowDisplay1
                0x1fff8dfc                bufferDisplay4
                0x1fff8f48                ppux10
                0x1fff8f4c                buffer_txDisplay
                0x1fff914c                flowDisplay2
                0x1fff9150                time
                0x1fff9153                flagPoint1
                0x1fff9154                VolUnit
                0x1fff915c                buffer_rf
                0x1fff935c                intIDStation
                0x1fff9360                bufferDisplay3
                0x1fff94ac                idStation
                0x1fff94b4                temporal
                0x1fff94d4                Encabezado2
                0x1fff94f2                PPUDec
                0x1fff94f3                numberKeys2
                0x1fff94f4                ConversionFactor
                0x1fff94f8                delayPicture1
                0x1fff94fc                date
                0x1fff9500                countPump
                0x1fff9508                DDMode
                0x1fff9509                printPortA
                0x1fff950c                timeDownHandle
                0x1fff9510                flowDisplay4
                0x1fff9514                counterRF
                0x1fff9515                NumPositions
                0x1fff9516                stateBeagleSoft
                0x1fff9517                decimalMoney
                0x1fff9518                typeIdSeller
 *fill*         0x1fff9519        0x3 
 COMMON         0x1fff951c       0x20 .\CortexM3\ARM_GCC_493\Debug\Design01.a(Display1.o)
                0x1fff951c                Display1_rxBuffer
 COMMON         0x1fff953c       0x20 .\CortexM3\ARM_GCC_493\Debug\Design01.a(Display2.o)
                0x1fff953c                Display2_rxBuffer
 COMMON         0x1fff955c      0x100 .\CortexM3\ARM_GCC_493\Debug\Design01.a(Pump.o)
                0x1fff955c                Pump_rxBuffer
 COMMON         0x1fff965c        0x1 .\CortexM3\ARM_GCC_493\Debug\Design01.a(I2C_Bus.o)
                0x1fff965c                I2C_Bus_state
 *fill*         0x1fff965d        0x3 
 COMMON         0x1fff9660       0x11 .\CortexM3\ARM_GCC_493\Debug\Design01.a(I2C_Bus_MASTER.o)
                0x1fff9660                I2C_Bus_mstrWrBufSize
                0x1fff9661                I2C_Bus_mstrControl
                0x1fff9662                I2C_Bus_mstrRdBufSize
                0x1fff9664                I2C_Bus_mstrRdBufPtr
                0x1fff9668                I2C_Bus_mstrStatus
                0x1fff9669                I2C_Bus_mstrWrBufIndex
                0x1fff966c                I2C_Bus_mstrWrBufPtr
                0x1fff9670                I2C_Bus_mstrRdBufIndex
 *fill*         0x1fff9671        0x3 
 COMMON         0x1fff9674      0x200 .\CortexM3\ARM_GCC_493\Debug\Design01.a(RF_Connection.o)
                0x1fff9674                RF_Connection_rxBuffer
 COMMON         0x1fff9874        0x2 .\CortexM3\ARM_GCC_493\Debug\Design01.a(CyFlash.o)
                0x1fff9874                dieTemperature
                0x1fff9878                . = ALIGN (0x8)
 *fill*         0x1fff9876        0x2 
 *(.ram.b)
                0x1fff9878                _end = .
                0x1fff9878                __end = .
                0x1fff9878                PROVIDE (end, .)
                0x1fff9878                PROVIDE (__bss_end__, .)
                0x0000f120                __cy_region_init_ram = LOADADDR (.data)
                0x000002c8                __cy_region_init_size_ram = (_edata - ADDR (.data))
                0x000014a8                __cy_region_zero_size_ram = (_end - _edata)

.heap           0x1fff9878       0x80 load address 0x0000f3e8
                0x1fff9878                . = _end
                0x1fff98f8                . = (. + 0x80)
 *fill*         0x1fff9878       0x80 
                0x1fff98f8                __cy_heap_limit = .

.stack          0x20007800      0x800
                0x20007800                __cy_stack_limit = .
                0x20008000                . = (. + 0x800)
 *fill*         0x20007800      0x800 
                0x00000001                ASSERT ((__cy_stack_limit >= __cy_heap_limit), region RAM overflowed with stack)
                0x00000000                cy_checksum_exclude_size = (CY_APPL_LOADABLE == 0x1)?SIZEOF (.cy_checksum_exclude):0x0
                0x00000001                ASSERT ((cy_checksum_exclude_size <= CY_CHECKSUM_EXCLUDE_SIZE), CY_BOOT: Section .cy_checksum_exclude size exceedes specified limit.)

.cyloadermeta
 *(.cyloadermeta)

.cyloadablemeta
 *(.cyloadablemeta)

.cyconfigecc    0x80000000     0x1118
 *(.cyconfigecc)
 .cyconfigecc   0x80000000     0x1118 .\CortexM3\ARM_GCC_493\Debug\cymetadata.o
                0x80000000                cy_meta_configecc

.cycustnvl      0x90000000        0x4
 *(.cycustnvl)
 .cycustnvl     0x90000000        0x4 .\CortexM3\ARM_GCC_493\Debug\cymetadata.o
                0x90000000                cy_meta_custnvl

.cywolatch      0x90100000        0x4
 *(.cywolatch)
 .cywolatch     0x90100000        0x4 .\CortexM3\ARM_GCC_493\Debug\cymetadata.o
                0x90100000                cy_meta_wonvl

.cyeeprom       0x90200000        0x0
 *(.cyeeprom)
                0x00000001                ASSERT ((. <= ((0x90200000 + ee_offset) + ee_size)), .cyeeprom data will not fit in EEPROM)

.cyflashprotect
                0x90400000      0x100
 *(.cyflashprotect)
 .cyflashprotect
                0x90400000      0x100 .\CortexM3\ARM_GCC_493\Debug\cymetadata.o
                0x90400000                cy_meta_flashprotect

.cymeta         0x90500000        0xc
 *(.cymeta)
 .cymeta        0x90500000        0xc .\CortexM3\ARM_GCC_493\Debug\cymetadata.o
                0x90500000                cy_metadata

.rel.dyn        0x0000f3e8        0x0 load address 0x9050000c
 .rel.iplt      0x00000000        0x0 c:/program files (x86)/cypress/psoc creator/3.3/psoc creator/import/gnu/arm/4.9.3/bin/../lib/gcc/arm-none-eabi/4.9.3/armv7-m/crtbegin.o

.stab
 *(.stab)

.stabstr
 *(.stabstr)

.debug
 *(.debug)

.line
 *(.line)

.debug_srcinfo
 *(.debug_srcinfo)

.debug_sfnames
 *(.debug_sfnames)

.debug_aranges  0x00000000     0x13c8
 *(.debug_aranges)
 .debug_aranges
                0x00000000       0x90 .\CortexM3\ARM_GCC_493\Debug\main.o
 .debug_aranges
                0x00000090       0x68 .\CortexM3\ARM_GCC_493\Debug\protocol.o
 .debug_aranges
                0x000000f8       0x48 .\CortexM3\ARM_GCC_493\Debug\LCD.o
 .debug_aranges
                0x00000140       0x20 .\CortexM3\ARM_GCC_493\Debug\keyboard.o
 .debug_aranges
                0x00000160       0x40 .\CortexM3\ARM_GCC_493\Debug\I2C.o
 .debug_aranges
                0x000001a0       0x30 .\CortexM3\ARM_GCC_493\Debug\Print.o
 .debug_aranges
                0x000001d0       0x38 .\CortexM3\ARM_GCC_493\Debug\ibuton.o
 .debug_aranges
                0x00000208       0x30 .\CortexM3\ARM_GCC_493\Debug\RFPoll.o
 .debug_aranges
                0x00000238       0x18 .\CortexM3\ARM_GCC_493\Debug\cymetadata.o
 .debug_aranges
                0x00000250       0x48 .\CortexM3\ARM_GCC_493\Debug\Cm3Start.o
 .debug_aranges
                0x00000298       0x58 .\CortexM3\ARM_GCC_493\Debug\Design01.a(cyfitter_cfg.o)
 .debug_aranges
                0x000002f0       0xf0 .\CortexM3\ARM_GCC_493\Debug\Design01.a(Printer.o)
 .debug_aranges
                0x000003e0       0xf0 .\CortexM3\ARM_GCC_493\Debug\Design01.a(Display1.o)
 .debug_aranges
                0x000004d0       0x20 .\CortexM3\ARM_GCC_493\Debug\Design01.a(Display1_INT.o)
 .debug_aranges
                0x000004f0       0xf0 .\CortexM3\ARM_GCC_493\Debug\Design01.a(Display2.o)
 .debug_aranges
                0x000005e0       0x20 .\CortexM3\ARM_GCC_493\Debug\Design01.a(Display2_INT.o)
 .debug_aranges
                0x00000600       0x70 .\CortexM3\ARM_GCC_493\Debug\Design01.a(Display1_IntClock.o)
 .debug_aranges
                0x00000670       0x70 .\CortexM3\ARM_GCC_493\Debug\Design01.a(Display2_IntClock.o)
 .debug_aranges
                0x000006e0       0x20 .\CortexM3\ARM_GCC_493\Debug\Design01.a(CyBootAsmGnu.o)
 .debug_aranges
                0x00000700      0x298 .\CortexM3\ARM_GCC_493\Debug\Design01.a(CyLib.o)
 .debug_aranges
                0x00000998       0x98 .\CortexM3\ARM_GCC_493\Debug\Design01.a(cyPm.o)
 .debug_aranges
                0x00000a30       0x70 .\CortexM3\ARM_GCC_493\Debug\Design01.a(Printer_IntClock.o)
 .debug_aranges
                0x00000aa0       0xf0 .\CortexM3\ARM_GCC_493\Debug\Design01.a(Pump.o)
 .debug_aranges
                0x00000b90       0x20 .\CortexM3\ARM_GCC_493\Debug\Design01.a(Pump_INT.o)
 .debug_aranges
                0x00000bb0       0x78 .\CortexM3\ARM_GCC_493\Debug\Design01.a(EEPROM_1.o)
 .debug_aranges
                0x00000c28       0x38 .\CortexM3\ARM_GCC_493\Debug\Design01.a(I2C_Bus.o)
 .debug_aranges
                0x00000c60       0x20 .\CortexM3\ARM_GCC_493\Debug\Design01.a(I2C_Bus_INT.o)
 .debug_aranges
                0x00000c80       0x38 .\CortexM3\ARM_GCC_493\Debug\Design01.a(I2C_Bus_PM.o)
 .debug_aranges
                0x00000cb8       0x88 .\CortexM3\ARM_GCC_493\Debug\Design01.a(I2C_Bus_MASTER.o)
 .debug_aranges
                0x00000d40       0x88 .\CortexM3\ARM_GCC_493\Debug\Design01.a(Timer_Animacion.o)
 .debug_aranges
                0x00000dc8       0x80 .\CortexM3\ARM_GCC_493\Debug\Design01.a(isr_3.o)
 .debug_aranges
                0x00000e48       0x88 .\CortexM3\ARM_GCC_493\Debug\Design01.a(Timer_Animacion2.o)
 .debug_aranges
                0x00000ed0       0x38 .\CortexM3\ARM_GCC_493\Debug\Design01.a(IB1.o)
 .debug_aranges
                0x00000f08       0x38 .\CortexM3\ARM_GCC_493\Debug\Design01.a(IB2.o)
 .debug_aranges
                0x00000f40       0xf0 .\CortexM3\ARM_GCC_493\Debug\Design01.a(RF_Connection.o)
 .debug_aranges
                0x00001030       0x20 .\CortexM3\ARM_GCC_493\Debug\Design01.a(RF_Connection_INT.o)
 .debug_aranges
                0x00001050       0x70 .\CortexM3\ARM_GCC_493\Debug\Design01.a(RF_Connection_IntClock.o)
 .debug_aranges
                0x000010c0       0x88 .\CortexM3\ARM_GCC_493\Debug\Design01.a(Waitable_4.o)
 .debug_aranges
                0x00001148       0x88 .\CortexM3\ARM_GCC_493\Debug\Design01.a(Waitable_3.o)
 .debug_aranges
                0x000011d0       0x80 .\CortexM3\ARM_GCC_493\Debug\Design01.a(isr_1.o)
 .debug_aranges
                0x00001250       0x80 .\CortexM3\ARM_GCC_493\Debug\Design01.a(isr_2.o)
 .debug_aranges
                0x000012d0       0x80 .\CortexM3\ARM_GCC_493\Debug\Design01.a(CyFlash.o)
 .debug_aranges
                0x00001350       0x78 .\CortexM3\ARM_GCC_493\Debug\Design01.a(CySpc.o)

.debug_pubnames
 *(.debug_pubnames)

.debug_info     0x00000000    0x12f79
 *(.debug_info .gnu.linkonce.wi.*)
 .debug_info    0x00000000     0x2d03 .\CortexM3\ARM_GCC_493\Debug\main.o
 .debug_info    0x00002d03     0x1411 .\CortexM3\ARM_GCC_493\Debug\protocol.o
 .debug_info    0x00004114      0xf0b .\CortexM3\ARM_GCC_493\Debug\LCD.o
 .debug_info    0x0000501f      0xf76 .\CortexM3\ARM_GCC_493\Debug\keyboard.o
 .debug_info    0x00005f95      0xe43 .\CortexM3\ARM_GCC_493\Debug\I2C.o
 .debug_info    0x00006dd8     0x1f80 .\CortexM3\ARM_GCC_493\Debug\Print.o
 .debug_info    0x00008d58      0x575 .\CortexM3\ARM_GCC_493\Debug\ibuton.o
 .debug_info    0x000092cd     0x100f .\CortexM3\ARM_GCC_493\Debug\RFPoll.o
 .debug_info    0x0000a2dc      0x13f .\CortexM3\ARM_GCC_493\Debug\cymetadata.o
 .debug_info    0x0000a41b      0x3a5 .\CortexM3\ARM_GCC_493\Debug\Cm3Start.o
 .debug_info    0x0000a7c0      0x5fc .\CortexM3\ARM_GCC_493\Debug\Design01.a(cyfitter_cfg.o)
 .debug_info    0x0000adbc      0x603 .\CortexM3\ARM_GCC_493\Debug\Design01.a(Printer.o)
 .debug_info    0x0000b3bf      0x751 .\CortexM3\ARM_GCC_493\Debug\Design01.a(Display1.o)
 .debug_info    0x0000bb10      0x145 .\CortexM3\ARM_GCC_493\Debug\Design01.a(Display1_INT.o)
 .debug_info    0x0000bc55      0x751 .\CortexM3\ARM_GCC_493\Debug\Design01.a(Display2.o)
 .debug_info    0x0000c3a6      0x145 .\CortexM3\ARM_GCC_493\Debug\Design01.a(Display2_INT.o)
 .debug_info    0x0000c4eb      0x283 .\CortexM3\ARM_GCC_493\Debug\Design01.a(Display1_IntClock.o)
 .debug_info    0x0000c76e      0x283 .\CortexM3\ARM_GCC_493\Debug\Design01.a(Display2_IntClock.o)
 .debug_info    0x0000c9f1       0x92 .\CortexM3\ARM_GCC_493\Debug\Design01.a(CyBootAsmGnu.o)
 .debug_info    0x0000ca83     0x1371 .\CortexM3\ARM_GCC_493\Debug\Design01.a(CyLib.o)
 .debug_info    0x0000ddf4      0xa58 .\CortexM3\ARM_GCC_493\Debug\Design01.a(cyPm.o)
 .debug_info    0x0000e84c      0x283 .\CortexM3\ARM_GCC_493\Debug\Design01.a(Printer_IntClock.o)
 .debug_info    0x0000eacf      0x724 .\CortexM3\ARM_GCC_493\Debug\Design01.a(Pump.o)
 .debug_info    0x0000f1f3      0x156 .\CortexM3\ARM_GCC_493\Debug\Design01.a(Pump_INT.o)
 .debug_info    0x0000f349      0x668 .\CortexM3\ARM_GCC_493\Debug\Design01.a(EEPROM_1.o)
 .debug_info    0x0000f9b1      0x2d7 .\CortexM3\ARM_GCC_493\Debug\Design01.a(I2C_Bus.o)
 .debug_info    0x0000fc88      0x193 .\CortexM3\ARM_GCC_493\Debug\Design01.a(I2C_Bus_INT.o)
 .debug_info    0x0000fe1b      0x1f2 .\CortexM3\ARM_GCC_493\Debug\Design01.a(I2C_Bus_PM.o)
 .debug_info    0x0001000d      0x412 .\CortexM3\ARM_GCC_493\Debug\Design01.a(I2C_Bus_MASTER.o)
 .debug_info    0x0001041f      0x28e .\CortexM3\ARM_GCC_493\Debug\Design01.a(Timer_Animacion.o)
 .debug_info    0x000106ad      0x2cb .\CortexM3\ARM_GCC_493\Debug\Design01.a(isr_3.o)
 .debug_info    0x00010978      0x28e .\CortexM3\ARM_GCC_493\Debug\Design01.a(Timer_Animacion2.o)
 .debug_info    0x00010c06      0x11f .\CortexM3\ARM_GCC_493\Debug\Design01.a(IB1.o)
 .debug_info    0x00010d25      0x121 .\CortexM3\ARM_GCC_493\Debug\Design01.a(IB2.o)
 .debug_info    0x00010e46      0x7b3 .\CortexM3\ARM_GCC_493\Debug\Design01.a(RF_Connection.o)
 .debug_info    0x000115f9      0x157 .\CortexM3\ARM_GCC_493\Debug\Design01.a(RF_Connection_INT.o)
 .debug_info    0x00011750      0x283 .\CortexM3\ARM_GCC_493\Debug\Design01.a(RF_Connection_IntClock.o)
 .debug_info    0x000119d3      0x28c .\CortexM3\ARM_GCC_493\Debug\Design01.a(Waitable_4.o)
 .debug_info    0x00011c5f      0x28a .\CortexM3\ARM_GCC_493\Debug\Design01.a(Waitable_3.o)
 .debug_info    0x00011ee9      0x2cb .\CortexM3\ARM_GCC_493\Debug\Design01.a(isr_1.o)
 .debug_info    0x000121b4      0x2cb .\CortexM3\ARM_GCC_493\Debug\Design01.a(isr_2.o)
 .debug_info    0x0001247f      0x60a .\CortexM3\ARM_GCC_493\Debug\Design01.a(CyFlash.o)
 .debug_info    0x00012a89      0x4f0 .\CortexM3\ARM_GCC_493\Debug\Design01.a(CySpc.o)

.debug_abbrev   0x00000000     0x3b5b
 *(.debug_abbrev)
 .debug_abbrev  0x00000000      0x23c .\CortexM3\ARM_GCC_493\Debug\main.o
 .debug_abbrev  0x0000023c      0x25e .\CortexM3\ARM_GCC_493\Debug\protocol.o
 .debug_abbrev  0x0000049a      0x1b9 .\CortexM3\ARM_GCC_493\Debug\LCD.o
 .debug_abbrev  0x00000653      0x193 .\CortexM3\ARM_GCC_493\Debug\keyboard.o
 .debug_abbrev  0x000007e6      0x1be .\CortexM3\ARM_GCC_493\Debug\I2C.o
 .debug_abbrev  0x000009a4      0x1cd .\CortexM3\ARM_GCC_493\Debug\Print.o
 .debug_abbrev  0x00000b71      0x11f .\CortexM3\ARM_GCC_493\Debug\ibuton.o
 .debug_abbrev  0x00000c90      0x24c .\CortexM3\ARM_GCC_493\Debug\RFPoll.o
 .debug_abbrev  0x00000edc       0x77 .\CortexM3\ARM_GCC_493\Debug\cymetadata.o
 .debug_abbrev  0x00000f53      0x20f .\CortexM3\ARM_GCC_493\Debug\Cm3Start.o
 .debug_abbrev  0x00001162      0x212 .\CortexM3\ARM_GCC_493\Debug\Design01.a(cyfitter_cfg.o)
 .debug_abbrev  0x00001374      0x1a2 .\CortexM3\ARM_GCC_493\Debug\Design01.a(Printer.o)
 .debug_abbrev  0x00001516      0x1b8 .\CortexM3\ARM_GCC_493\Debug\Design01.a(Display1.o)
 .debug_abbrev  0x000016ce       0x8a .\CortexM3\ARM_GCC_493\Debug\Design01.a(Display1_INT.o)
 .debug_abbrev  0x00001758      0x1b8 .\CortexM3\ARM_GCC_493\Debug\Design01.a(Display2.o)
 .debug_abbrev  0x00001910       0x8a .\CortexM3\ARM_GCC_493\Debug\Design01.a(Display2_INT.o)
 .debug_abbrev  0x0000199a      0x139 .\CortexM3\ARM_GCC_493\Debug\Design01.a(Display1_IntClock.o)
 .debug_abbrev  0x00001ad3      0x139 .\CortexM3\ARM_GCC_493\Debug\Design01.a(Display2_IntClock.o)
 .debug_abbrev  0x00001c0c       0x14 .\CortexM3\ARM_GCC_493\Debug\Design01.a(CyBootAsmGnu.o)
 .debug_abbrev  0x00001c20      0x296 .\CortexM3\ARM_GCC_493\Debug\Design01.a(CyLib.o)
 .debug_abbrev  0x00001eb6      0x1ed .\CortexM3\ARM_GCC_493\Debug\Design01.a(cyPm.o)
 .debug_abbrev  0x000020a3      0x139 .\CortexM3\ARM_GCC_493\Debug\Design01.a(Printer_IntClock.o)
 .debug_abbrev  0x000021dc      0x1b8 .\CortexM3\ARM_GCC_493\Debug\Design01.a(Pump.o)
 .debug_abbrev  0x00002394       0x8a .\CortexM3\ARM_GCC_493\Debug\Design01.a(Pump_INT.o)
 .debug_abbrev  0x0000241e      0x1a3 .\CortexM3\ARM_GCC_493\Debug\Design01.a(EEPROM_1.o)
 .debug_abbrev  0x000025c1      0x159 .\CortexM3\ARM_GCC_493\Debug\Design01.a(I2C_Bus.o)
 .debug_abbrev  0x0000271a       0xdb .\CortexM3\ARM_GCC_493\Debug\Design01.a(I2C_Bus_INT.o)
 .debug_abbrev  0x000027f5      0x12b .\CortexM3\ARM_GCC_493\Debug\Design01.a(I2C_Bus_PM.o)
 .debug_abbrev  0x00002920      0x13c .\CortexM3\ARM_GCC_493\Debug\Design01.a(I2C_Bus_MASTER.o)
 .debug_abbrev  0x00002a5c      0x11a .\CortexM3\ARM_GCC_493\Debug\Design01.a(Timer_Animacion.o)
 .debug_abbrev  0x00002b76      0x173 .\CortexM3\ARM_GCC_493\Debug\Design01.a(isr_3.o)
 .debug_abbrev  0x00002ce9      0x11a .\CortexM3\ARM_GCC_493\Debug\Design01.a(Timer_Animacion2.o)
 .debug_abbrev  0x00002e03       0x90 .\CortexM3\ARM_GCC_493\Debug\Design01.a(IB1.o)
 .debug_abbrev  0x00002e93       0x90 .\CortexM3\ARM_GCC_493\Debug\Design01.a(IB2.o)
 .debug_abbrev  0x00002f23      0x1c9 .\CortexM3\ARM_GCC_493\Debug\Design01.a(RF_Connection.o)
 .debug_abbrev  0x000030ec       0x8a .\CortexM3\ARM_GCC_493\Debug\Design01.a(RF_Connection_INT.o)
 .debug_abbrev  0x00003176      0x139 .\CortexM3\ARM_GCC_493\Debug\Design01.a(RF_Connection_IntClock.o)
 .debug_abbrev  0x000032af      0x11a .\CortexM3\ARM_GCC_493\Debug\Design01.a(Waitable_4.o)
 .debug_abbrev  0x000033c9      0x11a .\CortexM3\ARM_GCC_493\Debug\Design01.a(Waitable_3.o)
 .debug_abbrev  0x000034e3      0x173 .\CortexM3\ARM_GCC_493\Debug\Design01.a(isr_1.o)
 .debug_abbrev  0x00003656      0x173 .\CortexM3\ARM_GCC_493\Debug\Design01.a(isr_2.o)
 .debug_abbrev  0x000037c9      0x1d1 .\CortexM3\ARM_GCC_493\Debug\Design01.a(CyFlash.o)
 .debug_abbrev  0x0000399a      0x1c1 .\CortexM3\ARM_GCC_493\Debug\Design01.a(CySpc.o)

.debug_line     0x00000000     0x6797
 *(.debug_line)
 .debug_line    0x00000000      0x936 .\CortexM3\ARM_GCC_493\Debug\main.o
 .debug_line    0x00000936      0x895 .\CortexM3\ARM_GCC_493\Debug\protocol.o
 .debug_line    0x000011cb      0x277 .\CortexM3\ARM_GCC_493\Debug\LCD.o
 .debug_line    0x00001442      0x24d .\CortexM3\ARM_GCC_493\Debug\keyboard.o
 .debug_line    0x0000168f      0x279 .\CortexM3\ARM_GCC_493\Debug\I2C.o
 .debug_line    0x00001908      0x7d3 .\CortexM3\ARM_GCC_493\Debug\Print.o
 .debug_line    0x000020db      0x299 .\CortexM3\ARM_GCC_493\Debug\ibuton.o
 .debug_line    0x00002374      0x63c .\CortexM3\ARM_GCC_493\Debug\RFPoll.o
 .debug_line    0x000029b0       0x53 .\CortexM3\ARM_GCC_493\Debug\cymetadata.o
 .debug_line    0x00002a03      0x249 .\CortexM3\ARM_GCC_493\Debug\Cm3Start.o
 .debug_line    0x00002c4c      0x20b .\CortexM3\ARM_GCC_493\Debug\Design01.a(cyfitter_cfg.o)
 .debug_line    0x00002e57      0x2c4 .\CortexM3\ARM_GCC_493\Debug\Design01.a(Printer.o)
 .debug_line    0x0000311b      0x30c .\CortexM3\ARM_GCC_493\Debug\Design01.a(Display1.o)
 .debug_line    0x00003427       0x8a .\CortexM3\ARM_GCC_493\Debug\Design01.a(Display1_INT.o)
 .debug_line    0x000034b1      0x30c .\CortexM3\ARM_GCC_493\Debug\Design01.a(Display2.o)
 .debug_line    0x000037bd       0x8a .\CortexM3\ARM_GCC_493\Debug\Design01.a(Display2_INT.o)
 .debug_line    0x00003847      0x199 .\CortexM3\ARM_GCC_493\Debug\Design01.a(Display1_IntClock.o)
 .debug_line    0x000039e0      0x199 .\CortexM3\ARM_GCC_493\Debug\Design01.a(Display2_IntClock.o)
 .debug_line    0x00003b79       0x68 .\CortexM3\ARM_GCC_493\Debug\Design01.a(CyBootAsmGnu.o)
 .debug_line    0x00003be1      0x806 .\CortexM3\ARM_GCC_493\Debug\Design01.a(CyLib.o)
 .debug_line    0x000043e7      0x366 .\CortexM3\ARM_GCC_493\Debug\Design01.a(cyPm.o)
 .debug_line    0x0000474d      0x198 .\CortexM3\ARM_GCC_493\Debug\Design01.a(Printer_IntClock.o)
 .debug_line    0x000048e5      0x2f1 .\CortexM3\ARM_GCC_493\Debug\Design01.a(Pump.o)
 .debug_line    0x00004bd6       0x83 .\CortexM3\ARM_GCC_493\Debug\Design01.a(Pump_INT.o)
 .debug_line    0x00004c59      0x268 .\CortexM3\ARM_GCC_493\Debug\Design01.a(EEPROM_1.o)
 .debug_line    0x00004ec1       0xe4 .\CortexM3\ARM_GCC_493\Debug\Design01.a(I2C_Bus.o)
 .debug_line    0x00004fa5      0x130 .\CortexM3\ARM_GCC_493\Debug\Design01.a(I2C_Bus_INT.o)
 .debug_line    0x000050d5       0xc8 .\CortexM3\ARM_GCC_493\Debug\Design01.a(I2C_Bus_PM.o)
 .debug_line    0x0000519d      0x207 .\CortexM3\ARM_GCC_493\Debug\Design01.a(I2C_Bus_MASTER.o)
 .debug_line    0x000053a4      0x15f .\CortexM3\ARM_GCC_493\Debug\Design01.a(Timer_Animacion.o)
 .debug_line    0x00005503      0x14b .\CortexM3\ARM_GCC_493\Debug\Design01.a(isr_3.o)
 .debug_line    0x0000564e      0x160 .\CortexM3\ARM_GCC_493\Debug\Design01.a(Timer_Animacion2.o)
 .debug_line    0x000057ae       0x92 .\CortexM3\ARM_GCC_493\Debug\Design01.a(IB1.o)
 .debug_line    0x00005840       0x92 .\CortexM3\ARM_GCC_493\Debug\Design01.a(IB2.o)
 .debug_line    0x000058d2      0x31e .\CortexM3\ARM_GCC_493\Debug\Design01.a(RF_Connection.o)
 .debug_line    0x00005bf0       0x95 .\CortexM3\ARM_GCC_493\Debug\Design01.a(RF_Connection_INT.o)
 .debug_line    0x00005c85      0x19e .\CortexM3\ARM_GCC_493\Debug\Design01.a(RF_Connection_IntClock.o)
 .debug_line    0x00005e23      0x15a .\CortexM3\ARM_GCC_493\Debug\Design01.a(Waitable_4.o)
 .debug_line    0x00005f7d      0x15a .\CortexM3\ARM_GCC_493\Debug\Design01.a(Waitable_3.o)
 .debug_line    0x000060d7      0x14b .\CortexM3\ARM_GCC_493\Debug\Design01.a(isr_1.o)
 .debug_line    0x00006222      0x14b .\CortexM3\ARM_GCC_493\Debug\Design01.a(isr_2.o)
 .debug_line    0x0000636d      0x1ec .\CortexM3\ARM_GCC_493\Debug\Design01.a(CyFlash.o)
 .debug_line    0x00006559      0x23e .\CortexM3\ARM_GCC_493\Debug\Design01.a(CySpc.o)

.debug_frame    0x00000000     0x30bc
 *(.debug_frame)
 .debug_frame   0x00000000      0x1dc .\CortexM3\ARM_GCC_493\Debug\main.o
 .debug_frame   0x000001dc      0x164 .\CortexM3\ARM_GCC_493\Debug\protocol.o
 .debug_frame   0x00000340       0xf4 .\CortexM3\ARM_GCC_493\Debug\LCD.o
 .debug_frame   0x00000434       0x34 .\CortexM3\ARM_GCC_493\Debug\keyboard.o
 .debug_frame   0x00000468       0xb0 .\CortexM3\ARM_GCC_493\Debug\I2C.o
 .debug_frame   0x00000518       0x70 .\CortexM3\ARM_GCC_493\Debug\Print.o
 .debug_frame   0x00000588       0x7c .\CortexM3\ARM_GCC_493\Debug\ibuton.o
 .debug_frame   0x00000604       0x80 .\CortexM3\ARM_GCC_493\Debug\RFPoll.o
 .debug_frame   0x00000684       0xac .\CortexM3\ARM_GCC_493\Debug\Cm3Start.o
 .debug_frame   0x00000730       0xe4 .\CortexM3\ARM_GCC_493\Debug\Design01.a(cyfitter_cfg.o)
 .debug_frame   0x00000814      0x250 .\CortexM3\ARM_GCC_493\Debug\Design01.a(Printer.o)
 .debug_frame   0x00000a64      0x25c .\CortexM3\ARM_GCC_493\Debug\Design01.a(Display1.o)
 .debug_frame   0x00000cc0       0x20 .\CortexM3\ARM_GCC_493\Debug\Design01.a(Display1_INT.o)
 .debug_frame   0x00000ce0      0x25c .\CortexM3\ARM_GCC_493\Debug\Design01.a(Display2.o)
 .debug_frame   0x00000f3c       0x20 .\CortexM3\ARM_GCC_493\Debug\Design01.a(Display2_INT.o)
 .debug_frame   0x00000f5c       0xe0 .\CortexM3\ARM_GCC_493\Debug\Design01.a(Display1_IntClock.o)
 .debug_frame   0x0000103c       0xe0 .\CortexM3\ARM_GCC_493\Debug\Design01.a(Display2_IntClock.o)
 .debug_frame   0x0000111c      0x728 .\CortexM3\ARM_GCC_493\Debug\Design01.a(CyLib.o)
 .debug_frame   0x00001844      0x1f8 .\CortexM3\ARM_GCC_493\Debug\Design01.a(cyPm.o)
 .debug_frame   0x00001a3c       0xe0 .\CortexM3\ARM_GCC_493\Debug\Design01.a(Printer_IntClock.o)
 .debug_frame   0x00001b1c      0x25c .\CortexM3\ARM_GCC_493\Debug\Design01.a(Pump.o)
 .debug_frame   0x00001d78       0x20 .\CortexM3\ARM_GCC_493\Debug\Design01.a(Pump_INT.o)
 .debug_frame   0x00001d98      0x17c .\CortexM3\ARM_GCC_493\Debug\Design01.a(EEPROM_1.o)
 .debug_frame   0x00001f14       0x8c .\CortexM3\ARM_GCC_493\Debug\Design01.a(I2C_Bus.o)
 .debug_frame   0x00001fa0       0x30 .\CortexM3\ARM_GCC_493\Debug\Design01.a(I2C_Bus_INT.o)
 .debug_frame   0x00001fd0       0x74 .\CortexM3\ARM_GCC_493\Debug\Design01.a(I2C_Bus_PM.o)
 .debug_frame   0x00002044      0x120 .\CortexM3\ARM_GCC_493\Debug\Design01.a(I2C_Bus_MASTER.o)
 .debug_frame   0x00002164      0x108 .\CortexM3\ARM_GCC_493\Debug\Design01.a(Timer_Animacion.o)
 .debug_frame   0x0000226c      0x104 .\CortexM3\ARM_GCC_493\Debug\Design01.a(isr_3.o)
 .debug_frame   0x00002370      0x108 .\CortexM3\ARM_GCC_493\Debug\Design01.a(Timer_Animacion2.o)
 .debug_frame   0x00002478       0x50 .\CortexM3\ARM_GCC_493\Debug\Design01.a(IB1.o)
 .debug_frame   0x000024c8       0x50 .\CortexM3\ARM_GCC_493\Debug\Design01.a(IB2.o)
 .debug_frame   0x00002518      0x278 .\CortexM3\ARM_GCC_493\Debug\Design01.a(RF_Connection.o)
 .debug_frame   0x00002790       0x20 .\CortexM3\ARM_GCC_493\Debug\Design01.a(RF_Connection_INT.o)
 .debug_frame   0x000027b0       0xe0 .\CortexM3\ARM_GCC_493\Debug\Design01.a(RF_Connection_IntClock.o)
 .debug_frame   0x00002890      0x108 .\CortexM3\ARM_GCC_493\Debug\Design01.a(Waitable_4.o)
 .debug_frame   0x00002998      0x108 .\CortexM3\ARM_GCC_493\Debug\Design01.a(Waitable_3.o)
 .debug_frame   0x00002aa0      0x104 .\CortexM3\ARM_GCC_493\Debug\Design01.a(isr_1.o)
 .debug_frame   0x00002ba4      0x104 .\CortexM3\ARM_GCC_493\Debug\Design01.a(isr_2.o)
 .debug_frame   0x00002ca8      0x174 .\CortexM3\ARM_GCC_493\Debug\Design01.a(CyFlash.o)
 .debug_frame   0x00002e1c      0x160 .\CortexM3\ARM_GCC_493\Debug\Design01.a(CySpc.o)
 .debug_frame   0x00002f7c       0x30 c:/program files (x86)/cypress/psoc creator/3.3/psoc creator/import/gnu/arm/4.9.3/bin/../lib/gcc/arm-none-eabi/4.9.3/../../../../arm-none-eabi/lib/armv7-m\libg_nano.a(lib_a-atoi.o)
 .debug_frame   0x00002fac       0x20 c:/program files (x86)/cypress/psoc creator/3.3/psoc creator/import/gnu/arm/4.9.3/bin/../lib/gcc/arm-none-eabi/4.9.3/../../../../arm-none-eabi/lib/armv7-m\libg_nano.a(lib_a-errno.o)
 .debug_frame   0x00002fcc       0x28 c:/program files (x86)/cypress/psoc creator/3.3/psoc creator/import/gnu/arm/4.9.3/bin/../lib/gcc/arm-none-eabi/4.9.3/../../../../arm-none-eabi/lib/armv7-m\libg_nano.a(lib_a-exit.o)
 .debug_frame   0x00002ff4       0x2c c:/program files (x86)/cypress/psoc creator/3.3/psoc creator/import/gnu/arm/4.9.3/bin/../lib/gcc/arm-none-eabi/4.9.3/../../../../arm-none-eabi/lib/armv7-m\libg_nano.a(lib_a-init.o)
 .debug_frame   0x00003020       0x28 c:/program files (x86)/cypress/psoc creator/3.3/psoc creator/import/gnu/arm/4.9.3/bin/../lib/gcc/arm-none-eabi/4.9.3/../../../../arm-none-eabi/lib/armv7-m\libg_nano.a(lib_a-memcpy.o)
 .debug_frame   0x00003048       0x20 c:/program files (x86)/cypress/psoc creator/3.3/psoc creator/import/gnu/arm/4.9.3/bin/../lib/gcc/arm-none-eabi/4.9.3/../../../../arm-none-eabi/lib/armv7-m\libg_nano.a(lib_a-memset.o)
 .debug_frame   0x00003068       0x54 c:/program files (x86)/cypress/psoc creator/3.3/psoc creator/import/gnu/arm/4.9.3/bin/../lib/gcc/arm-none-eabi/4.9.3/../../../../arm-none-eabi/lib/armv7-m\libg_nano.a(lib_a-strtol.o)

.debug_str      0x00000000     0x4bfb
 *(.debug_str)
 .debug_str     0x00000000     0x12bf .\CortexM3\ARM_GCC_493\Debug\main.o
                               0x1326 (size before relaxing)
 .debug_str     0x000012bf       0xd6 .\CortexM3\ARM_GCC_493\Debug\protocol.o
                                0x9e7 (size before relaxing)
 .debug_str     0x00001395       0xb4 .\CortexM3\ARM_GCC_493\Debug\LCD.o
                                0x905 (size before relaxing)
 .debug_str     0x00001449       0x30 .\CortexM3\ARM_GCC_493\Debug\keyboard.o
                                0x8ef (size before relaxing)
 .debug_str     0x00001479       0xa9 .\CortexM3\ARM_GCC_493\Debug\I2C.o
                                0x8bd (size before relaxing)
 .debug_str     0x00001522      0x279 .\CortexM3\ARM_GCC_493\Debug\Print.o
                                0xa87 (size before relaxing)
 .debug_str     0x0000179b       0x43 .\CortexM3\ARM_GCC_493\Debug\ibuton.o
                                0x22b (size before relaxing)
 .debug_str     0x000017de       0xa0 .\CortexM3\ARM_GCC_493\Debug\RFPoll.o
                                0xa0f (size before relaxing)
 .debug_str     0x0000187e       0x77 .\CortexM3\ARM_GCC_493\Debug\cymetadata.o
                                0x1ec (size before relaxing)
 .debug_str     0x000018f5      0x158 .\CortexM3\ARM_GCC_493\Debug\Cm3Start.o
                                0x300 (size before relaxing)
 .debug_str     0x00001a4d      0x17e .\CortexM3\ARM_GCC_493\Debug\Design01.a(cyfitter_cfg.o)
                                0x33a (size before relaxing)
 .debug_str     0x00001bcb      0x31f .\CortexM3\ARM_GCC_493\Debug\Design01.a(Printer.o)
                                0x4c8 (size before relaxing)
 .debug_str     0x00001eea      0x31d .\CortexM3\ARM_GCC_493\Debug\Design01.a(Display1.o)
                                0x5db (size before relaxing)
 .debug_str     0x00002207       0x5d .\CortexM3\ARM_GCC_493\Debug\Design01.a(Display1_INT.o)
                                0x261 (size before relaxing)
 .debug_str     0x00002264      0x2cd .\CortexM3\ARM_GCC_493\Debug\Design01.a(Display2.o)
                                0x5db (size before relaxing)
 .debug_str     0x00002531       0x37 .\CortexM3\ARM_GCC_493\Debug\Design01.a(Display2_INT.o)
                                0x261 (size before relaxing)
 .debug_str     0x00002568      0x1ad .\CortexM3\ARM_GCC_493\Debug\Design01.a(Display1_IntClock.o)
                                0x368 (size before relaxing)
 .debug_str     0x00002715      0x162 .\CortexM3\ARM_GCC_493\Debug\Design01.a(Display2_IntClock.o)
                                0x368 (size before relaxing)
 .debug_str     0x00002877      0x7b4 .\CortexM3\ARM_GCC_493\Debug\Design01.a(CyLib.o)
                                0xa25 (size before relaxing)
 .debug_str     0x0000302b      0x35b .\CortexM3\ARM_GCC_493\Debug\Design01.a(cyPm.o)
                                0x71d (size before relaxing)
 .debug_str     0x00003386      0x158 .\CortexM3\ARM_GCC_493\Debug\Design01.a(Printer_IntClock.o)
                                0x35c (size before relaxing)
 .debug_str     0x000034de      0x216 .\CortexM3\ARM_GCC_493\Debug\Design01.a(Pump.o)
                                0x520 (size before relaxing)
 .debug_str     0x000036f4       0x2f .\CortexM3\ARM_GCC_493\Debug\Design01.a(Pump_INT.o)
                                0x248 (size before relaxing)
 .debug_str     0x00003723      0x1c9 .\CortexM3\ARM_GCC_493\Debug\Design01.a(EEPROM_1.o)
                                0x3d2 (size before relaxing)
 .debug_str     0x000038ec       0xe7 .\CortexM3\ARM_GCC_493\Debug\Design01.a(I2C_Bus.o)
                                0x312 (size before relaxing)
 .debug_str     0x000039d3       0xf8 .\CortexM3\ARM_GCC_493\Debug\Design01.a(I2C_Bus_INT.o)
                                0x294 (size before relaxing)
 .debug_str     0x00003acb       0x6c .\CortexM3\ARM_GCC_493\Debug\Design01.a(I2C_Bus_PM.o)
                                0x29a (size before relaxing)
 .debug_str     0x00003b37       0xfb .\CortexM3\ARM_GCC_493\Debug\Design01.a(I2C_Bus_MASTER.o)
                                0x409 (size before relaxing)
 .debug_str     0x00003c32      0x1ae .\CortexM3\ARM_GCC_493\Debug\Design01.a(Timer_Animacion.o)
                                0x38b (size before relaxing)
 .debug_str     0x00003de0       0xcf .\CortexM3\ARM_GCC_493\Debug\Design01.a(isr_3.o)
                                0x29c (size before relaxing)
 .debug_str     0x00003eaf      0x1bf .\CortexM3\ARM_GCC_493\Debug\Design01.a(Timer_Animacion2.o)
                                0x39b (size before relaxing)
 .debug_str     0x0000406e       0x4b .\CortexM3\ARM_GCC_493\Debug\Design01.a(IB1.o)
                                0x1da (size before relaxing)
 .debug_str     0x000040b9       0x40 .\CortexM3\ARM_GCC_493\Debug\Design01.a(IB2.o)
                                0x1da (size before relaxing)
 .debug_str     0x000040f9      0x36b .\CortexM3\ARM_GCC_493\Debug\Design01.a(RF_Connection.o)
                                0x694 (size before relaxing)
 .debug_str     0x00004464       0x41 .\CortexM3\ARM_GCC_493\Debug\Design01.a(RF_Connection_INT.o)
                                0x290 (size before relaxing)
 .debug_str     0x000044a5      0x194 .\CortexM3\ARM_GCC_493\Debug\Design01.a(RF_Connection_IntClock.o)
                                0x3a4 (size before relaxing)
 .debug_str     0x00004639      0x154 .\CortexM3\ARM_GCC_493\Debug\Design01.a(Waitable_4.o)
                                0x33b (size before relaxing)
 .debug_str     0x0000478d      0x154 .\CortexM3\ARM_GCC_493\Debug\Design01.a(Waitable_3.o)
                                0x33b (size before relaxing)
 .debug_str     0x000048e1       0xda .\CortexM3\ARM_GCC_493\Debug\Design01.a(isr_1.o)
                                0x29c (size before relaxing)
 .debug_str     0x000049bb       0xda .\CortexM3\ARM_GCC_493\Debug\Design01.a(isr_2.o)
                                0x29c (size before relaxing)
 .debug_str     0x00004a95       0xf6 .\CortexM3\ARM_GCC_493\Debug\Design01.a(CyFlash.o)
                                0x397 (size before relaxing)
 .debug_str     0x00004b8b       0x70 .\CortexM3\ARM_GCC_493\Debug\Design01.a(CySpc.o)
                                0x320 (size before relaxing)

.debug_loc      0x00000000     0x6f04
 *(.debug_loc)
 .debug_loc     0x00000000      0x3b9 .\CortexM3\ARM_GCC_493\Debug\main.o
 .debug_loc     0x000003b9      0xe7e .\CortexM3\ARM_GCC_493\Debug\protocol.o
 .debug_loc     0x00001237      0x411 .\CortexM3\ARM_GCC_493\Debug\LCD.o
 .debug_loc     0x00001648      0x1b8 .\CortexM3\ARM_GCC_493\Debug\keyboard.o
 .debug_loc     0x00001800      0x23d .\CortexM3\ARM_GCC_493\Debug\I2C.o
 .debug_loc     0x00001a3d      0xeb5 .\CortexM3\ARM_GCC_493\Debug\Print.o
 .debug_loc     0x000028f2      0x20e .\CortexM3\ARM_GCC_493\Debug\ibuton.o
 .debug_loc     0x00002b00      0x99d .\CortexM3\ARM_GCC_493\Debug\RFPoll.o
 .debug_loc     0x0000349d      0x144 .\CortexM3\ARM_GCC_493\Debug\Cm3Start.o
 .debug_loc     0x000035e1      0x289 .\CortexM3\ARM_GCC_493\Debug\Design01.a(cyfitter_cfg.o)
 .debug_loc     0x0000386a      0x258 .\CortexM3\ARM_GCC_493\Debug\Design01.a(Printer.o)
 .debug_loc     0x00003ac2      0x34e .\CortexM3\ARM_GCC_493\Debug\Design01.a(Display1.o)
 .debug_loc     0x00003e10       0x45 .\CortexM3\ARM_GCC_493\Debug\Design01.a(Display1_INT.o)
 .debug_loc     0x00003e55      0x34e .\CortexM3\ARM_GCC_493\Debug\Design01.a(Display2.o)
 .debug_loc     0x000041a3       0x45 .\CortexM3\ARM_GCC_493\Debug\Design01.a(Display2_INT.o)
 .debug_loc     0x000041e8      0x128 .\CortexM3\ARM_GCC_493\Debug\Design01.a(Display1_IntClock.o)
 .debug_loc     0x00004310      0x12c .\CortexM3\ARM_GCC_493\Debug\Design01.a(Display2_IntClock.o)
 .debug_loc     0x0000443c      0xa11 .\CortexM3\ARM_GCC_493\Debug\Design01.a(CyLib.o)
 .debug_loc     0x00004e4d      0x1e4 .\CortexM3\ARM_GCC_493\Debug\Design01.a(cyPm.o)
 .debug_loc     0x00005031      0x128 .\CortexM3\ARM_GCC_493\Debug\Design01.a(Printer_IntClock.o)
 .debug_loc     0x00005159      0x34e .\CortexM3\ARM_GCC_493\Debug\Design01.a(Pump.o)
 .debug_loc     0x000054a7       0x45 .\CortexM3\ARM_GCC_493\Debug\Design01.a(Pump_INT.o)
 .debug_loc     0x000054ec      0x49f .\CortexM3\ARM_GCC_493\Debug\Design01.a(EEPROM_1.o)
 .debug_loc     0x0000598b       0x26 .\CortexM3\ARM_GCC_493\Debug\Design01.a(I2C_Bus.o)
 .debug_loc     0x000059b1       0x29 .\CortexM3\ARM_GCC_493\Debug\Design01.a(I2C_Bus_INT.o)
 .debug_loc     0x000059da       0x13 .\CortexM3\ARM_GCC_493\Debug\Design01.a(I2C_Bus_PM.o)
 .debug_loc     0x000059ed      0x531 .\CortexM3\ARM_GCC_493\Debug\Design01.a(I2C_Bus_MASTER.o)
 .debug_loc     0x00005f1e       0x56 .\CortexM3\ARM_GCC_493\Debug\Design01.a(isr_3.o)
 .debug_loc     0x00005f74       0x42 .\CortexM3\ARM_GCC_493\Debug\Design01.a(IB1.o)
 .debug_loc     0x00005fb6       0x55 .\CortexM3\ARM_GCC_493\Debug\Design01.a(IB2.o)
 .debug_loc     0x0000600b      0x393 .\CortexM3\ARM_GCC_493\Debug\Design01.a(RF_Connection.o)
 .debug_loc     0x0000639e       0x45 .\CortexM3\ARM_GCC_493\Debug\Design01.a(RF_Connection_INT.o)
 .debug_loc     0x000063e3      0x128 .\CortexM3\ARM_GCC_493\Debug\Design01.a(RF_Connection_IntClock.o)
 .debug_loc     0x0000650b       0x56 .\CortexM3\ARM_GCC_493\Debug\Design01.a(isr_1.o)
 .debug_loc     0x00006561       0x56 .\CortexM3\ARM_GCC_493\Debug\Design01.a(isr_2.o)
 .debug_loc     0x000065b7      0x300 .\CortexM3\ARM_GCC_493\Debug\Design01.a(CyFlash.o)
 .debug_loc     0x000068b7      0x64d .\CortexM3\ARM_GCC_493\Debug\Design01.a(CySpc.o)

.debug_macinfo
 *(.debug_macinfo)

.debug_ranges   0x00000000     0x1100
 *(.debug_ranges)
 .debug_ranges  0x00000000       0x80 .\CortexM3\ARM_GCC_493\Debug\main.o
 .debug_ranges  0x00000080       0x58 .\CortexM3\ARM_GCC_493\Debug\protocol.o
 .debug_ranges  0x000000d8       0x38 .\CortexM3\ARM_GCC_493\Debug\LCD.o
 .debug_ranges  0x00000110       0x10 .\CortexM3\ARM_GCC_493\Debug\keyboard.o
 .debug_ranges  0x00000120       0x30 .\CortexM3\ARM_GCC_493\Debug\I2C.o
 .debug_ranges  0x00000150       0x20 .\CortexM3\ARM_GCC_493\Debug\Print.o
 .debug_ranges  0x00000170       0x28 .\CortexM3\ARM_GCC_493\Debug\ibuton.o
 .debug_ranges  0x00000198       0x20 .\CortexM3\ARM_GCC_493\Debug\RFPoll.o
 .debug_ranges  0x000001b8       0x38 .\CortexM3\ARM_GCC_493\Debug\Cm3Start.o
 .debug_ranges  0x000001f0       0x48 .\CortexM3\ARM_GCC_493\Debug\Design01.a(cyfitter_cfg.o)
 .debug_ranges  0x00000238       0xe0 .\CortexM3\ARM_GCC_493\Debug\Design01.a(Printer.o)
 .debug_ranges  0x00000318       0xe0 .\CortexM3\ARM_GCC_493\Debug\Design01.a(Display1.o)
 .debug_ranges  0x000003f8       0x10 .\CortexM3\ARM_GCC_493\Debug\Design01.a(Display1_INT.o)
 .debug_ranges  0x00000408       0xe0 .\CortexM3\ARM_GCC_493\Debug\Design01.a(Display2.o)
 .debug_ranges  0x000004e8       0x10 .\CortexM3\ARM_GCC_493\Debug\Design01.a(Display2_INT.o)
 .debug_ranges  0x000004f8       0x60 .\CortexM3\ARM_GCC_493\Debug\Design01.a(Display1_IntClock.o)
 .debug_ranges  0x00000558       0x60 .\CortexM3\ARM_GCC_493\Debug\Design01.a(Display2_IntClock.o)
 .debug_ranges  0x000005b8      0x288 .\CortexM3\ARM_GCC_493\Debug\Design01.a(CyLib.o)
 .debug_ranges  0x00000840       0x88 .\CortexM3\ARM_GCC_493\Debug\Design01.a(cyPm.o)
 .debug_ranges  0x000008c8       0x60 .\CortexM3\ARM_GCC_493\Debug\Design01.a(Printer_IntClock.o)
 .debug_ranges  0x00000928       0xe0 .\CortexM3\ARM_GCC_493\Debug\Design01.a(Pump.o)
 .debug_ranges  0x00000a08       0x10 .\CortexM3\ARM_GCC_493\Debug\Design01.a(Pump_INT.o)
 .debug_ranges  0x00000a18       0x68 .\CortexM3\ARM_GCC_493\Debug\Design01.a(EEPROM_1.o)
 .debug_ranges  0x00000a80       0x28 .\CortexM3\ARM_GCC_493\Debug\Design01.a(I2C_Bus.o)
 .debug_ranges  0x00000aa8       0x10 .\CortexM3\ARM_GCC_493\Debug\Design01.a(I2C_Bus_INT.o)
 .debug_ranges  0x00000ab8       0x28 .\CortexM3\ARM_GCC_493\Debug\Design01.a(I2C_Bus_PM.o)
 .debug_ranges  0x00000ae0       0x78 .\CortexM3\ARM_GCC_493\Debug\Design01.a(I2C_Bus_MASTER.o)
 .debug_ranges  0x00000b58       0x78 .\CortexM3\ARM_GCC_493\Debug\Design01.a(Timer_Animacion.o)
 .debug_ranges  0x00000bd0       0x70 .\CortexM3\ARM_GCC_493\Debug\Design01.a(isr_3.o)
 .debug_ranges  0x00000c40       0x78 .\CortexM3\ARM_GCC_493\Debug\Design01.a(Timer_Animacion2.o)
 .debug_ranges  0x00000cb8       0x28 .\CortexM3\ARM_GCC_493\Debug\Design01.a(IB1.o)
 .debug_ranges  0x00000ce0       0x28 .\CortexM3\ARM_GCC_493\Debug\Design01.a(IB2.o)
 .debug_ranges  0x00000d08       0xe0 .\CortexM3\ARM_GCC_493\Debug\Design01.a(RF_Connection.o)
 .debug_ranges  0x00000de8       0x10 .\CortexM3\ARM_GCC_493\Debug\Design01.a(RF_Connection_INT.o)
 .debug_ranges  0x00000df8       0x60 .\CortexM3\ARM_GCC_493\Debug\Design01.a(RF_Connection_IntClock.o)
 .debug_ranges  0x00000e58       0x78 .\CortexM3\ARM_GCC_493\Debug\Design01.a(Waitable_4.o)
 .debug_ranges  0x00000ed0       0x78 .\CortexM3\ARM_GCC_493\Debug\Design01.a(Waitable_3.o)
 .debug_ranges  0x00000f48       0x70 .\CortexM3\ARM_GCC_493\Debug\Design01.a(isr_1.o)
 .debug_ranges  0x00000fb8       0x70 .\CortexM3\ARM_GCC_493\Debug\Design01.a(isr_2.o)