Archive member included because of file (symbol)

.\CortexM3\ARM_GCC_493\Debug\Design01.a(cyfitter_cfg.o)
                              .\CortexM3\ARM_GCC_493\Debug\Cm3Start.o (cyfitter_cfg)
.\CortexM3\ARM_GCC_493\Debug\Design01.a(Printer.o)
                              .\CortexM3\ARM_GCC_493\Debug\main.o (Printer_Start)
.\CortexM3\ARM_GCC_493\Debug\Design01.a(Display1.o)
                              .\CortexM3\ARM_GCC_493\Debug\main.o (Display1_Start)
.\CortexM3\ARM_GCC_493\Debug\Design01.a(Display1_INT.o)
                              .\CortexM3\ARM_GCC_493\Debug\Design01.a(Display1.o) (Display1_RXISR)
.\CortexM3\ARM_GCC_493\Debug\Design01.a(Display2.o)
                              .\CortexM3\ARM_GCC_493\Debug\main.o (Display2_Start)
.\CortexM3\ARM_GCC_493\Debug\Design01.a(Display2_INT.o)
                              .\CortexM3\ARM_GCC_493\Debug\Design01.a(Display2.o) (Display2_RXISR)
.\CortexM3\ARM_GCC_493\Debug\Design01.a(Display1_IntClock.o)
                              .\CortexM3\ARM_GCC_493\Debug\Design01.a(Display1.o) (Display1_IntClock_Start)
.\CortexM3\ARM_GCC_493\Debug\Design01.a(Display2_IntClock.o)
                              .\CortexM3\ARM_GCC_493\Debug\Design01.a(Display2.o) (Display2_IntClock_Start)
.\CortexM3\ARM_GCC_493\Debug\Design01.a(CyBootAsmGnu.o)
                              .\CortexM3\ARM_GCC_493\Debug\Design01.a(cyfitter_cfg.o) (CyDelayCycles)
.\CortexM3\ARM_GCC_493\Debug\Design01.a(CyLib.o)
                              .\CortexM3\ARM_GCC_493\Debug\Cm3Start.o (CyHalt)
.\CortexM3\ARM_GCC_493\Debug\Design01.a(cyPm.o)
                              .\CortexM3\ARM_GCC_493\Debug\Design01.a(CyLib.o) (CyPmReadStatus)
.\CortexM3\ARM_GCC_493\Debug\Design01.a(Printer_IntClock.o)
                              .\CortexM3\ARM_GCC_493\Debug\Design01.a(Printer.o) (Printer_IntClock_Start)
.\CortexM3\ARM_GCC_493\Debug\Design01.a(Pump.o)
                              .\CortexM3\ARM_GCC_493\Debug\main.o (Pump_Start)
.\CortexM3\ARM_GCC_493\Debug\Design01.a(Pump_INT.o)
                              .\CortexM3\ARM_GCC_493\Debug\Design01.a(Pump.o) (Pump_RXISR)
.\CortexM3\ARM_GCC_493\Debug\Design01.a(EEPROM_1.o)
                              .\CortexM3\ARM_GCC_493\Debug\main.o (EEPROM_1_Start)
.\CortexM3\ARM_GCC_493\Debug\Design01.a(I2C_Bus.o)
                              .\CortexM3\ARM_GCC_493\Debug\main.o (I2C_Bus_Start)
.\CortexM3\ARM_GCC_493\Debug\Design01.a(I2C_Bus_INT.o)
                              .\CortexM3\ARM_GCC_493\Debug\Design01.a(I2C_Bus.o) (I2C_Bus_ISR)
.\CortexM3\ARM_GCC_493\Debug\Design01.a(I2C_Bus_PM.o)
                              .\CortexM3\ARM_GCC_493\Debug\Design01.a(I2C_Bus.o) (I2C_Bus_backup)
.\CortexM3\ARM_GCC_493\Debug\Design01.a(I2C_Bus_MASTER.o)
                              .\CortexM3\ARM_GCC_493\Debug\Design01.a(I2C_Bus_INT.o) (I2C_Bus_mstrStatus)
.\CortexM3\ARM_GCC_493\Debug\Design01.a(Timer_Animacion.o)
                              .\CortexM3\ARM_GCC_493\Debug\main.o (Timer_Animacion_Stop)
.\CortexM3\ARM_GCC_493\Debug\Design01.a(isr_3.o)
                              .\CortexM3\ARM_GCC_493\Debug\main.o (isr_3_StartEx)
.\CortexM3\ARM_GCC_493\Debug\Design01.a(Timer_Animacion2.o)
                              .\CortexM3\ARM_GCC_493\Debug\main.o (Timer_Animacion2_ReadStatusRegister)
.\CortexM3\ARM_GCC_493\Debug\Design01.a(IB1.o)
                              .\CortexM3\ARM_GCC_493\Debug\ibuton.o (IB1_Write)
.\CortexM3\ARM_GCC_493\Debug\Design01.a(IB2.o)
                              .\CortexM3\ARM_GCC_493\Debug\ibuton.o (IB2_Write)
.\CortexM3\ARM_GCC_493\Debug\Design01.a(RF_Connection.o)
                              .\CortexM3\ARM_GCC_493\Debug\main.o (RF_Connection_Start)
.\CortexM3\ARM_GCC_493\Debug\Design01.a(RF_Connection_INT.o)
                              .\CortexM3\ARM_GCC_493\Debug\Design01.a(RF_Connection.o) (RF_Connection_RXISR)
.\CortexM3\ARM_GCC_493\Debug\Design01.a(RF_Connection_IntClock.o)
                              .\CortexM3\ARM_GCC_493\Debug\Design01.a(RF_Connection.o) (RF_Connection_IntClock_Start)
.\CortexM3\ARM_GCC_493\Debug\Design01.a(CyFlash.o)
                              .\CortexM3\ARM_GCC_493\Debug\Design01.a(EEPROM_1.o) (dieTemperature)
.\CortexM3\ARM_GCC_493\Debug\Design01.a(CySpc.o)
                              .\CortexM3\ARM_GCC_493\Debug\Design01.a(EEPROM_1.o) (CySpcStart)
c:/program files (x86)/cypress/psoc creator/3.3/psoc creator/import/gnu/arm/4.9.3/bin/../lib/gcc/arm-none-eabi/4.9.3/../../../../arm-none-eabi/lib/armv7-m\libg_nano.a(lib_a-atoi.o)
                              .\CortexM3\ARM_GCC_493\Debug\main.o (atoi)
c:/program files (x86)/cypress/psoc creator/3.3/psoc creator/import/gnu/arm/4.9.3/bin/../lib/gcc/arm-none-eabi/4.9.3/../../../../arm-none-eabi/lib/armv7-m\libg_nano.a(lib_a-errno.o)
                              .\CortexM3\ARM_GCC_493\Debug\Cm3Start.o (__errno)
[...]
Memory Configuration

Name             Origin             Length             Attributes
rom              0x00000000         0x00040000         xr
ram              0x1fff8000         0x00010000         xrw
*default*        0x00000000         0xffffffff

Linker script and memory map

LOAD c:/program files (x86)/cypress/psoc creator/3.3/psoc creator/import/gnu/arm/4.9.3/bin/../lib/gcc/arm-none-eabi/4.9.3/armv7-m/crti.o
LOAD c:/program files (x86)/cypress/psoc creator/3.3/psoc creator/import/gnu/arm/4.9.3/bin/../lib/gcc/arm-none-eabi/4.9.3/armv7-m/crtbegin.o
LOAD c:/program files (x86)/cypress/psoc creator/3.3/psoc creator/import/gnu/arm/4.9.3/bin/../lib/gcc/arm-none-eabi/4.9.3/../../../../arm-none-eabi/lib/armv7-m/crt0.o
START GROUP
LOAD .\CortexM3\ARM_GCC_493\Debug\main.o
LOAD .\CortexM3\ARM_GCC_493\Debug\protocol.o
LOAD .\CortexM3\ARM_GCC_493\Debug\LCD.o
LOAD .\CortexM3\ARM_GCC_493\Debug\keyboard.o
LOAD .\CortexM3\ARM_GCC_493\Debug\I2C.o
LOAD .\CortexM3\ARM_GCC_493\Debug\Print.o
LOAD .\CortexM3\ARM_GCC_493\Debug\ibuton.o
LOAD .\CortexM3\ARM_GCC_493\Debug\RFPoll.o
LOAD .\CortexM3\ARM_GCC_493\Debug\cymetadata.o
LOAD .\CortexM3\ARM_GCC_493\Debug\Cm3Start.o
LOAD .\CortexM3\ARM_GCC_493\Debug\Design01.a
LOAD C:\Program Files (x86)\Cypress\PSoC Creator\3.3\PSoC Creator\psoc\content\cycomponentlibrary\CyComponentLibrary.cylib\CortexM3\ARM_GCC_493\Debug\CyComponentLibrary.a
END GROUP
START GROUP
LOAD c:/program files (x86)/cypress/psoc creator/3.3/psoc creator/import/gnu/arm/4.9.3/bin/../lib/gcc/arm-none-eabi/4.9.3/armv7-m\libgcc.a
LOAD c:/program files (x86)/cypress/psoc creator/3.3/psoc creator/import/gnu/arm/4.9.3/bin/../lib/gcc/arm-none-eabi/4.9.3/../../../../arm-none-eabi/lib/armv7-m\libg_nano.a
LOAD c:/program files (x86)/cypress/psoc creator/3.3/psoc creator/import/gnu/arm/4.9.3/bin/../lib/gcc/arm-none-eabi/4.9.3/../../../../arm-none-eabi/lib/armv7-m\libc_nano.a
END GROUP
START GROUP
LOAD c:/program files (x86)/cypress/psoc creator/3.3/psoc creator/import/gnu/arm/4.9.3/bin/../lib/gcc/arm-none-eabi/4.9.3/armv7-m\libgcc.a
LOAD c:/program files (x86)/cypress/psoc creator/3.3/psoc creator/import/gnu/arm/4.9.3/bin/../lib/gcc/arm-none-eabi/4.9.3/../../../../arm-none-eabi/lib/armv7-m\libc_nano.a
END GROUP
LOAD c:/program files (x86)/cypress/psoc creator/3.3/psoc creator/import/gnu/arm/4.9.3/bin/../lib/gcc/arm-none-eabi/4.9.3/armv7-m/crtend.o
LOAD c:/program files (x86)/cypress/psoc creator/3.3/psoc creator/import/gnu/arm/4.9.3/bin/../lib/gcc/arm-none-eabi/4.9.3/armv7-m/crtn.o
START GROUP
LOAD c:/program files (x86)/cypress/psoc creator/3.3/psoc creator/import/gnu/arm/4.9.3/bin/../lib/gcc/arm-none-eabi/4.9.3/armv7-m\libgcc.a
LOAD c:/program files (x86)/cypress/psoc creator/3.3/psoc creator/import/gnu/arm/4.9.3/bin/../lib/gcc/arm-none-eabi/4.9.3/../../../../arm-none-eabi/lib/armv7-m\libc.a
LOAD c:/program files (x86)/cypress/psoc creator/3.3/psoc creator/import/gnu/arm/4.9.3/bin/../lib/gcc/arm-none-eabi/4.9.3/../../../../arm-none-eabi/lib/armv7-m\libnosys.a
END GROUP
                0x00000000                CY_APPL_ORIGIN = 0x0
                0x00000100                CY_FLASH_ROW_SIZE = 0x100
                0x00000020                CY_ECC_ROW_SIZE = 0x20
                0x00000000                CY_EE_IN_BTLDR = 0x0
                0x00000000                CY_APPL_LOADABLE = 0x0
                0x00000800                CY_EE_SIZE = 0x800
                0x00000001                CY_APPL_NUM = 0x1
                0x00000001                CY_APPL_MAX = 0x1
                0x00000040                CY_METADATA_SIZE = 0x40
                0x00000000                CY_APPL_LOADABLE = 0x0
                0x00000000                CY_CHECKSUM_EXCLUDE_SIZE = ALIGN (0x0, CY_FLASH_ROW_SIZE)
                0x1fffa160                PROVIDE (__cy_heap_start, _end)
                0x00000001                PROVIDE (__cy_region_num, ((__cy_regions_end - __cy_regions) / 0x10))
                0x20008000                PROVIDE (__cy_stack, (ORIGIN (ram) + 0x10000))
                0x20007800                PROVIDE (__cy_heap_end, (__cy_stack - 0x800))

.cybootloader   0x00000000        0x0
 *(.cybootloader)
                0x00000000                appl1_start = CY_APPL_ORIGIN?CY_APPL_ORIGIN:ALIGN (CY_FLASH_ROW_SIZE)
                0x0001ff00                appl2_start = (appl1_start + ALIGN ((((0x40000 - appl1_start) - (0x2 * CY_FLASH_ROW_SIZE)) / 0x2), CY_FLASH_ROW_SIZE))
                0x00000000                appl_start = (CY_APPL_NUM == 0x1)?appl1_start:appl2_start
                0x00000000                ecc_offset = ((appl_start / CY_FLASH_ROW_SIZE) * CY_ECC_ROW_SIZE)
                0x00000000                ee_offset = (CY_APPL_LOADABLE && ! (CY_EE_IN_BTLDR))?((CY_EE_SIZE / CY_APPL_MAX) * (CY_APPL_NUM - 0x1)):0x0
                0x00000800                ee_size = (CY_APPL_LOADABLE && ! (CY_EE_IN_BTLDR))?(CY_EE_SIZE / CY_APPL_MAX):CY_EE_SIZE
                0x00000000                PROVIDE (CY_ECC_OFFSET, ecc_offset)

.text           0x00000000     0x5468
 CREATE_OBJECT_SYMBOLS
                0x00000000                PROVIDE (__cy_interrupt_vector, RomVectors)
 *(.romvectors)
 .romvectors    0x00000000       0x10 .\CortexM3\ARM_GCC_493\Debug\Cm3Start.o
                0x00000000                RomVectors
                0x00000001                ASSERT ((. != __cy_interrupt_vector), No interrupt vector)
                0x00000001                ASSERT (CY_APPL_ORIGIN?(SIZEOF (.cybootloader) <= CY_APPL_ORIGIN):0x1, Wrong image location)
                0x00000010                PROVIDE (__cy_reset, Reset)
 *(.text.Reset)
 .text.Reset    0x00000010       0x18 .\CortexM3\ARM_GCC_493\Debug\Cm3Start.o
                0x00000010                Reset
                0x00000001                ASSERT ((. != __cy_reset), No reset code)
 *(.dma_init)
                0x00000001                ASSERT ((((appl_start + .) <= 0x10000) || 0x1), DMA Init must be within the first 64k of flash)
 *(.text .text.* .gnu.linkonce.t.*)
 .text          0x00000028       0x5c c:/program files (x86)/cypress/psoc creator/3.3/psoc creator/import/gnu/arm/4.9.3/bin/../lib/gcc/arm-none-eabi/4.9.3/armv7-m/crtbegin.o
 .text.animacion
                0x00000084       0x14 .\CortexM3\ARM_GCC_493\Debug\main.o
                0x00000084                animacion
 .text.GlobalInitializer
                0x00000098       0x20 .\CortexM3\ARM_GCC_493\Debug\main.o
                0x00000098                GlobalInitializer
 .text.StoreConfiguration
                0x000000b8       0x68 .\CortexM3\ARM_GCC_493\Debug\main.o
                0x000000b8                StoreConfiguration
 .text.loadConfiguration
                0x00000120       0x44 .\CortexM3\ARM_GCC_493\Debug\main.o
                0x00000120                loadConfiguration
 .text.InitDisplay1
                0x00000164      0x28c .\CortexM3\ARM_GCC_493\Debug\main.o
                0x00000164                InitDisplay1
 .text.InitDisplay2
                0x000003f0       0x50 .\CortexM3\ARM_GCC_493\Debug\main.o
                0x000003f0                InitDisplay2
 .text.InitPump
                0x00000440       0xc4 .\CortexM3\ARM_GCC_493\Debug\main.o
                0x00000440                InitPump
 .text.PrintTest
                0x00000504       0xac .\CortexM3\ARM_GCC_493\Debug\main.o
                0x00000504                PrintTest
 .text.PollingPump
                0x000005b0      0x104 .\CortexM3\ARM_GCC_493\Debug\main.o
                0x000005b0                PollingPump
 .text.PollingDisplay1
                0x000006b4     0x12e8 .\CortexM3\ARM_GCC_493\Debug\main.o
                0x000006b4                PollingDisplay1
 .text.PollingDisplay2
                0x0000199c      0x32c .\CortexM3\ARM_GCC_493\Debug\main.o
                0x0000199c                PollingDisplay2
 .text.main     0x00001cc8       0x8c .\CortexM3\ARM_GCC_493\Debug\main.o
                0x00001cc8                main
 .text.get_state
                0x00001d54       0x30 .\CortexM3\ARM_GCC_493\Debug\protocol.o
                0x00001d54                get_state
 .text.get_position
                0x00001d84      0x120 .\CortexM3\ARM_GCC_493\Debug\protocol.o
                0x00001d84                get_position
 .text.getSale  0x00001ea4      0x3c8 .\CortexM3\ARM_GCC_493\Debug\protocol.o
                0x00001ea4                getSale
 .text.PumpIsInValidState
                0x0000226c       0x14 .\CortexM3\ARM_GCC_493\Debug\protocol.o
                0x0000226c                PumpIsInValidState
 .text.GetLRC   0x00002280       0x28 .\CortexM3\ARM_GCC_493\Debug\protocol.o
                0x00002280                GetLRC
 .text.PresetData
                0x000022a8      0x1b4 .\CortexM3\ARM_GCC_493\Debug\protocol.o
                0x000022a8                PresetData
 .text.PumpCompleteConfiguration
                0x0000245c      0x160 .\CortexM3\ARM_GCC_493\Debug\protocol.o
                0x0000245c                PumpCompleteConfiguration
 .text.PumpHoseActiveState
                0x000025bc       0xd4 .\CortexM3\ARM_GCC_493\Debug\protocol.o
                0x000025bc                PumpHoseActiveState
 .text.SetPicture
                0x00002690       0x50 .\CortexM3\ARM_GCC_493\Debug\LCD.o
                0x00002690                SetPicture
 .text.WriteMessage
                0x000026e0       0xc8 .\CortexM3\ARM_GCC_493\Debug\LCD.o
                0x000026e0                WriteMessage
 .text.ShowRectangle
                0x000027a8       0x5c .\CortexM3\ARM_GCC_493\Debug\LCD.o
                0x000027a8                ShowRectangle
 .text.ShowMessage
                0x00002804       0x34 .\CortexM3\ARM_GCC_493\Debug\LCD.o
                0x00002804                ShowMessage
 .text.UnmapCode
                0x00002838       0x1c .\CortexM3\ARM_GCC_493\Debug\LCD.o
                0x00002838                UnmapCode
 .text.WriteLCD
                0x00002854       0xc8 .\CortexM3\ARM_GCC_493\Debug\LCD.o
                0x00002854                WriteLCD
 .text.alphanumeric_keyboard
                0x0000291c      0x48c .\CortexM3\ARM_GCC_493\Debug\keyboard.o
                0x0000291c                alphanumeric_keyboard
 .text.write_psoc1
                0x00002da8       0x48 .\CortexM3\ARM_GCC_493\Debug\I2C.o
                0x00002da8                write_psoc1
 .text.leer_fecha
                0x00002df0       0x5c .\CortexM3\ARM_GCC_493\Debug\I2C.o
                0x00002df0                leer_fecha
 .text.leer_hora
                0x00002e4c       0x5c .\CortexM3\ARM_GCC_493\Debug\I2C.o
                0x00002e4c                leer_hora
 .text.printLogoP
                0x00002ea8      0x1f0 .\CortexM3\ARM_GCC_493\Debug\Print.o
                0x00002ea8                printLogoP
 .text.imprimir
                0x00003098      0x824 .\CortexM3\ARM_GCC_493\Debug\Print.o
                0x00003098                imprimir
 .text.touch_present
                0x000038bc       0x84 .\CortexM3\ARM_GCC_493\Debug\ibuton.o
                0x000038bc                touch_present
 .text.touch_write
                0x00003940       0xd4 .\CortexM3\ARM_GCC_493\Debug\ibuton.o
                0x00003940                touch_write
 .text.touch_read_byte
                0x00003a14       0x78 .\CortexM3\ARM_GCC_493\Debug\ibuton.o
                0x00003a14                touch_read_byte
 .text.crc_check
                0x00003a8c       0x20 .\CortexM3\ARM_GCC_493\Debug\ibuton.o
                0x00003a8c                crc_check
 .text.IntDefaultHandler
                0x00003aac        0x4 .\CortexM3\ARM_GCC_493\Debug\Cm3Start.o
                0x00003aac                IntDefaultHandler
 .text.Start_c  0x00003ab0       0x4c .\CortexM3\ARM_GCC_493\Debug\Cm3Start.o
                0x00003ab0                Start_c
 .text.initialize_psoc
                0x00003afc       0x74 .\CortexM3\ARM_GCC_493\Debug\Cm3Start.o
                0x00003afc                initialize_psoc
 .text.CyClockStartupError
                0x00003b70        0x4 .\CortexM3\ARM_GCC_493\Debug\Design01.a(cyfitter_cfg.o)
 .text.cfg_write_bytes32
                0x00003b74       0x34 .\CortexM3\ARM_GCC_493\Debug\Design01.a(cyfitter_cfg.o)
 .text.AnalogSetDefault
                0x00003ba8       0x28 .\CortexM3\ARM_GCC_493\Debug\Design01.a(cyfitter_cfg.o)
 .text.CYMEMZERO
                0x00003bd0        0xc .\CortexM3\ARM_GCC_493\Debug\Design01.a(cyfitter_cfg.o)
 .text.ClockSetup
                0x00003bdc       0xf8 .\CortexM3\ARM_GCC_493\Debug\Design01.a(cyfitter_cfg.o)
 .text.CYCONFIGCPY
                0x00003cd4        0x8 .\CortexM3\ARM_GCC_493\Debug\Design01.a(cyfitter_cfg.o)
 .text.cyfitter_cfg
                0x00003cdc      0x13c .\CortexM3\ARM_GCC_493\Debug\Design01.a(cyfitter_cfg.o)
                0x00003cdc                cyfitter_cfg
 .text.Printer_Init
                0x00003e18       0x24 .\CortexM3\ARM_GCC_493\Debug\Design01.a(Printer.o)
                0x00003e18                Printer_Init
 .text.Printer_Enable
                0x00003e3c       0x38 .\CortexM3\ARM_GCC_493\Debug\Design01.a(Printer.o)
                0x00003e3c                Printer_Enable
 .text.Printer_Start
                0x00003e74       0x1c .\CortexM3\ARM_GCC_493\Debug\Design01.a(Printer.o)
                0x00003e74                Printer_Start
 .text.Display1_Init
                0x00003e90       0x44 .\CortexM3\ARM_GCC_493\Debug\Design01.a(Display1.o)
                0x00003e90                Display1_Init
 .text.Display1_Enable
                0x00003ed4       0x48 .\CortexM3\ARM_GCC_493\Debug\Design01.a(Display1.o)
                0x00003ed4                Display1_Enable
 .text.Display1_Start
                0x00003f1c       0x1c .\CortexM3\ARM_GCC_493\Debug\Design01.a(Display1.o)
                0x00003f1c                Display1_Start
 .text.Display1_GetRxBufferSize
                0x00003f38       0x5c .\CortexM3\ARM_GCC_493\Debug\Design01.a(Display1.o)
                0x00003f38                Display1_GetRxBufferSize
 .text.Display1_ClearRxBuffer
                0x00003f94       0x44 .\CortexM3\ARM_GCC_493\Debug\Design01.a(Display1.o)
                0x00003f94                Display1_ClearRxBuffer
 .text.Display1_PutChar
                0x00003fd8       0x18 .\CortexM3\ARM_GCC_493\Debug\Design01.a(Display1.o)
                0x00003fd8                Display1_PutChar
 .text.Display1_RXISR
                0x00003ff0       0x94 .\CortexM3\ARM_GCC_493\Debug\Design01.a(Display1_INT.o)
                0x00003ff0                Display1_RXISR
 .text.Display2_Init
                0x00004084       0x44 .\CortexM3\ARM_GCC_493\Debug\Design01.a(Display2.o)
                0x00004084                Display2_Init
 .text.Display2_Enable
                0x000040c8       0x44 .\CortexM3\ARM_GCC_493\Debug\Design01.a(Display2.o)
                0x000040c8                Display2_Enable
 .text.Display2_Start
                0x0000410c       0x1c .\CortexM3\ARM_GCC_493\Debug\Design01.a(Display2.o)
                0x0000410c                Display2_Start
 .text.Display2_GetRxBufferSize
                0x00004128       0x5c .\CortexM3\ARM_GCC_493\Debug\Design01.a(Display2.o)
                0x00004128                Display2_GetRxBufferSize
 .text.Display2_ClearRxBuffer
                0x00004184       0x44 .\CortexM3\ARM_GCC_493\Debug\Design01.a(Display2.o)
                0x00004184                Display2_ClearRxBuffer
 .text.Display2_PutChar
                0x000041c8       0x18 .\CortexM3\ARM_GCC_493\Debug\Design01.a(Display2.o)
                0x000041c8                Display2_PutChar
 .text.Display2_RXISR
                0x000041e0       0x94 .\CortexM3\ARM_GCC_493\Debug\Design01.a(Display2_INT.o)
                0x000041e0                Display2_RXISR
 .text.Display1_IntClock_Start
                0x00004274       0x1c .\CortexM3\ARM_GCC_493\Debug\Design01.a(Display1_IntClock.o)
                0x00004274                Display1_IntClock_Start
 .text.Display2_IntClock_Start
                0x00004290       0x1c .\CortexM3\ARM_GCC_493\Debug\Design01.a(Display2_IntClock.o)
                0x00004290                Display2_IntClock_Start
 *fill*         0x000042ac        0x4 
 .text          0x000042b0       0x20 .\CortexM3\ARM_GCC_493\Debug\Design01.a(CyBootAsmGnu.o)
                0x000042b0                CyDelayCycles
                0x000042c0                CyEnterCriticalSection
                0x000042c8                CyExitCriticalSection
 .text.CyHalt   0x000042d0        0x4 .\CortexM3\ARM_GCC_493\Debug\Design01.a(CyLib.o)
                0x000042d0                CyHalt
 .text.CyDelay  0x000042d4       0x2c .\CortexM3\ARM_GCC_493\Debug\Design01.a(CyLib.o)
                0x000042d4                CyDelay
 .text.CyDelayUs
                0x00004300       0x14 .\CortexM3\ARM_GCC_493\Debug\Design01.a(CyLib.o)
                0x00004300                CyDelayUs
 .text.CyWdtStart
                0x00004314       0x40 .\CortexM3\ARM_GCC_493\Debug\Design01.a(CyLib.o)
                0x00004314                CyWdtStart
 .text.CyWdtClear
                0x00004354        0xc .\CortexM3\ARM_GCC_493\Debug\Design01.a(CyLib.o)
                0x00004354                CyWdtClear
 .text.CyIntSetVector
                0x00004360       0x28 .\CortexM3\ARM_GCC_493\Debug\Design01.a(CyLib.o)
                0x00004360                CyIntSetVector
 .text.CyIntSetPriority
                0x00004388       0x30 .\CortexM3\ARM_GCC_493\Debug\Design01.a(CyLib.o)
                0x00004388                CyIntSetPriority
 .text.Printer_IntClock_Start
                0x000043b8       0x1c .\CortexM3\ARM_GCC_493\Debug\Design01.a(Printer_IntClock.o)
                0x000043b8                Printer_IntClock_Start
 .text.Pump_Init
                0x000043d4       0x44 .\CortexM3\ARM_GCC_493\Debug\Design01.a(Pump.o)
                0x000043d4                Pump_Init
 .text.Pump_Enable
                0x00004418       0x3c .\CortexM3\ARM_GCC_493\Debug\Design01.a(Pump.o)
                0x00004418                Pump_Enable
 .text.Pump_Start
                0x00004454       0x1c .\CortexM3\ARM_GCC_493\Debug\Design01.a(Pump.o)
                0x00004454                Pump_Start
 .text.Pump_ReadRxData
                0x00004470       0x64 .\CortexM3\ARM_GCC_493\Debug\Design01.a(Pump.o)
                0x00004470                Pump_ReadRxData
 .text.Pump_GetRxBufferSize
                0x000044d4       0x68 .\CortexM3\ARM_GCC_493\Debug\Design01.a(Pump.o)
                0x000044d4                Pump_GetRxBufferSize
 .text.Pump_ClearRxBuffer
                0x0000453c       0x44 .\CortexM3\ARM_GCC_493\Debug\Design01.a(Pump.o)
                0x0000453c                Pump_ClearRxBuffer
 .text.Pump_PutChar
                0x00004580       0x18 .\CortexM3\ARM_GCC_493\Debug\Design01.a(Pump.o)
                0x00004580                Pump_PutChar
 .text.Pump_RXISR
                0x00004598       0x98 .\CortexM3\ARM_GCC_493\Debug\Design01.a(Pump_INT.o)
                0x00004598                Pump_RXISR
 .text.EEPROM_1_Enable
                0x00004630        0xc .\CortexM3\ARM_GCC_493\Debug\Design01.a(EEPROM_1.o)
                0x00004630                EEPROM_1_Enable
 .text.EEPROM_1_Start
                0x0000463c        0x8 .\CortexM3\ARM_GCC_493\Debug\Design01.a(EEPROM_1.o)
                0x0000463c                EEPROM_1_Start
 .text.EEPROM_1_WriteByte
                0x00004644       0xd4 .\CortexM3\ARM_GCC_493\Debug\Design01.a(EEPROM_1.o)
                0x00004644                EEPROM_1_WriteByte
 .text.EEPROM_1_ReadByte
                0x00004718       0x28 .\CortexM3\ARM_GCC_493\Debug\Design01.a(EEPROM_1.o)
                0x00004718                EEPROM_1_ReadByte
 .text.I2C_Bus_Init
                0x00004740       0x58 .\CortexM3\ARM_GCC_493\Debug\Design01.a(I2C_Bus.o)
                0x00004740                I2C_Bus_Init
 .text.I2C_Bus_Enable
                0x00004798       0x24 .\CortexM3\ARM_GCC_493\Debug\Design01.a(I2C_Bus.o)
                0x00004798                I2C_Bus_Enable
 .text.I2C_Bus_Start
                0x000047bc       0x28 .\CortexM3\ARM_GCC_493\Debug\Design01.a(I2C_Bus.o)
                0x000047bc                I2C_Bus_Start
 .text.I2C_Bus_ISR
                0x000047e4      0x2d0 .\CortexM3\ARM_GCC_493\Debug\Design01.a(I2C_Bus_INT.o)
                0x000047e4                I2C_Bus_ISR
 .text.I2C_Bus_MasterSendStart
                0x00004ab4       0x80 .\CortexM3\ARM_GCC_493\Debug\Design01.a(I2C_Bus_MASTER.o)
                0x00004ab4                I2C_Bus_MasterSendStart
 .text.I2C_Bus_MasterSendStop
                0x00004b34       0x38 .\CortexM3\ARM_GCC_493\Debug\Design01.a(I2C_Bus_MASTER.o)
                0x00004b34                I2C_Bus_MasterSendStop
 .text.I2C_Bus_MasterWriteByte
                0x00004b6c       0x58 .\CortexM3\ARM_GCC_493\Debug\Design01.a(I2C_Bus_MASTER.o)
                0x00004b6c                I2C_Bus_MasterWriteByte
 .text.I2C_Bus_MasterReadByte
                0x00004bc4       0x58 .\CortexM3\ARM_GCC_493\Debug\Design01.a(I2C_Bus_MASTER.o)
                0x00004bc4                I2C_Bus_MasterReadByte
 .text.I2C_Bus_MasterClearStatus
                0x00004c1c       0x10 .\CortexM3\ARM_GCC_493\Debug\Design01.a(I2C_Bus_MASTER.o)
                0x00004c1c                I2C_Bus_MasterClearStatus
 .text.I2C_Bus_MasterClearReadBuf
                0x00004c2c       0x1c .\CortexM3\ARM_GCC_493\Debug\Design01.a(I2C_Bus_MASTER.o)
                0x00004c2c                I2C_Bus_MasterClearReadBuf
 .text.I2C_Bus_MasterClearWriteBuf
                0x00004c48       0x1c .\CortexM3\ARM_GCC_493\Debug\Design01.a(I2C_Bus_MASTER.o)
                0x00004c48                I2C_Bus_MasterClearWriteBuf
 .text.I2C_Bus_Workaround
                0x00004c64        0x4 .\CortexM3\ARM_GCC_493\Debug\Design01.a(I2C_Bus_MASTER.o)
                0x00004c64                I2C_Bus_Workaround
 .text.Timer_Animacion_Enable
                0x00004c68       0x28 .\CortexM3\ARM_GCC_493\Debug\Design01.a(Timer_Animacion.o)
                0x00004c68                Timer_Animacion_Enable
 .text.Timer_Animacion_Stop
                0x00004c90       0x28 .\CortexM3\ARM_GCC_493\Debug\Design01.a(Timer_Animacion.o)
                0x00004c90                Timer_Animacion_Stop
 .text.Timer_Animacion_SetInterruptMode
                0x00004cb8        0xc .\CortexM3\ARM_GCC_493\Debug\Design01.a(Timer_Animacion.o)
                0x00004cb8                Timer_Animacion_SetInterruptMode
 .text.Timer_Animacion_ReadStatusRegister
                0x00004cc4        0xc .\CortexM3\ARM_GCC_493\Debug\Design01.a(Timer_Animacion.o)
                0x00004cc4                Timer_Animacion_ReadStatusRegister
 .text.Timer_Animacion_WritePeriod
                0x00004cd0        0xc .\CortexM3\ARM_GCC_493\Debug\Design01.a(Timer_Animacion.o)
                0x00004cd0                Timer_Animacion_WritePeriod
 .text.Timer_Animacion_WriteCounter
                0x00004cdc        0xc .\CortexM3\ARM_GCC_493\Debug\Design01.a(Timer_Animacion.o)
                0x00004cdc                Timer_Animacion_WriteCounter
 .text.Timer_Animacion_Init
                0x00004ce8       0x68 .\CortexM3\ARM_GCC_493\Debug\Design01.a(Timer_Animacion.o)
                0x00004ce8                Timer_Animacion_Init
 .text.Timer_Animacion_Start
                0x00004d50       0x1c .\CortexM3\ARM_GCC_493\Debug\Design01.a(Timer_Animacion.o)
                0x00004d50                Timer_Animacion_Start
 .text.isr_3_SetVector
                0x00004d6c       0x10 .\CortexM3\ARM_GCC_493\Debug\Design01.a(isr_3.o)
                0x00004d6c                isr_3_SetVector
 .text.isr_3_SetPriority
                0x00004d7c       0x10 .\CortexM3\ARM_GCC_493\Debug\Design01.a(isr_3.o)
                0x00004d7c                isr_3_SetPriority
 .text.isr_3_Enable
                0x00004d8c       0x10 .\CortexM3\ARM_GCC_493\Debug\Design01.a(isr_3.o)
                0x00004d8c                isr_3_Enable
 .text.isr_3_Disable
                0x00004d9c       0x10 .\CortexM3\ARM_GCC_493\Debug\Design01.a(isr_3.o)
                0x00004d9c                isr_3_Disable
 .text.isr_3_StartEx
                0x00004dac       0x1c .\CortexM3\ARM_GCC_493\Debug\Design01.a(isr_3.o)
                0x00004dac                isr_3_StartEx
 .text.isr_3_Stop
                0x00004dc8       0x14 .\CortexM3\ARM_GCC_493\Debug\Design01.a(isr_3.o)
                0x00004dc8                isr_3_Stop
 .text.IB1_Write
                0x00004ddc       0x18 .\CortexM3\ARM_GCC_493\Debug\Design01.a(IB1.o)
                0x00004ddc                IB1_Write
 .text.IB1_Read
                0x00004df4       0x10 .\CortexM3\ARM_GCC_493\Debug\Design01.a(IB1.o)
                0x00004df4                IB1_Read
 .text.IB2_Write
                0x00004e04       0x18 .\CortexM3\ARM_GCC_493\Debug\Design01.a(IB2.o)
                0x00004e04                IB2_Write
 .text.IB2_Read
                0x00004e1c        0xc .\CortexM3\ARM_GCC_493\Debug\Design01.a(IB2.o)
                0x00004e1c                IB2_Read
 .text.RF_Connection_Init
                0x00004e28       0x44 .\CortexM3\ARM_GCC_493\Debug\Design01.a(RF_Connection.o)
                0x00004e28                RF_Connection_Init
 .text.RF_Connection_Enable
                0x00004e6c       0x44 .\CortexM3\ARM_GCC_493\Debug\Design01.a(RF_Connection.o)
                0x00004e6c                RF_Connection_Enable
 .text.RF_Connection_Start
                0x00004eb0       0x1c .\CortexM3\ARM_GCC_493\Debug\Design01.a(RF_Connection.o)
                0x00004eb0                RF_Connection_Start
 .text.RF_Connection_RXISR
                0x00004ecc       0x98 .\CortexM3\ARM_GCC_493\Debug\Design01.a(RF_Connection_INT.o)
                0x00004ecc                RF_Connection_RXISR
 .text.RF_Connection_IntClock_Start
                0x00004f64       0x1c .\CortexM3\ARM_GCC_493\Debug\Design01.a(RF_Connection_IntClock.o)
                0x00004f64                RF_Connection_IntClock_Start
 .text.CyFlashGetSpcAlgorithm
                0x00004f80       0x4c .\CortexM3\ARM_GCC_493\Debug\Design01.a(CyFlash.o)
 .text.CySetTempInt
                0x00004fcc       0x60 .\CortexM3\ARM_GCC_493\Debug\Design01.a(CyFlash.o)
 .text.CySetTemp
                0x0000502c       0x14 .\CortexM3\ARM_GCC_493\Debug\Design01.a(CyFlash.o)
                0x0000502c                CySetTemp
 .text.CyEEPROM_Start
                0x00005040       0x54 .\CortexM3\ARM_GCC_493\Debug\Design01.a(CyFlash.o)
                0x00005040                CyEEPROM_Start
 .text.CyEEPROM_ReadReserve
                0x00005094       0x1c .\CortexM3\ARM_GCC_493\Debug\Design01.a(CyFlash.o)
                0x00005094                CyEEPROM_ReadReserve
 .text.CyEEPROM_ReadRelease
                0x000050b0       0x10 .\CortexM3\ARM_GCC_493\Debug\Design01.a(CyFlash.o)
                0x000050b0                CyEEPROM_ReadRelease
 .text.CySpcStart
                0x000050c0       0x24 .\CortexM3\ARM_GCC_493\Debug\Design01.a(CySpc.o)
                0x000050c0                CySpcStart
 .text.CySpcReadData
                0x000050e4       0x34 .\CortexM3\ARM_GCC_493\Debug\Design01.a(CySpc.o)
                0x000050e4                CySpcReadData
 .text.CySpcLoadMultiByte
                0x00005118       0x78 .\CortexM3\ARM_GCC_493\Debug\Design01.a(CySpc.o)
                0x00005118                CySpcLoadMultiByte
 .text.CySpcWriteRow
                0x00005190       0x4c .\CortexM3\ARM_GCC_493\Debug\Design01.a(CySpc.o)
                0x00005190                CySpcWriteRow
 .text.CySpcGetTemp
                0x000051dc       0x3c .\CortexM3\ARM_GCC_493\Debug\Design01.a(CySpc.o)
                0x000051dc                CySpcGetTemp
 .text.CySpcLock
                0x00005218       0x4c .\CortexM3\ARM_GCC_493\Debug\Design01.a(CySpc.o)
                0x00005218                CySpcLock
 .text.CySpcUnlock
                0x00005264       0x38 .\CortexM3\ARM_GCC_493\Debug\Design01.a(CySpc.o)
                0x00005264                CySpcUnlock
 .text.CySpcGetAlgorithm
                0x0000529c       0x28 .\CortexM3\ARM_GCC_493\Debug\Design01.a(CySpc.o)
                0x0000529c                CySpcGetAlgorithm
 .text.atoi     0x000052c4        0x8 c:/program files (x86)/cypress/psoc creator/3.3/psoc creator/import/gnu/arm/4.9.3/bin/../lib/gcc/arm-none-eabi/4.9.3/../../../../arm-none-eabi/lib/armv7-m\libg_nano.a(lib_a-atoi.o)
                0x000052c4                atoi
 .text.__libc_init_array
                0x000052cc       0x4c c:/program files (x86)/cypress/psoc creator/3.3/psoc creator/import/gnu/arm/4.9.3/bin/../lib/gcc/arm-none-eabi/4.9.3/../../../../arm-none-eabi/lib/armv7-m\libg_nano.a(lib_a-init.o)
                0x000052cc                __libc_init_array
 .text.memcpy   0x00005318       0x16 c:/program files (x86)/cypress/psoc creator/3.3/psoc creator/import/gnu/arm/4.9.3/bin/../lib/gcc/arm-none-eabi/4.9.3/../../../../arm-none-eabi/lib/armv7-m\libg_nano.a(lib_a-memcpy.o)
                0x00005318                memcpy
 .text.memset   0x0000532e       0x10 c:/program files (x86)/cypress/psoc creator/3.3/psoc creator/import/gnu/arm/4.9.3/bin/../lib/gcc/arm-none-eabi/4.9.3/../../../../arm-none-eabi/lib/armv7-m\libg_nano.a(lib_a-memset.o)
                0x0000532e                memset
 *fill*         0x0000533e        0x2 
 .text._strtol_r
                0x00005340      0x10c c:/program files (x86)/cypress/psoc creator/3.3/psoc creator/import/gnu/arm/4.9.3/bin/../lib/gcc/arm-none-eabi/4.9.3/../../../../arm-none-eabi/lib/armv7-m\libg_nano.a(lib_a-strtol.o)
                0x00005340                _strtol_r
 .text.strtol   0x0000544c       0x1c c:/program files (x86)/cypress/psoc creator/3.3/psoc creator/import/gnu/arm/4.9.3/bin/../lib/gcc/arm-none-eabi/4.9.3/../../../../arm-none-eabi/lib/armv7-m\libg_nano.a(lib_a-strtol.o)
                0x0000544c                strtol
 *(.plt)
 *(.gnu.warning)
 *(.glue_7t)
 .glue_7t       0x00000000        0x0 linker stubs
 *(.glue_7)
 .glue_7        0x00000000        0x0 linker stubs
 *(.vfp11_veneer)
 .vfp11_veneer  0x00000000        0x0 linker stubs
 *(.bootloader)
 *(.ARM.extab* .gnu.linkonce.armextab.*)
 *(.gcc_except_table)

.v4_bx          0x00005468        0x0
 .v4_bx         0x00000000        0x0 linker stubs

.iplt           0x00005468        0x0
 .iplt          0x00000000        0x0 c:/program files (x86)/cypress/psoc creator/3.3/psoc creator/import/gnu/arm/4.9.3/bin/../lib/gcc/arm-none-eabi/4.9.3/armv7-m/crtbegin.o

.eh_frame_hdr
 *(.eh_frame_hdr)

.eh_frame       0x00005468        0x4
 *(.eh_frame)
 .eh_frame      0x00005468        0x0 c:/program files (x86)/cypress/psoc creator/3.3/psoc creator/import/gnu/arm/4.9.3/bin/../lib/gcc/arm-none-eabi/4.9.3/armv7-m/crtbegin.o
 .eh_frame      0x00005468        0x4 c:/program files (x86)/cypress/psoc creator/3.3/psoc creator/import/gnu/arm/4.9.3/bin/../lib/gcc/arm-none-eabi/4.9.3/armv7-m/crtend.o
                0x0000546c                PROVIDE (__exidx_start, .)

.ARM.exidx
 *(.ARM.exidx* .gnu.linkonce.armexidx.*)
                0x0000546c                __exidx_end = .

.rodata         0x0000546c     0x85d4
 *(.rodata .rodata.* .gnu.linkonce.r.*)
 .rodata        0x0000546c       0x68 .\CortexM3\ARM_GCC_493\Debug\main.o
 .rodata.str1.4
                0x000054d4       0x18 .\CortexM3\ARM_GCC_493\Debug\main.o
 .rodata        0x000054ec       0x40 .\CortexM3\ARM_GCC_493\Debug\LCD.o
 .rodata        0x0000552c     0x8364 .\CortexM3\ARM_GCC_493\Debug\Print.o
                0x0000552c                biomax
                0x00005b14                brio
                0x000060fc                cencosud
                0x000066e4                ecospetrol
                0x00006ccc                esso
                0x000072b4                National
                0x0000789c                mineroil
                0x00007c50                mobil
                0x00008004                petrobras
                0x000085ec                plus
                0x000088e0                terpel
                0x00008ec8                texaco
                0x000094b0                zeus
                0x000097a4                petromil
                0x00009d8c                biomax1
                0x0000a13c                brio1
                0x0000a4ec                cencosud1
                0x0000a89c                ecospetrol1
                0x0000ac4c                esso1
                0x0000affc                National1
                0x0000b3ac                mineroil1
                0x0000b75c                mobil1
                0x0000bb0c                petrobras1
                0x0000bebc                plus1
                0x0000c26c                terpel1
                0x0000c61c                texaco1
                0x0000c9cc                zeus1
                0x0000cd7c                petromil1
                0x0000d12c                exito1
                0x0000d4dc                exito
 .rodata        0x0000d890       0x78 .\CortexM3\ARM_GCC_493\Debug\Design01.a(cyfitter_cfg.o)
 .rodata.str1.1
                0x0000d908        0x2 c:/program files (x86)/cypress/psoc creator/3.3/psoc creator/import/gnu/arm/4.9.3/bin/../lib/gcc/arm-none-eabi/4.9.3/../../../../arm-none-eabi/lib/armv7-m\libg_nano.a(lib_a-impure.o)
 .rodata._ctype_
                0x0000d90a      0x101 c:/program files (x86)/cypress/psoc creator/3.3/psoc creator/import/gnu/arm/4.9.3/bin/../lib/gcc/arm-none-eabi/4.9.3/../../../../arm-none-eabi/lib/armv7-m\libg_nano.a(lib_a-ctype_.o)
                0x0000d90a                _ctype_
                0x0000da0c                . = ALIGN (0x4)
 *fill*         0x0000da0b        0x1 
 *(.init)
 .init          0x0000da0c        0x4 c:/program files (x86)/cypress/psoc creator/3.3/psoc creator/import/gnu/arm/4.9.3/bin/../lib/gcc/arm-none-eabi/4.9.3/armv7-m/crti.o
                0x0000da0c                _init
 .init          0x0000da10        0x8 c:/program files (x86)/cypress/psoc creator/3.3/psoc creator/import/gnu/arm/4.9.3/bin/../lib/gcc/arm-none-eabi/4.9.3/armv7-m/crtn.o
                0x0000da18                . = ALIGN (0x4)
                0x0000da18                __preinit_array_start = .
 *(.preinit_array)
                0x0000da18                __preinit_array_end = .
                0x0000da18                . = ALIGN (0x4)
                0x0000da18                __init_array_start = .
 *(SORT(.init_array.*))
 *(.init_array)
 .init_array    0x0000da18        0x4 c:/program files (x86)/cypress/psoc creator/3.3/psoc creator/import/gnu/arm/4.9.3/bin/../lib/gcc/arm-none-eabi/4.9.3/armv7-m/crtbegin.o
 .init_array    0x0000da1c        0x4 .\CortexM3\ARM_GCC_493\Debug\Cm3Start.o
                0x0000da20                __init_array_end = .
                0x0000da20                . = ALIGN (0x4)
 *(.fini)
 .fini          0x0000da20        0x4 c:/program files (x86)/cypress/psoc creator/3.3/psoc creator/import/gnu/arm/4.9.3/bin/../lib/gcc/arm-none-eabi/4.9.3/armv7-m/crti.o
                0x0000da20                _fini
 .fini          0x0000da24        0x8 c:/program files (x86)/cypress/psoc creator/3.3/psoc creator/import/gnu/arm/4.9.3/bin/../lib/gcc/arm-none-eabi/4.9.3/armv7-m/crtn.o
                0x0000da2c                . = ALIGN (0x4)
                0x0000da2c                __fini_array_start = .
 *(.fini_array)
 .fini_array    0x0000da2c        0x4 c:/program files (x86)/cypress/psoc creator/3.3/psoc creator/import/gnu/arm/4.9.3/bin/../lib/gcc/arm-none-eabi/4.9.3/armv7-m/crtbegin.o
 *(SORT(.fini_array.*))
                0x0000da30                __fini_array_end = .
                0x0000da30                . = ALIGN (0x4)
 *crtbegin.o(.ctors)
 *(EXCLUDE_FILE(*crtend.o) .ctors)
 *(SORT(.ctors.*))
 *crtend.o(.ctors)
                0x0000da30                . = ALIGN (0x4)
 *crtbegin.o(.dtors)
 *(EXCLUDE_FILE(*crtend.o) .dtors)
 *(SORT(.dtors.*))
 *crtend.o(.dtors)
                0x0000da30                . = ALIGN (0x4)
                0x0000da30                __cy_regions = .
                0x0000da30        0x4 LONG 0xda40 __cy_region_init_ram
                0x0000da34        0x4 LONG 0x1fff8108 __cy_region_start_data
                0x0000da38        0x4 LONG 0x2c8 __cy_region_init_size_ram
                0x0000da3c        0x4 LONG 0x1d90 __cy_region_zero_size_ram
                0x0000da40                __cy_regions_end = .
                0x0000da40                . = ALIGN (0x8)
                0x0000da40                _etext = .

.cy_checksum_exclude
                0x0000da40        0x0
 *(.cy_checksum_exclude)

.ramvectors     0x1fff8000      0x100
                0x1fff8000                __cy_region_start_ram = .
 *(.ramvectors)
 .ramvectors    0x1fff8000      0x100 .\CortexM3\ARM_GCC_493\Debug\Cm3Start.o
                0x1fff8000                CyRamVectors

.noinit         0x1fff8100        0x5
 *(.noinit)
 .noinit        0x1fff8100        0x4 .\CortexM3\ARM_GCC_493\Debug\Cm3Start.o
 .noinit        0x1fff8104        0x1 .\CortexM3\ARM_GCC_493\Debug\Design01.a(CyLib.o)
                0x1fff8104                CyResetStatus

.data           0x1fff8108      0x2c8 load address 0x0000da40
                0x1fff8108                __cy_region_start_data = .
 *(.jcr)
 .jcr           0x1fff8108        0x0 c:/program files (x86)/cypress/psoc creator/3.3/psoc creator/import/gnu/arm/4.9.3/bin/../lib/gcc/arm-none-eabi/4.9.3/armv7-m/crtbegin.o
 .jcr           0x1fff8108        0x4 c:/program files (x86)/cypress/psoc creator/3.3/psoc creator/import/gnu/arm/4.9.3/bin/../lib/gcc/arm-none-eabi/4.9.3/armv7-m/crtend.o
 *(.got.plt)
 *(.got)
 *(.shdata)
 *(.data .data.* .gnu.linkonce.d.*)
 .data          0x1fff810c       0x14 .\CortexM3\ARM_GCC_493\Debug\main.o
                0x1fff810c                MuxVersion
                0x1fff8118                passwordPump
 .data          0x1fff8120       0x54 .\CortexM3\ARM_GCC_493\Debug\LCD.o
                0x1fff8120                _g_charmaplut
 .data          0x1fff8174      0x1e4 .\CortexM3\ARM_GCC_493\Debug\Print.o
                0x1fff8174                SEPARATOR
                0x1fff8194                msn_fecha
                0x1fff81a4                msn_hora
                0x1fff81b4                msn_pos
                0x1fff81c4                msn_numero
                0x1fff81d4                PRN_PRODUCT
                0x1fff81e4                msn_ppu
                0x1fff81f4                PRN_CURRENCY
                0x1fff81f8                msn_vol
                0x1fff8208                msn_din
                0x1fff8218                msn_placa
                0x1fff8228                PRN_PRESET
                0x1fff8238                PRN_MILLEAGE
                0x1fff8248                PRN_SERIAL
                0x1fff8258                PRN_BALANCE
                0x1fff8268                PRN_COMPANY
                0x1fff8278                PRN_ACCOUNT
                0x1fff8288                PRN_VISITSDAY
                0x1fff8298                PRN_VISITSWEEK
                0x1fff82a8                PRN_VISITSMONTH
                0x1fff82b8                PRN_MONEYDAY
                0x1fff82c8                PRN_MONEYWEEK
                0x1fff82d8                PRN_MONEYMONTH
                0x1fff82e8                PRN_ACCOUNTTYPE
                0x1fff82f8                PRN_SIGNATURE
                0x1fff8308                PRN_ID
                0x1fff8318                PRN_VOLUMEMONTH
                0x1fff8328                PRN_VOLUMEWEEK
                0x1fff8338                PRN_VOLUMEDAY
                0x1fff8348                PRN_TRANSTYPE
 .data          0x1fff8358       0x10 .\CortexM3\ARM_GCC_493\Debug\Design01.a(CyLib.o)
                0x1fff8358                cydelay_32k_ms
                0x1fff835c                cydelay_freq_khz
                0x1fff8360                cydelay_freq_mhz
                0x1fff8364                cydelay_freq_hz
 .data.impure_data
                0x1fff8368       0x60 c:/program files (x86)/cypress/psoc creator/3.3/psoc creator/import/gnu/arm/4.9.3/bin/../lib/gcc/arm-none-eabi/4.9.3/../../../../arm-none-eabi/lib/armv7-m\libg_nano.a(lib_a-impure.o)
 .data._impure_ptr
                0x1fff83c8        0x4 c:/program files (x86)/cypress/psoc creator/3.3/psoc creator/import/gnu/arm/4.9.3/bin/../lib/gcc/arm-none-eabi/4.9.3/../../../../arm-none-eabi/lib/armv7-m\libg_nano.a(lib_a-impure.o)
                0x1fff83c8                _impure_ptr
 .data.__ctype_ptr__
                0x1fff83cc        0x4 c:/program files (x86)/cypress/psoc creator/3.3/psoc creator/import/gnu/arm/4.9.3/bin/../lib/gcc/arm-none-eabi/4.9.3/../../../../arm-none-eabi/lib/armv7-m\libg_nano.a(lib_a-ctype_.o)
                0x1fff83cc                __ctype_ptr__
                0x1fff83d0                . = ALIGN (0x8)
 *(.ram)
                0x1fff83d0                _edata = .

.igot.plt       0x1fff83d0        0x0 load address 0x0000dd08
 .igot.plt      0x00000000        0x0 c:/program files (x86)/cypress/psoc creator/3.3/psoc creator/import/gnu/arm/4.9.3/bin/../lib/gcc/arm-none-eabi/4.9.3/armv7-m/crtbegin.o

.bss            0x1fff83d0     0x1d90 load address 0x0000dd08
                0x1fff83d0                PROVIDE (__bss_start__, .)
 *(.shbss)
 *(.bss .bss.* .gnu.linkonce.b.*)
 .bss           0x1fff83d0       0x1c c:/program files (x86)/cypress/psoc creator/3.3/psoc creator/import/gnu/arm/4.9.3/bin/../lib/gcc/arm-none-eabi/4.9.3/armv7-m/crtbegin.o
 .bss           0x1fff83ec        0x2 .\CortexM3\ARM_GCC_493\Debug\Design01.a(Printer.o)
                0x1fff83ec                Printer_initVar
 .bss           0x1fff83ee        0x7 .\CortexM3\ARM_GCC_493\Debug\Design01.a(Display1.o)
                0x1fff83ee                Display1_errorStatus
                0x1fff83ef                Display1_initVar
                0x1fff83f0                Display1_rxBufferRead
                0x1fff83f1                Display1_rxBufferWrite
                0x1fff83f2                Display1_rxBufferLoopDetect
                0x1fff83f3                Display1_rxBufferOverflow
 .bss           0x1fff83f5        0x7 .\CortexM3\ARM_GCC_493\Debug\Design01.a(Display2.o)
                0x1fff83f5                Display2_errorStatus
                0x1fff83f6                Display2_initVar
                0x1fff83f7                Display2_rxBufferRead
                0x1fff83f8                Display2_rxBufferWrite
                0x1fff83f9                Display2_rxBufferLoopDetect
                0x1fff83fa                Display2_rxBufferOverflow
 .bss           0x1fff83fc        0xa .\CortexM3\ARM_GCC_493\Debug\Design01.a(Pump.o)
                0x1fff83fc                Pump_errorStatus
                0x1fff83fd                Pump_initVar
                0x1fff83fe                Pump_rxBufferRead
                0x1fff8400                Pump_rxBufferWrite
                0x1fff8402                Pump_rxBufferLoopDetect
                0x1fff8403                Pump_rxBufferOverflow
 .bss           0x1fff8406        0x1 .\CortexM3\ARM_GCC_493\Debug\Design01.a(I2C_Bus.o)
                0x1fff8406                I2C_Bus_initVar
 .bss           0x1fff8407        0x1 .\CortexM3\ARM_GCC_493\Debug\Design01.a(Timer_Animacion.o)
                0x1fff8407                Timer_Animacion_initVar
 .bss           0x1fff8408        0xa .\CortexM3\ARM_GCC_493\Debug\Design01.a(RF_Connection.o)
                0x1fff8408                RF_Connection_errorStatus
                0x1fff8409                RF_Connection_initVar
                0x1fff840a                RF_Connection_rxBufferRead
                0x1fff840c                RF_Connection_rxBufferWrite
                0x1fff840e                RF_Connection_rxBufferLoopDetect
                0x1fff840f                RF_Connection_rxBufferOverflow
 *fill*         0x1fff8412        0x2 
 .bss           0x1fff8414        0x8 .\CortexM3\ARM_GCC_493\Debug\Design01.a(CySpc.o)
                0x1fff8414                SpcLockState
 *(COMMON)
 *fill*         0x1fff841c        0x4 
 COMMON         0x1fff8420     0x1ae0 .\CortexM3\ARM_GCC_493\Debug\main.o
                0x1fff8420                idSeller
                0x1fff843c                delayPicture2
                0x1fff8440                side
                0x1fff884c                flagPoint2
                0x1fff884d                count_protector2
                0x1fff884e                hiddenKeys
                0x1fff884f                decimalVolume
                0x1fff8850                bufferDisplay1
                0x1fff8ad8                PrevStatePump
                0x1fff8adc                configAccess
                0x1fff8ae4                pumpGap
                0x1fff8ae8                screen
                0x1fff8aea                UnitType
                0x1fff8aeb                VolDec
                0x1fff8af0                countAnimation1
                0x1fff8af8                buffer_tx
                0x1fff90d4                flowDisplay3
                0x1fff90d8                bufferDisplay2
                0x1fff9360                MoneyDec
                0x1fff9364                residue
                0x1fff9372                flagResetMux
                0x1fff9373                PlateRequest
                0x1fff9374                passwordSeller
                0x1fff937c                lockTurn
                0x1fff937d                controlChar
                0x1fff9380                dateDownHandle
                0x1fff9383                PrinterType
                0x1fff9384                productNumber
                0x1fff9388                statePump
                0x1fff938c                symbols
                0x1fff9390                IDCast
                0x1fff9394                digits
                0x1fff9395                printPortB
                0x1fff9396                count_protector
                0x1fff9397                numberKeys1
                0x1fff9398                countAnimation2
                0x1fff93a0                countBeagleTX
                0x1fff93a8                flowDisplay1
                0x1fff93ac                bufferDisplay4
                0x1fff9634                ppux10
                0x1fff9638                flowDisplay2
                0x1fff963c                time
                0x1fff963f                flagPoint1
                0x1fff9640                VolUnit
                0x1fff9648                buffer_rf
                0x1fff9c24                intIDStation
                0x1fff9c28                bufferDisplay3
                0x1fff9eb0                idStation
                0x1fff9eb8                temporal
                0x1fff9ed6                PPUDec
                0x1fff9ed7                numberKeys2
                0x1fff9ed8                ConversionFactor
                0x1fff9edc                delayPicture1
                0x1fff9ee0                date
                0x1fff9ee8                countPump
                0x1fff9ef0                DDMode
                0x1fff9ef1                printPortA
                0x1fff9ef4                timeDownHandle
                0x1fff9ef8                flowDisplay4
                0x1fff9efc                NumPositions
                0x1fff9efd                stateBeagleSoft
                0x1fff9efe                decimalMoney
                0x1fff9eff                typeIdSeller
 COMMON         0x1fff9f00       0x20 .\CortexM3\ARM_GCC_493\Debug\Design01.a(Display1.o)
                0x1fff9f00                Display1_rxBuffer
 COMMON         0x1fff9f20       0x20 .\CortexM3\ARM_GCC_493\Debug\Design01.a(Display2.o)
                0x1fff9f20                Display2_rxBuffer
 COMMON         0x1fff9f40      0x100 .\CortexM3\ARM_GCC_493\Debug\Design01.a(Pump.o)
                0x1fff9f40                Pump_rxBuffer
 COMMON         0x1fffa040        0x1 .\CortexM3\ARM_GCC_493\Debug\Design01.a(I2C_Bus.o)
                0x1fffa040                I2C_Bus_state
 *fill*         0x1fffa041        0x3 
 COMMON         0x1fffa044       0x11 .\CortexM3\ARM_GCC_493\Debug\Design01.a(I2C_Bus_MASTER.o)
                0x1fffa044                I2C_Bus_mstrWrBufSize
                0x1fffa045                I2C_Bus_mstrControl
                0x1fffa046                I2C_Bus_mstrRdBufSize
                0x1fffa048                I2C_Bus_mstrRdBufPtr
                0x1fffa04c                I2C_Bus_mstrStatus
                0x1fffa04d                I2C_Bus_mstrWrBufIndex
                0x1fffa050                I2C_Bus_mstrWrBufPtr
                0x1fffa054                I2C_Bus_mstrRdBufIndex
 *fill*         0x1fffa055        0x3 
 COMMON         0x1fffa058      0x100 .\CortexM3\ARM_GCC_493\Debug\Design01.a(RF_Connection.o)
                0x1fffa058                RF_Connection_rxBuffer
 COMMON         0x1fffa158        0x2 .\CortexM3\ARM_GCC_493\Debug\Design01.a(CyFlash.o)
                0x1fffa158                dieTemperature
                0x1fffa160                . = ALIGN (0x8)
 *fill*         0x1fffa15a        0x6 
 *(.ram.b)
                0x1fffa160                _end = .
                0x1fffa160                __end = .
                0x1fffa160                PROVIDE (end, .)
                0x1fffa160                PROVIDE (__bss_end__, .)
                0x0000da40                __cy_region_init_ram = LOADADDR (.data)
                0x000002c8                __cy_region_init_size_ram = (_edata - ADDR (.data))
                0x00001d90                __cy_region_zero_size_ram = (_end - _edata)

.heap           0x1fffa160       0x80 load address 0x0000dd08
                0x1fffa160                . = _end
                0x1fffa1e0                . = (. + 0x80)
 *fill*         0x1fffa160       0x80 
                0x1fffa1e0                __cy_heap_limit = .

.stack          0x20007800      0x800
                0x20007800                __cy_stack_limit = .
                0x20008000                . = (. + 0x800)
 *fill*         0x20007800      0x800 
                0x00000001                ASSERT ((__cy_stack_limit >= __cy_heap_limit), region RAM overflowed with stack)
                0x00000000                cy_checksum_exclude_size = (CY_APPL_LOADABLE == 0x1)?SIZEOF (.cy_checksum_exclude):0x0
                0x00000001                ASSERT ((cy_checksum_exclude_size <= CY_CHECKSUM_EXCLUDE_SIZE), CY_BOOT: Section .cy_checksum_exclude size exceedes specified limit.)

.cyloadermeta
 *(.cyloadermeta)

.cyloadablemeta
 *(.cyloadablemeta)

.cyconfigecc    0x80000000     0x1064
 *(.cyconfigecc)
 .cyconfigecc   0x80000000     0x1064 .\CortexM3\ARM_GCC_493\Debug\cymetadata.o
                0x80000000                cy_meta_configecc

.cycustnvl      0x90000000        0x4
 *(.cycustnvl)
 .cycustnvl     0x90000000        0x4 .\CortexM3\ARM_GCC_493\Debug\cymetadata.o
                0x90000000                cy_meta_custnvl

.cywolatch      0x90100000        0x4
 *(.cywolatch)
 .cywolatch     0x90100000        0x4 .\CortexM3\ARM_GCC_493\Debug\cymetadata.o
                0x90100000                cy_meta_wonvl

.cyeeprom       0x90200000        0x0
 *(.cyeeprom)
                0x00000001                ASSERT ((. <= ((0x90200000 + ee_offset) + ee_size)), .cyeeprom data will not fit in EEPROM)

.cyflashprotect
                0x90400000      0x100
 *(.cyflashprotect)
 .cyflashprotect
                0x90400000      0x100 .\CortexM3\ARM_GCC_493\Debug\cymetadata.o
                0x90400000                cy_meta_flashprotect

.cymeta         0x90500000        0xc
 *(.cymeta)
 .cymeta        0x90500000        0xc .\CortexM3\ARM_GCC_493\Debug\cymetadata.o
                0x90500000                cy_metadata

.rel.dyn        0x0000dd08        0x0 load address 0x9050000c
 .rel.iplt      0x00000000        0x0 c:/program files (x86)/cypress/psoc creator/3.3/psoc creator/import/gnu/arm/4.9.3/bin/../lib/gcc/arm-none-eabi/4.9.3/armv7-m/crtbegin.o

.stab
 *(.stab)

.stabstr
 *(.stabstr)

.debug
 *(.debug)

.line
 *(.line)

.debug_srcinfo
 *(.debug_srcinfo)

.debug_sfnames
 *(.debug_sfnames)

.debug_aranges  0x00000000     0x1188
 *(.debug_aranges)
 .debug_aranges
                0x00000000       0x88 .\CortexM3\ARM_GCC_493\Debug\main.o
 .debug_aranges
                0x00000088       0x58 .\CortexM3\ARM_GCC_493\Debug\protocol.o
 .debug_aranges
                0x000000e0       0x48 .\CortexM3\ARM_GCC_493\Debug\LCD.o
 .debug_aranges
                0x00000128       0x20 .\CortexM3\ARM_GCC_493\Debug\keyboard.o
 .debug_aranges
                0x00000148       0x30 .\CortexM3\ARM_GCC_493\Debug\I2C.o
 .debug_aranges
                0x00000178       0x30 .\CortexM3\ARM_GCC_493\Debug\Print.o
 .debug_aranges
                0x000001a8       0x38 .\CortexM3\ARM_GCC_493\Debug\ibuton.o
 .debug_aranges
                0x000001e0       0x28 .\CortexM3\ARM_GCC_493\Debug\RFPoll.o
 .debug_aranges
                0x00000208       0x18 .\CortexM3\ARM_GCC_493\Debug\cymetadata.o
 .debug_aranges
                0x00000220       0x48 .\CortexM3\ARM_GCC_493\Debug\Cm3Start.o
 .debug_aranges
                0x00000268       0x58 .\CortexM3\ARM_GCC_493\Debug\Design01.a(cyfitter_cfg.o)
 .debug_aranges
                0x000002c0       0xf0 .\CortexM3\ARM_GCC_493\Debug\Design01.a(Printer.o)
 .debug_aranges
                0x000003b0       0xf0 .\CortexM3\ARM_GCC_493\Debug\Design01.a(Display1.o)
 .debug_aranges
                0x000004a0       0x20 .\CortexM3\ARM_GCC_493\Debug\Design01.a(Display1_INT.o)
 .debug_aranges
                0x000004c0       0xf0 .\CortexM3\ARM_GCC_493\Debug\Design01.a(Display2.o)
 .debug_aranges
                0x000005b0       0x20 .\CortexM3\ARM_GCC_493\Debug\Design01.a(Display2_INT.o)
 .debug_aranges
                0x000005d0       0x70 .\CortexM3\ARM_GCC_493\Debug\Design01.a(Display1_IntClock.o)
 .debug_aranges
                0x00000640       0x70 .\CortexM3\ARM_GCC_493\Debug\Design01.a(Display2_IntClock.o)
 .debug_aranges
                0x000006b0       0x20 .\CortexM3\ARM_GCC_493\Debug\Design01.a(CyBootAsmGnu.o)
 .debug_aranges
                0x000006d0      0x298 .\CortexM3\ARM_GCC_493\Debug\Design01.a(CyLib.o)
 .debug_aranges
                0x00000968       0x98 .\CortexM3\ARM_GCC_493\Debug\Design01.a(cyPm.o)
 .debug_aranges
                0x00000a00       0x70 .\CortexM3\ARM_GCC_493\Debug\Design01.a(Printer_IntClock.o)
 .debug_aranges
                0x00000a70       0xf0 .\CortexM3\ARM_GCC_493\Debug\Design01.a(Pump.o)
 .debug_aranges
                0x00000b60       0x20 .\CortexM3\ARM_GCC_493\Debug\Design01.a(Pump_INT.o)
 .debug_aranges
                0x00000b80       0x78 .\CortexM3\ARM_GCC_493\Debug\Design01.a(EEPROM_1.o)
 .debug_aranges
                0x00000bf8       0x38 .\CortexM3\ARM_GCC_493\Debug\Design01.a(I2C_Bus.o)
 .debug_aranges
                0x00000c30       0x20 .\CortexM3\ARM_GCC_493\Debug\Design01.a(I2C_Bus_INT.o)
 .debug_aranges
                0x00000c50       0x38 .\CortexM3\ARM_GCC_493\Debug\Design01.a(I2C_Bus_PM.o)
 .debug_aranges
                0x00000c88       0x88 .\CortexM3\ARM_GCC_493\Debug\Design01.a(I2C_Bus_MASTER.o)
 .debug_aranges
                0x00000d10       0x88 .\CortexM3\ARM_GCC_493\Debug\Design01.a(Timer_Animacion.o)
 .debug_aranges
                0x00000d98       0x80 .\CortexM3\ARM_GCC_493\Debug\Design01.a(isr_3.o)
 .debug_aranges
                0x00000e18       0x88 .\CortexM3\ARM_GCC_493\Debug\Design01.a(Timer_Animacion2.o)
 .debug_aranges
                0x00000ea0       0x38 .\CortexM3\ARM_GCC_493\Debug\Design01.a(IB1.o)
 .debug_aranges
                0x00000ed8       0x38 .\CortexM3\ARM_GCC_493\Debug\Design01.a(IB2.o)
 .debug_aranges
                0x00000f10       0xf0 .\CortexM3\ARM_GCC_493\Debug\Design01.a(RF_Connection.o)
 .debug_aranges
                0x00001000       0x20 .\CortexM3\ARM_GCC_493\Debug\Design01.a(RF_Connection_INT.o)
 .debug_aranges
                0x00001020       0x70 .\CortexM3\ARM_GCC_493\Debug\Design01.a(RF_Connection_IntClock.o)
 .debug_aranges
                0x00001090       0x80 .\CortexM3\ARM_GCC_493\Debug\Design01.a(CyFlash.o)
 .debug_aranges
                0x00001110       0x78 .\CortexM3\ARM_GCC_493\Debug\Design01.a(CySpc.o)

.debug_pubnames
 *(.debug_pubnames)

.debug_info     0x00000000    0x119dd
 *(.debug_info .gnu.linkonce.wi.*)
 .debug_info    0x00000000     0x2cb4 .\CortexM3\ARM_GCC_493\Debug\main.o
 .debug_info    0x00002cb4     0x1167 .\CortexM3\ARM_GCC_493\Debug\protocol.o
 .debug_info    0x00003e1b      0xe8c .\CortexM3\ARM_GCC_493\Debug\LCD.o
 .debug_info    0x00004ca7      0xef7 .\CortexM3\ARM_GCC_493\Debug\keyboard.o
 .debug_info    0x00005b9e      0xcb0 .\CortexM3\ARM_GCC_493\Debug\I2C.o
 .debug_info    0x0000684e     0x1e4d .\CortexM3\ARM_GCC_493\Debug\Print.o
 .debug_info    0x0000869b      0x575 .\CortexM3\ARM_GCC_493\Debug\ibuton.o
 .debug_info    0x00008c10      0xc36 .\CortexM3\ARM_GCC_493\Debug\RFPoll.o
 .debug_info    0x00009846      0x13f .\CortexM3\ARM_GCC_493\Debug\cymetadata.o
 .debug_info    0x00009985      0x3a5 .\CortexM3\ARM_GCC_493\Debug\Cm3Start.o
 .debug_info    0x00009d2a      0x5fc .\CortexM3\ARM_GCC_493\Debug\Design01.a(cyfitter_cfg.o)
 .debug_info    0x0000a326      0x603 .\CortexM3\ARM_GCC_493\Debug\Design01.a(Printer.o)
 .debug_info    0x0000a929      0x751 .\CortexM3\ARM_GCC_493\Debug\Design01.a(Display1.o)
 .debug_info    0x0000b07a      0x145 .\CortexM3\ARM_GCC_493\Debug\Design01.a(Display1_INT.o)
 .debug_info    0x0000b1bf      0x751 .\CortexM3\ARM_GCC_493\Debug\Design01.a(Display2.o)
 .debug_info    0x0000b910      0x145 .\CortexM3\ARM_GCC_493\Debug\Design01.a(Display2_INT.o)
 .debug_info    0x0000ba55      0x283 .\CortexM3\ARM_GCC_493\Debug\Design01.a(Display1_IntClock.o)
 .debug_info    0x0000bcd8      0x283 .\CortexM3\ARM_GCC_493\Debug\Design01.a(Display2_IntClock.o)
 .debug_info    0x0000bf5b       0x96 .\CortexM3\ARM_GCC_493\Debug\Design01.a(CyBootAsmGnu.o)
 .debug_info    0x0000bff1     0x1371 .\CortexM3\ARM_GCC_493\Debug\Design01.a(CyLib.o)
 .debug_info    0x0000d362      0xa58 .\CortexM3\ARM_GCC_493\Debug\Design01.a(cyPm.o)
 .debug_info    0x0000ddba      0x283 .\CortexM3\ARM_GCC_493\Debug\Design01.a(Printer_IntClock.o)
 .debug_info    0x0000e03d      0x724 .\CortexM3\ARM_GCC_493\Debug\Design01.a(Pump.o)
 .debug_info    0x0000e761      0x156 .\CortexM3\ARM_GCC_493\Debug\Design01.a(Pump_INT.o)
 .debug_info    0x0000e8b7      0x668 .\CortexM3\ARM_GCC_493\Debug\Design01.a(EEPROM_1.o)
 .debug_info    0x0000ef1f      0x2d7 .\CortexM3\ARM_GCC_493\Debug\Design01.a(I2C_Bus.o)
 .debug_info    0x0000f1f6      0x193 .\CortexM3\ARM_GCC_493\Debug\Design01.a(I2C_Bus_INT.o)
 .debug_info    0x0000f389      0x1f2 .\CortexM3\ARM_GCC_493\Debug\Design01.a(I2C_Bus_PM.o)
 .debug_info    0x0000f57b      0x412 .\CortexM3\ARM_GCC_493\Debug\Design01.a(I2C_Bus_MASTER.o)
 .debug_info    0x0000f98d      0x28e .\CortexM3\ARM_GCC_493\Debug\Design01.a(Timer_Animacion.o)
 .debug_info    0x0000fc1b      0x2cb .\CortexM3\ARM_GCC_493\Debug\Design01.a(isr_3.o)
 .debug_info    0x0000fee6      0x28e .\CortexM3\ARM_GCC_493\Debug\Design01.a(Timer_Animacion2.o)
 .debug_info    0x00010174      0x11f .\CortexM3\ARM_GCC_493\Debug\Design01.a(IB1.o)
 .debug_info    0x00010293      0x121 .\CortexM3\ARM_GCC_493\Debug\Design01.a(IB2.o)
 .debug_info    0x000103b4      0x756 .\CortexM3\ARM_GCC_493\Debug\Design01.a(RF_Connection.o)
 .debug_info    0x00010b0a      0x156 .\CortexM3\ARM_GCC_493\Debug\Design01.a(RF_Connection_INT.o)
 .debug_info    0x00010c60      0x283 .\CortexM3\ARM_GCC_493\Debug\Design01.a(RF_Connection_IntClock.o)
 .debug_info    0x00010ee3      0x60a .\CortexM3\ARM_GCC_493\Debug\Design01.a(CyFlash.o)
 .debug_info    0x000114ed      0x4f0 .\CortexM3\ARM_GCC_493\Debug\Design01.a(CySpc.o)

.debug_abbrev   0x00000000     0x35f4
 *(.debug_abbrev)
 .debug_abbrev  0x00000000      0x23c .\CortexM3\ARM_GCC_493\Debug\main.o
 .debug_abbrev  0x0000023c      0x27c .\CortexM3\ARM_GCC_493\Debug\protocol.o
 .debug_abbrev  0x000004b8      0x1b9 .\CortexM3\ARM_GCC_493\Debug\LCD.o
 .debug_abbrev  0x00000671      0x193 .\CortexM3\ARM_GCC_493\Debug\keyboard.o
 .debug_abbrev  0x00000804      0x1be .\CortexM3\ARM_GCC_493\Debug\I2C.o
 .debug_abbrev  0x000009c2      0x1cd .\CortexM3\ARM_GCC_493\Debug\Print.o
 .debug_abbrev  0x00000b8f      0x11f .\CortexM3\ARM_GCC_493\Debug\ibuton.o
 .debug_abbrev  0x00000cae      0x1f2 .\CortexM3\ARM_GCC_493\Debug\RFPoll.o
 .debug_abbrev  0x00000ea0       0x77 .\CortexM3\ARM_GCC_493\Debug\cymetadata.o
 .debug_abbrev  0x00000f17      0x20f .\CortexM3\ARM_GCC_493\Debug\Cm3Start.o
 .debug_abbrev  0x00001126      0x212 .\CortexM3\ARM_GCC_493\Debug\Design01.a(cyfitter_cfg.o)
 .debug_abbrev  0x00001338      0x1a2 .\CortexM3\ARM_GCC_493\Debug\Design01.a(Printer.o)
 .debug_abbrev  0x000014da      0x1b8 .\CortexM3\ARM_GCC_493\Debug\Design01.a(Display1.o)
 .debug_abbrev  0x00001692       0x8a .\CortexM3\ARM_GCC_493\Debug\Design01.a(Display1_INT.o)
 .debug_abbrev  0x0000171c      0x1b8 .\CortexM3\ARM_GCC_493\Debug\Design01.a(Display2.o)
 .debug_abbrev  0x000018d4       0x8a .\CortexM3\ARM_GCC_493\Debug\Design01.a(Display2_INT.o)
 .debug_abbrev  0x0000195e      0x139 .\CortexM3\ARM_GCC_493\Debug\Design01.a(Display1_IntClock.o)
 .debug_abbrev  0x00001a97      0x139 .\CortexM3\ARM_GCC_493\Debug\Design01.a(Display2_IntClock.o)
 .debug_abbrev  0x00001bd0       0x14 .\CortexM3\ARM_GCC_493\Debug\Design01.a(CyBootAsmGnu.o)
 .debug_abbrev  0x00001be4      0x296 .\CortexM3\ARM_GCC_493\Debug\Design01.a(CyLib.o)
 .debug_abbrev  0x00001e7a      0x1ed .\CortexM3\ARM_GCC_493\Debug\Design01.a(cyPm.o)
 .debug_abbrev  0x00002067      0x139 .\CortexM3\ARM_GCC_493\Debug\Design01.a(Printer_IntClock.o)
 .debug_abbrev  0x000021a0      0x1b8 .\CortexM3\ARM_GCC_493\Debug\Design01.a(Pump.o)
 .debug_abbrev  0x00002358       0x8a .\CortexM3\ARM_GCC_493\Debug\Design01.a(Pump_INT.o)
 .debug_abbrev  0x000023e2      0x1a3 .\CortexM3\ARM_GCC_493\Debug\Design01.a(EEPROM_1.o)
 .debug_abbrev  0x00002585      0x159 .\CortexM3\ARM_GCC_493\Debug\Design01.a(I2C_Bus.o)
 .debug_abbrev  0x000026de       0xdb .\CortexM3\ARM_GCC_493\Debug\Design01.a(I2C_Bus_INT.o)
 .debug_abbrev  0x000027b9      0x12b .\CortexM3\ARM_GCC_493\Debug\Design01.a(I2C_Bus_PM.o)
 .debug_abbrev  0x000028e4      0x13c .\CortexM3\ARM_GCC_493\Debug\Design01.a(I2C_Bus_MASTER.o)
 .debug_abbrev  0x00002a20      0x11a .\CortexM3\ARM_GCC_493\Debug\Design01.a(Timer_Animacion.o)
 .debug_abbrev  0x00002b3a      0x173 .\CortexM3\ARM_GCC_493\Debug\Design01.a(isr_3.o)
 .debug_abbrev  0x00002cad      0x11a .\CortexM3\ARM_GCC_493\Debug\Design01.a(Timer_Animacion2.o)
 .debug_abbrev  0x00002dc7       0x90 .\CortexM3\ARM_GCC_493\Debug\Design01.a(IB1.o)
 .debug_abbrev  0x00002e57       0x90 .\CortexM3\ARM_GCC_493\Debug\Design01.a(IB2.o)
 .debug_abbrev  0x00002ee7      0x1b8 .\CortexM3\ARM_GCC_493\Debug\Design01.a(RF_Connection.o)
 .debug_abbrev  0x0000309f       0x8a .\CortexM3\ARM_GCC_493\Debug\Design01.a(RF_Connection_INT.o)
 .debug_abbrev  0x00003129      0x139 .\CortexM3\ARM_GCC_493\Debug\Design01.a(RF_Connection_IntClock.o)
 .debug_abbrev  0x00003262      0x1d1 .\CortexM3\ARM_GCC_493\Debug\Design01.a(CyFlash.o)
 .debug_abbrev  0x00003433      0x1c1 .\CortexM3\ARM_GCC_493\Debug\Design01.a(CySpc.o)

.debug_line     0x00000000     0x59f0
 *(.debug_line)
 .debug_line    0x00000000      0x924 .\CortexM3\ARM_GCC_493\Debug\main.o
 .debug_line    0x00000924      0x55c .\CortexM3\ARM_GCC_493\Debug\protocol.o
 .debug_line    0x00000e80      0x277 .\CortexM3\ARM_GCC_493\Debug\LCD.o
 .debug_line    0x000010f7      0x241 .\CortexM3\ARM_GCC_493\Debug\keyboard.o
 .debug_line    0x00001338      0x212 .\CortexM3\ARM_GCC_493\Debug\I2C.o
 .debug_line    0x0000154a      0x787 .\CortexM3\ARM_GCC_493\Debug\Print.o
 .debug_line    0x00001cd1      0x299 .\CortexM3\ARM_GCC_493\Debug\ibuton.o
 .debug_line    0x00001f6a      0x1f1 .\CortexM3\ARM_GCC_493\Debug\RFPoll.o
 .debug_line    0x0000215b       0x53 .\CortexM3\ARM_GCC_493\Debug\cymetadata.o
 .debug_line    0x000021ae      0x249 .\CortexM3\ARM_GCC_493\Debug\Cm3Start.o
 .debug_line    0x000023f7      0x20b .\CortexM3\ARM_GCC_493\Debug\Design01.a(cyfitter_cfg.o)
 .debug_line    0x00002602      0x2c4 .\CortexM3\ARM_GCC_493\Debug\Design01.a(Printer.o)
 .debug_line    0x000028c6      0x30c .\CortexM3\ARM_GCC_493\Debug\Design01.a(Display1.o)
 .debug_line    0x00002bd2       0x8a .\CortexM3\ARM_GCC_493\Debug\Design01.a(Display1_INT.o)
 .debug_line    0x00002c5c      0x30c .\CortexM3\ARM_GCC_493\Debug\Design01.a(Display2.o)
 .debug_line    0x00002f68       0x8a .\CortexM3\ARM_GCC_493\Debug\Design01.a(Display2_INT.o)
 .debug_line    0x00002ff2      0x199 .\CortexM3\ARM_GCC_493\Debug\Design01.a(Display1_IntClock.o)
 .debug_line    0x0000318b      0x199 .\CortexM3\ARM_GCC_493\Debug\Design01.a(Display2_IntClock.o)
 .debug_line    0x00003324       0x68 .\CortexM3\ARM_GCC_493\Debug\Design01.a(CyBootAsmGnu.o)
 .debug_line    0x0000338c      0x806 .\CortexM3\ARM_GCC_493\Debug\Design01.a(CyLib.o)
 .debug_line    0x00003b92      0x366 .\CortexM3\ARM_GCC_493\Debug\Design01.a(cyPm.o)
 .debug_line    0x00003ef8      0x198 .\CortexM3\ARM_GCC_493\Debug\Design01.a(Printer_IntClock.o)
 .debug_line    0x00004090      0x2f1 .\CortexM3\ARM_GCC_493\Debug\Design01.a(Pump.o)
 .debug_line    0x00004381       0x83 .\CortexM3\ARM_GCC_493\Debug\Design01.a(Pump_INT.o)
 .debug_line    0x00004404      0x268 .\CortexM3\ARM_GCC_493\Debug\Design01.a(EEPROM_1.o)
 .debug_line    0x0000466c       0xe4 .\CortexM3\ARM_GCC_493\Debug\Design01.a(I2C_Bus.o)
 .debug_line    0x00004750      0x130 .\CortexM3\ARM_GCC_493\Debug\Design01.a(I2C_Bus_INT.o)
 .debug_line    0x00004880       0xc8 .\CortexM3\ARM_GCC_493\Debug\Design01.a(I2C_Bus_PM.o)
 .debug_line    0x00004948      0x207 .\CortexM3\ARM_GCC_493\Debug\Design01.a(I2C_Bus_MASTER.o)
 .debug_line    0x00004b4f      0x15f .\CortexM3\ARM_GCC_493\Debug\Design01.a(Timer_Animacion.o)
 .debug_line    0x00004cae      0x14b .\CortexM3\ARM_GCC_493\Debug\Design01.a(isr_3.o)
 .debug_line    0x00004df9      0x160 .\CortexM3\ARM_GCC_493\Debug\Design01.a(Timer_Animacion2.o)
 .debug_line    0x00004f59       0x92 .\CortexM3\ARM_GCC_493\Debug\Design01.a(IB1.o)
 .debug_line    0x00004feb       0x92 .\CortexM3\ARM_GCC_493\Debug\Design01.a(IB2.o)
 .debug_line    0x0000507d      0x316 .\CortexM3\ARM_GCC_493\Debug\Design01.a(RF_Connection.o)
 .debug_line    0x00005393       0x95 .\CortexM3\ARM_GCC_493\Debug\Design01.a(RF_Connection_INT.o)
 .debug_line    0x00005428      0x19e .\CortexM3\ARM_GCC_493\Debug\Design01.a(RF_Connection_IntClock.o)
 .debug_line    0x000055c6      0x1ec .\CortexM3\ARM_GCC_493\Debug\Design01.a(CyFlash.o)
 .debug_line    0x000057b2      0x23e .\CortexM3\ARM_GCC_493\Debug\Design01.a(CySpc.o)

.debug_frame    0x00000000     0x2ba0
 *(.debug_frame)
 .debug_frame   0x00000000      0x1b4 .\CortexM3\ARM_GCC_493\Debug\main.o
 .debug_frame   0x000001b4      0x110 .\CortexM3\ARM_GCC_493\Debug\protocol.o
 .debug_frame   0x000002c4       0xf4 .\CortexM3\ARM_GCC_493\Debug\LCD.o
 .debug_frame   0x000003b8       0x38 .\CortexM3\ARM_GCC_493\Debug\keyboard.o
 .debug_frame   0x000003f0       0x70 .\CortexM3\ARM_GCC_493\Debug\I2C.o
 .debug_frame   0x00000460       0x70 .\CortexM3\ARM_GCC_493\Debug\Print.o
 .debug_frame   0x000004d0       0x7c .\CortexM3\ARM_GCC_493\Debug\ibuton.o
 .debug_frame   0x0000054c       0x50 .\CortexM3\ARM_GCC_493\Debug\RFPoll.o
 .debug_frame   0x0000059c       0xac .\CortexM3\ARM_GCC_493\Debug\Cm3Start.o
 .debug_frame   0x00000648       0xe4 .\CortexM3\ARM_GCC_493\Debug\Design01.a(cyfitter_cfg.o)
 .debug_frame   0x0000072c      0x250 .\CortexM3\ARM_GCC_493\Debug\Design01.a(Printer.o)
 .debug_frame   0x0000097c      0x25c .\CortexM3\ARM_GCC_493\Debug\Design01.a(Display1.o)
 .debug_frame   0x00000bd8       0x20 .\CortexM3\ARM_GCC_493\Debug\Design01.a(Display1_INT.o)
 .debug_frame   0x00000bf8      0x25c .\CortexM3\ARM_GCC_493\Debug\Design01.a(Display2.o)
 .debug_frame   0x00000e54       0x20 .\CortexM3\ARM_GCC_493\Debug\Design01.a(Display2_INT.o)
 .debug_frame   0x00000e74       0xe0 .\CortexM3\ARM_GCC_493\Debug\Design01.a(Display1_IntClock.o)
 .debug_frame   0x00000f54       0xe0 .\CortexM3\ARM_GCC_493\Debug\Design01.a(Display2_IntClock.o)
 .debug_frame   0x00001034      0x728 .\CortexM3\ARM_GCC_493\Debug\Design01.a(CyLib.o)
 .debug_frame   0x0000175c      0x1f8 .\CortexM3\ARM_GCC_493\Debug\Design01.a(cyPm.o)
 .debug_frame   0x00001954       0xe0 .\CortexM3\ARM_GCC_493\Debug\Design01.a(Printer_IntClock.o)
 .debug_frame   0x00001a34      0x25c .\CortexM3\ARM_GCC_493\Debug\Design01.a(Pump.o)
 .debug_frame   0x00001c90       0x20 .\CortexM3\ARM_GCC_493\Debug\Design01.a(Pump_INT.o)
 .debug_frame   0x00001cb0      0x17c .\CortexM3\ARM_GCC_493\Debug\Design01.a(EEPROM_1.o)
 .debug_frame   0x00001e2c       0x8c .\CortexM3\ARM_GCC_493\Debug\Design01.a(I2C_Bus.o)
 .debug_frame   0x00001eb8       0x30 .\CortexM3\ARM_GCC_493\Debug\Design01.a(I2C_Bus_INT.o)
 .debug_frame   0x00001ee8       0x74 .\CortexM3\ARM_GCC_493\Debug\Design01.a(I2C_Bus_PM.o)
 .debug_frame   0x00001f5c      0x120 .\CortexM3\ARM_GCC_493\Debug\Design01.a(I2C_Bus_MASTER.o)
 .debug_frame   0x0000207c      0x108 .\CortexM3\ARM_GCC_493\Debug\Design01.a(Timer_Animacion.o)
 .debug_frame   0x00002184      0x104 .\CortexM3\ARM_GCC_493\Debug\Design01.a(isr_3.o)
 .debug_frame   0x00002288      0x108 .\CortexM3\ARM_GCC_493\Debug\Design01.a(Timer_Animacion2.o)
 .debug_frame   0x00002390       0x50 .\CortexM3\ARM_GCC_493\Debug\Design01.a(IB1.o)
 .debug_frame   0x000023e0       0x50 .\CortexM3\ARM_GCC_493\Debug\Design01.a(IB2.o)
 .debug_frame   0x00002430      0x25c .\CortexM3\ARM_GCC_493\Debug\Design01.a(RF_Connection.o)
 .debug_frame   0x0000268c       0x20 .\CortexM3\ARM_GCC_493\Debug\Design01.a(RF_Connection_INT.o)
 .debug_frame   0x000026ac       0xe0 .\CortexM3\ARM_GCC_493\Debug\Design01.a(RF_Connection_IntClock.o)
 .debug_frame   0x0000278c      0x174 .\CortexM3\ARM_GCC_493\Debug\Design01.a(CyFlash.o)
 .debug_frame   0x00002900      0x160 .\CortexM3\ARM_GCC_493\Debug\Design01.a(CySpc.o)
 .debug_frame   0x00002a60       0x30 c:/program files (x86)/cypress/psoc creator/3.3/psoc creator/import/gnu/arm/4.9.3/bin/../lib/gcc/arm-none-eabi/4.9.3/../../../../arm-none-eabi/lib/armv7-m\libg_nano.a(lib_a-atoi.o)
 .debug_frame   0x00002a90       0x20 c:/program files (x86)/cypress/psoc creator/3.3/psoc creator/import/gnu/arm/4.9.3/bin/../lib/gcc/arm-none-eabi/4.9.3/../../../../arm-none-eabi/lib/armv7-m\libg_nano.a(lib_a-errno.o)
 .debug_frame   0x00002ab0       0x28 c:/program files (x86)/cypress/psoc creator/3.3/psoc creator/import/gnu/arm/4.9.3/bin/../lib/gcc/arm-none-eabi/4.9.3/../../../../arm-none-eabi/lib/armv7-m\libg_nano.a(lib_a-exit.o)
 .debug_frame   0x00002ad8       0x2c c:/program files (x86)/cypress/psoc creator/3.3/psoc creator/import/gnu/arm/4.9.3/bin/../lib/gcc/arm-none-eabi/4.9.3/../../../../arm-none-eabi/lib/armv7-m\libg_nano.a(lib_a-init.o)
 .debug_frame   0x00002b04       0x28 c:/program files (x86)/cypress/psoc creator/3.3/psoc creator/import/gnu/arm/4.9.3/bin/../lib/gcc/arm-none-eabi/4.9.3/../../../../arm-none-eabi/lib/armv7-m\libg_nano.a(lib_a-memcpy.o)
 .debug_frame   0x00002b2c       0x20 c:/program files (x86)/cypress/psoc creator/3.3/psoc creator/import/gnu/arm/4.9.3/bin/../lib/gcc/arm-none-eabi/4.9.3/../../../../arm-none-eabi/lib/armv7-m\libg_nano.a(lib_a-memset.o)
 .debug_frame   0x00002b4c       0x54 c:/program files (x86)/cypress/psoc creator/3.3/psoc creator/import/gnu/arm/4.9.3/bin/../lib/gcc/arm-none-eabi/4.9.3/../../../../arm-none-eabi/lib/armv7-m\libg_nano.a(lib_a-strtol.o)

.debug_str      0x00000000     0x4622
 *(.debug_str)
 .debug_str     0x00000000     0x10e9 .\CortexM3\ARM_GCC_493\Debug\main.o
                               0x1150 (size before relaxing)
 .debug_str     0x000010e9      0x121 .\CortexM3\ARM_GCC_493\Debug\protocol.o
                                0x97a (size before relaxing)
 .debug_str     0x0000120a       0xb4 .\CortexM3\ARM_GCC_493\Debug\LCD.o
                                0x8c6 (size before relaxing)
 .debug_str     0x000012be       0x30 .\CortexM3\ARM_GCC_493\Debug\keyboard.o
                                0x8b0 (size before relaxing)
 .debug_str     0x000012ee       0x8d .\CortexM3\ARM_GCC_493\Debug\I2C.o
                                0x867 (size before relaxing)
 .debug_str     0x0000137b      0x279 .\CortexM3\ARM_GCC_493\Debug\Print.o
                                0xa48 (size before relaxing)
 .debug_str     0x000015f4       0x43 .\CortexM3\ARM_GCC_493\Debug\ibuton.o
                                0x22f (size before relaxing)
 .debug_str     0x00001637       0xca .\CortexM3\ARM_GCC_493\Debug\RFPoll.o
                                0x884 (size before relaxing)
 .debug_str     0x00001701       0x77 .\CortexM3\ARM_GCC_493\Debug\cymetadata.o
                                0x1f0 (size before relaxing)
 .debug_str     0x00001778      0x158 .\CortexM3\ARM_GCC_493\Debug\Cm3Start.o
                                0x304 (size before relaxing)
 .debug_str     0x000018d0      0x17e .\CortexM3\ARM_GCC_493\Debug\Design01.a(cyfitter_cfg.o)
                                0x33e (size before relaxing)
 .debug_str     0x00001a4e      0x31f .\CortexM3\ARM_GCC_493\Debug\Design01.a(Printer.o)
                                0x4cc (size before relaxing)
 .debug_str     0x00001d6d      0x31d .\CortexM3\ARM_GCC_493\Debug\Design01.a(Display1.o)
                                0x5df (size before relaxing)
 .debug_str     0x0000208a       0x5d .\CortexM3\ARM_GCC_493\Debug\Design01.a(Display1_INT.o)
                                0x265 (size before relaxing)
 .debug_str     0x000020e7      0x2cd .\CortexM3\ARM_GCC_493\Debug\Design01.a(Display2.o)
                                0x5df (size before relaxing)
 .debug_str     0x000023b4       0x37 .\CortexM3\ARM_GCC_493\Debug\Design01.a(Display2_INT.o)
                                0x265 (size before relaxing)
 .debug_str     0x000023eb      0x1ad .\CortexM3\ARM_GCC_493\Debug\Design01.a(Display1_IntClock.o)
                                0x36c (size before relaxing)
 .debug_str     0x00002598      0x162 .\CortexM3\ARM_GCC_493\Debug\Design01.a(Display2_IntClock.o)
                                0x36c (size before relaxing)
 .debug_str     0x000026fa      0x7b4 .\CortexM3\ARM_GCC_493\Debug\Design01.a(CyLib.o)
                                0xa29 (size before relaxing)
 .debug_str     0x00002eae      0x35b .\CortexM3\ARM_GCC_493\Debug\Design01.a(cyPm.o)
                                0x721 (size before relaxing)
 .debug_str     0x00003209      0x158 .\CortexM3\ARM_GCC_493\Debug\Design01.a(Printer_IntClock.o)
                                0x360 (size before relaxing)
 .debug_str     0x00003361      0x216 .\CortexM3\ARM_GCC_493\Debug\Design01.a(Pump.o)
                                0x524 (size before relaxing)
 .debug_str     0x00003577       0x2f .\CortexM3\ARM_GCC_493\Debug\Design01.a(Pump_INT.o)
                                0x24c (size before relaxing)
 .debug_str     0x000035a6      0x1c9 .\CortexM3\ARM_GCC_493\Debug\Design01.a(EEPROM_1.o)
                                0x3d6 (size before relaxing)
 .debug_str     0x0000376f       0xe7 .\CortexM3\ARM_GCC_493\Debug\Design01.a(I2C_Bus.o)
                                0x316 (size before relaxing)
 .debug_str     0x00003856       0xf8 .\CortexM3\ARM_GCC_493\Debug\Design01.a(I2C_Bus_INT.o)
                                0x298 (size before relaxing)
 .debug_str     0x0000394e       0x6c .\CortexM3\ARM_GCC_493\Debug\Design01.a(I2C_Bus_PM.o)
                                0x29e (size before relaxing)
 .debug_str     0x000039ba       0xfb .\CortexM3\ARM_GCC_493\Debug\Design01.a(I2C_Bus_MASTER.o)
                                0x40d (size before relaxing)
 .debug_str     0x00003ab5      0x1ae .\CortexM3\ARM_GCC_493\Debug\Design01.a(Timer_Animacion.o)
                                0x38f (size before relaxing)
 .debug_str     0x00003c63       0xcf .\CortexM3\ARM_GCC_493\Debug\Design01.a(isr_3.o)
                                0x2a0 (size before relaxing)
 .debug_str     0x00003d32      0x1bf .\CortexM3\ARM_GCC_493\Debug\Design01.a(Timer_Animacion2.o)
                                0x39f (size before relaxing)
 .debug_str     0x00003ef1       0x4b .\CortexM3\ARM_GCC_493\Debug\Design01.a(IB1.o)
                                0x1de (size before relaxing)
 .debug_str     0x00003f3c       0x40 .\CortexM3\ARM_GCC_493\Debug\Design01.a(IB2.o)
                                0x1de (size before relaxing)
 .debug_str     0x00003f7c      0x36b .\CortexM3\ARM_GCC_493\Debug\Design01.a(RF_Connection.o)
                                0x698 (size before relaxing)
 .debug_str     0x000042e7       0x41 .\CortexM3\ARM_GCC_493\Debug\Design01.a(RF_Connection_INT.o)
                                0x294 (size before relaxing)
 .debug_str     0x00004328      0x194 .\CortexM3\ARM_GCC_493\Debug\Design01.a(RF_Connection_IntClock.o)
                                0x3a8 (size before relaxing)
 .debug_str     0x000044bc       0xf6 .\CortexM3\ARM_GCC_493\Debug\Design01.a(CyFlash.o)
                                0x39b (size before relaxing)
 .debug_str     0x000045b2       0x70 .\CortexM3\ARM_GCC_493\Debug\Design01.a(CySpc.o)
                                0x324 (size before relaxing)

.debug_loc      0x00000000     0x5dc2
 *(.debug_loc)
 .debug_loc     0x00000000      0x3b4 .\CortexM3\ARM_GCC_493\Debug\main.o
 .debug_loc     0x000003b4      0x80a .\CortexM3\ARM_GCC_493\Debug\protocol.o
 .debug_loc     0x00000bbe      0x411 .\CortexM3\ARM_GCC_493\Debug\LCD.o
 .debug_loc     0x00000fcf      0x17c .\CortexM3\ARM_GCC_493\Debug\keyboard.o
 .debug_loc     0x0000114b      0x183 .\CortexM3\ARM_GCC_493\Debug\I2C.o
 .debug_loc     0x000012ce      0xe2d .\CortexM3\ARM_GCC_493\Debug\Print.o
 .debug_loc     0x000020fb      0x20e .\CortexM3\ARM_GCC_493\Debug\ibuton.o
 .debug_loc     0x00002309      0x143 .\CortexM3\ARM_GCC_493\Debug\RFPoll.o
 .debug_loc     0x0000244c      0x144 .\CortexM3\ARM_GCC_493\Debug\Cm3Start.o
 .debug_loc     0x00002590      0x289 .\CortexM3\ARM_GCC_493\Debug\Design01.a(cyfitter_cfg.o)
 .debug_loc     0x00002819      0x258 .\CortexM3\ARM_GCC_493\Debug\Design01.a(Printer.o)
 .debug_loc     0x00002a71      0x34e .\CortexM3\ARM_GCC_493\Debug\Design01.a(Display1.o)
 .debug_loc     0x00002dbf       0x45 .\CortexM3\ARM_GCC_493\Debug\Design01.a(Display1_INT.o)
 .debug_loc     0x00002e04      0x34e .\CortexM3\ARM_GCC_493\Debug\Design01.a(Display2.o)
 .debug_loc     0x00003152       0x45 .\CortexM3\ARM_GCC_493\Debug\Design01.a(Display2_INT.o)
 .debug_loc     0x00003197      0x128 .\CortexM3\ARM_GCC_493\Debug\Design01.a(Display1_IntClock.o)
 .debug_loc     0x000032bf      0x12c .\CortexM3\ARM_GCC_493\Debug\Design01.a(Display2_IntClock.o)
 .debug_loc     0x000033eb      0xa11 .\CortexM3\ARM_GCC_493\Debug\Design01.a(CyLib.o)
 .debug_loc     0x00003dfc      0x1e4 .\CortexM3\ARM_GCC_493\Debug\Design01.a(cyPm.o)
 .debug_loc     0x00003fe0      0x128 .\CortexM3\ARM_GCC_493\Debug\Design01.a(Printer_IntClock.o)
 .debug_loc     0x00004108      0x34e .\CortexM3\ARM_GCC_493\Debug\Design01.a(Pump.o)
 .debug_loc     0x00004456       0x45 .\CortexM3\ARM_GCC_493\Debug\Design01.a(Pump_INT.o)
 .debug_loc     0x0000449b      0x49f .\CortexM3\ARM_GCC_493\Debug\Design01.a(EEPROM_1.o)
 .debug_loc     0x0000493a       0x26 .\CortexM3\ARM_GCC_493\Debug\Design01.a(I2C_Bus.o)
 .debug_loc     0x00004960       0x29 .\CortexM3\ARM_GCC_493\Debug\Design01.a(I2C_Bus_INT.o)
 .debug_loc     0x00004989       0x13 .\CortexM3\ARM_GCC_493\Debug\Design01.a(I2C_Bus_PM.o)
 .debug_loc     0x0000499c      0x531 .\CortexM3\ARM_GCC_493\Debug\Design01.a(I2C_Bus_MASTER.o)
 .debug_loc     0x00004ecd       0x56 .\CortexM3\ARM_GCC_493\Debug\Design01.a(isr_3.o)
 .debug_loc     0x00004f23       0x42 .\CortexM3\ARM_GCC_493\Debug\Design01.a(IB1.o)
 .debug_loc     0x00004f65       0x55 .\CortexM3\ARM_GCC_493\Debug\Design01.a(IB2.o)
 .debug_loc     0x00004fba      0x34e .\CortexM3\ARM_GCC_493\Debug\Design01.a(RF_Connection.o)
 .debug_loc     0x00005308       0x45 .\CortexM3\ARM_GCC_493\Debug\Design01.a(RF_Connection_INT.o)
 .debug_loc     0x0000534d      0x128 .\CortexM3\ARM_GCC_493\Debug\Design01.a(RF_Connection_IntClock.o)
 .debug_loc     0x00005475      0x300 .\CortexM3\ARM_GCC_493\Debug\Design01.a(CyFlash.o)
 .debug_loc     0x00005775      0x64d .\CortexM3\ARM_GCC_493\Debug\Design01.a(CySpc.o)

.debug_macinfo
 *(.debug_macinfo)

.debug_ranges   0x00000000      0xf00
 *(.debug_ranges)
 .debug_ranges  0x00000000       0x78 .\CortexM3\ARM_GCC_493\Debug\main.o
 .debug_ranges  0x00000078       0x48 .\CortexM3\ARM_GCC_493\Debug\protocol.o
 .debug_ranges  0x000000c0       0x38 .\CortexM3\ARM_GCC_493\Debug\LCD.o
 .debug_ranges  0x000000f8       0x10 .\CortexM3\ARM_GCC_493\Debug\keyboard.o
 .debug_ranges  0x00000108       0x20 .\CortexM3\ARM_GCC_493\Debug\I2C.o
 .debug_ranges  0x00000128       0x20 .\CortexM3\ARM_GCC_493\Debug\Print.o
 .debug_ranges  0x00000148       0x28 .\CortexM3\ARM_GCC_493\Debug\ibuton.o
 .debug_ranges  0x00000170       0x18 .\CortexM3\ARM_GCC_493\Debug\RFPoll.o
 .debug_ranges  0x00000188       0x38 .\CortexM3\ARM_GCC_493\Debug\Cm3Start.o
 .debug_ranges  0x000001c0       0x48 .\CortexM3\ARM_GCC_493\Debug\Design01.a(cyfitter_cfg.o)
 .debug_ranges  0x00000208       0xe0 .\CortexM3\ARM_GCC_493\Debug\Design01.a(Printer.o)
 .debug_ranges  0x000002e8       0xe0 .\CortexM3\ARM_GCC_493\Debug\Design01.a(Display1.o)
 .debug_ranges  0x000003c8       0x10 .\CortexM3\ARM_GCC_493\Debug\Design01.a(Display1_INT.o)
 .debug_ranges  0x000003d8       0xe0 .\CortexM3\ARM_GCC_493\Debug\Design01.a(Display2.o)
 .debug_ranges  0x000004b8       0x10 .\CortexM3\ARM_GCC_493\Debug\Design01.a(Display2_INT.o)
 .debug_ranges  0x000004c8       0x60 .\CortexM3\ARM_GCC_493\Debug\Design01.a(Display1_IntClock.o)
 .debug_ranges  0x00000528       0x60 .\CortexM3\ARM_GCC_493\Debug\Design01.a(Display2_IntClock.o)
 .debug_ranges  0x00000588      0x288 .\CortexM3\ARM_GCC_493\Debug\Design01.a(CyLib.o)
 .debug_ranges  0x00000810       0x88 .\CortexM3\ARM_GCC_493\Debug\Design01.a(cyPm.o)
 .debug_ranges  0x00000898       0x60 .\CortexM3\ARM_GCC_493\Debug\Design01.a(Printer_IntClock.o)
 .debug_ranges  0x000008f8       0xe0 .\CortexM3\ARM_GCC_493\Debug\Design01.a(Pump.o)
 .debug_ranges  0x000009d8       0x10 .\CortexM3\ARM_GCC_493\Debug\Design01.a(Pump_INT.o)
 .debug_ranges  0x000009e8       0x68 .\CortexM3\ARM_GCC_493\Debug\Design01.a(EEPROM_1.o)
 .debug_ranges  0x00000a50       0x28 .\CortexM3\ARM_GCC_493\Debug\Design01.a(I2C_Bus.o)
 .debug_ranges  0x00000a78       0x10 .\CortexM3\ARM_GCC_493\Debug\Design01.a(I2C_Bus_INT.o)
 .debug_ranges  0x00000a88       0x28 .\CortexM3\ARM_GCC_493\Debug\Design01.a(I2C_Bus_PM.o)
 .debug_ranges  0x00000ab0       0x78 .\CortexM3\ARM_GCC_493\Debug\Design01.a(I2C_Bus_MASTER.o)
 .debug_ranges  0x00000b28       0x78 .\CortexM3\ARM_GCC_493\Debug\Design01.a(Timer_Animacion.o)
 .debug_ranges  0x00000ba0       0x70 .\CortexM3\ARM_GCC_493\Debug\Design01.a(isr_3.o)
 .debug_ranges  0x00000c10       0x78 .\CortexM3\ARM_GCC_493\Debug\Design01.a(Timer_Animacion2.o)
 .debug_ranges  0x00000c88       0x28 .\CortexM3\ARM_GCC_493\Debug\Design01.a(IB1.o)
 .debug_ranges  0x00000cb0       0x28 .\CortexM3\ARM_GCC_493\Debug\Design01.a(IB2.o)
 .debug_ranges  0x00000cd8       0xe0 .\CortexM3\ARM_GCC_493\Debug\Design01.a(RF_Connection.o)
 .debug_ranges  0x00000db8       0x10 .\CortexM3\ARM_GCC_493\Debug\Design01.a(RF_Connection_INT.o)
 .debug_ranges  0x00000dc8       0x60 .\CortexM3\ARM_GCC_493\Debug\Design01.a(RF_Connection_IntClock.o)
 .debug_ranges  0x00000e28       0x70 .\CortexM3\ARM_GCC_493\Debug\Design01.a(CyFlash.o)
 .debug_ranges  0x00000e98       0x68 .\CortexM3\ARM_GCC_493\Debug\Design01.a(CySpc.o)

.comment        0x00000000       0x70
 .comment       0x00000000       0x70 .\CortexM3\ARM_GCC_493\Debug\main.o
                                 0x71 (size before relaxing)
 .comment       0x00000000       0x71 .\CortexM3\ARM_GCC_493\Debug\protocol.o
 .comment       0x00000000       0x71 .\CortexM3\ARM_GCC_493\Debug\LCD.o
 .comment       0x00000000       0x71 .\CortexM3\ARM_GCC_493\Debug\keyboard.o
 .comment       0x00000000       0x71 .\CortexM3\ARM_GCC_493\Debug\I2C.o
 .comment       0x00000000       0x71 .\CortexM3\ARM_GCC_493\Debug\Print.o
 .comment       0x00000000       0x71 .\CortexM3\ARM_GCC_493\Debug\ibuton.o
 .comment       0x00000000       0x71 .\CortexM3\ARM_GCC_493\Debug\RFPoll.o
 .comment       0x00000000       0x71 .\CortexM3\ARM_GCC_493\Debug\cymetadata.o
 .comment       0x00000000       0x71 .\CortexM3\ARM_GCC_493\Debug\Cm3Start.o
 .comment       0x00000000       0x71 .\CortexM3\ARM_GCC_493\Debug\Design01.a(cyfitter_cfg.o)
 .comment       0x00000000       0x71 .\CortexM3\ARM_GCC_493\Debug\Design01.a(Printer.o)
 .comment       0x00000000       0x71 .\CortexM3\ARM_GCC_493\Debug\Design01.a(Display1.o)
 .comment       0x00000000       0x71 .\CortexM3\ARM_GCC_493\Debug\Design01.a(Display1_INT.o)
 .comment       0x00000000       0x71 .\CortexM3\ARM_GCC_493\Debug\Design01.a(Display2.o)
 .comment       0x00000000       0x71 .\CortexM3\ARM_GCC_493\Debug\Design01.a(Display2_INT.o)
 .comment       0x00000000       0x71 .\CortexM3\ARM_GCC_493\Debug\Design01.a(Display1_IntClock.o)
 .comment       0x00000000       0x71 .\CortexM3\ARM_GCC_493\Debug\Design01.a(Display2_IntClock.o)
 .comment       0x00000000       0x71 .\CortexM3\ARM_GCC_493\Debug\Design01.a(CyLib.o)
 .comment       0x00000000       0x71 .\CortexM3\ARM_GCC_493\Debug\Design01.a(cyPm.o)
 .comment       0x00000000       0x71 .\CortexM3\ARM_GCC_493\Debug\Design01.a(Printer_IntClock.o)
 .comment       0x00000000       0x71 .\CortexM3\ARM_GCC_493\Debug\Design01.a(Pump.o)
 .comment       0x00000000       0x71 .\CortexM3\ARM_GCC_493\Debug\Design01.a(Pump_INT.o)
 .comment       0x00000000       0x71 .\CortexM3\ARM_GCC_493\Debug\Design01.a(EEPROM_1.o)
 .comment       0x00000000       0x71 .\CortexM3\ARM_GCC_493\Debug\Design01.a(I2C_Bus.o)
 .comment       0x00000000       0x71 .\CortexM3\ARM_GCC_493\Debug\Design01.a(I2C_Bus_INT.o)
 .comment       0x00000000       0x71 .\CortexM3\ARM_GCC_493\Debug\Design01.a(I2C_Bus_PM.o)
 .comment       0x00000000       0x71 .\CortexM3\ARM_GCC_493\Debug\Design01.a(I2C_Bus_MASTER.o)
 .comment       0x00000000       0x71 .\CortexM3\ARM_GCC_493\Debug\Design01.a(Timer_Animacion.o)
 .comment       0x00000000       0x71 .\CortexM3\ARM_GCC_493\Debug\Design01.a(isr_3.o)
 .comment       0x00000000       0x71 .\CortexM3\ARM_GCC_493\Debug\Design01.a(Timer_Animacion2.o)
 .comment       0x00000000       0x71 .\CortexM3\ARM_GCC_493\Debug\Design01.a(IB1.o)
 .comment       0x00000000       0x71 .\CortexM3\ARM_GCC_493\Debug\Design01.a(IB2.o)
 .comment       0x00000000       0x71 .\CortexM3\ARM_GCC_493\Debug\Design01.a(RF_Connection.o)
 .comment       0x00000000       0x71 .\CortexM3\ARM_GCC_493\Debug\Design01.a(RF_Connection_INT.o)
 .comment       0x00000000       0x71 .\CortexM3\ARM_GCC_493\Debug\Design01.a(RF_Connection_IntClock.o)
 .comment       0x00000000       0x71 .\CortexM3\ARM_GCC_493\Debug\Design01.a(CyFlash.o)
 .comment       0x00000000       0x71 .\CortexM3\ARM_GCC_493\Debug\Design01.a(CySpc.o)

.debug_weaknames
 *(.debug_weaknames)

.debug_funcnames
 *(.debug_funcnames)

.debug_typenames
 *(.debug_typenames)

.debug_varnames
 *(.debug_varnames)

.note.gnu.arm.ident
 *(.note.gnu.arm.ident)

.ARM.attributes
                0x00000000       0x29
 *(.ARM.attributes)
 .ARM.attributes
                0x00000000       0x1d c:/program files (x86)/cypress/psoc creator/3.3/psoc creator/import/gnu/arm/4.9.3/bin/../lib/gcc/arm-none-eabi/4.9.3/armv7-m/crti.o
 .ARM.attributes
                0x0000001d       0x2d c:/program files (x86)/cypress/psoc creator/3.3/psoc creator/import/gnu/arm/4.9.3/bin/../lib/gcc/arm-none-eabi/4.9.3/armv7-m/crtbegin.o
 .ARM.attributes
                0x0000004a       0x1b c:/program files (x86)/cypress/psoc creator/3.3/psoc creator/import/gnu/arm/4.9.3/bin/../lib/gcc/arm-none-eabi/4.9.3/../../../../arm-none-eabi/lib/armv7-m/crt0.o
 .ARM.attributes
                0x00000065       0x33 .\CortexM3\ARM_GCC_493\Debug\main.o
 .ARM.attributes
                0x00000098       0x33 .\CortexM3\ARM_GCC_493\Debug\protocol.o
 .ARM.attributes
                0x000000cb       0x33 .\CortexM3\ARM_GCC_493\Debug\LCD.o
 .ARM.attributes
                0x000000fe       0x33 .\CortexM3\ARM_GCC_493\Debug\keyboard.o
 .ARM.attributes
                0x00000131       0x33 .\CortexM3\ARM_GCC_493\Debug\I2C.o
 .ARM.attributes
                0x00000164       0x33 .\CortexM3\ARM_GCC_493\Debug\Print.o
 .ARM.attributes
                0x00000197       0x33 .\CortexM3\ARM_GCC_493\Debug\ibuton.o
 .ARM.attributes
                0x000001ca       0x33 .\CortexM3\ARM_GCC_493\Debug\RFPoll.o
 .ARM.attributes
                0x000001fd       0x33 .\CortexM3\ARM_GCC_493\Debug\cymetadata.o
 .ARM.attributes
                0x00000230       0x33 .\CortexM3\ARM_GCC_493\Debug\Cm3Start.o
 .ARM.attributes
                0x00000263       0x33 .\CortexM3\ARM_GCC_493\Debug\Design01.a(cyfitter_cfg.o)
 .ARM.attributes
                0x00000296       0x33 .\CortexM3\ARM_GCC_493\Debug\Design01.a(Printer.o)
 .ARM.attributes
                0x000002c9       0x33 .\CortexM3\ARM_GCC_493\Debug\Design01.a(Display1.o)
 .ARM.attributes
                0x000002fc       0x33 .\CortexM3\ARM_GCC_493\Debug\Design01.a(Display1_INT.o)
 .ARM.attributes
                0x0000032f       0x33 .\CortexM3\ARM_GCC_493\Debug\Design01.a(Display2.o)
 .ARM.attributes
                0x00000362       0x33 .\CortexM3\ARM_GCC_493\Debug\Design01.a(Display2_INT.o)
 .ARM.attributes
                0x00000395       0x33 .\CortexM3\ARM_GCC_493\Debug\Design01.a(Display1_IntClock.o)
 .ARM.attributes
                0x000003c8       0x33 .\CortexM3\ARM_GCC_493\Debug\Design01.a(Display2_IntClock.o)
 .ARM.attributes
                0x000003fb       0x21 .\CortexM3\ARM_GCC_493\Debug\Design01.a(CyBootAsmGnu.o)
 .ARM.attributes
                0x0000041c       0x33 .\CortexM3\ARM_GCC_493\Debug\Design01.a(CyLib.o)
 .ARM.attributes
                0x0000044f       0x33 .\CortexM3\ARM_GCC_493\Debug\Design01.a(cyPm.o)
 .ARM.attributes
                0x00000482       0x33 .\CortexM3\ARM_GCC_493\Debug\Design01.a(Printer_IntClock.o)
 .ARM.attributes
                0x000004b5       0x33 .\CortexM3\ARM_GCC_493\Debug\Design01.a(Pump.o)
 .ARM.attributes
                0x000004e8       0x33 .\CortexM3\ARM_GCC_493\Debug\Design01.a(Pump_INT.o)
 .ARM.attributes
                0x0000051b       0x33 .\CortexM3\ARM_GCC_493\Debug\Design01.a(EEPROM_1.o)
 .ARM.attributes
                0x0000054e       0x33 .\CortexM3\ARM_GCC_493\Debug\Design01.a(I2C_Bus.o)
 .ARM.attributes
                0x00000581       0x33 .\CortexM3\ARM_GCC_493\Debug\Design01.a(I2C_Bus_INT.o)
 .ARM.attributes
                0x000005b4       0x33 .\CortexM3\ARM_GCC_493\Debug\Design01.a(I2C_Bus_PM.o)
 .ARM.attributes
                0x000005e7       0x33 .\CortexM3\ARM_GCC_493\Debug\Design01.a(I2C_Bus_MASTER.o)
 .ARM.attributes
                0x0000061a       0x33 .\CortexM3\ARM_GCC_493\Debug\Design01.a(Timer_Animacion.o)
 .ARM.attributes
                0x0000064d       0x33 .\CortexM3\ARM_GCC_493\Debug\Design01.a(isr_3.o)
 .ARM.attributes
                0x00000680       0x33 .\CortexM3\ARM_GCC_493\Debug\Design01.a(Timer_Animacion2.o)
 .ARM.attributes
                0x000006b3       0x33 .\CortexM3\ARM_GCC_493\Debug\Design01.a(IB1.o)
 .ARM.attributes
                0x000006e6       0x33 .\CortexM3\ARM_GCC_493\Debug\Design01.a(IB2.o)
 .ARM.attributes
                0x00000719       0x33 .\CortexM3\ARM_GCC_493\Debug\Design01.a(RF_Connection.o)
 .ARM.attributes
                0x0000074c       0x33 .\CortexM3\ARM_GCC_493\Debug\Design01.a(RF_Connection_INT.o)
 .ARM.attributes
                0x0000077f       0x33 .\CortexM3\ARM_GCC_493\Debug\Design01.a(RF_Connection_IntClock.o)
 .ARM.attributes
                0x000007b2       0x33 .\CortexM3\ARM_GCC_493\Debug\Design01.a(CyFlash.o)
 .ARM.attributes
                0x000007e5       0x33 .\CortexM3\ARM_GCC_493\Debug\Design01.a(CySpc.o)
 .ARM.attributes
                0x00000818       0x2d c:/program files (x86)/cypress/psoc creator/3.3/psoc creator/import/gnu/arm/4.9.3/bin/../lib/gcc/arm-none-eabi/4.9.3/../../../../arm-none-eabi/lib/armv7-m\libg_nano.a(lib_a-atoi.o)
 .ARM.attributes
                0x00000845       0x2d c:/program files (x86)/cypress/psoc creator/3.3/psoc creator/import/gnu/arm/4.9.3/bin/../lib/gcc/arm-none-eabi/4.9.3/../../../../arm-none-eabi/lib/armv7-m\libg_nano.a(lib_a-errno.o)
 .ARM.attributes
                0x00000872       0x2d c:/program files (x86)/cypress/psoc creator/3.3/psoc creator/import/gnu/arm/4.9.3/bin/../lib/gcc/arm-none-eabi/4.9.3/../../../../arm-none-eabi/lib/armv7-m\libg_nano.a(lib_a-exit.o)
 .ARM.attributes
                0x0000089f       0x2d c:/program files (x86)/cypress/psoc creator/3.3/psoc creator/import/gnu/arm/4.9.3/bin/../lib/gcc/arm-none-eabi/4.9.3/../../../../arm-none-eabi/lib/armv7-m\libg_nano.a(lib_a-impure.o)
 .ARM.attributes
                0x000008cc       0x2d c:/program files (x86)/cypress/psoc creator/3.3/psoc creator/import/gnu/arm/4.9.3/bin/../lib/gcc/arm-none-eabi/4.9.3/../../../../arm-none-eabi/lib/armv7-m\libg_nano.a(lib_a-init.o)
 .ARM.attributes
                0x000008f9       0x2d c:/program files (x86)/cypress/psoc creator/3.3/psoc creator/import/gnu/arm/4.9.3/bin/../lib/gcc/arm-none-eabi/4.9.3/../../../../arm-none-eabi/lib/armv7-m\libg_nano.a(lib_a-memcpy.o)
 .ARM.attributes
                0x00000926       0x2d c:/program files (x86)/cypress/psoc creator/3.3/psoc creator/import/gnu/arm/4.9.3/bin/../lib/gcc/arm-none-eabi/4.9.3/../../../../arm-none-eabi/lib/armv7-m\libg_nano.a(lib_a-memset.o)
 .ARM.attributes
                0x00000953       0x2d c:/program files (x86)/cypress/psoc creator/3.3/psoc creator/import/gnu/arm/4.9.3/bin/../lib/gcc/arm-none-eabi/4.9.3/../../../../arm-none-eabi/lib/armv7-m\libg_nano.a(lib_a-strtol.o)
 .ARM.attributes
                0x00000980       0x2d c:/program files (x86)/cypress/psoc creator/3.3/psoc creator/import/gnu/arm/4.9.3/bin/../lib/gcc/arm-none-eabi/4.9.3/../../../../arm-none-eabi/lib/armv7-m\libg_nano.a(lib_a-ctype_.o)
 .ARM.attributes
                0x000009ad       0x2d c:/program files (x86)/cypress/psoc creator/3.3/psoc creator/import/gnu/arm/4.9.3/bin/../lib/gcc/arm-none-eabi/4.9.3/armv7-m/crtend.o