Archive member included because of file (symbol)

.\CortexM3\ARM_GCC_493\Debug\Design01.a(cyfitter_cfg.o)
                              .\CortexM3\ARM_GCC_493\Debug\Cm3Start.o (cyfitter_cfg)
.\CortexM3\ARM_GCC_493\Debug\Design01.a(Printer.o)
                              .\CortexM3\ARM_GCC_493\Debug\main.o (Printer_Start)
.\CortexM3\ARM_GCC_493\Debug\Design01.a(Display1.o)
                              .\CortexM3\ARM_GCC_493\Debug\main.o (Display1_Start)
.\CortexM3\ARM_GCC_493\Debug\Design01.a(Display1_INT.o)
                              .\CortexM3\ARM_GCC_493\Debug\Design01.a(Display1.o) (Display1_RXISR)
.\CortexM3\ARM_GCC_493\Debug\Design01.a(Display2.o)
                              .\CortexM3\ARM_GCC_493\Debug\main.o (Display2_Start)
.\CortexM3\ARM_GCC_493\Debug\Design01.a(Display2_INT.o)
                              .\CortexM3\ARM_GCC_493\Debug\Design01.a(Display2.o) (Display2_RXISR)
.\CortexM3\ARM_GCC_493\Debug\Design01.a(Display1_IntClock.o)
                              .\CortexM3\ARM_GCC_493\Debug\Design01.a(Display1.o) (Display1_IntClock_Start)
.\CortexM3\ARM_GCC_493\Debug\Design01.a(Display2_IntClock.o)
                              .\CortexM3\ARM_GCC_493\Debug\Design01.a(Display2.o) (Display2_IntClock_Start)
.\CortexM3\ARM_GCC_493\Debug\Design01.a(CyBootAsmGnu.o)
                              .\CortexM3\ARM_GCC_493\Debug\Design01.a(cyfitter_cfg.o) (CyDelayCycles)
.\CortexM3\ARM_GCC_493\Debug\Design01.a(CyLib.o)
                              .\CortexM3\ARM_GCC_493\Debug\Cm3Start.o (CyHalt)
.\CortexM3\ARM_GCC_493\Debug\Design01.a(cyPm.o)
                              .\CortexM3\ARM_GCC_493\Debug\Design01.a(CyLib.o) (CyPmReadStatus)
.\CortexM3\ARM_GCC_493\Debug\Design01.a(Printer_IntClock.o)
                              .\CortexM3\ARM_GCC_493\Debug\Design01.a(Printer.o) (Printer_IntClock_Start)
.\CortexM3\ARM_GCC_493\Debug\Design01.a(Pump.o)
                              .\CortexM3\ARM_GCC_493\Debug\main.o (Pump_Start)
.\CortexM3\ARM_GCC_493\Debug\Design01.a(Pump_INT.o)
                              .\CortexM3\ARM_GCC_493\Debug\Design01.a(Pump.o) (Pump_RXISR)
.\CortexM3\ARM_GCC_493\Debug\Design01.a(EEPROM_1.o)
                              .\CortexM3\ARM_GCC_493\Debug\main.o (EEPROM_1_Start)
.\CortexM3\ARM_GCC_493\Debug\Design01.a(I2C_Bus.o)
                              .\CortexM3\ARM_GCC_493\Debug\main.o (I2C_Bus_Start)
.\CortexM3\ARM_GCC_493\Debug\Design01.a(I2C_Bus_INT.o)
                              .\CortexM3\ARM_GCC_493\Debug\Design01.a(I2C_Bus.o) (I2C_Bus_ISR)
.\CortexM3\ARM_GCC_493\Debug\Design01.a(I2C_Bus_PM.o)
                              .\CortexM3\ARM_GCC_493\Debug\Design01.a(I2C_Bus.o) (I2C_Bus_backup)
.\CortexM3\ARM_GCC_493\Debug\Design01.a(I2C_Bus_MASTER.o)
                              .\CortexM3\ARM_GCC_493\Debug\Design01.a(I2C_Bus_INT.o) (I2C_Bus_mstrStatus)
.\CortexM3\ARM_GCC_493\Debug\Design01.a(Timer_Animacion.o)
                              .\CortexM3\ARM_GCC_493\Debug\main.o (Timer_Animacion_Stop)
.\CortexM3\ARM_GCC_493\Debug\Design01.a(isr_3.o)
                              .\CortexM3\ARM_GCC_493\Debug\main.o (isr_3_StartEx)
.\CortexM3\ARM_GCC_493\Debug\Design01.a(Timer_Animacion2.o)
                              .\CortexM3\ARM_GCC_493\Debug\main.o (Timer_Animacion2_ReadStatusRegister)
.\CortexM3\ARM_GCC_493\Debug\Design01.a(IB1.o)
                              .\CortexM3\ARM_GCC_493\Debug\ibuton.o (IB1_Write)
.\CortexM3\ARM_GCC_493\Debug\Design01.a(IB2.o)
                              .\CortexM3\ARM_GCC_493\Debug\ibuton.o (IB2_Write)
.\CortexM3\ARM_GCC_493\Debug\Design01.a(RF_Connection.o)
                              .\CortexM3\ARM_GCC_493\Debug\main.o (RF_Connection_Start)
.\CortexM3\ARM_GCC_493\Debug\Design01.a(RF_Connection_INT.o)
                              .\CortexM3\ARM_GCC_493\Debug\Design01.a(RF_Connection.o) (RF_Connection_RXISR)
.\CortexM3\ARM_GCC_493\Debug\Design01.a(RF_Connection_IntClock.o)
                              .\CortexM3\ARM_GCC_493\Debug\Design01.a(RF_Connection.o) (RF_Connection_IntClock_Start)
.\CortexM3\ARM_GCC_493\Debug\Design01.a(Waitable_4.o)
                              .\CortexM3\ARM_GCC_493\Debug\main.o (Waitable_4_ReadStatusRegister)
.\CortexM3\ARM_GCC_493\Debug\Design01.a(Waitable_3.o)
                              .\CortexM3\ARM_GCC_493\Debug\main.o (Waitable_3_ReadStatusRegister)
.\CortexM3\ARM_GCC_493\Debug\Design01.a(isr_1.o)
                              .\CortexM3\ARM_GCC_493\Debug\main.o (isr_1_StartEx)
.\CortexM3\ARM_GCC_493\Debug\Design01.a(isr_2.o)
                              .\CortexM3\ARM_GCC_493\Debug\main.o (isr_2_StartEx)
.\CortexM3\ARM_GCC_493\Debug\Design01.a(CyFlash.o)
                              .\CortexM3\ARM_GCC_493\Debug\Design01.a(EEPROM_1.o) (dieTemperature)
.\CortexM3\ARM_GCC_493\Debug\Design01.a(CySpc.o)
                              .\CortexM3\ARM_GCC_493\Debug\Design01.a(EEPROM_1.o) (CySpcStart)
[...]
Memory Configuration

Name             Origin             Length             Attributes
rom              0x00000000         0x00040000         xr
ram              0x1fff8000         0x00010000         xrw
*default*        0x00000000         0xffffffff

Linker script and memory map

LOAD c:/program files (x86)/cypress/psoc creator/3.3/psoc creator/import/gnu/arm/4.9.3/bin/../lib/gcc/arm-none-eabi/4.9.3/armv7-m/crti.o
LOAD c:/program files (x86)/cypress/psoc creator/3.3/psoc creator/import/gnu/arm/4.9.3/bin/../lib/gcc/arm-none-eabi/4.9.3/armv7-m/crtbegin.o
LOAD c:/program files (x86)/cypress/psoc creator/3.3/psoc creator/import/gnu/arm/4.9.3/bin/../lib/gcc/arm-none-eabi/4.9.3/../../../../arm-none-eabi/lib/armv7-m/crt0.o
START GROUP
LOAD .\CortexM3\ARM_GCC_493\Debug\main.o
LOAD .\CortexM3\ARM_GCC_493\Debug\protocol.o
LOAD .\CortexM3\ARM_GCC_493\Debug\LCD.o
LOAD .\CortexM3\ARM_GCC_493\Debug\keyboard.o
LOAD .\CortexM3\ARM_GCC_493\Debug\I2C.o
LOAD .\CortexM3\ARM_GCC_493\Debug\Print.o
LOAD .\CortexM3\ARM_GCC_493\Debug\ibuton.o
LOAD .\CortexM3\ARM_GCC_493\Debug\RFPoll.o
LOAD .\CortexM3\ARM_GCC_493\Debug\cymetadata.o
LOAD .\CortexM3\ARM_GCC_493\Debug\Cm3Start.o
LOAD .\CortexM3\ARM_GCC_493\Debug\Design01.a
LOAD C:\Program Files (x86)\Cypress\PSoC Creator\3.3\PSoC Creator\psoc\content\cycomponentlibrary\CyComponentLibrary.cylib\CortexM3\ARM_GCC_493\Debug\CyComponentLibrary.a
END GROUP
START GROUP
LOAD c:/program files (x86)/cypress/psoc creator/3.3/psoc creator/import/gnu/arm/4.9.3/bin/../lib/gcc/arm-none-eabi/4.9.3/armv7-m\libgcc.a
LOAD c:/program files (x86)/cypress/psoc creator/3.3/psoc creator/import/gnu/arm/4.9.3/bin/../lib/gcc/arm-none-eabi/4.9.3/../../../../arm-none-eabi/lib/armv7-m\libg_nano.a
LOAD c:/program files (x86)/cypress/psoc creator/3.3/psoc creator/import/gnu/arm/4.9.3/bin/../lib/gcc/arm-none-eabi/4.9.3/../../../../arm-none-eabi/lib/armv7-m\libc_nano.a
END GROUP
START GROUP
LOAD c:/program files (x86)/cypress/psoc creator/3.3/psoc creator/import/gnu/arm/4.9.3/bin/../lib/gcc/arm-none-eabi/4.9.3/armv7-m\libgcc.a
LOAD c:/program files (x86)/cypress/psoc creator/3.3/psoc creator/import/gnu/arm/4.9.3/bin/../lib/gcc/arm-none-eabi/4.9.3/../../../../arm-none-eabi/lib/armv7-m\libc_nano.a
END GROUP
LOAD c:/program files (x86)/cypress/psoc creator/3.3/psoc creator/import/gnu/arm/4.9.3/bin/../lib/gcc/arm-none-eabi/4.9.3/armv7-m/crtend.o
LOAD c:/program files (x86)/cypress/psoc creator/3.3/psoc creator/import/gnu/arm/4.9.3/bin/../lib/gcc/arm-none-eabi/4.9.3/armv7-m/crtn.o
START GROUP
LOAD c:/program files (x86)/cypress/psoc creator/3.3/psoc creator/import/gnu/arm/4.9.3/bin/../lib/gcc/arm-none-eabi/4.9.3/armv7-m\libgcc.a
LOAD c:/program files (x86)/cypress/psoc creator/3.3/psoc creator/import/gnu/arm/4.9.3/bin/../lib/gcc/arm-none-eabi/4.9.3/../../../../arm-none-eabi/lib/armv7-m\libc.a
LOAD c:/program files (x86)/cypress/psoc creator/3.3/psoc creator/import/gnu/arm/4.9.3/bin/../lib/gcc/arm-none-eabi/4.9.3/../../../../arm-none-eabi/lib/armv7-m\libnosys.a
END GROUP
                0x00000000                CY_APPL_ORIGIN = 0x0
                0x00000100                CY_FLASH_ROW_SIZE = 0x100
                0x00000020                CY_ECC_ROW_SIZE = 0x20
                0x00000000                CY_EE_IN_BTLDR = 0x0
                0x00000000                CY_APPL_LOADABLE = 0x0
                0x00000800                CY_EE_SIZE = 0x800
                0x00000001                CY_APPL_NUM = 0x1
                0x00000001                CY_APPL_MAX = 0x1
                0x00000040                CY_METADATA_SIZE = 0x40
                0x00000000                CY_APPL_LOADABLE = 0x0
                0x00000000                CY_CHECKSUM_EXCLUDE_SIZE = ALIGN (0x0, CY_FLASH_ROW_SIZE)
                0x1fffa378                PROVIDE (__cy_heap_start, _end)
                0x00000001                PROVIDE (__cy_region_num, ((__cy_regions_end - __cy_regions) / 0x10))
                0x20008000                PROVIDE (__cy_stack, (ORIGIN (ram) + 0x10000))
                0x20007800                PROVIDE (__cy_heap_end, (__cy_stack - 0x800))

.cybootloader   0x00000000        0x0
 *(.cybootloader)
                0x00000000                appl1_start = CY_APPL_ORIGIN?CY_APPL_ORIGIN:ALIGN (CY_FLASH_ROW_SIZE)
                0x0001ff00                appl2_start = (appl1_start + ALIGN ((((0x40000 - appl1_start) - (0x2 * CY_FLASH_ROW_SIZE)) / 0x2), CY_FLASH_ROW_SIZE))
                0x00000000                appl_start = (CY_APPL_NUM == 0x1)?appl1_start:appl2_start
                0x00000000                ecc_offset = ((appl_start / CY_FLASH_ROW_SIZE) * CY_ECC_ROW_SIZE)
                0x00000000                ee_offset = (CY_APPL_LOADABLE && ! (CY_EE_IN_BTLDR))?((CY_EE_SIZE / CY_APPL_MAX) * (CY_APPL_NUM - 0x1)):0x0
                0x00000800                ee_size = (CY_APPL_LOADABLE && ! (CY_EE_IN_BTLDR))?(CY_EE_SIZE / CY_APPL_MAX):CY_EE_SIZE
                0x00000000                PROVIDE (CY_ECC_OFFSET, ecc_offset)

.text           0x00000000     0x6648
 CREATE_OBJECT_SYMBOLS
                0x00000000                PROVIDE (__cy_interrupt_vector, RomVectors)
 *(.romvectors)
 .romvectors    0x00000000       0x10 .\CortexM3\ARM_GCC_493\Debug\Cm3Start.o
                0x00000000                RomVectors
                0x00000001                ASSERT ((. != __cy_interrupt_vector), No interrupt vector)
                0x00000001                ASSERT (CY_APPL_ORIGIN?(SIZEOF (.cybootloader) <= CY_APPL_ORIGIN):0x1, Wrong image location)
                0x00000010                PROVIDE (__cy_reset, Reset)
 *(.text.Reset)
 .text.Reset    0x00000010       0x18 .\CortexM3\ARM_GCC_493\Debug\Cm3Start.o
                0x00000010                Reset
                0x00000001                ASSERT ((. != __cy_reset), No reset code)
 *(.dma_init)
                0x00000001                ASSERT ((((appl_start + .) <= 0x10000) || 0x1), DMA Init must be within the first 64k of flash)
 *(.text .text.* .gnu.linkonce.t.*)
 .text          0x00000028       0x5c c:/program files (x86)/cypress/psoc creator/3.3/psoc creator/import/gnu/arm/4.9.3/bin/../lib/gcc/arm-none-eabi/4.9.3/armv7-m/crtbegin.o
 .text.animacion
                0x00000084       0x14 .\CortexM3\ARM_GCC_493\Debug\main.o
                0x00000084                animacion
 .text.timerRFTX
                0x00000098       0x1c .\CortexM3\ARM_GCC_493\Debug\main.o
                0x00000098                timerRFTX
 .text.timerPump
                0x000000b4       0x1c .\CortexM3\ARM_GCC_493\Debug\main.o
                0x000000b4                timerPump
 .text.GlobalInitializer
                0x000000d0       0x3c .\CortexM3\ARM_GCC_493\Debug\main.o
                0x000000d0                GlobalInitializer
 .text.StoreConfiguration
                0x0000010c       0x68 .\CortexM3\ARM_GCC_493\Debug\main.o
                0x0000010c                StoreConfiguration
 .text.loadConfiguration
                0x00000174       0x58 .\CortexM3\ARM_GCC_493\Debug\main.o
                0x00000174                loadConfiguration
 .text.InitDisplay1
                0x000001cc      0x28c .\CortexM3\ARM_GCC_493\Debug\main.o
                0x000001cc                InitDisplay1
 .text.InitDisplay2
                0x00000458       0x50 .\CortexM3\ARM_GCC_493\Debug\main.o
                0x00000458                InitDisplay2
 .text.InitPump
                0x000004a8       0xc4 .\CortexM3\ARM_GCC_493\Debug\main.o
                0x000004a8                InitPump
 .text.PrintTest
                0x0000056c       0xc4 .\CortexM3\ARM_GCC_493\Debug\main.o
                0x0000056c                PrintTest
 .text.PollingPump
                0x00000630      0x194 .\CortexM3\ARM_GCC_493\Debug\main.o
                0x00000630                PollingPump
 .text.PollingDisplay1
                0x000007c4     0x12f4 .\CortexM3\ARM_GCC_493\Debug\main.o
                0x000007c4                PollingDisplay1
 .text.PollingDisplay2
                0x00001ab8      0x33c .\CortexM3\ARM_GCC_493\Debug\main.o
                0x00001ab8                PollingDisplay2
 .text.main     0x00001df4       0x60 .\CortexM3\ARM_GCC_493\Debug\main.o
                0x00001df4                main
 .text.get_state
                0x00001e54       0x30 .\CortexM3\ARM_GCC_493\Debug\protocol.o
                0x00001e54                get_state
 .text.get_position
                0x00001e84      0x120 .\CortexM3\ARM_GCC_493\Debug\protocol.o
                0x00001e84                get_position
 .text.getTotals
                0x00001fa4      0x4b4 .\CortexM3\ARM_GCC_493\Debug\protocol.o
                0x00001fa4                getTotals
 .text.priceChange
                0x00002458      0x1e4 .\CortexM3\ARM_GCC_493\Debug\protocol.o
                0x00002458                priceChange
 .text.getSale  0x0000263c      0x3c8 .\CortexM3\ARM_GCC_493\Debug\protocol.o
                0x0000263c                getSale
 .text.PumpIsInValidState
                0x00002a04       0x14 .\CortexM3\ARM_GCC_493\Debug\protocol.o
                0x00002a04                PumpIsInValidState
 .text.GetLRC   0x00002a18       0x28 .\CortexM3\ARM_GCC_493\Debug\protocol.o
                0x00002a18                GetLRC
 .text.PresetData
                0x00002a40      0x1b4 .\CortexM3\ARM_GCC_493\Debug\protocol.o
                0x00002a40                PresetData
 .text.PumpCompleteConfiguration
                0x00002bf4      0x160 .\CortexM3\ARM_GCC_493\Debug\protocol.o
                0x00002bf4                PumpCompleteConfiguration
 .text.PumpHoseActiveState
                0x00002d54       0xd4 .\CortexM3\ARM_GCC_493\Debug\protocol.o
                0x00002d54                PumpHoseActiveState
 .text.SetPicture
                0x00002e28       0x50 .\CortexM3\ARM_GCC_493\Debug\LCD.o
                0x00002e28                SetPicture
 .text.WriteMessage
                0x00002e78       0xc8 .\CortexM3\ARM_GCC_493\Debug\LCD.o
                0x00002e78                WriteMessage
 .text.ShowRectangle
                0x00002f40       0x5c .\CortexM3\ARM_GCC_493\Debug\LCD.o
                0x00002f40                ShowRectangle
 .text.ShowMessage
                0x00002f9c       0x34 .\CortexM3\ARM_GCC_493\Debug\LCD.o
                0x00002f9c                ShowMessage
 .text.UnmapCode
                0x00002fd0       0x1c .\CortexM3\ARM_GCC_493\Debug\LCD.o
                0x00002fd0                UnmapCode
 .text.WriteLCD
                0x00002fec       0xc8 .\CortexM3\ARM_GCC_493\Debug\LCD.o
                0x00002fec                WriteLCD
 .text.alphanumeric_keyboard
                0x000030b4      0x494 .\CortexM3\ARM_GCC_493\Debug\keyboard.o
                0x000030b4                alphanumeric_keyboard
 .text.write_psoc1
                0x00003548       0x48 .\CortexM3\ARM_GCC_493\Debug\I2C.o
                0x00003548                write_psoc1
 .text.leer_fecha
                0x00003590       0x5c .\CortexM3\ARM_GCC_493\Debug\I2C.o
                0x00003590                leer_fecha
 .text.write_fecha
                0x000035ec       0x5c .\CortexM3\ARM_GCC_493\Debug\I2C.o
                0x000035ec                write_fecha
 .text.leer_hora
                0x00003648       0x5c .\CortexM3\ARM_GCC_493\Debug\I2C.o
                0x00003648                leer_hora
 .text.write_hora
                0x000036a4       0x58 .\CortexM3\ARM_GCC_493\Debug\I2C.o
                0x000036a4                write_hora
 .text.printLogoP
                0x000036fc      0x1f0 .\CortexM3\ARM_GCC_493\Debug\Print.o
                0x000036fc                printLogoP
 .text.imprimir
                0x000038ec      0x824 .\CortexM3\ARM_GCC_493\Debug\Print.o
                0x000038ec                imprimir
 .text.touch_present
                0x00004110       0x84 .\CortexM3\ARM_GCC_493\Debug\ibuton.o
                0x00004110                touch_present
 .text.touch_write
                0x00004194       0xd4 .\CortexM3\ARM_GCC_493\Debug\ibuton.o
                0x00004194                touch_write
 .text.touch_read_byte
                0x00004268       0x78 .\CortexM3\ARM_GCC_493\Debug\ibuton.o
                0x00004268                touch_read_byte
 .text.crc_check
                0x000042e0       0x20 .\CortexM3\ARM_GCC_493\Debug\ibuton.o
                0x000042e0                crc_check
 .text.verificar_check
                0x00004300       0x34 .\CortexM3\ARM_GCC_493\Debug\RFPoll.o
                0x00004300                verificar_check
 .text.pollingRF_Rx
                0x00004334      0x588 .\CortexM3\ARM_GCC_493\Debug\RFPoll.o
                0x00004334                pollingRF_Rx
 .text.pollingRF_Tx
                0x000048bc       0x20 .\CortexM3\ARM_GCC_493\Debug\RFPoll.o
                0x000048bc                pollingRF_Tx
 .text.IntDefaultHandler
                0x000048dc        0x4 .\CortexM3\ARM_GCC_493\Debug\Cm3Start.o
                0x000048dc                IntDefaultHandler
 .text.Start_c  0x000048e0       0x4c .\CortexM3\ARM_GCC_493\Debug\Cm3Start.o
                0x000048e0                Start_c
 .text.initialize_psoc
                0x0000492c       0x74 .\CortexM3\ARM_GCC_493\Debug\Cm3Start.o
                0x0000492c                initialize_psoc
 .text.CyClockStartupError
                0x000049a0        0x4 .\CortexM3\ARM_GCC_493\Debug\Design01.a(cyfitter_cfg.o)
 .text.cfg_write_bytes32
                0x000049a4       0x34 .\CortexM3\ARM_GCC_493\Debug\Design01.a(cyfitter_cfg.o)
 .text.AnalogSetDefault
                0x000049d8       0x28 .\CortexM3\ARM_GCC_493\Debug\Design01.a(cyfitter_cfg.o)
 .text.CYMEMZERO
                0x00004a00        0xc .\CortexM3\ARM_GCC_493\Debug\Design01.a(cyfitter_cfg.o)
 .text.ClockSetup
                0x00004a0c       0xf8 .\CortexM3\ARM_GCC_493\Debug\Design01.a(cyfitter_cfg.o)
 .text.CYCONFIGCPY
                0x00004b04        0x8 .\CortexM3\ARM_GCC_493\Debug\Design01.a(cyfitter_cfg.o)
 .text.cyfitter_cfg
                0x00004b0c      0x13c .\CortexM3\ARM_GCC_493\Debug\Design01.a(cyfitter_cfg.o)
                0x00004b0c                cyfitter_cfg
 .text.Printer_Init
                0x00004c48       0x24 .\CortexM3\ARM_GCC_493\Debug\Design01.a(Printer.o)
                0x00004c48                Printer_Init
 .text.Printer_Enable
                0x00004c6c       0x38 .\CortexM3\ARM_GCC_493\Debug\Design01.a(Printer.o)
                0x00004c6c                Printer_Enable
 .text.Printer_Start
                0x00004ca4       0x1c .\CortexM3\ARM_GCC_493\Debug\Design01.a(Printer.o)
                0x00004ca4                Printer_Start
 .text.Display1_Init
                0x00004cc0       0x44 .\CortexM3\ARM_GCC_493\Debug\Design01.a(Display1.o)
                0x00004cc0                Display1_Init
 .text.Display1_Enable
                0x00004d04       0x44 .\CortexM3\ARM_GCC_493\Debug\Design01.a(Display1.o)
                0x00004d04                Display1_Enable
 .text.Display1_Start
                0x00004d48       0x1c .\CortexM3\ARM_GCC_493\Debug\Design01.a(Display1.o)
                0x00004d48                Display1_Start
 .text.Display1_GetRxBufferSize
                0x00004d64       0x5c .\CortexM3\ARM_GCC_493\Debug\Design01.a(Display1.o)
                0x00004d64                Display1_GetRxBufferSize
 .text.Display1_ClearRxBuffer
                0x00004dc0       0x44 .\CortexM3\ARM_GCC_493\Debug\Design01.a(Display1.o)
                0x00004dc0                Display1_ClearRxBuffer
 .text.Display1_PutChar
                0x00004e04       0x18 .\CortexM3\ARM_GCC_493\Debug\Design01.a(Display1.o)
                0x00004e04                Display1_PutChar
 .text.Display1_RXISR
                0x00004e1c       0x94 .\CortexM3\ARM_GCC_493\Debug\Design01.a(Display1_INT.o)
                0x00004e1c                Display1_RXISR
 .text.Display2_Init
                0x00004eb0       0x44 .\CortexM3\ARM_GCC_493\Debug\Design01.a(Display2.o)
                0x00004eb0                Display2_Init
 .text.Display2_Enable
                0x00004ef4       0x44 .\CortexM3\ARM_GCC_493\Debug\Design01.a(Display2.o)
                0x00004ef4                Display2_Enable
 .text.Display2_Start
                0x00004f38       0x1c .\CortexM3\ARM_GCC_493\Debug\Design01.a(Display2.o)
                0x00004f38                Display2_Start
 .text.Display2_GetRxBufferSize
                0x00004f54       0x5c .\CortexM3\ARM_GCC_493\Debug\Design01.a(Display2.o)
                0x00004f54                Display2_GetRxBufferSize
 .text.Display2_ClearRxBuffer
                0x00004fb0       0x44 .\CortexM3\ARM_GCC_493\Debug\Design01.a(Display2.o)
                0x00004fb0                Display2_ClearRxBuffer
 .text.Display2_PutChar
                0x00004ff4       0x18 .\CortexM3\ARM_GCC_493\Debug\Design01.a(Display2.o)
                0x00004ff4                Display2_PutChar
 .text.Display2_RXISR
                0x0000500c       0x94 .\CortexM3\ARM_GCC_493\Debug\Design01.a(Display2_INT.o)
                0x0000500c                Display2_RXISR
 .text.Display1_IntClock_Start
                0x000050a0       0x1c .\CortexM3\ARM_GCC_493\Debug\Design01.a(Display1_IntClock.o)
                0x000050a0                Display1_IntClock_Start
 .text.Display2_IntClock_Start
                0x000050bc       0x1c .\CortexM3\ARM_GCC_493\Debug\Design01.a(Display2_IntClock.o)
                0x000050bc                Display2_IntClock_Start
 .text          0x000050d8       0x20 .\CortexM3\ARM_GCC_493\Debug\Design01.a(CyBootAsmGnu.o)
                0x000050d8                CyDelayCycles
                0x000050e8                CyEnterCriticalSection
                0x000050f0                CyExitCriticalSection
 .text.CyHalt   0x000050f8        0x4 .\CortexM3\ARM_GCC_493\Debug\Design01.a(CyLib.o)
                0x000050f8                CyHalt
 .text.CyDelay  0x000050fc       0x2c .\CortexM3\ARM_GCC_493\Debug\Design01.a(CyLib.o)
                0x000050fc                CyDelay
 .text.CyDelayUs
                0x00005128       0x14 .\CortexM3\ARM_GCC_493\Debug\Design01.a(CyLib.o)
                0x00005128                CyDelayUs
 .text.CyWdtStart
                0x0000513c       0x40 .\CortexM3\ARM_GCC_493\Debug\Design01.a(CyLib.o)
                0x0000513c                CyWdtStart
 .text.CyWdtClear
                0x0000517c        0xc .\CortexM3\ARM_GCC_493\Debug\Design01.a(CyLib.o)
                0x0000517c                CyWdtClear
 .text.CyIntSetVector
                0x00005188       0x28 .\CortexM3\ARM_GCC_493\Debug\Design01.a(CyLib.o)
                0x00005188                CyIntSetVector
 .text.CyIntSetPriority
                0x000051b0       0x30 .\CortexM3\ARM_GCC_493\Debug\Design01.a(CyLib.o)
                0x000051b0                CyIntSetPriority
 .text.Printer_IntClock_Start
                0x000051e0       0x1c .\CortexM3\ARM_GCC_493\Debug\Design01.a(Printer_IntClock.o)
                0x000051e0                Printer_IntClock_Start
 .text.Pump_Init
                0x000051fc       0x44 .\CortexM3\ARM_GCC_493\Debug\Design01.a(Pump.o)
                0x000051fc                Pump_Init
 .text.Pump_Enable
                0x00005240       0x3c .\CortexM3\ARM_GCC_493\Debug\Design01.a(Pump.o)
                0x00005240                Pump_Enable
 .text.Pump_Start
                0x0000527c       0x1c .\CortexM3\ARM_GCC_493\Debug\Design01.a(Pump.o)
                0x0000527c                Pump_Start
 .text.Pump_ReadRxData
                0x00005298       0x64 .\CortexM3\ARM_GCC_493\Debug\Design01.a(Pump.o)
                0x00005298                Pump_ReadRxData
 .text.Pump_GetRxBufferSize
                0x000052fc       0x68 .\CortexM3\ARM_GCC_493\Debug\Design01.a(Pump.o)
                0x000052fc                Pump_GetRxBufferSize
 .text.Pump_ClearRxBuffer
                0x00005364       0x44 .\CortexM3\ARM_GCC_493\Debug\Design01.a(Pump.o)
                0x00005364                Pump_ClearRxBuffer
 .text.Pump_PutChar
                0x000053a8       0x18 .\CortexM3\ARM_GCC_493\Debug\Design01.a(Pump.o)
                0x000053a8                Pump_PutChar
 .text.Pump_RXISR
                0x000053c0       0x98 .\CortexM3\ARM_GCC_493\Debug\Design01.a(Pump_INT.o)
                0x000053c0                Pump_RXISR
 .text.EEPROM_1_Enable
                0x00005458        0xc .\CortexM3\ARM_GCC_493\Debug\Design01.a(EEPROM_1.o)
                0x00005458                EEPROM_1_Enable
 .text.EEPROM_1_Start
                0x00005464        0x8 .\CortexM3\ARM_GCC_493\Debug\Design01.a(EEPROM_1.o)
                0x00005464                EEPROM_1_Start
 .text.EEPROM_1_WriteByte
                0x0000546c       0xd4 .\CortexM3\ARM_GCC_493\Debug\Design01.a(EEPROM_1.o)
                0x0000546c                EEPROM_1_WriteByte
 .text.EEPROM_1_ReadByte
                0x00005540       0x28 .\CortexM3\ARM_GCC_493\Debug\Design01.a(EEPROM_1.o)
                0x00005540                EEPROM_1_ReadByte
 .text.I2C_Bus_Init
                0x00005568       0x58 .\CortexM3\ARM_GCC_493\Debug\Design01.a(I2C_Bus.o)
                0x00005568                I2C_Bus_Init
 .text.I2C_Bus_Enable
                0x000055c0       0x24 .\CortexM3\ARM_GCC_493\Debug\Design01.a(I2C_Bus.o)
                0x000055c0                I2C_Bus_Enable
 .text.I2C_Bus_Start
                0x000055e4       0x28 .\CortexM3\ARM_GCC_493\Debug\Design01.a(I2C_Bus.o)
                0x000055e4                I2C_Bus_Start
 .text.I2C_Bus_ISR
                0x0000560c      0x2d0 .\CortexM3\ARM_GCC_493\Debug\Design01.a(I2C_Bus_INT.o)
                0x0000560c                I2C_Bus_ISR
 .text.I2C_Bus_MasterSendStart
                0x000058dc       0x80 .\CortexM3\ARM_GCC_493\Debug\Design01.a(I2C_Bus_MASTER.o)
                0x000058dc                I2C_Bus_MasterSendStart
 .text.I2C_Bus_MasterSendStop
                0x0000595c       0x38 .\CortexM3\ARM_GCC_493\Debug\Design01.a(I2C_Bus_MASTER.o)
                0x0000595c                I2C_Bus_MasterSendStop
 .text.I2C_Bus_MasterWriteByte
                0x00005994       0x58 .\CortexM3\ARM_GCC_493\Debug\Design01.a(I2C_Bus_MASTER.o)
                0x00005994                I2C_Bus_MasterWriteByte
 .text.I2C_Bus_MasterReadByte
                0x000059ec       0x58 .\CortexM3\ARM_GCC_493\Debug\Design01.a(I2C_Bus_MASTER.o)
                0x000059ec                I2C_Bus_MasterReadByte
 .text.I2C_Bus_MasterClearStatus
                0x00005a44       0x10 .\CortexM3\ARM_GCC_493\Debug\Design01.a(I2C_Bus_MASTER.o)
                0x00005a44                I2C_Bus_MasterClearStatus
 .text.I2C_Bus_MasterClearReadBuf
                0x00005a54       0x1c .\CortexM3\ARM_GCC_493\Debug\Design01.a(I2C_Bus_MASTER.o)
                0x00005a54                I2C_Bus_MasterClearReadBuf
 .text.I2C_Bus_MasterClearWriteBuf
                0x00005a70       0x1c .\CortexM3\ARM_GCC_493\Debug\Design01.a(I2C_Bus_MASTER.o)
                0x00005a70                I2C_Bus_MasterClearWriteBuf
 .text.I2C_Bus_Workaround
                0x00005a8c        0x4 .\CortexM3\ARM_GCC_493\Debug\Design01.a(I2C_Bus_MASTER.o)
                0x00005a8c                I2C_Bus_Workaround
 .text.Timer_Animacion_Enable
                0x00005a90       0x28 .\CortexM3\ARM_GCC_493\Debug\Design01.a(Timer_Animacion.o)
                0x00005a90                Timer_Animacion_Enable
 .text.Timer_Animacion_Stop
                0x00005ab8       0x28 .\CortexM3\ARM_GCC_493\Debug\Design01.a(Timer_Animacion.o)
                0x00005ab8                Timer_Animacion_Stop
 .text.Timer_Animacion_SetInterruptMode
                0x00005ae0        0xc .\CortexM3\ARM_GCC_493\Debug\Design01.a(Timer_Animacion.o)
                0x00005ae0                Timer_Animacion_SetInterruptMode
 .text.Timer_Animacion_ReadStatusRegister
                0x00005aec        0xc .\CortexM3\ARM_GCC_493\Debug\Design01.a(Timer_Animacion.o)
                0x00005aec                Timer_Animacion_ReadStatusRegister
 .text.Timer_Animacion_WritePeriod
                0x00005af8        0xc .\CortexM3\ARM_GCC_493\Debug\Design01.a(Timer_Animacion.o)
                0x00005af8                Timer_Animacion_WritePeriod
 .text.Timer_Animacion_WriteCounter
                0x00005b04        0xc .\CortexM3\ARM_GCC_493\Debug\Design01.a(Timer_Animacion.o)
                0x00005b04                Timer_Animacion_WriteCounter
 .text.Timer_Animacion_Init
                0x00005b10       0x68 .\CortexM3\ARM_GCC_493\Debug\Design01.a(Timer_Animacion.o)
                0x00005b10                Timer_Animacion_Init
 .text.Timer_Animacion_Start
                0x00005b78       0x1c .\CortexM3\ARM_GCC_493\Debug\Design01.a(Timer_Animacion.o)
                0x00005b78                Timer_Animacion_Start
 .text.isr_3_SetVector
                0x00005b94       0x10 .\CortexM3\ARM_GCC_493\Debug\Design01.a(isr_3.o)
                0x00005b94                isr_3_SetVector
 .text.isr_3_SetPriority
                0x00005ba4       0x10 .\CortexM3\ARM_GCC_493\Debug\Design01.a(isr_3.o)
                0x00005ba4                isr_3_SetPriority
 .text.isr_3_Enable
                0x00005bb4       0x10 .\CortexM3\ARM_GCC_493\Debug\Design01.a(isr_3.o)
                0x00005bb4                isr_3_Enable
 .text.isr_3_Disable
                0x00005bc4       0x10 .\CortexM3\ARM_GCC_493\Debug\Design01.a(isr_3.o)
                0x00005bc4                isr_3_Disable
 .text.isr_3_StartEx
                0x00005bd4       0x1c .\CortexM3\ARM_GCC_493\Debug\Design01.a(isr_3.o)
                0x00005bd4                isr_3_StartEx
 .text.isr_3_Stop
                0x00005bf0       0x14 .\CortexM3\ARM_GCC_493\Debug\Design01.a(isr_3.o)
                0x00005bf0                isr_3_Stop
 .text.IB1_Write
                0x00005c04       0x18 .\CortexM3\ARM_GCC_493\Debug\Design01.a(IB1.o)
                0x00005c04                IB1_Write
 .text.IB1_Read
                0x00005c1c       0x10 .\CortexM3\ARM_GCC_493\Debug\Design01.a(IB1.o)
                0x00005c1c                IB1_Read
 .text.IB2_Write
                0x00005c2c       0x18 .\CortexM3\ARM_GCC_493\Debug\Design01.a(IB2.o)
                0x00005c2c                IB2_Write
 .text.IB2_Read
                0x00005c44        0xc .\CortexM3\ARM_GCC_493\Debug\Design01.a(IB2.o)
                0x00005c44                IB2_Read
 .text.RF_Connection_Enable
                0x00005c50       0x44 .\CortexM3\ARM_GCC_493\Debug\Design01.a(RF_Connection.o)
                0x00005c50                RF_Connection_Enable
 .text.RF_Connection_ReadControlRegister
                0x00005c94        0xc .\CortexM3\ARM_GCC_493\Debug\Design01.a(RF_Connection.o)
                0x00005c94                RF_Connection_ReadControlRegister
 .text.RF_Connection_WriteControlRegister
                0x00005ca0        0xc .\CortexM3\ARM_GCC_493\Debug\Design01.a(RF_Connection.o)
                0x00005ca0                RF_Connection_WriteControlRegister
 .text.RF_Connection_Init
                0x00005cac       0x50 .\CortexM3\ARM_GCC_493\Debug\Design01.a(RF_Connection.o)
                0x00005cac                RF_Connection_Init
 .text.RF_Connection_Start
                0x00005cfc       0x1c .\CortexM3\ARM_GCC_493\Debug\Design01.a(RF_Connection.o)
                0x00005cfc                RF_Connection_Start
 .text.RF_Connection_ReadRxData
                0x00005d18       0x64 .\CortexM3\ARM_GCC_493\Debug\Design01.a(RF_Connection.o)
                0x00005d18                RF_Connection_ReadRxData
 .text.RF_Connection_GetRxBufferSize
                0x00005d7c       0x68 .\CortexM3\ARM_GCC_493\Debug\Design01.a(RF_Connection.o)
                0x00005d7c                RF_Connection_GetRxBufferSize
 .text.RF_Connection_ClearRxBuffer
                0x00005de4       0x44 .\CortexM3\ARM_GCC_493\Debug\Design01.a(RF_Connection.o)
                0x00005de4                RF_Connection_ClearRxBuffer
 .text.RF_Connection_PutChar
                0x00005e28       0x18 .\CortexM3\ARM_GCC_493\Debug\Design01.a(RF_Connection.o)
                0x00005e28                RF_Connection_PutChar
 .text.RF_Connection_RXISR
                0x00005e40       0x9c .\CortexM3\ARM_GCC_493\Debug\Design01.a(RF_Connection_INT.o)
                0x00005e40                RF_Connection_RXISR
 .text.RF_Connection_IntClock_Start
                0x00005edc       0x1c .\CortexM3\ARM_GCC_493\Debug\Design01.a(RF_Connection_IntClock.o)
                0x00005edc                RF_Connection_IntClock_Start
 .text.Waitable_4_Enable
                0x00005ef8       0x28 .\CortexM3\ARM_GCC_493\Debug\Design01.a(Waitable_4.o)
                0x00005ef8                Waitable_4_Enable
 .text.Waitable_4_SetInterruptMode
                0x00005f20        0xc .\CortexM3\ARM_GCC_493\Debug\Design01.a(Waitable_4.o)
                0x00005f20                Waitable_4_SetInterruptMode
 .text.Waitable_4_ReadStatusRegister
                0x00005f2c        0xc .\CortexM3\ARM_GCC_493\Debug\Design01.a(Waitable_4.o)
                0x00005f2c                Waitable_4_ReadStatusRegister
 .text.Waitable_4_WritePeriod
                0x00005f38        0xc .\CortexM3\ARM_GCC_493\Debug\Design01.a(Waitable_4.o)
                0x00005f38                Waitable_4_WritePeriod
 .text.Waitable_4_WriteCounter
                0x00005f44        0xc .\CortexM3\ARM_GCC_493\Debug\Design01.a(Waitable_4.o)
                0x00005f44                Waitable_4_WriteCounter
 .text.Waitable_4_Init
                0x00005f50       0x64 .\CortexM3\ARM_GCC_493\Debug\Design01.a(Waitable_4.o)
                0x00005f50                Waitable_4_Init
 .text.Waitable_4_Start
                0x00005fb4       0x1c .\CortexM3\ARM_GCC_493\Debug\Design01.a(Waitable_4.o)
                0x00005fb4                Waitable_4_Start
 .text.Waitable_3_Enable
                0x00005fd0       0x28 .\CortexM3\ARM_GCC_493\Debug\Design01.a(Waitable_3.o)
                0x00005fd0                Waitable_3_Enable
 .text.Waitable_3_SetInterruptMode
                0x00005ff8        0xc .\CortexM3\ARM_GCC_493\Debug\Design01.a(Waitable_3.o)
                0x00005ff8                Waitable_3_SetInterruptMode
 .text.Waitable_3_ReadStatusRegister
                0x00006004        0xc .\CortexM3\ARM_GCC_493\Debug\Design01.a(Waitable_3.o)
                0x00006004                Waitable_3_ReadStatusRegister
 .text.Waitable_3_WritePeriod
                0x00006010        0xc .\CortexM3\ARM_GCC_493\Debug\Design01.a(Waitable_3.o)
                0x00006010                Waitable_3_WritePeriod
 .text.Waitable_3_WriteCounter
                0x0000601c        0xc .\CortexM3\ARM_GCC_493\Debug\Design01.a(Waitable_3.o)
                0x0000601c                Waitable_3_WriteCounter
 .text.Waitable_3_Init
                0x00006028       0x64 .\CortexM3\ARM_GCC_493\Debug\Design01.a(Waitable_3.o)
                0x00006028                Waitable_3_Init
 .text.Waitable_3_Start
                0x0000608c       0x1c .\CortexM3\ARM_GCC_493\Debug\Design01.a(Waitable_3.o)
                0x0000608c                Waitable_3_Start
 .text.isr_1_SetVector
                0x000060a8       0x10 .\CortexM3\ARM_GCC_493\Debug\Design01.a(isr_1.o)
                0x000060a8                isr_1_SetVector
 .text.isr_1_SetPriority
                0x000060b8       0x10 .\CortexM3\ARM_GCC_493\Debug\Design01.a(isr_1.o)
                0x000060b8                isr_1_SetPriority
 .text.isr_1_Enable
                0x000060c8       0x10 .\CortexM3\ARM_GCC_493\Debug\Design01.a(isr_1.o)
                0x000060c8                isr_1_Enable
 .text.isr_1_Disable
                0x000060d8       0x10 .\CortexM3\ARM_GCC_493\Debug\Design01.a(isr_1.o)
                0x000060d8                isr_1_Disable
 .text.isr_1_StartEx
                0x000060e8       0x1c .\CortexM3\ARM_GCC_493\Debug\Design01.a(isr_1.o)
                0x000060e8                isr_1_StartEx
 .text.isr_2_SetVector
                0x00006104       0x10 .\CortexM3\ARM_GCC_493\Debug\Design01.a(isr_2.o)
                0x00006104                isr_2_SetVector
 .text.isr_2_SetPriority
                0x00006114       0x10 .\CortexM3\ARM_GCC_493\Debug\Design01.a(isr_2.o)
                0x00006114                isr_2_SetPriority
 .text.isr_2_Enable
                0x00006124       0x10 .\CortexM3\ARM_GCC_493\Debug\Design01.a(isr_2.o)
                0x00006124                isr_2_Enable
 .text.isr_2_Disable
                0x00006134       0x10 .\CortexM3\ARM_GCC_493\Debug\Design01.a(isr_2.o)
                0x00006134                isr_2_Disable
 .text.isr_2_StartEx
                0x00006144       0x1c .\CortexM3\ARM_GCC_493\Debug\Design01.a(isr_2.o)
                0x00006144                isr_2_StartEx
 .text.CyFlashGetSpcAlgorithm
                0x00006160       0x4c .\CortexM3\ARM_GCC_493\Debug\Design01.a(CyFlash.o)
 .text.CySetTempInt
                0x000061ac       0x60 .\CortexM3\ARM_GCC_493\Debug\Design01.a(CyFlash.o)
 .text.CySetTemp
                0x0000620c       0x14 .\CortexM3\ARM_GCC_493\Debug\Design01.a(CyFlash.o)
                0x0000620c                CySetTemp
 .text.CyEEPROM_Start
                0x00006220       0x54 .\CortexM3\ARM_GCC_493\Debug\Design01.a(CyFlash.o)
                0x00006220                CyEEPROM_Start
 .text.CyEEPROM_ReadReserve
                0x00006274       0x1c .\CortexM3\ARM_GCC_493\Debug\Design01.a(CyFlash.o)
                0x00006274                CyEEPROM_ReadReserve
 .text.CyEEPROM_ReadRelease
                0x00006290       0x10 .\CortexM3\ARM_GCC_493\Debug\Design01.a(CyFlash.o)
                0x00006290                CyEEPROM_ReadRelease
 .text.CySpcStart
                0x000062a0       0x24 .\CortexM3\ARM_GCC_493\Debug\Design01.a(CySpc.o)
                0x000062a0                CySpcStart
 .text.CySpcReadData
                0x000062c4       0x34 .\CortexM3\ARM_GCC_493\Debug\Design01.a(CySpc.o)
                0x000062c4                CySpcReadData
 .text.CySpcLoadMultiByte
                0x000062f8       0x78 .\CortexM3\ARM_GCC_493\Debug\Design01.a(CySpc.o)
                0x000062f8                CySpcLoadMultiByte
 .text.CySpcWriteRow
                0x00006370       0x4c .\CortexM3\ARM_GCC_493\Debug\Design01.a(CySpc.o)
                0x00006370                CySpcWriteRow
 .text.CySpcGetTemp
                0x000063bc       0x3c .\CortexM3\ARM_GCC_493\Debug\Design01.a(CySpc.o)
                0x000063bc                CySpcGetTemp
 .text.CySpcLock
                0x000063f8       0x4c .\CortexM3\ARM_GCC_493\Debug\Design01.a(CySpc.o)
                0x000063f8                CySpcLock
 .text.CySpcUnlock
                0x00006444       0x38 .\CortexM3\ARM_GCC_493\Debug\Design01.a(CySpc.o)
                0x00006444                CySpcUnlock
 .text.CySpcGetAlgorithm
                0x0000647c       0x28 .\CortexM3\ARM_GCC_493\Debug\Design01.a(CySpc.o)
                0x0000647c                CySpcGetAlgorithm
 .text.atoi     0x000064a4        0x8 c:/program files (x86)/cypress/psoc creator/3.3/psoc creator/import/gnu/arm/4.9.3/bin/../lib/gcc/arm-none-eabi/4.9.3/../../../../arm-none-eabi/lib/armv7-m\libg_nano.a(lib_a-atoi.o)
                0x000064a4                atoi
 .text.__libc_init_array
                0x000064ac       0x4c c:/program files (x86)/cypress/psoc creator/3.3/psoc creator/import/gnu/arm/4.9.3/bin/../lib/gcc/arm-none-eabi/4.9.3/../../../../arm-none-eabi/lib/armv7-m\libg_nano.a(lib_a-init.o)
                0x000064ac                __libc_init_array
 .text.memcpy   0x000064f8       0x16 c:/program files (x86)/cypress/psoc creator/3.3/psoc creator/import/gnu/arm/4.9.3/bin/../lib/gcc/arm-none-eabi/4.9.3/../../../../arm-none-eabi/lib/armv7-m\libg_nano.a(lib_a-memcpy.o)
                0x000064f8                memcpy
 .text.memset   0x0000650e       0x10 c:/program files (x86)/cypress/psoc creator/3.3/psoc creator/import/gnu/arm/4.9.3/bin/../lib/gcc/arm-none-eabi/4.9.3/../../../../arm-none-eabi/lib/armv7-m\libg_nano.a(lib_a-memset.o)
                0x0000650e                memset
 *fill*         0x0000651e        0x2 
 .text._strtol_r
                0x00006520      0x10c c:/program files (x86)/cypress/psoc creator/3.3/psoc creator/import/gnu/arm/4.9.3/bin/../lib/gcc/arm-none-eabi/4.9.3/../../../../arm-none-eabi/lib/armv7-m\libg_nano.a(lib_a-strtol.o)
                0x00006520                _strtol_r
 .text.strtol   0x0000662c       0x1c c:/program files (x86)/cypress/psoc creator/3.3/psoc creator/import/gnu/arm/4.9.3/bin/../lib/gcc/arm-none-eabi/4.9.3/../../../../arm-none-eabi/lib/armv7-m\libg_nano.a(lib_a-strtol.o)
                0x0000662c                strtol
 *(.plt)
 *(.gnu.warning)
 *(.glue_7t)
 .glue_7t       0x00000000        0x0 linker stubs
 *(.glue_7)
 .glue_7        0x00000000        0x0 linker stubs
 *(.vfp11_veneer)
 .vfp11_veneer  0x00000000        0x0 linker stubs
 *(.bootloader)
 *(.ARM.extab* .gnu.linkonce.armextab.*)
 *(.gcc_except_table)

.v4_bx          0x00006648        0x0
 .v4_bx         0x00000000        0x0 linker stubs

.iplt           0x00006648        0x0
 .iplt          0x00000000        0x0 c:/program files (x86)/cypress/psoc creator/3.3/psoc creator/import/gnu/arm/4.9.3/bin/../lib/gcc/arm-none-eabi/4.9.3/armv7-m/crtbegin.o

.eh_frame_hdr
 *(.eh_frame_hdr)

.eh_frame       0x00006648        0x4
 *(.eh_frame)
 .eh_frame      0x00006648        0x0 c:/program files (x86)/cypress/psoc creator/3.3/psoc creator/import/gnu/arm/4.9.3/bin/../lib/gcc/arm-none-eabi/4.9.3/armv7-m/crtbegin.o
 .eh_frame      0x00006648        0x4 c:/program files (x86)/cypress/psoc creator/3.3/psoc creator/import/gnu/arm/4.9.3/bin/../lib/gcc/arm-none-eabi/4.9.3/armv7-m/crtend.o
                0x0000664c                PROVIDE (__exidx_start, .)

.ARM.exidx
 *(.ARM.exidx* .gnu.linkonce.armexidx.*)
                0x0000664c                __exidx_end = .

.rodata         0x0000664c     0x8714
 *(.rodata .rodata.* .gnu.linkonce.r.*)
 .rodata        0x0000664c       0x8c .\CortexM3\ARM_GCC_493\Debug\main.o
 .rodata.str1.4
                0x000066d8       0x18 .\CortexM3\ARM_GCC_493\Debug\main.o
 .rodata        0x000066f0       0x10 .\CortexM3\ARM_GCC_493\Debug\protocol.o
 .rodata        0x00006700       0x40 .\CortexM3\ARM_GCC_493\Debug\LCD.o
 .rodata        0x00006740     0x8364 .\CortexM3\ARM_GCC_493\Debug\Print.o
                0x00006740                biomax
                0x00006d28                brio
                0x00007310                cencosud
                0x000078f8                ecospetrol
                0x00007ee0                esso
                0x000084c8                National
                0x00008ab0                mineroil
                0x00008e64                mobil
                0x00009218                petrobras
                0x00009800                plus
                0x00009af4                terpel
                0x0000a0dc                texaco
                0x0000a6c4                zeus
                0x0000a9b8                petromil
                0x0000afa0                biomax1
                0x0000b350                brio1
                0x0000b700                cencosud1
                0x0000bab0                ecospetrol1
                0x0000be60                esso1
                0x0000c210                National1
                0x0000c5c0                mineroil1
                0x0000c970                mobil1
                0x0000cd20                petrobras1
                0x0000d0d0                plus1
                0x0000d480                terpel1
                0x0000d830                texaco1
                0x0000dbe0                zeus1
                0x0000df90                petromil1
                0x0000e340                exito1
                0x0000e6f0                exito
 .rodata        0x0000eaa4      0x100 .\CortexM3\ARM_GCC_493\Debug\RFPoll.o
 .rodata        0x0000eba4       0x84 .\CortexM3\ARM_GCC_493\Debug\Design01.a(cyfitter_cfg.o)
 .rodata.str1.1
                0x0000ec28        0x2 c:/program files (x86)/cypress/psoc creator/3.3/psoc creator/import/gnu/arm/4.9.3/bin/../lib/gcc/arm-none-eabi/4.9.3/../../../../arm-none-eabi/lib/armv7-m\libg_nano.a(lib_a-impure.o)
 .rodata._ctype_
                0x0000ec2a      0x101 c:/program files (x86)/cypress/psoc creator/3.3/psoc creator/import/gnu/arm/4.9.3/bin/../lib/gcc/arm-none-eabi/4.9.3/../../../../arm-none-eabi/lib/armv7-m\libg_nano.a(lib_a-ctype_.o)
                0x0000ec2a                _ctype_
                0x0000ed2c                . = ALIGN (0x4)
 *fill*         0x0000ed2b        0x1 
 *(.init)
 .init          0x0000ed2c        0x4 c:/program files (x86)/cypress/psoc creator/3.3/psoc creator/import/gnu/arm/4.9.3/bin/../lib/gcc/arm-none-eabi/4.9.3/armv7-m/crti.o
                0x0000ed2c                _init
 .init          0x0000ed30        0x8 c:/program files (x86)/cypress/psoc creator/3.3/psoc creator/import/gnu/arm/4.9.3/bin/../lib/gcc/arm-none-eabi/4.9.3/armv7-m/crtn.o
                0x0000ed38                . = ALIGN (0x4)
                0x0000ed38                __preinit_array_start = .
 *(.preinit_array)
                0x0000ed38                __preinit_array_end = .
                0x0000ed38                . = ALIGN (0x4)
                0x0000ed38                __init_array_start = .
 *(SORT(.init_array.*))
 *(.init_array)
 .init_array    0x0000ed38        0x4 c:/program files (x86)/cypress/psoc creator/3.3/psoc creator/import/gnu/arm/4.9.3/bin/../lib/gcc/arm-none-eabi/4.9.3/armv7-m/crtbegin.o
 .init_array    0x0000ed3c        0x4 .\CortexM3\ARM_GCC_493\Debug\Cm3Start.o
                0x0000ed40                __init_array_end = .
                0x0000ed40                . = ALIGN (0x4)
 *(.fini)
 .fini          0x0000ed40        0x4 c:/program files (x86)/cypress/psoc creator/3.3/psoc creator/import/gnu/arm/4.9.3/bin/../lib/gcc/arm-none-eabi/4.9.3/armv7-m/crti.o
                0x0000ed40                _fini
 .fini          0x0000ed44        0x8 c:/program files (x86)/cypress/psoc creator/3.3/psoc creator/import/gnu/arm/4.9.3/bin/../lib/gcc/arm-none-eabi/4.9.3/armv7-m/crtn.o
                0x0000ed4c                . = ALIGN (0x4)
                0x0000ed4c                __fini_array_start = .
 *(.fini_array)
 .fini_array    0x0000ed4c        0x4 c:/program files (x86)/cypress/psoc creator/3.3/psoc creator/import/gnu/arm/4.9.3/bin/../lib/gcc/arm-none-eabi/4.9.3/armv7-m/crtbegin.o
 *(SORT(.fini_array.*))
                0x0000ed50                __fini_array_end = .
                0x0000ed50                . = ALIGN (0x4)
 *crtbegin.o(.ctors)
 *(EXCLUDE_FILE(*crtend.o) .ctors)
 *(SORT(.ctors.*))
 *crtend.o(.ctors)
                0x0000ed50                . = ALIGN (0x4)
 *crtbegin.o(.dtors)
 *(EXCLUDE_FILE(*crtend.o) .dtors)
 *(SORT(.dtors.*))
 *crtend.o(.dtors)
                0x0000ed50                . = ALIGN (0x4)
                0x0000ed50                __cy_regions = .
                0x0000ed50        0x4 LONG 0xed60 __cy_region_init_ram
                0x0000ed54        0x4 LONG 0x1fff8108 __cy_region_start_data
                0x0000ed58        0x4 LONG 0x2c8 __cy_region_init_size_ram
                0x0000ed5c        0x4 LONG 0x1fa8 __cy_region_zero_size_ram
                0x0000ed60                __cy_regions_end = .
                0x0000ed60                . = ALIGN (0x8)
                0x0000ed60                _etext = .

.cy_checksum_exclude
                0x0000ed60        0x0
 *(.cy_checksum_exclude)

.ramvectors     0x1fff8000      0x100
                0x1fff8000                __cy_region_start_ram = .
 *(.ramvectors)
 .ramvectors    0x1fff8000      0x100 .\CortexM3\ARM_GCC_493\Debug\Cm3Start.o
                0x1fff8000                CyRamVectors

.noinit         0x1fff8100        0x5
 *(.noinit)
 .noinit        0x1fff8100        0x4 .\CortexM3\ARM_GCC_493\Debug\Cm3Start.o
 .noinit        0x1fff8104        0x1 .\CortexM3\ARM_GCC_493\Debug\Design01.a(CyLib.o)
                0x1fff8104                CyResetStatus

.data           0x1fff8108      0x2c8 load address 0x0000ed60
                0x1fff8108                __cy_region_start_data = .
 *(.jcr)
 .jcr           0x1fff8108        0x0 c:/program files (x86)/cypress/psoc creator/3.3/psoc creator/import/gnu/arm/4.9.3/bin/../lib/gcc/arm-none-eabi/4.9.3/armv7-m/crtbegin.o
 .jcr           0x1fff8108        0x4 c:/program files (x86)/cypress/psoc creator/3.3/psoc creator/import/gnu/arm/4.9.3/bin/../lib/gcc/arm-none-eabi/4.9.3/armv7-m/crtend.o
 *(.got.plt)
 *(.got)
 *(.shdata)
 *(.data .data.* .gnu.linkonce.d.*)
 .data          0x1fff810c       0x14 .\CortexM3\ARM_GCC_493\Debug\main.o
                0x1fff810c                passwordPump
                0x1fff8114                MuxVersion
 .data          0x1fff8120       0x54 .\CortexM3\ARM_GCC_493\Debug\LCD.o
                0x1fff8120                _g_charmaplut
 .data          0x1fff8174      0x1e4 .\CortexM3\ARM_GCC_493\Debug\Print.o
                0x1fff8174                SEPARATOR
                0x1fff8194                msn_fecha
                0x1fff81a4                msn_hora
                0x1fff81b4                msn_pos
                0x1fff81c4                msn_numero
                0x1fff81d4                PRN_PRODUCT
                0x1fff81e4                msn_ppu
                0x1fff81f4                PRN_CURRENCY
                0x1fff81f8                msn_vol
                0x1fff8208                msn_din
                0x1fff8218                msn_placa
                0x1fff8228                PRN_PRESET
                0x1fff8238                PRN_MILLEAGE
                0x1fff8248                PRN_SERIAL
                0x1fff8258                PRN_BALANCE
                0x1fff8268                PRN_COMPANY
                0x1fff8278                PRN_ACCOUNT
                0x1fff8288                PRN_VISITSDAY
                0x1fff8298                PRN_VISITSWEEK
                0x1fff82a8                PRN_VISITSMONTH
                0x1fff82b8                PRN_MONEYDAY
                0x1fff82c8                PRN_MONEYWEEK
                0x1fff82d8                PRN_MONEYMONTH
                0x1fff82e8                PRN_ACCOUNTTYPE
                0x1fff82f8                PRN_SIGNATURE
                0x1fff8308                PRN_ID
                0x1fff8318                PRN_VOLUMEMONTH
                0x1fff8328                PRN_VOLUMEWEEK
                0x1fff8338                PRN_VOLUMEDAY
                0x1fff8348                PRN_TRANSTYPE
 .data          0x1fff8358       0x10 .\CortexM3\ARM_GCC_493\Debug\Design01.a(CyLib.o)
                0x1fff8358                cydelay_32k_ms
                0x1fff835c                cydelay_freq_khz
                0x1fff8360                cydelay_freq_mhz
                0x1fff8364                cydelay_freq_hz
 .data.impure_data
                0x1fff8368       0x60 c:/program files (x86)/cypress/psoc creator/3.3/psoc creator/import/gnu/arm/4.9.3/bin/../lib/gcc/arm-none-eabi/4.9.3/../../../../arm-none-eabi/lib/armv7-m\libg_nano.a(lib_a-impure.o)
 .data._impure_ptr
                0x1fff83c8        0x4 c:/program files (x86)/cypress/psoc creator/3.3/psoc creator/import/gnu/arm/4.9.3/bin/../lib/gcc/arm-none-eabi/4.9.3/../../../../arm-none-eabi/lib/armv7-m\libg_nano.a(lib_a-impure.o)
                0x1fff83c8                _impure_ptr
 .data.__ctype_ptr__
                0x1fff83cc        0x4 c:/program files (x86)/cypress/psoc creator/3.3/psoc creator/import/gnu/arm/4.9.3/bin/../lib/gcc/arm-none-eabi/4.9.3/../../../../arm-none-eabi/lib/armv7-m\libg_nano.a(lib_a-ctype_.o)
                0x1fff83cc                __ctype_ptr__
                0x1fff83d0                . = ALIGN (0x8)
 *(.ram)
                0x1fff83d0                _edata = .

.igot.plt       0x1fff83d0        0x0 load address 0x0000f028
 .igot.plt      0x00000000        0x0 c:/program files (x86)/cypress/psoc creator/3.3/psoc creator/import/gnu/arm/4.9.3/bin/../lib/gcc/arm-none-eabi/4.9.3/armv7-m/crtbegin.o

.bss            0x1fff83d0     0x1fa8 load address 0x0000f028
                0x1fff83d0                PROVIDE (__bss_start__, .)
 *(.shbss)
 *(.bss .bss.* .gnu.linkonce.b.*)
 .bss           0x1fff83d0       0x1c c:/program files (x86)/cypress/psoc creator/3.3/psoc creator/import/gnu/arm/4.9.3/bin/../lib/gcc/arm-none-eabi/4.9.3/armv7-m/crtbegin.o
 .bss           0x1fff83ec        0x2 .\CortexM3\ARM_GCC_493\Debug\Design01.a(Printer.o)
                0x1fff83ec                Printer_initVar
 .bss           0x1fff83ee        0x7 .\CortexM3\ARM_GCC_493\Debug\Design01.a(Display1.o)
                0x1fff83ee                Display1_errorStatus
                0x1fff83ef                Display1_initVar
                0x1fff83f0                Display1_rxBufferRead
                0x1fff83f1                Display1_rxBufferWrite
                0x1fff83f2                Display1_rxBufferLoopDetect
                0x1fff83f3                Display1_rxBufferOverflow
 .bss           0x1fff83f5        0x7 .\CortexM3\ARM_GCC_493\Debug\Design01.a(Display2.o)
                0x1fff83f5                Display2_errorStatus
                0x1fff83f6                Display2_initVar
                0x1fff83f7                Display2_rxBufferRead
                0x1fff83f8                Display2_rxBufferWrite
                0x1fff83f9                Display2_rxBufferLoopDetect
                0x1fff83fa                Display2_rxBufferOverflow
 .bss           0x1fff83fc        0xa .\CortexM3\ARM_GCC_493\Debug\Design01.a(Pump.o)
                0x1fff83fc                Pump_errorStatus
                0x1fff83fd                Pump_initVar
                0x1fff83fe                Pump_rxBufferRead
                0x1fff8400                Pump_rxBufferWrite
                0x1fff8402                Pump_rxBufferLoopDetect
                0x1fff8403                Pump_rxBufferOverflow
 .bss           0x1fff8406        0x1 .\CortexM3\ARM_GCC_493\Debug\Design01.a(I2C_Bus.o)
                0x1fff8406                I2C_Bus_initVar
 .bss           0x1fff8407        0x1 .\CortexM3\ARM_GCC_493\Debug\Design01.a(Timer_Animacion.o)
                0x1fff8407                Timer_Animacion_initVar
 .bss           0x1fff8408        0xa .\CortexM3\ARM_GCC_493\Debug\Design01.a(RF_Connection.o)
                0x1fff8408                RF_Connection_errorStatus
                0x1fff8409                RF_Connection_initVar
                0x1fff840a                RF_Connection_rxBufferRead
                0x1fff840c                RF_Connection_rxBufferWrite
                0x1fff840e                RF_Connection_rxBufferLoopDetect
                0x1fff840f                RF_Connection_rxBufferOverflow
 .bss           0x1fff8412        0x1 .\CortexM3\ARM_GCC_493\Debug\Design01.a(Waitable_4.o)
                0x1fff8412                Waitable_4_initVar
 .bss           0x1fff8413        0x1 .\CortexM3\ARM_GCC_493\Debug\Design01.a(Waitable_3.o)
                0x1fff8413                Waitable_3_initVar
 .bss           0x1fff8414        0x8 .\CortexM3\ARM_GCC_493\Debug\Design01.a(CySpc.o)
                0x1fff8414                SpcLockState
 *(COMMON)
 *fill*         0x1fff841c        0x4 
 COMMON         0x1fff8420     0x1bf9 .\CortexM3\ARM_GCC_493\Debug\main.o
                0x1fff8420                idSeller
                0x1fff8439                PriceChange
                0x1fff843c                delayPicture2
                0x1fff8440                side
                0x1fff8854                flagPoint2
                0x1fff8855                count_protector2
                0x1fff8856                hiddenKeys
                0x1fff8857                decimalVolume
                0x1fff8858                bufferDisplay1
                0x1fff89a4                PrevStatePump
                0x1fff89a8                configAccess
                0x1fff89ad                CopiasCredito
                0x1fff89b0                pumpGap
                0x1fff89b4                screen
                0x1fff89b8                GradesHose
                0x1fff89bd                ActiveRF
                0x1fff89be                UnitType
                0x1fff89bf                VolDec
                0x1fff89c0                countAnimation1
                0x1fff89c8                buffer_tx
                0x1fff8fa4                flowDisplay3
                0x1fff8fa8                bufferDisplay2
                0x1fff90f4                MoneyDec
                0x1fff90f5                RFstateReport
                0x1fff90f8                Encabezado1
                0x1fff9118                residue
                0x1fff9126                flagResetMux
                0x1fff9127                PlateRequest
                0x1fff9128                passwordSeller
                0x1fff9130                lockTurn
                0x1fff9131                controlChar
                0x1fff9134                dateDownHandle
                0x1fff9137                PrinterType
                0x1fff9138                productNumber
                0x1fff913c                statePump
                0x1fff9140                symbols
                0x1fff9144                IDCast
                0x1fff9146                CGrade
                0x1fff9147                digits
                0x1fff9148                printPortB
                0x1fff9149                count_protector
                0x1fff914a                numberKeys1
                0x1fff9150                countAnimation2
                0x1fff9158                countBeagleTX
                0x1fff9160                flowDisplay1
                0x1fff9164                bufferDisplay4
                0x1fff92b0                ppux10
                0x1fff92b4                buffer_txDisplay
                0x1fff9890                flowDisplay2
                0x1fff9894                time
                0x1fff9897                flagPoint1
                0x1fff9898                VolUnit
                0x1fff98a0                buffer_rf
                0x1fff9e7c                intIDStation
                0x1fff9e80                bufferDisplay3
                0x1fff9fcc                idStation
                0x1fff9fd4                temporal
                0x1fff9ff2                PPUDec
                0x1fff9ff3                numberKeys2
                0x1fff9ff4                ConversionFactor
                0x1fff9ff8                delayPicture1
                0x1fff9ffc                date
                0x1fffa000                countPump
                0x1fffa008                DDMode
                0x1fffa009                printPortA
                0x1fffa00c                timeDownHandle
                0x1fffa010                flowDisplay4
                0x1fffa014                counterRF
                0x1fffa015                NumPositions
                0x1fffa016                stateBeagleSoft
                0x1fffa017                decimalMoney
                0x1fffa018                typeIdSeller
 *fill*         0x1fffa019        0x3 
 COMMON         0x1fffa01c       0x20 .\CortexM3\ARM_GCC_493\Debug\Design01.a(Display1.o)
                0x1fffa01c                Display1_rxBuffer
 COMMON         0x1fffa03c       0x20 .\CortexM3\ARM_GCC_493\Debug\Design01.a(Display2.o)
                0x1fffa03c                Display2_rxBuffer
 COMMON         0x1fffa05c      0x100 .\CortexM3\ARM_GCC_493\Debug\Design01.a(Pump.o)
                0x1fffa05c                Pump_rxBuffer
 COMMON         0x1fffa15c        0x1 .\CortexM3\ARM_GCC_493\Debug\Design01.a(I2C_Bus.o)
                0x1fffa15c                I2C_Bus_state
 *fill*         0x1fffa15d        0x3 
 COMMON         0x1fffa160       0x11 .\CortexM3\ARM_GCC_493\Debug\Design01.a(I2C_Bus_MASTER.o)
                0x1fffa160                I2C_Bus_mstrWrBufSize
                0x1fffa161                I2C_Bus_mstrControl
                0x1fffa162                I2C_Bus_mstrRdBufSize
                0x1fffa164                I2C_Bus_mstrRdBufPtr
                0x1fffa168                I2C_Bus_mstrStatus
                0x1fffa169                I2C_Bus_mstrWrBufIndex
                0x1fffa16c                I2C_Bus_mstrWrBufPtr
                0x1fffa170                I2C_Bus_mstrRdBufIndex
 *fill*         0x1fffa171        0x3 
 COMMON         0x1fffa174      0x200 .\CortexM3\ARM_GCC_493\Debug\Design01.a(RF_Connection.o)
                0x1fffa174                RF_Connection_rxBuffer
 COMMON         0x1fffa374        0x2 .\CortexM3\ARM_GCC_493\Debug\Design01.a(CyFlash.o)
                0x1fffa374                dieTemperature
                0x1fffa378                . = ALIGN (0x8)
 *fill*         0x1fffa376        0x2 
 *(.ram.b)
                0x1fffa378                _end = .
                0x1fffa378                __end = .
                0x1fffa378                PROVIDE (end, .)
                0x1fffa378                PROVIDE (__bss_end__, .)
                0x0000ed60                __cy_region_init_ram = LOADADDR (.data)
                0x000002c8                __cy_region_init_size_ram = (_edata - ADDR (.data))
                0x00001fa8                __cy_region_zero_size_ram = (_end - _edata)

.heap           0x1fffa378       0x80 load address 0x0000f028
                0x1fffa378                . = _end
                0x1fffa3f8                . = (. + 0x80)
 *fill*         0x1fffa378       0x80 
                0x1fffa3f8                __cy_heap_limit = .

.stack          0x20007800      0x800
                0x20007800                __cy_stack_limit = .
                0x20008000                . = (. + 0x800)
 *fill*         0x20007800      0x800 
                0x00000001                ASSERT ((__cy_stack_limit >= __cy_heap_limit), region RAM overflowed with stack)
                0x00000000                cy_checksum_exclude_size = (CY_APPL_LOADABLE == 0x1)?SIZEOF (.cy_checksum_exclude):0x0
                0x00000001                ASSERT ((cy_checksum_exclude_size <= CY_CHECKSUM_EXCLUDE_SIZE), CY_BOOT: Section .cy_checksum_exclude size exceedes specified limit.)

.cyloadermeta
 *(.cyloadermeta)

.cyloadablemeta
 *(.cyloadablemeta)

.cyconfigecc    0x80000000     0x1118
 *(.cyconfigecc)
 .cyconfigecc   0x80000000     0x1118 .\CortexM3\ARM_GCC_493\Debug\cymetadata.o
                0x80000000                cy_meta_configecc

.cycustnvl      0x90000000        0x4
 *(.cycustnvl)
 .cycustnvl     0x90000000        0x4 .\CortexM3\ARM_GCC_493\Debug\cymetadata.o
                0x90000000                cy_meta_custnvl

.cywolatch      0x90100000        0x4
 *(.cywolatch)
 .cywolatch     0x90100000        0x4 .\CortexM3\ARM_GCC_493\Debug\cymetadata.o
                0x90100000                cy_meta_wonvl

.cyeeprom       0x90200000        0x0
 *(.cyeeprom)
                0x00000001                ASSERT ((. <= ((0x90200000 + ee_offset) + ee_size)), .cyeeprom data will not fit in EEPROM)

.cyflashprotect
                0x90400000      0x100
 *(.cyflashprotect)
 .cyflashprotect
                0x90400000      0x100 .\CortexM3\ARM_GCC_493\Debug\cymetadata.o
                0x90400000                cy_meta_flashprotect

.cymeta         0x90500000        0xc
 *(.cymeta)
 .cymeta        0x90500000        0xc .\CortexM3\ARM_GCC_493\Debug\cymetadata.o
                0x90500000                cy_metadata

.rel.dyn        0x0000f028        0x0 load address 0x9050000c
 .rel.iplt      0x00000000        0x0 c:/program files (x86)/cypress/psoc creator/3.3/psoc creator/import/gnu/arm/4.9.3/bin/../lib/gcc/arm-none-eabi/4.9.3/armv7-m/crtbegin.o

.stab
 *(.stab)

.stabstr
 *(.stabstr)

.debug
 *(.debug)

.line
 *(.line)

.debug_srcinfo
 *(.debug_srcinfo)

.debug_sfnames
 *(.debug_sfnames)

.debug_aranges  0x00000000     0x13c8
 *(.debug_aranges)
 .debug_aranges
                0x00000000       0x90 .\CortexM3\ARM_GCC_493\Debug\main.o
 .debug_aranges
                0x00000090       0x68 .\CortexM3\ARM_GCC_493\Debug\protocol.o
 .debug_aranges
                0x000000f8       0x48 .\CortexM3\ARM_GCC_493\Debug\LCD.o
 .debug_aranges
                0x00000140       0x20 .\CortexM3\ARM_GCC_493\Debug\keyboard.o
 .debug_aranges
                0x00000160       0x40 .\CortexM3\ARM_GCC_493\Debug\I2C.o
 .debug_aranges
                0x000001a0       0x30 .\CortexM3\ARM_GCC_493\Debug\Print.o
 .debug_aranges
                0x000001d0       0x38 .\CortexM3\ARM_GCC_493\Debug\ibuton.o
 .debug_aranges
                0x00000208       0x30 .\CortexM3\ARM_GCC_493\Debug\RFPoll.o
 .debug_aranges
                0x00000238       0x18 .\CortexM3\ARM_GCC_493\Debug\cymetadata.o
 .debug_aranges
                0x00000250       0x48 .\CortexM3\ARM_GCC_493\Debug\Cm3Start.o
 .debug_aranges
                0x00000298       0x58 .\CortexM3\ARM_GCC_493\Debug\Design01.a(cyfitter_cfg.o)
 .debug_aranges
                0x000002f0       0xf0 .\CortexM3\ARM_GCC_493\Debug\Design01.a(Printer.o)
 .debug_aranges
                0x000003e0       0xf0 .\CortexM3\ARM_GCC_493\Debug\Design01.a(Display1.o)
 .debug_aranges
                0x000004d0       0x20 .\CortexM3\ARM_GCC_493\Debug\Design01.a(Display1_INT.o)
 .debug_aranges
                0x000004f0       0xf0 .\CortexM3\ARM_GCC_493\Debug\Design01.a(Display2.o)
 .debug_aranges
                0x000005e0       0x20 .\CortexM3\ARM_GCC_493\Debug\Design01.a(Display2_INT.o)
 .debug_aranges
                0x00000600       0x70 .\CortexM3\ARM_GCC_493\Debug\Design01.a(Display1_IntClock.o)
 .debug_aranges
                0x00000670       0x70 .\CortexM3\ARM_GCC_493\Debug\Design01.a(Display2_IntClock.o)
 .debug_aranges
                0x000006e0       0x20 .\CortexM3\ARM_GCC_493\Debug\Design01.a(CyBootAsmGnu.o)
 .debug_aranges
                0x00000700      0x298 .\CortexM3\ARM_GCC_493\Debug\Design01.a(CyLib.o)
 .debug_aranges
                0x00000998       0x98 .\CortexM3\ARM_GCC_493\Debug\Design01.a(cyPm.o)
 .debug_aranges
                0x00000a30       0x70 .\CortexM3\ARM_GCC_493\Debug\Design01.a(Printer_IntClock.o)
 .debug_aranges
                0x00000aa0       0xf0 .\CortexM3\ARM_GCC_493\Debug\Design01.a(Pump.o)
 .debug_aranges
                0x00000b90       0x20 .\CortexM3\ARM_GCC_493\Debug\Design01.a(Pump_INT.o)
 .debug_aranges
                0x00000bb0       0x78 .\CortexM3\ARM_GCC_493\Debug\Design01.a(EEPROM_1.o)
 .debug_aranges
                0x00000c28       0x38 .\CortexM3\ARM_GCC_493\Debug\Design01.a(I2C_Bus.o)
 .debug_aranges
                0x00000c60       0x20 .\CortexM3\ARM_GCC_493\Debug\Design01.a(I2C_Bus_INT.o)
 .debug_aranges
                0x00000c80       0x38 .\CortexM3\ARM_GCC_493\Debug\Design01.a(I2C_Bus_PM.o)
 .debug_aranges
                0x00000cb8       0x88 .\CortexM3\ARM_GCC_493\Debug\Design01.a(I2C_Bus_MASTER.o)
 .debug_aranges
                0x00000d40       0x88 .\CortexM3\ARM_GCC_493\Debug\Design01.a(Timer_Animacion.o)
 .debug_aranges
                0x00000dc8       0x80 .\CortexM3\ARM_GCC_493\Debug\Design01.a(isr_3.o)
 .debug_aranges
                0x00000e48       0x88 .\CortexM3\ARM_GCC_493\Debug\Design01.a(Timer_Animacion2.o)
 .debug_aranges
                0x00000ed0       0x38 .\CortexM3\ARM_GCC_493\Debug\Design01.a(IB1.o)
 .debug_aranges
                0x00000f08       0x38 .\CortexM3\ARM_GCC_493\Debug\Design01.a(IB2.o)
 .debug_aranges
                0x00000f40       0xf0 .\CortexM3\ARM_GCC_493\Debug\Design01.a(RF_Connection.o)
 .debug_aranges
                0x00001030       0x20 .\CortexM3\ARM_GCC_493\Debug\Design01.a(RF_Connection_INT.o)
 .debug_aranges
                0x00001050       0x70 .\CortexM3\ARM_GCC_493\Debug\Design01.a(RF_Connection_IntClock.o)
 .debug_aranges
                0x000010c0       0x88 .\CortexM3\ARM_GCC_493\Debug\Design01.a(Waitable_4.o)
 .debug_aranges
                0x00001148       0x88 .\CortexM3\ARM_GCC_493\Debug\Design01.a(Waitable_3.o)
 .debug_aranges
                0x000011d0       0x80 .\CortexM3\ARM_GCC_493\Debug\Design01.a(isr_1.o)
 .debug_aranges
                0x00001250       0x80 .\CortexM3\ARM_GCC_493\Debug\Design01.a(isr_2.o)
 .debug_aranges
                0x000012d0       0x80 .\CortexM3\ARM_GCC_493\Debug\Design01.a(CyFlash.o)
 .debug_aranges
                0x00001350       0x78 .\CortexM3\ARM_GCC_493\Debug\Design01.a(CySpc.o)

.debug_pubnames
 *(.debug_pubnames)

.debug_info     0x00000000    0x1294b
 *(.debug_info .gnu.linkonce.wi.*)
 .debug_info    0x00000000     0x2ded .\CortexM3\ARM_GCC_493\Debug\main.o
 .debug_info    0x00002ded     0x1383 .\CortexM3\ARM_GCC_493\Debug\protocol.o
 .debug_info    0x00004170      0xe7d .\CortexM3\ARM_GCC_493\Debug\LCD.o
 .debug_info    0x00004fed      0xee8 .\CortexM3\ARM_GCC_493\Debug\keyboard.o
 .debug_info    0x00005ed5      0xdb5 .\CortexM3\ARM_GCC_493\Debug\I2C.o
 .debug_info    0x00006c8a     0x1e3e .\CortexM3\ARM_GCC_493\Debug\Print.o
 .debug_info    0x00008ac8      0x575 .\CortexM3\ARM_GCC_493\Debug\ibuton.o
 .debug_info    0x0000903d      0xc71 .\CortexM3\ARM_GCC_493\Debug\RFPoll.o
 .debug_info    0x00009cae      0x13f .\CortexM3\ARM_GCC_493\Debug\cymetadata.o
 .debug_info    0x00009ded      0x3a5 .\CortexM3\ARM_GCC_493\Debug\Cm3Start.o
 .debug_info    0x0000a192      0x5fc .\CortexM3\ARM_GCC_493\Debug\Design01.a(cyfitter_cfg.o)
 .debug_info    0x0000a78e      0x603 .\CortexM3\ARM_GCC_493\Debug\Design01.a(Printer.o)
 .debug_info    0x0000ad91      0x751 .\CortexM3\ARM_GCC_493\Debug\Design01.a(Display1.o)
 .debug_info    0x0000b4e2      0x145 .\CortexM3\ARM_GCC_493\Debug\Design01.a(Display1_INT.o)
 .debug_info    0x0000b627      0x751 .\CortexM3\ARM_GCC_493\Debug\Design01.a(Display2.o)
 .debug_info    0x0000bd78      0x145 .\CortexM3\ARM_GCC_493\Debug\Design01.a(Display2_INT.o)
 .debug_info    0x0000bebd      0x283 .\CortexM3\ARM_GCC_493\Debug\Design01.a(Display1_IntClock.o)
 .debug_info    0x0000c140      0x283 .\CortexM3\ARM_GCC_493\Debug\Design01.a(Display2_IntClock.o)
 .debug_info    0x0000c3c3       0x92 .\CortexM3\ARM_GCC_493\Debug\Design01.a(CyBootAsmGnu.o)
 .debug_info    0x0000c455     0x1371 .\CortexM3\ARM_GCC_493\Debug\Design01.a(CyLib.o)
 .debug_info    0x0000d7c6      0xa58 .\CortexM3\ARM_GCC_493\Debug\Design01.a(cyPm.o)
 .debug_info    0x0000e21e      0x283 .\CortexM3\ARM_GCC_493\Debug\Design01.a(Printer_IntClock.o)
 .debug_info    0x0000e4a1      0x724 .\CortexM3\ARM_GCC_493\Debug\Design01.a(Pump.o)
 .debug_info    0x0000ebc5      0x156 .\CortexM3\ARM_GCC_493\Debug\Design01.a(Pump_INT.o)
 .debug_info    0x0000ed1b      0x668 .\CortexM3\ARM_GCC_493\Debug\Design01.a(EEPROM_1.o)
 .debug_info    0x0000f383      0x2d7 .\CortexM3\ARM_GCC_493\Debug\Design01.a(I2C_Bus.o)
 .debug_info    0x0000f65a      0x193 .\CortexM3\ARM_GCC_493\Debug\Design01.a(I2C_Bus_INT.o)
 .debug_info    0x0000f7ed      0x1f2 .\CortexM3\ARM_GCC_493\Debug\Design01.a(I2C_Bus_PM.o)
 .debug_info    0x0000f9df      0x412 .\CortexM3\ARM_GCC_493\Debug\Design01.a(I2C_Bus_MASTER.o)
 .debug_info    0x0000fdf1      0x28e .\CortexM3\ARM_GCC_493\Debug\Design01.a(Timer_Animacion.o)
 .debug_info    0x0001007f      0x2cb .\CortexM3\ARM_GCC_493\Debug\Design01.a(isr_3.o)
 .debug_info    0x0001034a      0x28e .\CortexM3\ARM_GCC_493\Debug\Design01.a(Timer_Animacion2.o)
 .debug_info    0x000105d8      0x11f .\CortexM3\ARM_GCC_493\Debug\Design01.a(IB1.o)
 .debug_info    0x000106f7      0x121 .\CortexM3\ARM_GCC_493\Debug\Design01.a(IB2.o)
 .debug_info    0x00010818      0x7b3 .\CortexM3\ARM_GCC_493\Debug\Design01.a(RF_Connection.o)
 .debug_info    0x00010fcb      0x157 .\CortexM3\ARM_GCC_493\Debug\Design01.a(RF_Connection_INT.o)
 .debug_info    0x00011122      0x283 .\CortexM3\ARM_GCC_493\Debug\Design01.a(RF_Connection_IntClock.o)
 .debug_info    0x000113a5      0x28c .\CortexM3\ARM_GCC_493\Debug\Design01.a(Waitable_4.o)
 .debug_info    0x00011631      0x28a .\CortexM3\ARM_GCC_493\Debug\Design01.a(Waitable_3.o)
 .debug_info    0x000118bb      0x2cb .\CortexM3\ARM_GCC_493\Debug\Design01.a(isr_1.o)
 .debug_info    0x00011b86      0x2cb .\CortexM3\ARM_GCC_493\Debug\Design01.a(isr_2.o)
 .debug_info    0x00011e51      0x60a .\CortexM3\ARM_GCC_493\Debug\Design01.a(CyFlash.o)
 .debug_info    0x0001245b      0x4f0 .\CortexM3\ARM_GCC_493\Debug\Design01.a(CySpc.o)

.debug_abbrev   0x00000000     0x3ae9
 *(.debug_abbrev)
 .debug_abbrev  0x00000000      0x224 .\CortexM3\ARM_GCC_493\Debug\main.o
 .debug_abbrev  0x00000224      0x25e .\CortexM3\ARM_GCC_493\Debug\protocol.o
 .debug_abbrev  0x00000482      0x1b9 .\CortexM3\ARM_GCC_493\Debug\LCD.o
 .debug_abbrev  0x0000063b      0x193 .\CortexM3\ARM_GCC_493\Debug\keyboard.o
 .debug_abbrev  0x000007ce      0x1be .\CortexM3\ARM_GCC_493\Debug\I2C.o
 .debug_abbrev  0x0000098c      0x1cd .\CortexM3\ARM_GCC_493\Debug\Print.o
 .debug_abbrev  0x00000b59      0x11f .\CortexM3\ARM_GCC_493\Debug\ibuton.o
 .debug_abbrev  0x00000c78      0x1f2 .\CortexM3\ARM_GCC_493\Debug\RFPoll.o
 .debug_abbrev  0x00000e6a       0x77 .\CortexM3\ARM_GCC_493\Debug\cymetadata.o
 .debug_abbrev  0x00000ee1      0x20f .\CortexM3\ARM_GCC_493\Debug\Cm3Start.o
 .debug_abbrev  0x000010f0      0x212 .\CortexM3\ARM_GCC_493\Debug\Design01.a(cyfitter_cfg.o)
 .debug_abbrev  0x00001302      0x1a2 .\CortexM3\ARM_GCC_493\Debug\Design01.a(Printer.o)
 .debug_abbrev  0x000014a4      0x1b8 .\CortexM3\ARM_GCC_493\Debug\Design01.a(Display1.o)
 .debug_abbrev  0x0000165c       0x8a .\CortexM3\ARM_GCC_493\Debug\Design01.a(Display1_INT.o)
 .debug_abbrev  0x000016e6      0x1b8 .\CortexM3\ARM_GCC_493\Debug\Design01.a(Display2.o)
 .debug_abbrev  0x0000189e       0x8a .\CortexM3\ARM_GCC_493\Debug\Design01.a(Display2_INT.o)
 .debug_abbrev  0x00001928      0x139 .\CortexM3\ARM_GCC_493\Debug\Design01.a(Display1_IntClock.o)
 .debug_abbrev  0x00001a61      0x139 .\CortexM3\ARM_GCC_493\Debug\Design01.a(Display2_IntClock.o)
 .debug_abbrev  0x00001b9a       0x14 .\CortexM3\ARM_GCC_493\Debug\Design01.a(CyBootAsmGnu.o)
 .debug_abbrev  0x00001bae      0x296 .\CortexM3\ARM_GCC_493\Debug\Design01.a(CyLib.o)
 .debug_abbrev  0x00001e44      0x1ed .\CortexM3\ARM_GCC_493\Debug\Design01.a(cyPm.o)
 .debug_abbrev  0x00002031      0x139 .\CortexM3\ARM_GCC_493\Debug\Design01.a(Printer_IntClock.o)
 .debug_abbrev  0x0000216a      0x1b8 .\CortexM3\ARM_GCC_493\Debug\Design01.a(Pump.o)
 .debug_abbrev  0x00002322       0x8a .\CortexM3\ARM_GCC_493\Debug\Design01.a(Pump_INT.o)
 .debug_abbrev  0x000023ac      0x1a3 .\CortexM3\ARM_GCC_493\Debug\Design01.a(EEPROM_1.o)
 .debug_abbrev  0x0000254f      0x159 .\CortexM3\ARM_GCC_493\Debug\Design01.a(I2C_Bus.o)
 .debug_abbrev  0x000026a8       0xdb .\CortexM3\ARM_GCC_493\Debug\Design01.a(I2C_Bus_INT.o)
 .debug_abbrev  0x00002783      0x12b .\CortexM3\ARM_GCC_493\Debug\Design01.a(I2C_Bus_PM.o)
 .debug_abbrev  0x000028ae      0x13c .\CortexM3\ARM_GCC_493\Debug\Design01.a(I2C_Bus_MASTER.o)
 .debug_abbrev  0x000029ea      0x11a .\CortexM3\ARM_GCC_493\Debug\Design01.a(Timer_Animacion.o)
 .debug_abbrev  0x00002b04      0x173 .\CortexM3\ARM_GCC_493\Debug\Design01.a(isr_3.o)
 .debug_abbrev  0x00002c77      0x11a .\CortexM3\ARM_GCC_493\Debug\Design01.a(Timer_Animacion2.o)
 .debug_abbrev  0x00002d91       0x90 .\CortexM3\ARM_GCC_493\Debug\Design01.a(IB1.o)
 .debug_abbrev  0x00002e21       0x90 .\CortexM3\ARM_GCC_493\Debug\Design01.a(IB2.o)
 .debug_abbrev  0x00002eb1      0x1c9 .\CortexM3\ARM_GCC_493\Debug\Design01.a(RF_Connection.o)
 .debug_abbrev  0x0000307a       0x8a .\CortexM3\ARM_GCC_493\Debug\Design01.a(RF_Connection_INT.o)
 .debug_abbrev  0x00003104      0x139 .\CortexM3\ARM_GCC_493\Debug\Design01.a(RF_Connection_IntClock.o)
 .debug_abbrev  0x0000323d      0x11a .\CortexM3\ARM_GCC_493\Debug\Design01.a(Waitable_4.o)
 .debug_abbrev  0x00003357      0x11a .\CortexM3\ARM_GCC_493\Debug\Design01.a(Waitable_3.o)
 .debug_abbrev  0x00003471      0x173 .\CortexM3\ARM_GCC_493\Debug\Design01.a(isr_1.o)
 .debug_abbrev  0x000035e4      0x173 .\CortexM3\ARM_GCC_493\Debug\Design01.a(isr_2.o)
 .debug_abbrev  0x00003757      0x1d1 .\CortexM3\ARM_GCC_493\Debug\Design01.a(CyFlash.o)
 .debug_abbrev  0x00003928      0x1c1 .\CortexM3\ARM_GCC_493\Debug\Design01.a(CySpc.o)

.debug_line     0x00000000     0x64fc
 *(.debug_line)
 .debug_line    0x00000000      0x976 .\CortexM3\ARM_GCC_493\Debug\main.o
 .debug_line    0x00000976      0x895 .\CortexM3\ARM_GCC_493\Debug\protocol.o
 .debug_line    0x0000120b      0x277 .\CortexM3\ARM_GCC_493\Debug\LCD.o
 .debug_line    0x00001482      0x24d .\CortexM3\ARM_GCC_493\Debug\keyboard.o
 .debug_line    0x000016cf      0x279 .\CortexM3\ARM_GCC_493\Debug\I2C.o
 .debug_line    0x00001948      0x787 .\CortexM3\ARM_GCC_493\Debug\Print.o
 .debug_line    0x000020cf      0x299 .\CortexM3\ARM_GCC_493\Debug\ibuton.o
 .debug_line    0x00002368      0x3ad .\CortexM3\ARM_GCC_493\Debug\RFPoll.o
 .debug_line    0x00002715       0x53 .\CortexM3\ARM_GCC_493\Debug\cymetadata.o
 .debug_line    0x00002768      0x249 .\CortexM3\ARM_GCC_493\Debug\Cm3Start.o
 .debug_line    0x000029b1      0x20b .\CortexM3\ARM_GCC_493\Debug\Design01.a(cyfitter_cfg.o)
 .debug_line    0x00002bbc      0x2c4 .\CortexM3\ARM_GCC_493\Debug\Design01.a(Printer.o)
 .debug_line    0x00002e80      0x30c .\CortexM3\ARM_GCC_493\Debug\Design01.a(Display1.o)
 .debug_line    0x0000318c       0x8a .\CortexM3\ARM_GCC_493\Debug\Design01.a(Display1_INT.o)
 .debug_line    0x00003216      0x30c .\CortexM3\ARM_GCC_493\Debug\Design01.a(Display2.o)
 .debug_line    0x00003522       0x8a .\CortexM3\ARM_GCC_493\Debug\Design01.a(Display2_INT.o)
 .debug_line    0x000035ac      0x199 .\CortexM3\ARM_GCC_493\Debug\Design01.a(Display1_IntClock.o)
 .debug_line    0x00003745      0x199 .\CortexM3\ARM_GCC_493\Debug\Design01.a(Display2_IntClock.o)
 .debug_line    0x000038de       0x68 .\CortexM3\ARM_GCC_493\Debug\Design01.a(CyBootAsmGnu.o)
 .debug_line    0x00003946      0x806 .\CortexM3\ARM_GCC_493\Debug\Design01.a(CyLib.o)
 .debug_line    0x0000414c      0x366 .\CortexM3\ARM_GCC_493\Debug\Design01.a(cyPm.o)
 .debug_line    0x000044b2      0x198 .\CortexM3\ARM_GCC_493\Debug\Design01.a(Printer_IntClock.o)
 .debug_line    0x0000464a      0x2f1 .\CortexM3\ARM_GCC_493\Debug\Design01.a(Pump.o)
 .debug_line    0x0000493b       0x83 .\CortexM3\ARM_GCC_493\Debug\Design01.a(Pump_INT.o)
 .debug_line    0x000049be      0x268 .\CortexM3\ARM_GCC_493\Debug\Design01.a(EEPROM_1.o)
 .debug_line    0x00004c26       0xe4 .\CortexM3\ARM_GCC_493\Debug\Design01.a(I2C_Bus.o)
 .debug_line    0x00004d0a      0x130 .\CortexM3\ARM_GCC_493\Debug\Design01.a(I2C_Bus_INT.o)
 .debug_line    0x00004e3a       0xc8 .\CortexM3\ARM_GCC_493\Debug\Design01.a(I2C_Bus_PM.o)
 .debug_line    0x00004f02      0x207 .\CortexM3\ARM_GCC_493\Debug\Design01.a(I2C_Bus_MASTER.o)
 .debug_line    0x00005109      0x15f .\CortexM3\ARM_GCC_493\Debug\Design01.a(Timer_Animacion.o)
 .debug_line    0x00005268      0x14b .\CortexM3\ARM_GCC_493\Debug\Design01.a(isr_3.o)
 .debug_line    0x000053b3      0x160 .\CortexM3\ARM_GCC_493\Debug\Design01.a(Timer_Animacion2.o)
 .debug_line    0x00005513       0x92 .\CortexM3\ARM_GCC_493\Debug\Design01.a(IB1.o)
 .debug_line    0x000055a5       0x92 .\CortexM3\ARM_GCC_493\Debug\Design01.a(IB2.o)
 .debug_line    0x00005637      0x31e .\CortexM3\ARM_GCC_493\Debug\Design01.a(RF_Connection.o)
 .debug_line    0x00005955       0x95 .\CortexM3\ARM_GCC_493\Debug\Design01.a(RF_Connection_INT.o)
 .debug_line    0x000059ea      0x19e .\CortexM3\ARM_GCC_493\Debug\Design01.a(RF_Connection_IntClock.o)
 .debug_line    0x00005b88      0x15a .\CortexM3\ARM_GCC_493\Debug\Design01.a(Waitable_4.o)
 .debug_line    0x00005ce2      0x15a .\CortexM3\ARM_GCC_493\Debug\Design01.a(Waitable_3.o)
 .debug_line    0x00005e3c      0x14b .\CortexM3\ARM_GCC_493\Debug\Design01.a(isr_1.o)
 .debug_line    0x00005f87      0x14b .\CortexM3\ARM_GCC_493\Debug\Design01.a(isr_2.o)
 .debug_line    0x000060d2      0x1ec .\CortexM3\ARM_GCC_493\Debug\Design01.a(CyFlash.o)
 .debug_line    0x000062be      0x23e .\CortexM3\ARM_GCC_493\Debug\Design01.a(CySpc.o)

.debug_frame    0x00000000     0x30a0
 *(.debug_frame)
 .debug_frame   0x00000000      0x1dc .\CortexM3\ARM_GCC_493\Debug\main.o
 .debug_frame   0x000001dc      0x164 .\CortexM3\ARM_GCC_493\Debug\protocol.o
 .debug_frame   0x00000340       0xf4 .\CortexM3\ARM_GCC_493\Debug\LCD.o
 .debug_frame   0x00000434       0x34 .\CortexM3\ARM_GCC_493\Debug\keyboard.o
 .debug_frame   0x00000468       0xb0 .\CortexM3\ARM_GCC_493\Debug\I2C.o
 .debug_frame   0x00000518       0x70 .\CortexM3\ARM_GCC_493\Debug\Print.o
 .debug_frame   0x00000588       0x7c .\CortexM3\ARM_GCC_493\Debug\ibuton.o
 .debug_frame   0x00000604       0x64 .\CortexM3\ARM_GCC_493\Debug\RFPoll.o
 .debug_frame   0x00000668       0xac .\CortexM3\ARM_GCC_493\Debug\Cm3Start.o
 .debug_frame   0x00000714       0xe4 .\CortexM3\ARM_GCC_493\Debug\Design01.a(cyfitter_cfg.o)
 .debug_frame   0x000007f8      0x250 .\CortexM3\ARM_GCC_493\Debug\Design01.a(Printer.o)
 .debug_frame   0x00000a48      0x25c .\CortexM3\ARM_GCC_493\Debug\Design01.a(Display1.o)
 .debug_frame   0x00000ca4       0x20 .\CortexM3\ARM_GCC_493\Debug\Design01.a(Display1_INT.o)
 .debug_frame   0x00000cc4      0x25c .\CortexM3\ARM_GCC_493\Debug\Design01.a(Display2.o)
 .debug_frame   0x00000f20       0x20 .\CortexM3\ARM_GCC_493\Debug\Design01.a(Display2_INT.o)
 .debug_frame   0x00000f40       0xe0 .\CortexM3\ARM_GCC_493\Debug\Design01.a(Display1_IntClock.o)
 .debug_frame   0x00001020       0xe0 .\CortexM3\ARM_GCC_493\Debug\Design01.a(Display2_IntClock.o)
 .debug_frame   0x00001100      0x728 .\CortexM3\ARM_GCC_493\Debug\Design01.a(CyLib.o)
 .debug_frame   0x00001828      0x1f8 .\CortexM3\ARM_GCC_493\Debug\Design01.a(cyPm.o)
 .debug_frame   0x00001a20       0xe0 .\CortexM3\ARM_GCC_493\Debug\Design01.a(Printer_IntClock.o)
 .debug_frame   0x00001b00      0x25c .\CortexM3\ARM_GCC_493\Debug\Design01.a(Pump.o)
 .debug_frame   0x00001d5c       0x20 .\CortexM3\ARM_GCC_493\Debug\Design01.a(Pump_INT.o)
 .debug_frame   0x00001d7c      0x17c .\CortexM3\ARM_GCC_493\Debug\Design01.a(EEPROM_1.o)
 .debug_frame   0x00001ef8       0x8c .\CortexM3\ARM_GCC_493\Debug\Design01.a(I2C_Bus.o)
 .debug_frame   0x00001f84       0x30 .\CortexM3\ARM_GCC_493\Debug\Design01.a(I2C_Bus_INT.o)
 .debug_frame   0x00001fb4       0x74 .\CortexM3\ARM_GCC_493\Debug\Design01.a(I2C_Bus_PM.o)
 .debug_frame   0x00002028      0x120 .\CortexM3\ARM_GCC_493\Debug\Design01.a(I2C_Bus_MASTER.o)
 .debug_frame   0x00002148      0x108 .\CortexM3\ARM_GCC_493\Debug\Design01.a(Timer_Animacion.o)
 .debug_frame   0x00002250      0x104 .\CortexM3\ARM_GCC_493\Debug\Design01.a(isr_3.o)
 .debug_frame   0x00002354      0x108 .\CortexM3\ARM_GCC_493\Debug\Design01.a(Timer_Animacion2.o)
 .debug_frame   0x0000245c       0x50 .\CortexM3\ARM_GCC_493\Debug\Design01.a(IB1.o)
 .debug_frame   0x000024ac       0x50 .\CortexM3\ARM_GCC_493\Debug\Design01.a(IB2.o)
 .debug_frame   0x000024fc      0x278 .\CortexM3\ARM_GCC_493\Debug\Design01.a(RF_Connection.o)
 .debug_frame   0x00002774       0x20 .\CortexM3\ARM_GCC_493\Debug\Design01.a(RF_Connection_INT.o)
 .debug_frame   0x00002794       0xe0 .\CortexM3\ARM_GCC_493\Debug\Design01.a(RF_Connection_IntClock.o)
 .debug_frame   0x00002874      0x108 .\CortexM3\ARM_GCC_493\Debug\Design01.a(Waitable_4.o)
 .debug_frame   0x0000297c      0x108 .\CortexM3\ARM_GCC_493\Debug\Design01.a(Waitable_3.o)
 .debug_frame   0x00002a84      0x104 .\CortexM3\ARM_GCC_493\Debug\Design01.a(isr_1.o)
 .debug_frame   0x00002b88      0x104 .\CortexM3\ARM_GCC_493\Debug\Design01.a(isr_2.o)
 .debug_frame   0x00002c8c      0x174 .\CortexM3\ARM_GCC_493\Debug\Design01.a(CyFlash.o)
 .debug_frame   0x00002e00      0x160 .\CortexM3\ARM_GCC_493\Debug\Design01.a(CySpc.o)
 .debug_frame   0x00002f60       0x30 c:/program files (x86)/cypress/psoc creator/3.3/psoc creator/import/gnu/arm/4.9.3/bin/../lib/gcc/arm-none-eabi/4.9.3/../../../../arm-none-eabi/lib/armv7-m\libg_nano.a(lib_a-atoi.o)
 .debug_frame   0x00002f90       0x20 c:/program files (x86)/cypress/psoc creator/3.3/psoc creator/import/gnu/arm/4.9.3/bin/../lib/gcc/arm-none-eabi/4.9.3/../../../../arm-none-eabi/lib/armv7-m\libg_nano.a(lib_a-errno.o)
 .debug_frame   0x00002fb0       0x28 c:/program files (x86)/cypress/psoc creator/3.3/psoc creator/import/gnu/arm/4.9.3/bin/../lib/gcc/arm-none-eabi/4.9.3/../../../../arm-none-eabi/lib/armv7-m\libg_nano.a(lib_a-exit.o)
 .debug_frame   0x00002fd8       0x2c c:/program files (x86)/cypress/psoc creator/3.3/psoc creator/import/gnu/arm/4.9.3/bin/../lib/gcc/arm-none-eabi/4.9.3/../../../../arm-none-eabi/lib/armv7-m\libg_nano.a(lib_a-init.o)
 .debug_frame   0x00003004       0x28 c:/program files (x86)/cypress/psoc creator/3.3/psoc creator/import/gnu/arm/4.9.3/bin/../lib/gcc/arm-none-eabi/4.9.3/../../../../arm-none-eabi/lib/armv7-m\libg_nano.a(lib_a-memcpy.o)
 .debug_frame   0x0000302c       0x20 c:/program files (x86)/cypress/psoc creator/3.3/psoc creator/import/gnu/arm/4.9.3/bin/../lib/gcc/arm-none-eabi/4.9.3/../../../../arm-none-eabi/lib/armv7-m\libg_nano.a(lib_a-memset.o)
 .debug_frame   0x0000304c       0x54 c:/program files (x86)/cypress/psoc creator/3.3/psoc creator/import/gnu/arm/4.9.3/bin/../lib/gcc/arm-none-eabi/4.9.3/../../../../arm-none-eabi/lib/armv7-m\libg_nano.a(lib_a-strtol.o)

.debug_str      0x00000000     0x4bb0
 *(.debug_str)
 .debug_str     0x00000000     0x1280 .\CortexM3\ARM_GCC_493\Debug\main.o
                               0x12e7 (size before relaxing)
 .debug_str     0x00001280       0xca .\CortexM3\ARM_GCC_493\Debug\protocol.o
                                0x99c (size before relaxing)
 .debug_str     0x0000134a       0xb4 .\CortexM3\ARM_GCC_493\Debug\LCD.o
                                0x8ba (size before relaxing)
 .debug_str     0x000013fe       0x30 .\CortexM3\ARM_GCC_493\Debug\keyboard.o
                                0x8a4 (size before relaxing)
 .debug_str     0x0000142e       0xa9 .\CortexM3\ARM_GCC_493\Debug\I2C.o
                                0x872 (size before relaxing)
 .debug_str     0x000014d7      0x279 .\CortexM3\ARM_GCC_493\Debug\Print.o
                                0xa3c (size before relaxing)
 .debug_str     0x00001750       0x43 .\CortexM3\ARM_GCC_493\Debug\ibuton.o
                                0x22b (size before relaxing)
 .debug_str     0x00001793       0xa0 .\CortexM3\ARM_GCC_493\Debug\RFPoll.o
                                0x875 (size before relaxing)
 .debug_str     0x00001833       0x77 .\CortexM3\ARM_GCC_493\Debug\cymetadata.o
                                0x1ec (size before relaxing)
 .debug_str     0x000018aa      0x158 .\CortexM3\ARM_GCC_493\Debug\Cm3Start.o
                                0x300 (size before relaxing)
 .debug_str     0x00001a02      0x17e .\CortexM3\ARM_GCC_493\Debug\Design01.a(cyfitter_cfg.o)
                                0x33a (size before relaxing)
 .debug_str     0x00001b80      0x31f .\CortexM3\ARM_GCC_493\Debug\Design01.a(Printer.o)
                                0x4c8 (size before relaxing)
 .debug_str     0x00001e9f      0x31d .\CortexM3\ARM_GCC_493\Debug\Design01.a(Display1.o)
                                0x5db (size before relaxing)
 .debug_str     0x000021bc       0x5d .\CortexM3\ARM_GCC_493\Debug\Design01.a(Display1_INT.o)
                                0x261 (size before relaxing)
 .debug_str     0x00002219      0x2cd .\CortexM3\ARM_GCC_493\Debug\Design01.a(Display2.o)
                                0x5db (size before relaxing)
 .debug_str     0x000024e6       0x37 .\CortexM3\ARM_GCC_493\Debug\Design01.a(Display2_INT.o)
                                0x261 (size before relaxing)
 .debug_str     0x0000251d      0x1ad .\CortexM3\ARM_GCC_493\Debug\Design01.a(Display1_IntClock.o)
                                0x368 (size before relaxing)
 .debug_str     0x000026ca      0x162 .\CortexM3\ARM_GCC_493\Debug\Design01.a(Display2_IntClock.o)
                                0x368 (size before relaxing)
 .debug_str     0x0000282c      0x7b4 .\CortexM3\ARM_GCC_493\Debug\Design01.a(CyLib.o)
                                0xa25 (size before relaxing)
 .debug_str     0x00002fe0      0x35b .\CortexM3\ARM_GCC_493\Debug\Design01.a(cyPm.o)
                                0x71d (size before relaxing)
 .debug_str     0x0000333b      0x158 .\CortexM3\ARM_GCC_493\Debug\Design01.a(Printer_IntClock.o)
                                0x35c (size before relaxing)
 .debug_str     0x00003493      0x216 .\CortexM3\ARM_GCC_493\Debug\Design01.a(Pump.o)
                                0x520 (size before relaxing)
 .debug_str     0x000036a9       0x2f .\CortexM3\ARM_GCC_493\Debug\Design01.a(Pump_INT.o)
                                0x248 (size before relaxing)
 .debug_str     0x000036d8      0x1c9 .\CortexM3\ARM_GCC_493\Debug\Design01.a(EEPROM_1.o)
                                0x3d2 (size before relaxing)
 .debug_str     0x000038a1       0xe7 .\CortexM3\ARM_GCC_493\Debug\Design01.a(I2C_Bus.o)
                                0x312 (size before relaxing)
 .debug_str     0x00003988       0xf8 .\CortexM3\ARM_GCC_493\Debug\Design01.a(I2C_Bus_INT.o)
                                0x294 (size before relaxing)
 .debug_str     0x00003a80       0x6c .\CortexM3\ARM_GCC_493\Debug\Design01.a(I2C_Bus_PM.o)
                                0x29a (size before relaxing)
 .debug_str     0x00003aec       0xfb .\CortexM3\ARM_GCC_493\Debug\Design01.a(I2C_Bus_MASTER.o)
                                0x409 (size before relaxing)
 .debug_str     0x00003be7      0x1ae .\CortexM3\ARM_GCC_493\Debug\Design01.a(Timer_Animacion.o)
                                0x38b (size before relaxing)
 .debug_str     0x00003d95       0xcf .\CortexM3\ARM_GCC_493\Debug\Design01.a(isr_3.o)
                                0x29c (size before relaxing)
 .debug_str     0x00003e64      0x1bf .\CortexM3\ARM_GCC_493\Debug\Design01.a(Timer_Animacion2.o)
                                0x39b (size before relaxing)
 .debug_str     0x00004023       0x4b .\CortexM3\ARM_GCC_493\Debug\Design01.a(IB1.o)
                                0x1da (size before relaxing)
 .debug_str     0x0000406e       0x40 .\CortexM3\ARM_GCC_493\Debug\Design01.a(IB2.o)
                                0x1da (size before relaxing)
 .debug_str     0x000040ae      0x36b .\CortexM3\ARM_GCC_493\Debug\Design01.a(RF_Connection.o)
                                0x694 (size before relaxing)
 .debug_str     0x00004419       0x41 .\CortexM3\ARM_GCC_493\Debug\Design01.a(RF_Connection_INT.o)
                                0x290 (size before relaxing)
 .debug_str     0x0000445a      0x194 .\CortexM3\ARM_GCC_493\Debug\Design01.a(RF_Connection_IntClock.o)
                                0x3a4 (size before relaxing)
 .debug_str     0x000045ee      0x154 .\CortexM3\ARM_GCC_493\Debug\Design01.a(Waitable_4.o)
                                0x33b (size before relaxing)
 .debug_str     0x00004742      0x154 .\CortexM3\ARM_GCC_493\Debug\Design01.a(Waitable_3.o)
                                0x33b (size before relaxing)
 .debug_str     0x00004896       0xda .\CortexM3\ARM_GCC_493\Debug\Design01.a(isr_1.o)
                                0x29c (size before relaxing)
 .debug_str     0x00004970       0xda .\CortexM3\ARM_GCC_493\Debug\Design01.a(isr_2.o)
                                0x29c (size before relaxing)
 .debug_str     0x00004a4a       0xf6 .\CortexM3\ARM_GCC_493\Debug\Design01.a(CyFlash.o)
                                0x397 (size before relaxing)
 .debug_str     0x00004b40       0x70 .\CortexM3\ARM_GCC_493\Debug\Design01.a(CySpc.o)
                                0x320 (size before relaxing)

.debug_loc      0x00000000     0x6b74
 *(.debug_loc)
 .debug_loc     0x00000000      0x377 .\CortexM3\ARM_GCC_493\Debug\main.o
 .debug_loc     0x00000377      0xe7e .\CortexM3\ARM_GCC_493\Debug\protocol.o
 .debug_loc     0x000011f5      0x411 .\CortexM3\ARM_GCC_493\Debug\LCD.o
 .debug_loc     0x00001606      0x1b8 .\CortexM3\ARM_GCC_493\Debug\keyboard.o
 .debug_loc     0x000017be      0x23d .\CortexM3\ARM_GCC_493\Debug\I2C.o
 .debug_loc     0x000019fb      0xe2d .\CortexM3\ARM_GCC_493\Debug\Print.o
 .debug_loc     0x00002828      0x20e .\CortexM3\ARM_GCC_493\Debug\ibuton.o
 .debug_loc     0x00002a36      0x6d7 .\CortexM3\ARM_GCC_493\Debug\RFPoll.o
 .debug_loc     0x0000310d      0x144 .\CortexM3\ARM_GCC_493\Debug\Cm3Start.o
 .debug_loc     0x00003251      0x289 .\CortexM3\ARM_GCC_493\Debug\Design01.a(cyfitter_cfg.o)
 .debug_loc     0x000034da      0x258 .\CortexM3\ARM_GCC_493\Debug\Design01.a(Printer.o)
 .debug_loc     0x00003732      0x34e .\CortexM3\ARM_GCC_493\Debug\Design01.a(Display1.o)
 .debug_loc     0x00003a80       0x45 .\CortexM3\ARM_GCC_493\Debug\Design01.a(Display1_INT.o)
 .debug_loc     0x00003ac5      0x34e .\CortexM3\ARM_GCC_493\Debug\Design01.a(Display2.o)
 .debug_loc     0x00003e13       0x45 .\CortexM3\ARM_GCC_493\Debug\Design01.a(Display2_INT.o)
 .debug_loc     0x00003e58      0x128 .\CortexM3\ARM_GCC_493\Debug\Design01.a(Display1_IntClock.o)
 .debug_loc     0x00003f80      0x12c .\CortexM3\ARM_GCC_493\Debug\Design01.a(Display2_IntClock.o)
 .debug_loc     0x000040ac      0xa11 .\CortexM3\ARM_GCC_493\Debug\Design01.a(CyLib.o)
 .debug_loc     0x00004abd      0x1e4 .\CortexM3\ARM_GCC_493\Debug\Design01.a(cyPm.o)
 .debug_loc     0x00004ca1      0x128 .\CortexM3\ARM_GCC_493\Debug\Design01.a(Printer_IntClock.o)
 .debug_loc     0x00004dc9      0x34e .\CortexM3\ARM_GCC_493\Debug\Design01.a(Pump.o)
 .debug_loc     0x00005117       0x45 .\CortexM3\ARM_GCC_493\Debug\Design01.a(Pump_INT.o)
 .debug_loc     0x0000515c      0x49f .\CortexM3\ARM_GCC_493\Debug\Design01.a(EEPROM_1.o)
 .debug_loc     0x000055fb       0x26 .\CortexM3\ARM_GCC_493\Debug\Design01.a(I2C_Bus.o)
 .debug_loc     0x00005621       0x29 .\CortexM3\ARM_GCC_493\Debug\Design01.a(I2C_Bus_INT.o)
 .debug_loc     0x0000564a       0x13 .\CortexM3\ARM_GCC_493\Debug\Design01.a(I2C_Bus_PM.o)
 .debug_loc     0x0000565d      0x531 .\CortexM3\ARM_GCC_493\Debug\Design01.a(I2C_Bus_MASTER.o)
 .debug_loc     0x00005b8e       0x56 .\CortexM3\ARM_GCC_493\Debug\Design01.a(isr_3.o)
 .debug_loc     0x00005be4       0x42 .\CortexM3\ARM_GCC_493\Debug\Design01.a(IB1.o)
 .debug_loc     0x00005c26       0x55 .\CortexM3\ARM_GCC_493\Debug\Design01.a(IB2.o)
 .debug_loc     0x00005c7b      0x393 .\CortexM3\ARM_GCC_493\Debug\Design01.a(RF_Connection.o)
 .debug_loc     0x0000600e       0x45 .\CortexM3\ARM_GCC_493\Debug\Design01.a(RF_Connection_INT.o)
 .debug_loc     0x00006053      0x128 .\CortexM3\ARM_GCC_493\Debug\Design01.a(RF_Connection_IntClock.o)
 .debug_loc     0x0000617b       0x56 .\CortexM3\ARM_GCC_493\Debug\Design01.a(isr_1.o)
 .debug_loc     0x000061d1       0x56 .\CortexM3\ARM_GCC_493\Debug\Design01.a(isr_2.o)
 .debug_loc     0x00006227      0x300 .\CortexM3\ARM_GCC_493\Debug\Design01.a(CyFlash.o)
 .debug_loc     0x00006527      0x64d .\CortexM3\ARM_GCC_493\Debug\Design01.a(CySpc.o)

.debug_macinfo
 *(.debug_macinfo)

.debug_ranges   0x00000000     0x1100
 *(.debug_ranges)
 .debug_ranges  0x00000000       0x80 .\CortexM3\ARM_GCC_493\Debug\main.o
 .debug_ranges  0x00000080       0x58 .\CortexM3\ARM_GCC_493\Debug\protocol.o
 .debug_ranges  0x000000d8       0x38 .\CortexM3\ARM_GCC_493\Debug\LCD.o
 .debug_ranges  0x00000110       0x10 .\CortexM3\ARM_GCC_493\Debug\keyboard.o
 .debug_ranges  0x00000120       0x30 .\CortexM3\ARM_GCC_493\Debug\I2C.o
 .debug_ranges  0x00000150       0x20 .\CortexM3\ARM_GCC_493\Debug\Print.o
 .debug_ranges  0x00000170       0x28 .\CortexM3\ARM_GCC_493\Debug\ibuton.o
 .debug_ranges  0x00000198       0x20 .\CortexM3\ARM_GCC_493\Debug\RFPoll.o
 .debug_ranges  0x000001b8       0x38 .\CortexM3\ARM_GCC_493\Debug\Cm3Start.o
 .debug_ranges  0x000001f0       0x48 .\CortexM3\ARM_GCC_493\Debug\Design01.a(cyfitter_cfg.o)
 .debug_ranges  0x00000238       0xe0 .\CortexM3\ARM_GCC_493\Debug\Design01.a(Printer.o)
 .debug_ranges  0x00000318       0xe0 .\CortexM3\ARM_GCC_493\Debug\Design01.a(Display1.o)
 .debug_ranges  0x000003f8       0x10 .\CortexM3\ARM_GCC_493\Debug\Design01.a(Display1_INT.o)
 .debug_ranges  0x00000408       0xe0 .\CortexM3\ARM_GCC_493\Debug\Design01.a(Display2.o)
 .debug_ranges  0x000004e8       0x10 .\CortexM3\ARM_GCC_493\Debug\Design01.a(Display2_INT.o)
 .debug_ranges  0x000004f8       0x60 .\CortexM3\ARM_GCC_493\Debug\Design01.a(Display1_IntClock.o)
 .debug_ranges  0x00000558       0x60 .\CortexM3\ARM_GCC_493\Debug\Design01.a(Display2_IntClock.o)
 .debug_ranges  0x000005b8      0x288 .\CortexM3\ARM_GCC_493\Debug\Design01.a(CyLib.o)
 .debug_ranges  0x00000840       0x88 .\CortexM3\ARM_GCC_493\Debug\Design01.a(cyPm.o)
 .debug_ranges  0x000008c8       0x60 .\CortexM3\ARM_GCC_493\Debug\Design01.a(Printer_IntClock.o)
 .debug_ranges  0x00000928       0xe0 .\CortexM3\ARM_GCC_493\Debug\Design01.a(Pump.o)
 .debug_ranges  0x00000a08       0x10 .\CortexM3\ARM_GCC_493\Debug\Design01.a(Pump_INT.o)
 .debug_ranges  0x00000a18       0x68 .\CortexM3\ARM_GCC_493\Debug\Design01.a(EEPROM_1.o)
 .debug_ranges  0x00000a80       0x28 .\CortexM3\ARM_GCC_493\Debug\Design01.a(I2C_Bus.o)
 .debug_ranges  0x00000aa8       0x10 .\CortexM3\ARM_GCC_493\Debug\Design01.a(I2C_Bus_INT.o)
 .debug_ranges  0x00000ab8       0x28 .\CortexM3\ARM_GCC_493\Debug\Design01.a(I2C_Bus_PM.o)
 .debug_ranges  0x00000ae0       0x78 .\CortexM3\ARM_GCC_493\Debug\Design01.a(I2C_Bus_MASTER.o)
 .debug_ranges  0x00000b58       0x78 .\CortexM3\ARM_GCC_493\Debug\Design01.a(Timer_Animacion.o)
 .debug_ranges  0x00000bd0       0x70 .\CortexM3\ARM_GCC_493\Debug\Design01.a(isr_3.o)
 .debug_ranges  0x00000c40       0x78 .\CortexM3\ARM_GCC_493\Debug\Design01.a(Timer_Animacion2.o)
 .debug_ranges  0x00000cb8       0x28 .\CortexM3\ARM_GCC_493\Debug\Design01.a(IB1.o)
 .debug_ranges  0x00000ce0       0x28 .\CortexM3\ARM_GCC_493\Debug\Design01.a(IB2.o)
 .debug_ranges  0x00000d08       0xe0 .\CortexM3\ARM_GCC_493\Debug\Design01.a(RF_Connection.o)
 .debug_ranges  0x00000de8       0x10 .\CortexM3\ARM_GCC_493\Debug\Design01.a(RF_Connection_INT.o)
 .debug_ranges  0x00000df8       0x60 .\CortexM3\ARM_GCC_493\Debug\Design01.a(RF_Connection_IntClock.o)
 .debug_ranges  0x00000e58       0x78 .\CortexM3\ARM_GCC_493\Debug\Design01.a(Waitable_4.o)
 .debug_ranges  0x00000ed0       0x78 .\CortexM3\ARM_GCC_493\Debug\Design01.a(Waitable_3.o)
 .debug_ranges  0x00000f48       0x70 .\CortexM3\ARM_GCC_493\Debug\Design01.a(isr_1.o)
 .debug_ranges  0x00000fb8       0x70 .\CortexM3\ARM_GCC_493\Debug\Design01.a(isr_2.o)
 .debug_ranges  0x00001028       0x70 .\CortexM3\ARM_GCC_493\Debug\Design01.a(CyFlash.o)
 .debug_ranges  0x00001098       0x68 .\CortexM3\ARM_GCC_493\Debug\Design01.a(CySpc.o)

.comment        0x00000000       0x70