Archive member included because of file (symbol)

.\CortexM3\ARM_GCC_493\Debug\Design01.a(cyfitter_cfg.o)
                              .\CortexM3\ARM_GCC_493\Debug\Cm3Start.o (cyfitter_cfg)
.\CortexM3\ARM_GCC_493\Debug\Design01.a(RF_Physical.o)
                              .\CortexM3\ARM_GCC_493\Debug\main.o (RF_Physical_Start)
.\CortexM3\ARM_GCC_493\Debug\Design01.a(RF_Physical_INT.o)
                              .\CortexM3\ARM_GCC_493\Debug\Design01.a(RF_Physical.o) (RF_Physical_RXISR)
.\CortexM3\ARM_GCC_493\Debug\Design01.a(Printer.o)
                              .\CortexM3\ARM_GCC_493\Debug\main.o (Printer_Start)
.\CortexM3\ARM_GCC_493\Debug\Design01.a(Display1.o)
                              .\CortexM3\ARM_GCC_493\Debug\main.o (Display1_Start)
.\CortexM3\ARM_GCC_493\Debug\Design01.a(Display1_INT.o)
                              .\CortexM3\ARM_GCC_493\Debug\Design01.a(Display1.o) (Display1_RXISR)
.\CortexM3\ARM_GCC_493\Debug\Design01.a(Display2.o)
                              .\CortexM3\ARM_GCC_493\Debug\main.o (Display2_Start)
.\CortexM3\ARM_GCC_493\Debug\Design01.a(Display2_INT.o)
                              .\CortexM3\ARM_GCC_493\Debug\Design01.a(Display2.o) (Display2_RXISR)
.\CortexM3\ARM_GCC_493\Debug\Design01.a(RF_Physical_IntClock.o)
                              .\CortexM3\ARM_GCC_493\Debug\Design01.a(RF_Physical.o) (RF_Physical_IntClock_Start)
.\CortexM3\ARM_GCC_493\Debug\Design01.a(Display1_IntClock.o)
                              .\CortexM3\ARM_GCC_493\Debug\Design01.a(Display1.o) (Display1_IntClock_Start)
.\CortexM3\ARM_GCC_493\Debug\Design01.a(Display2_IntClock.o)
                              .\CortexM3\ARM_GCC_493\Debug\Design01.a(Display2.o) (Display2_IntClock_Start)
.\CortexM3\ARM_GCC_493\Debug\Design01.a(CyBootAsmGnu.o)
                              .\CortexM3\ARM_GCC_493\Debug\Design01.a(cyfitter_cfg.o) (CyDelayCycles)
.\CortexM3\ARM_GCC_493\Debug\Design01.a(CyLib.o)
                              .\CortexM3\ARM_GCC_493\Debug\Cm3Start.o (CyHalt)
.\CortexM3\ARM_GCC_493\Debug\Design01.a(cyPm.o)
                              .\CortexM3\ARM_GCC_493\Debug\Design01.a(CyLib.o) (CyPmReadStatus)
.\CortexM3\ARM_GCC_493\Debug\Design01.a(Printer_IntClock.o)
                              .\CortexM3\ARM_GCC_493\Debug\Design01.a(Printer.o) (Printer_IntClock_Start)
.\CortexM3\ARM_GCC_493\Debug\Design01.a(Pump.o)
                              .\CortexM3\ARM_GCC_493\Debug\main.o (Pump_Start)
.\CortexM3\ARM_GCC_493\Debug\Design01.a(Pump_INT.o)
                              .\CortexM3\ARM_GCC_493\Debug\Design01.a(Pump.o) (Pump_RXISR)
.\CortexM3\ARM_GCC_493\Debug\Design01.a(EEPROM_1.o)
                              .\CortexM3\ARM_GCC_493\Debug\main.o (EEPROM_1_Start)
.\CortexM3\ARM_GCC_493\Debug\Design01.a(I2C_Bus.o)
                              .\CortexM3\ARM_GCC_493\Debug\main.o (I2C_Bus_Start)
.\CortexM3\ARM_GCC_493\Debug\Design01.a(I2C_Bus_INT.o)
                              .\CortexM3\ARM_GCC_493\Debug\Design01.a(I2C_Bus.o) (I2C_Bus_ISR)
.\CortexM3\ARM_GCC_493\Debug\Design01.a(I2C_Bus_PM.o)
                              .\CortexM3\ARM_GCC_493\Debug\Design01.a(I2C_Bus.o) (I2C_Bus_backup)
.\CortexM3\ARM_GCC_493\Debug\Design01.a(I2C_Bus_MASTER.o)
                              .\CortexM3\ARM_GCC_493\Debug\Design01.a(I2C_Bus_INT.o) (I2C_Bus_mstrStatus)
.\CortexM3\ARM_GCC_493\Debug\Design01.a(CyFlash.o)
                              .\CortexM3\ARM_GCC_493\Debug\Design01.a(EEPROM_1.o) (dieTemperature)
.\CortexM3\ARM_GCC_493\Debug\Design01.a(CySpc.o)
                              .\CortexM3\ARM_GCC_493\Debug\Design01.a(EEPROM_1.o) (CySpcStart)
c:/program files (x86)/cypress/psoc creator/3.3/psoc creator/import/gnu/arm/4.9.3/bin/../lib/gcc/arm-none-eabi/4.9.3/../../../../arm-none-eabi/lib/armv7-m\libg_nano.a(lib_a-errno.o)
                              .\CortexM3\ARM_GCC_493\Debug\Cm3Start.o (__errno)
c:/program files (x86)/cypress/psoc creator/3.3/psoc creator/import/gnu/arm/4.9.3/bin/../lib/gcc/arm-none-eabi/4.9.3/../../../../arm-none-eabi/lib/armv7-m\libg_nano.a(lib_a-exit.o)
                              c:/program files (x86)/cypress/psoc creator/3.3/psoc creator/import/gnu/arm/4.9.3/bin/../lib/gcc/arm-none-eabi/4.9.3/../../../../arm-none-eabi/lib/armv7-m/crt0.o (exit)
c:/program files (x86)/cypress/psoc creator/3.3/psoc creator/import/gnu/arm/4.9.3/bin/../lib/gcc/arm-none-eabi/4.9.3/../../../../arm-none-eabi/lib/armv7-m\libg_nano.a(lib_a-impure.o)
                              c:/program files (x86)/cypress/psoc creator/3.3/psoc creator/import/gnu/arm/4.9.3/bin/../lib/gcc/arm-none-eabi/4.9.3/../../../../arm-none-eabi/lib/armv7-m\libg_nano.a(lib_a-exit.o) (_global_impure_ptr)
c:/program files (x86)/cypress/psoc creator/3.3/psoc creator/import/gnu/arm/4.9.3/bin/../lib/gcc/arm-none-eabi/4.9.3/../../../../arm-none-eabi/lib/armv7-m\libg_nano.a(lib_a-init.o)
[...]
Memory Configuration

Name             Origin             Length             Attributes
rom              0x00000000         0x00040000         xr
ram              0x1fff8000         0x00010000         xrw
*default*        0x00000000         0xffffffff

Linker script and memory map

LOAD c:/program files (x86)/cypress/psoc creator/3.3/psoc creator/import/gnu/arm/4.9.3/bin/../lib/gcc/arm-none-eabi/4.9.3/armv7-m/crti.o
LOAD c:/program files (x86)/cypress/psoc creator/3.3/psoc creator/import/gnu/arm/4.9.3/bin/../lib/gcc/arm-none-eabi/4.9.3/armv7-m/crtbegin.o
LOAD c:/program files (x86)/cypress/psoc creator/3.3/psoc creator/import/gnu/arm/4.9.3/bin/../lib/gcc/arm-none-eabi/4.9.3/../../../../arm-none-eabi/lib/armv7-m/crt0.o
START GROUP
LOAD .\CortexM3\ARM_GCC_493\Debug\main.o
LOAD .\CortexM3\ARM_GCC_493\Debug\protocol.o
LOAD .\CortexM3\ARM_GCC_493\Debug\LCD.o
LOAD .\CortexM3\ARM_GCC_493\Debug\keyboard.o
LOAD .\CortexM3\ARM_GCC_493\Debug\I2C.o
LOAD .\CortexM3\ARM_GCC_493\Debug\Print.o
LOAD .\CortexM3\ARM_GCC_493\Debug\cymetadata.o
LOAD .\CortexM3\ARM_GCC_493\Debug\Cm3Start.o
LOAD .\CortexM3\ARM_GCC_493\Debug\Design01.a
LOAD C:\Program Files (x86)\Cypress\PSoC Creator\3.3\PSoC Creator\psoc\content\cycomponentlibrary\CyComponentLibrary.cylib\CortexM3\ARM_GCC_493\Debug\CyComponentLibrary.a
END GROUP
START GROUP
LOAD c:/program files (x86)/cypress/psoc creator/3.3/psoc creator/import/gnu/arm/4.9.3/bin/../lib/gcc/arm-none-eabi/4.9.3/armv7-m\libgcc.a
LOAD c:/program files (x86)/cypress/psoc creator/3.3/psoc creator/import/gnu/arm/4.9.3/bin/../lib/gcc/arm-none-eabi/4.9.3/../../../../arm-none-eabi/lib/armv7-m\libg_nano.a
LOAD c:/program files (x86)/cypress/psoc creator/3.3/psoc creator/import/gnu/arm/4.9.3/bin/../lib/gcc/arm-none-eabi/4.9.3/../../../../arm-none-eabi/lib/armv7-m\libc_nano.a
END GROUP
START GROUP
LOAD c:/program files (x86)/cypress/psoc creator/3.3/psoc creator/import/gnu/arm/4.9.3/bin/../lib/gcc/arm-none-eabi/4.9.3/armv7-m\libgcc.a
LOAD c:/program files (x86)/cypress/psoc creator/3.3/psoc creator/import/gnu/arm/4.9.3/bin/../lib/gcc/arm-none-eabi/4.9.3/../../../../arm-none-eabi/lib/armv7-m\libc_nano.a
END GROUP
LOAD c:/program files (x86)/cypress/psoc creator/3.3/psoc creator/import/gnu/arm/4.9.3/bin/../lib/gcc/arm-none-eabi/4.9.3/armv7-m/crtend.o
LOAD c:/program files (x86)/cypress/psoc creator/3.3/psoc creator/import/gnu/arm/4.9.3/bin/../lib/gcc/arm-none-eabi/4.9.3/armv7-m/crtn.o
START GROUP
LOAD c:/program files (x86)/cypress/psoc creator/3.3/psoc creator/import/gnu/arm/4.9.3/bin/../lib/gcc/arm-none-eabi/4.9.3/armv7-m\libgcc.a
LOAD c:/program files (x86)/cypress/psoc creator/3.3/psoc creator/import/gnu/arm/4.9.3/bin/../lib/gcc/arm-none-eabi/4.9.3/../../../../arm-none-eabi/lib/armv7-m\libc.a
LOAD c:/program files (x86)/cypress/psoc creator/3.3/psoc creator/import/gnu/arm/4.9.3/bin/../lib/gcc/arm-none-eabi/4.9.3/../../../../arm-none-eabi/lib/armv7-m\libnosys.a
END GROUP
                0x00000000                CY_APPL_ORIGIN = 0x0
                0x00000100                CY_FLASH_ROW_SIZE = 0x100
                0x00000020                CY_ECC_ROW_SIZE = 0x20
                0x00000000                CY_EE_IN_BTLDR = 0x0
                0x00000000                CY_APPL_LOADABLE = 0x0
                0x00000800                CY_EE_SIZE = 0x800
                0x00000001                CY_APPL_NUM = 0x1
                0x00000001                CY_APPL_MAX = 0x1
                0x00000040                CY_METADATA_SIZE = 0x40
                0x00000000                CY_APPL_LOADABLE = 0x0
                0x00000000                CY_CHECKSUM_EXCLUDE_SIZE = ALIGN (0x0, CY_FLASH_ROW_SIZE)
                0x1fff9950                PROVIDE (__cy_heap_start, _end)
                0x00000001                PROVIDE (__cy_region_num, ((__cy_regions_end - __cy_regions) / 0x10))
                0x20008000                PROVIDE (__cy_stack, (ORIGIN (ram) + 0x10000))
                0x20007800                PROVIDE (__cy_heap_end, (__cy_stack - 0x800))

.cybootloader   0x00000000        0x0
 *(.cybootloader)
                0x00000000                appl1_start = CY_APPL_ORIGIN?CY_APPL_ORIGIN:ALIGN (CY_FLASH_ROW_SIZE)
                0x0001ff00                appl2_start = (appl1_start + ALIGN ((((0x40000 - appl1_start) - (0x2 * CY_FLASH_ROW_SIZE)) / 0x2), CY_FLASH_ROW_SIZE))
                0x00000000                appl_start = (CY_APPL_NUM == 0x1)?appl1_start:appl2_start
                0x00000000                ecc_offset = ((appl_start / CY_FLASH_ROW_SIZE) * CY_ECC_ROW_SIZE)
                0x00000000                ee_offset = (CY_APPL_LOADABLE && ! (CY_EE_IN_BTLDR))?((CY_EE_SIZE / CY_APPL_MAX) * (CY_APPL_NUM - 0x1)):0x0
                0x00000800                ee_size = (CY_APPL_LOADABLE && ! (CY_EE_IN_BTLDR))?(CY_EE_SIZE / CY_APPL_MAX):CY_EE_SIZE
                0x00000000                PROVIDE (CY_ECC_OFFSET, ecc_offset)

.text           0x00000000     0x3736
 CREATE_OBJECT_SYMBOLS
                0x00000000                PROVIDE (__cy_interrupt_vector, RomVectors)
 *(.romvectors)
 .romvectors    0x00000000       0x10 .\CortexM3\ARM_GCC_493\Debug\Cm3Start.o
                0x00000000                RomVectors
                0x00000001                ASSERT ((. != __cy_interrupt_vector), No interrupt vector)
                0x00000001                ASSERT (CY_APPL_ORIGIN?(SIZEOF (.cybootloader) <= CY_APPL_ORIGIN):0x1, Wrong image location)
                0x00000010                PROVIDE (__cy_reset, Reset)
 *(.text.Reset)
 .text.Reset    0x00000010       0x18 .\CortexM3\ARM_GCC_493\Debug\Cm3Start.o
                0x00000010                Reset
                0x00000001                ASSERT ((. != __cy_reset), No reset code)
 *(.dma_init)
                0x00000001                ASSERT ((((appl_start + .) <= 0x10000) || 0x1), DMA Init must be within the first 64k of flash)
 *(.text .text.* .gnu.linkonce.t.*)
 .text          0x00000028       0x5c c:/program files (x86)/cypress/psoc creator/3.3/psoc creator/import/gnu/arm/4.9.3/bin/../lib/gcc/arm-none-eabi/4.9.3/armv7-m/crtbegin.o
 .text.GlobalInitializer
                0x00000084       0x20 .\CortexM3\ARM_GCC_493\Debug\main.o
                0x00000084                GlobalInitializer
 .text.StoreConfiguration
                0x000000a4       0x74 .\CortexM3\ARM_GCC_493\Debug\main.o
                0x000000a4                StoreConfiguration
 .text.InitDisplay1
                0x00000118      0x28c .\CortexM3\ARM_GCC_493\Debug\main.o
                0x00000118                InitDisplay1
 .text.InitDisplay2
                0x000003a4       0x50 .\CortexM3\ARM_GCC_493\Debug\main.o
                0x000003a4                InitDisplay2
 .text.InitPump
                0x000003f4       0xc4 .\CortexM3\ARM_GCC_493\Debug\main.o
                0x000003f4                InitPump
 .text.PollingDisplay1
                0x000004b8      0x710 .\CortexM3\ARM_GCC_493\Debug\main.o
                0x000004b8                PollingDisplay1
 .text.PollingDisplay2
                0x00000bc8      0x32c .\CortexM3\ARM_GCC_493\Debug\main.o
                0x00000bc8                PollingDisplay2
 .text.main     0x00000ef4       0x3c .\CortexM3\ARM_GCC_493\Debug\main.o
                0x00000ef4                main
 .text.get_state
                0x00000f30       0x30 .\CortexM3\ARM_GCC_493\Debug\protocol.o
                0x00000f30                get_state
 .text.get_position
                0x00000f60      0x120 .\CortexM3\ARM_GCC_493\Debug\protocol.o
                0x00000f60                get_position
 .text.getSale  0x00001080      0x3c8 .\CortexM3\ARM_GCC_493\Debug\protocol.o
                0x00001080                getSale
 .text.PumpIsInValidState
                0x00001448       0x14 .\CortexM3\ARM_GCC_493\Debug\protocol.o
                0x00001448                PumpIsInValidState
 .text.GetLRC   0x0000145c       0x28 .\CortexM3\ARM_GCC_493\Debug\protocol.o
                0x0000145c                GetLRC
 .text.PresetData
                0x00001484      0x1b4 .\CortexM3\ARM_GCC_493\Debug\protocol.o
                0x00001484                PresetData
 .text.PumpCompleteConfiguration
                0x00001638      0x124 .\CortexM3\ARM_GCC_493\Debug\protocol.o
                0x00001638                PumpCompleteConfiguration
 .text.PumpHoseActiveState
                0x0000175c       0xd4 .\CortexM3\ARM_GCC_493\Debug\protocol.o
                0x0000175c                PumpHoseActiveState
 .text.SetPicture
                0x00001830       0x50 .\CortexM3\ARM_GCC_493\Debug\LCD.o
                0x00001830                SetPicture
 .text.WriteMessage
                0x00001880       0xc8 .\CortexM3\ARM_GCC_493\Debug\LCD.o
                0x00001880                WriteMessage
 .text.ShowRectangle
                0x00001948       0x5c .\CortexM3\ARM_GCC_493\Debug\LCD.o
                0x00001948                ShowRectangle
 .text.ShowMessage
                0x000019a4       0x34 .\CortexM3\ARM_GCC_493\Debug\LCD.o
                0x000019a4                ShowMessage
 .text.UnmapCode
                0x000019d8       0x1c .\CortexM3\ARM_GCC_493\Debug\LCD.o
                0x000019d8                UnmapCode
 .text.WriteLCD
                0x000019f4       0xc8 .\CortexM3\ARM_GCC_493\Debug\LCD.o
                0x000019f4                WriteLCD
 .text.alphanumeric_keyboard
                0x00001abc      0x494 .\CortexM3\ARM_GCC_493\Debug\keyboard.o
                0x00001abc                alphanumeric_keyboard
 .text.write_psoc1
                0x00001f50       0x48 .\CortexM3\ARM_GCC_493\Debug\I2C.o
                0x00001f50                write_psoc1
 .text.imprimir
                0x00001f98      0x188 .\CortexM3\ARM_GCC_493\Debug\Print.o
                0x00001f98                imprimir
 .text.IntDefaultHandler
                0x00002120        0x4 .\CortexM3\ARM_GCC_493\Debug\Cm3Start.o
                0x00002120                IntDefaultHandler
 .text.Start_c  0x00002124       0x4c .\CortexM3\ARM_GCC_493\Debug\Cm3Start.o
                0x00002124                Start_c
 .text.initialize_psoc
                0x00002170       0x74 .\CortexM3\ARM_GCC_493\Debug\Cm3Start.o
                0x00002170                initialize_psoc
 .text.CyClockStartupError
                0x000021e4        0x4 .\CortexM3\ARM_GCC_493\Debug\Design01.a(cyfitter_cfg.o)
 .text.cfg_write_bytes32
                0x000021e8       0x34 .\CortexM3\ARM_GCC_493\Debug\Design01.a(cyfitter_cfg.o)
 .text.AnalogSetDefault
                0x0000221c       0x28 .\CortexM3\ARM_GCC_493\Debug\Design01.a(cyfitter_cfg.o)
 .text.CYMEMZERO
                0x00002244        0xc .\CortexM3\ARM_GCC_493\Debug\Design01.a(cyfitter_cfg.o)
 .text.ClockSetup
                0x00002250       0xec .\CortexM3\ARM_GCC_493\Debug\Design01.a(cyfitter_cfg.o)
 .text.CYCONFIGCPY
                0x0000233c        0x8 .\CortexM3\ARM_GCC_493\Debug\Design01.a(cyfitter_cfg.o)
 .text.cyfitter_cfg
                0x00002344      0x13c .\CortexM3\ARM_GCC_493\Debug\Design01.a(cyfitter_cfg.o)
                0x00002344                cyfitter_cfg
 .text.RF_Physical_Init
                0x00002480       0x44 .\CortexM3\ARM_GCC_493\Debug\Design01.a(RF_Physical.o)
                0x00002480                RF_Physical_Init
 .text.RF_Physical_Enable
                0x000024c4       0x44 .\CortexM3\ARM_GCC_493\Debug\Design01.a(RF_Physical.o)
                0x000024c4                RF_Physical_Enable
 .text.RF_Physical_Start
                0x00002508       0x1c .\CortexM3\ARM_GCC_493\Debug\Design01.a(RF_Physical.o)
                0x00002508                RF_Physical_Start
 .text.RF_Physical_RXISR
                0x00002524       0x9c .\CortexM3\ARM_GCC_493\Debug\Design01.a(RF_Physical_INT.o)
                0x00002524                RF_Physical_RXISR
 .text.Printer_Init
                0x000025c0       0x24 .\CortexM3\ARM_GCC_493\Debug\Design01.a(Printer.o)
                0x000025c0                Printer_Init
 .text.Printer_Enable
                0x000025e4       0x38 .\CortexM3\ARM_GCC_493\Debug\Design01.a(Printer.o)
                0x000025e4                Printer_Enable
 .text.Printer_Start
                0x0000261c       0x1c .\CortexM3\ARM_GCC_493\Debug\Design01.a(Printer.o)
                0x0000261c                Printer_Start
 .text.Display1_Init
                0x00002638       0x44 .\CortexM3\ARM_GCC_493\Debug\Design01.a(Display1.o)
                0x00002638                Display1_Init
 .text.Display1_Enable
                0x0000267c       0x44 .\CortexM3\ARM_GCC_493\Debug\Design01.a(Display1.o)
                0x0000267c                Display1_Enable
 .text.Display1_Start
                0x000026c0       0x1c .\CortexM3\ARM_GCC_493\Debug\Design01.a(Display1.o)
                0x000026c0                Display1_Start
 .text.Display1_GetRxBufferSize
                0x000026dc       0x5c .\CortexM3\ARM_GCC_493\Debug\Design01.a(Display1.o)
                0x000026dc                Display1_GetRxBufferSize
 .text.Display1_ClearRxBuffer
                0x00002738       0x44 .\CortexM3\ARM_GCC_493\Debug\Design01.a(Display1.o)
                0x00002738                Display1_ClearRxBuffer
 .text.Display1_PutChar
                0x0000277c       0x18 .\CortexM3\ARM_GCC_493\Debug\Design01.a(Display1.o)
                0x0000277c                Display1_PutChar
 .text.Display1_RXISR
                0x00002794       0x94 .\CortexM3\ARM_GCC_493\Debug\Design01.a(Display1_INT.o)
                0x00002794                Display1_RXISR
 .text.Display2_Init
                0x00002828       0x44 .\CortexM3\ARM_GCC_493\Debug\Design01.a(Display2.o)
                0x00002828                Display2_Init
 .text.Display2_Enable
                0x0000286c       0x44 .\CortexM3\ARM_GCC_493\Debug\Design01.a(Display2.o)
                0x0000286c                Display2_Enable
 .text.Display2_Start
                0x000028b0       0x1c .\CortexM3\ARM_GCC_493\Debug\Design01.a(Display2.o)
                0x000028b0                Display2_Start
 .text.Display2_GetRxBufferSize
                0x000028cc       0x5c .\CortexM3\ARM_GCC_493\Debug\Design01.a(Display2.o)
                0x000028cc                Display2_GetRxBufferSize
 .text.Display2_ClearRxBuffer
                0x00002928       0x44 .\CortexM3\ARM_GCC_493\Debug\Design01.a(Display2.o)
                0x00002928                Display2_ClearRxBuffer
 .text.Display2_PutChar
                0x0000296c       0x18 .\CortexM3\ARM_GCC_493\Debug\Design01.a(Display2.o)
                0x0000296c                Display2_PutChar
 .text.Display2_RXISR
                0x00002984       0x94 .\CortexM3\ARM_GCC_493\Debug\Design01.a(Display2_INT.o)
                0x00002984                Display2_RXISR
 .text.RF_Physical_IntClock_Start
                0x00002a18       0x1c .\CortexM3\ARM_GCC_493\Debug\Design01.a(RF_Physical_IntClock.o)
                0x00002a18                RF_Physical_IntClock_Start
 .text.Display1_IntClock_Start
                0x00002a34       0x1c .\CortexM3\ARM_GCC_493\Debug\Design01.a(Display1_IntClock.o)
                0x00002a34                Display1_IntClock_Start
 .text.Display2_IntClock_Start
                0x00002a50       0x1c .\CortexM3\ARM_GCC_493\Debug\Design01.a(Display2_IntClock.o)
                0x00002a50                Display2_IntClock_Start
 *fill*         0x00002a6c        0x4 
 .text          0x00002a70       0x20 .\CortexM3\ARM_GCC_493\Debug\Design01.a(CyBootAsmGnu.o)
                0x00002a70                CyDelayCycles
                0x00002a80                CyEnterCriticalSection
                0x00002a88                CyExitCriticalSection
 .text.CyHalt   0x00002a90        0x4 .\CortexM3\ARM_GCC_493\Debug\Design01.a(CyLib.o)
                0x00002a90                CyHalt
 .text.CyDelay  0x00002a94       0x2c .\CortexM3\ARM_GCC_493\Debug\Design01.a(CyLib.o)
                0x00002a94                CyDelay
 .text.CyDelayUs
                0x00002ac0       0x14 .\CortexM3\ARM_GCC_493\Debug\Design01.a(CyLib.o)
                0x00002ac0                CyDelayUs
 .text.CyWdtStart
                0x00002ad4       0x40 .\CortexM3\ARM_GCC_493\Debug\Design01.a(CyLib.o)
                0x00002ad4                CyWdtStart
 .text.CyWdtClear
                0x00002b14        0xc .\CortexM3\ARM_GCC_493\Debug\Design01.a(CyLib.o)
                0x00002b14                CyWdtClear
 .text.CyIntSetVector
                0x00002b20       0x28 .\CortexM3\ARM_GCC_493\Debug\Design01.a(CyLib.o)
                0x00002b20                CyIntSetVector
 .text.CyIntSetPriority
                0x00002b48       0x30 .\CortexM3\ARM_GCC_493\Debug\Design01.a(CyLib.o)
                0x00002b48                CyIntSetPriority
 .text.Printer_IntClock_Start
                0x00002b78       0x1c .\CortexM3\ARM_GCC_493\Debug\Design01.a(Printer_IntClock.o)
                0x00002b78                Printer_IntClock_Start
 .text.Pump_Init
                0x00002b94       0x48 .\CortexM3\ARM_GCC_493\Debug\Design01.a(Pump.o)
                0x00002b94                Pump_Init
 .text.Pump_Enable
                0x00002bdc       0x3c .\CortexM3\ARM_GCC_493\Debug\Design01.a(Pump.o)
                0x00002bdc                Pump_Enable
 .text.Pump_Start
                0x00002c18       0x1c .\CortexM3\ARM_GCC_493\Debug\Design01.a(Pump.o)
                0x00002c18                Pump_Start
 .text.Pump_ReadRxData
                0x00002c34       0x64 .\CortexM3\ARM_GCC_493\Debug\Design01.a(Pump.o)
                0x00002c34                Pump_ReadRxData
 .text.Pump_GetRxBufferSize
                0x00002c98       0x68 .\CortexM3\ARM_GCC_493\Debug\Design01.a(Pump.o)
                0x00002c98                Pump_GetRxBufferSize
 .text.Pump_ClearRxBuffer
                0x00002d00       0x44 .\CortexM3\ARM_GCC_493\Debug\Design01.a(Pump.o)
                0x00002d00                Pump_ClearRxBuffer
 .text.Pump_PutChar
                0x00002d44       0x18 .\CortexM3\ARM_GCC_493\Debug\Design01.a(Pump.o)
                0x00002d44                Pump_PutChar
 .text.Pump_RXISR
                0x00002d5c       0x98 .\CortexM3\ARM_GCC_493\Debug\Design01.a(Pump_INT.o)
                0x00002d5c                Pump_RXISR
 .text.EEPROM_1_Enable
                0x00002df4        0xc .\CortexM3\ARM_GCC_493\Debug\Design01.a(EEPROM_1.o)
                0x00002df4                EEPROM_1_Enable
 .text.EEPROM_1_Start
                0x00002e00        0x8 .\CortexM3\ARM_GCC_493\Debug\Design01.a(EEPROM_1.o)
                0x00002e00                EEPROM_1_Start
 .text.EEPROM_1_WriteByte
                0x00002e08       0xd4 .\CortexM3\ARM_GCC_493\Debug\Design01.a(EEPROM_1.o)
                0x00002e08                EEPROM_1_WriteByte
 .text.I2C_Bus_Init
                0x00002edc       0x58 .\CortexM3\ARM_GCC_493\Debug\Design01.a(I2C_Bus.o)
                0x00002edc                I2C_Bus_Init
 .text.I2C_Bus_Enable
                0x00002f34       0x24 .\CortexM3\ARM_GCC_493\Debug\Design01.a(I2C_Bus.o)
                0x00002f34                I2C_Bus_Enable
 .text.I2C_Bus_Start
                0x00002f58       0x28 .\CortexM3\ARM_GCC_493\Debug\Design01.a(I2C_Bus.o)
                0x00002f58                I2C_Bus_Start
 .text.I2C_Bus_ISR
                0x00002f80      0x2d0 .\CortexM3\ARM_GCC_493\Debug\Design01.a(I2C_Bus_INT.o)
                0x00002f80                I2C_Bus_ISR
 .text.I2C_Bus_MasterSendStart
                0x00003250       0x80 .\CortexM3\ARM_GCC_493\Debug\Design01.a(I2C_Bus_MASTER.o)
                0x00003250                I2C_Bus_MasterSendStart
 .text.I2C_Bus_MasterSendStop
                0x000032d0       0x38 .\CortexM3\ARM_GCC_493\Debug\Design01.a(I2C_Bus_MASTER.o)
                0x000032d0                I2C_Bus_MasterSendStop
 .text.I2C_Bus_MasterWriteByte
                0x00003308       0x58 .\CortexM3\ARM_GCC_493\Debug\Design01.a(I2C_Bus_MASTER.o)
                0x00003308                I2C_Bus_MasterWriteByte
 .text.I2C_Bus_MasterClearStatus
                0x00003360       0x10 .\CortexM3\ARM_GCC_493\Debug\Design01.a(I2C_Bus_MASTER.o)
                0x00003360                I2C_Bus_MasterClearStatus
 .text.I2C_Bus_MasterClearReadBuf
                0x00003370       0x1c .\CortexM3\ARM_GCC_493\Debug\Design01.a(I2C_Bus_MASTER.o)
                0x00003370                I2C_Bus_MasterClearReadBuf
 .text.I2C_Bus_MasterClearWriteBuf
                0x0000338c       0x1c .\CortexM3\ARM_GCC_493\Debug\Design01.a(I2C_Bus_MASTER.o)
                0x0000338c                I2C_Bus_MasterClearWriteBuf
 .text.I2C_Bus_Workaround
                0x000033a8        0x4 .\CortexM3\ARM_GCC_493\Debug\Design01.a(I2C_Bus_MASTER.o)
                0x000033a8                I2C_Bus_Workaround
 .text.CyFlashGetSpcAlgorithm
                0x000033ac       0x4c .\CortexM3\ARM_GCC_493\Debug\Design01.a(CyFlash.o)
 .text.CySetTempInt
                0x000033f8       0x60 .\CortexM3\ARM_GCC_493\Debug\Design01.a(CyFlash.o)
 .text.CySetTemp
                0x00003458       0x14 .\CortexM3\ARM_GCC_493\Debug\Design01.a(CyFlash.o)
                0x00003458                CySetTemp
 .text.CyEEPROM_Start
                0x0000346c       0x54 .\CortexM3\ARM_GCC_493\Debug\Design01.a(CyFlash.o)
                0x0000346c                CyEEPROM_Start
 .text.CySpcStart
                0x000034c0       0x24 .\CortexM3\ARM_GCC_493\Debug\Design01.a(CySpc.o)
                0x000034c0                CySpcStart
 .text.CySpcReadData
                0x000034e4       0x34 .\CortexM3\ARM_GCC_493\Debug\Design01.a(CySpc.o)
                0x000034e4                CySpcReadData
 .text.CySpcLoadMultiByte
                0x00003518       0x78 .\CortexM3\ARM_GCC_493\Debug\Design01.a(CySpc.o)
                0x00003518                CySpcLoadMultiByte
 .text.CySpcWriteRow
                0x00003590       0x4c .\CortexM3\ARM_GCC_493\Debug\Design01.a(CySpc.o)
                0x00003590                CySpcWriteRow
 .text.CySpcGetTemp
                0x000035dc       0x3c .\CortexM3\ARM_GCC_493\Debug\Design01.a(CySpc.o)
                0x000035dc                CySpcGetTemp
 .text.CySpcLock
                0x00003618       0x4c .\CortexM3\ARM_GCC_493\Debug\Design01.a(CySpc.o)
                0x00003618                CySpcLock
 .text.CySpcUnlock
                0x00003664       0x38 .\CortexM3\ARM_GCC_493\Debug\Design01.a(CySpc.o)
                0x00003664                CySpcUnlock
 .text.CySpcGetAlgorithm
                0x0000369c       0x28 .\CortexM3\ARM_GCC_493\Debug\Design01.a(CySpc.o)
                0x0000369c                CySpcGetAlgorithm
 .text.__libc_init_array
                0x000036c4       0x4c c:/program files (x86)/cypress/psoc creator/3.3/psoc creator/import/gnu/arm/4.9.3/bin/../lib/gcc/arm-none-eabi/4.9.3/../../../../arm-none-eabi/lib/armv7-m\libg_nano.a(lib_a-init.o)
                0x000036c4                __libc_init_array
 .text.memcpy   0x00003710       0x16 c:/program files (x86)/cypress/psoc creator/3.3/psoc creator/import/gnu/arm/4.9.3/bin/../lib/gcc/arm-none-eabi/4.9.3/../../../../arm-none-eabi/lib/armv7-m\libg_nano.a(lib_a-memcpy.o)
                0x00003710                memcpy
 .text.memset   0x00003726       0x10 c:/program files (x86)/cypress/psoc creator/3.3/psoc creator/import/gnu/arm/4.9.3/bin/../lib/gcc/arm-none-eabi/4.9.3/../../../../arm-none-eabi/lib/armv7-m\libg_nano.a(lib_a-memset.o)
                0x00003726                memset
 *(.plt)
 *(.gnu.warning)
 *(.glue_7t)
 .glue_7t       0x00000000        0x0 linker stubs
 *(.glue_7)
 .glue_7        0x00000000        0x0 linker stubs
 *(.vfp11_veneer)
 .vfp11_veneer  0x00000000        0x0 linker stubs
 *(.bootloader)
 *(.ARM.extab* .gnu.linkonce.armextab.*)
 *(.gcc_except_table)

.v4_bx          0x00003738        0x0
 .v4_bx         0x00000000        0x0 linker stubs

.iplt           0x00003738        0x0
 .iplt          0x00000000        0x0 c:/program files (x86)/cypress/psoc creator/3.3/psoc creator/import/gnu/arm/4.9.3/bin/../lib/gcc/arm-none-eabi/4.9.3/armv7-m/crtbegin.o

.eh_frame_hdr
 *(.eh_frame_hdr)

.eh_frame       0x00003738        0x4
 *(.eh_frame)
 .eh_frame      0x00003738        0x0 c:/program files (x86)/cypress/psoc creator/3.3/psoc creator/import/gnu/arm/4.9.3/bin/../lib/gcc/arm-none-eabi/4.9.3/armv7-m/crtbegin.o
 .eh_frame      0x00003738        0x4 c:/program files (x86)/cypress/psoc creator/3.3/psoc creator/import/gnu/arm/4.9.3/bin/../lib/gcc/arm-none-eabi/4.9.3/armv7-m/crtend.o
                0x0000373c                PROVIDE (__exidx_start, .)

.ARM.exidx
 *(.ARM.exidx* .gnu.linkonce.armexidx.*)
                0x0000373c                __exidx_end = .

.rodata         0x0000373c      0x15c
 *(.rodata .rodata.* .gnu.linkonce.r.*)
 .rodata        0x0000373c       0x68 .\CortexM3\ARM_GCC_493\Debug\main.o
 .rodata.str1.4
                0x000037a4       0x18 .\CortexM3\ARM_GCC_493\Debug\main.o
 .rodata        0x000037bc       0x40 .\CortexM3\ARM_GCC_493\Debug\LCD.o
 .rodata        0x000037fc       0x64 .\CortexM3\ARM_GCC_493\Debug\Design01.a(cyfitter_cfg.o)
                0x00003860                . = ALIGN (0x4)
 *(.init)
 .init          0x00003860        0x4 c:/program files (x86)/cypress/psoc creator/3.3/psoc creator/import/gnu/arm/4.9.3/bin/../lib/gcc/arm-none-eabi/4.9.3/armv7-m/crti.o
                0x00003860                _init
 .init          0x00003864        0x8 c:/program files (x86)/cypress/psoc creator/3.3/psoc creator/import/gnu/arm/4.9.3/bin/../lib/gcc/arm-none-eabi/4.9.3/armv7-m/crtn.o
                0x0000386c                . = ALIGN (0x4)
                0x0000386c                __preinit_array_start = .
 *(.preinit_array)
                0x0000386c                __preinit_array_end = .
                0x0000386c                . = ALIGN (0x4)
                0x0000386c                __init_array_start = .
 *(SORT(.init_array.*))
 *(.init_array)
 .init_array    0x0000386c        0x4 c:/program files (x86)/cypress/psoc creator/3.3/psoc creator/import/gnu/arm/4.9.3/bin/../lib/gcc/arm-none-eabi/4.9.3/armv7-m/crtbegin.o
 .init_array    0x00003870        0x4 .\CortexM3\ARM_GCC_493\Debug\Cm3Start.o
                0x00003874                __init_array_end = .
                0x00003874                . = ALIGN (0x4)
 *(.fini)
 .fini          0x00003874        0x4 c:/program files (x86)/cypress/psoc creator/3.3/psoc creator/import/gnu/arm/4.9.3/bin/../lib/gcc/arm-none-eabi/4.9.3/armv7-m/crti.o
                0x00003874                _fini
 .fini          0x00003878        0x8 c:/program files (x86)/cypress/psoc creator/3.3/psoc creator/import/gnu/arm/4.9.3/bin/../lib/gcc/arm-none-eabi/4.9.3/armv7-m/crtn.o
                0x00003880                . = ALIGN (0x4)
                0x00003880                __fini_array_start = .
 *(.fini_array)
 .fini_array    0x00003880        0x4 c:/program files (x86)/cypress/psoc creator/3.3/psoc creator/import/gnu/arm/4.9.3/bin/../lib/gcc/arm-none-eabi/4.9.3/armv7-m/crtbegin.o
 *(SORT(.fini_array.*))
                0x00003884                __fini_array_end = .
                0x00003884                . = ALIGN (0x4)
 *crtbegin.o(.ctors)
 *(EXCLUDE_FILE(*crtend.o) .ctors)
 *(SORT(.ctors.*))
 *crtend.o(.ctors)
                0x00003884                . = ALIGN (0x4)
 *crtbegin.o(.dtors)
 *(EXCLUDE_FILE(*crtend.o) .dtors)
 *(SORT(.dtors.*))
 *crtend.o(.dtors)
                0x00003884                . = ALIGN (0x4)
                0x00003884                __cy_regions = .
                0x00003884        0x4 LONG 0x3898 __cy_region_init_ram
                0x00003888        0x4 LONG 0x1fff8108 __cy_region_start_data
                0x0000388c        0x4 LONG 0x188 __cy_region_init_size_ram
                0x00003890        0x4 LONG 0x16c0 __cy_region_zero_size_ram
                0x00003894                __cy_regions_end = .
                0x00003898                . = ALIGN (0x8)
 *fill*         0x00003894        0x4 
                0x00003898                _etext = .

.cy_checksum_exclude
                0x00003898        0x0
 *(.cy_checksum_exclude)

.ramvectors     0x1fff8000      0x100
                0x1fff8000                __cy_region_start_ram = .
 *(.ramvectors)
 .ramvectors    0x1fff8000      0x100 .\CortexM3\ARM_GCC_493\Debug\Cm3Start.o
                0x1fff8000                CyRamVectors

.noinit         0x1fff8100        0x5
 *(.noinit)
 .noinit        0x1fff8100        0x4 .\CortexM3\ARM_GCC_493\Debug\Cm3Start.o
 .noinit        0x1fff8104        0x1 .\CortexM3\ARM_GCC_493\Debug\Design01.a(CyLib.o)
                0x1fff8104                CyResetStatus

.data           0x1fff8108      0x188 load address 0x00003898
                0x1fff8108                __cy_region_start_data = .
 *(.jcr)
 .jcr           0x1fff8108        0x0 c:/program files (x86)/cypress/psoc creator/3.3/psoc creator/import/gnu/arm/4.9.3/bin/../lib/gcc/arm-none-eabi/4.9.3/armv7-m/crtbegin.o
 .jcr           0x1fff8108        0x4 c:/program files (x86)/cypress/psoc creator/3.3/psoc creator/import/gnu/arm/4.9.3/bin/../lib/gcc/arm-none-eabi/4.9.3/armv7-m/crtend.o
 *(.got.plt)
 *(.got)
 *(.shdata)
 *(.data .data.* .gnu.linkonce.d.*)
 .data          0x1fff810c        0xc .\CortexM3\ARM_GCC_493\Debug\main.o
                0x1fff810c                MuxVersion
 .data          0x1fff8118       0x54 .\CortexM3\ARM_GCC_493\Debug\LCD.o
                0x1fff8118                _g_charmaplut
 .data          0x1fff816c      0x114 .\CortexM3\ARM_GCC_493\Debug\Print.o
                0x1fff816c                msn_eds
                0x1fff817c                msn_numero
                0x1fff8184                msn_fecha
                0x1fff818c                msn_pos
                0x1fff8198                msn_producto
                0x1fff81a4                msn_placa
                0x1fff81b0                msn_consecutivo
                0x1fff81c4                msn_uhcorte
                0x1fff81d8                msn_ufcorte
                0x1fff81ec                msn_idcorte
                0x1fff81fc                msn_hcorte
                0x1fff820c                msn_fcorte
                0x1fff8218                msn_copia
                0x1fff8220                msn_id
                0x1fff822c                msn_km
                0x1fff8238                msn_cuenta
                0x1fff8244                msn_din
                0x1fff8250                msn_vol
                0x1fff8260                msn_ppu
                0x1fff8270                msn_hora
                0x1fff8278                msn_tel
                0x1fff827c                msn_nit
 .data          0x1fff8280       0x10 .\CortexM3\ARM_GCC_493\Debug\Design01.a(CyLib.o)
                0x1fff8280                cydelay_32k_ms
                0x1fff8284                cydelay_freq_khz
                0x1fff8288                cydelay_freq_mhz
                0x1fff828c                cydelay_freq_hz
                0x1fff8290                . = ALIGN (0x8)
 *(.ram)
                0x1fff8290                _edata = .

.igot.plt       0x1fff8290        0x0 load address 0x00003a20
 .igot.plt      0x00000000        0x0 c:/program files (x86)/cypress/psoc creator/3.3/psoc creator/import/gnu/arm/4.9.3/bin/../lib/gcc/arm-none-eabi/4.9.3/armv7-m/crtbegin.o

.bss            0x1fff8290     0x16c0 load address 0x00003a20
                0x1fff8290                PROVIDE (__bss_start__, .)
 *(.shbss)
 *(.bss .bss.* .gnu.linkonce.b.*)
 .bss           0x1fff8290       0x1c c:/program files (x86)/cypress/psoc creator/3.3/psoc creator/import/gnu/arm/4.9.3/bin/../lib/gcc/arm-none-eabi/4.9.3/armv7-m/crtbegin.o
 .bss           0x1fff82ac        0xa .\CortexM3\ARM_GCC_493\Debug\Design01.a(RF_Physical.o)
                0x1fff82ac                RF_Physical_errorStatus
                0x1fff82ad                RF_Physical_initVar
                0x1fff82ae                RF_Physical_rxBufferRead
                0x1fff82b0                RF_Physical_rxBufferWrite
                0x1fff82b2                RF_Physical_rxBufferLoopDetect
                0x1fff82b3                RF_Physical_rxBufferOverflow
 .bss           0x1fff82b6        0x2 .\CortexM3\ARM_GCC_493\Debug\Design01.a(Printer.o)
                0x1fff82b6                Printer_initVar
 .bss           0x1fff82b8        0x7 .\CortexM3\ARM_GCC_493\Debug\Design01.a(Display1.o)
                0x1fff82b8                Display1_errorStatus
                0x1fff82b9                Display1_initVar
                0x1fff82ba                Display1_rxBufferRead
                0x1fff82bb                Display1_rxBufferWrite
                0x1fff82bc                Display1_rxBufferLoopDetect
                0x1fff82bd                Display1_rxBufferOverflow
 .bss           0x1fff82bf        0x7 .\CortexM3\ARM_GCC_493\Debug\Design01.a(Display2.o)
                0x1fff82bf                Display2_errorStatus
                0x1fff82c0                Display2_initVar
                0x1fff82c1                Display2_rxBufferRead
                0x1fff82c2                Display2_rxBufferWrite
                0x1fff82c3                Display2_rxBufferLoopDetect
                0x1fff82c4                Display2_rxBufferOverflow
 .bss           0x1fff82c6        0xa .\CortexM3\ARM_GCC_493\Debug\Design01.a(Pump.o)
                0x1fff82c6                Pump_errorStatus
                0x1fff82c7                Pump_initVar
                0x1fff82c8                Pump_rxBufferRead
                0x1fff82ca                Pump_rxBufferWrite
                0x1fff82cc                Pump_rxBufferLoopDetect
                0x1fff82cd                Pump_rxBufferOverflow
 .bss           0x1fff82d0        0x1 .\CortexM3\ARM_GCC_493\Debug\Design01.a(I2C_Bus.o)
                0x1fff82d0                I2C_Bus_initVar
 *fill*         0x1fff82d1        0x3 
 .bss           0x1fff82d4        0x8 .\CortexM3\ARM_GCC_493\Debug\Design01.a(CySpc.o)
                0x1fff82d4                SpcLockState
 *(COMMON)
 *fill*         0x1fff82dc        0x4 
 COMMON         0x1fff82e0     0x1314 .\CortexM3\ARM_GCC_493\Debug\main.o
                0x1fff82e0                idSeller
                0x1fff82fc                delayPicture2
                0x1fff8300                side
                0x1fff870c                flagPoint2
                0x1fff870d                decimalVolume
                0x1fff8710                bufferDisplay1
                0x1fff89a8                PrevStatePump
                0x1fff89ac                screen
                0x1fff89ae                UnitType
                0x1fff89af                VolDec
                0x1fff89b0                countAnimation1
                0x1fff89b8                flowDisplay3
                0x1fff89bc                turn
                0x1fff89c0                bufferDisplay2
                0x1fff8c56                MoneyDec
                0x1fff8c58                button
                0x1fff9018                residue
                0x1fff9026                flagResetMux
                0x1fff9027                PlateRequest
                0x1fff9028                passwordSeller
                0x1fff9030                presetFast
                0x1fff904e                lockTurn
                0x1fff904f                productNumber
                0x1fff9050                statePump
                0x1fff9054                symbols
                0x1fff9056                digits
                0x1fff9057                numberKeys1
                0x1fff9058                ipAdress
                0x1fff9068                countAnimation2
                0x1fff9070                countBeagleTX
                0x1fff9078                flowDisplay1
                0x1fff907c                bufferDisplay4
                0x1fff9312                ppux10
                0x1fff9314                flowDisplay2
                0x1fff9318                time
                0x1fff931b                flagPoint1
                0x1fff931c                bufferDisplay3
                0x1fff95b4                temporal
                0x1fff95d2                PPUDec
                0x1fff95d3                numberKeys2
                0x1fff95d4                ConversionFactor
                0x1fff95d8                delayPicture1
                0x1fff95dc                date
                0x1fff95e0                countPump
                0x1fff95e8                DDMode
                0x1fff95ec                flowDisplay4
                0x1fff95f0                NumPositions
                0x1fff95f1                stateBeagleSoft
                0x1fff95f2                decimalMoney
                0x1fff95f3                typeIdSeller
 COMMON         0x1fff95f4      0x200 .\CortexM3\ARM_GCC_493\Debug\Design01.a(RF_Physical.o)
                0x1fff95f4                RF_Physical_rxBuffer
 COMMON         0x1fff97f4       0x20 .\CortexM3\ARM_GCC_493\Debug\Design01.a(Display1.o)
                0x1fff97f4                Display1_rxBuffer
 COMMON         0x1fff9814       0x20 .\CortexM3\ARM_GCC_493\Debug\Design01.a(Display2.o)
                0x1fff9814                Display2_rxBuffer
 COMMON         0x1fff9834      0x100 .\CortexM3\ARM_GCC_493\Debug\Design01.a(Pump.o)
                0x1fff9834                Pump_rxBuffer
 COMMON         0x1fff9934        0x1 .\CortexM3\ARM_GCC_493\Debug\Design01.a(I2C_Bus.o)
                0x1fff9934                I2C_Bus_state
 *fill*         0x1fff9935        0x3 
 COMMON         0x1fff9938       0x11 .\CortexM3\ARM_GCC_493\Debug\Design01.a(I2C_Bus_MASTER.o)
                0x1fff9938                I2C_Bus_mstrWrBufSize
                0x1fff9939                I2C_Bus_mstrControl
                0x1fff993a                I2C_Bus_mstrRdBufSize
                0x1fff993c                I2C_Bus_mstrRdBufPtr
                0x1fff9940                I2C_Bus_mstrStatus
                0x1fff9941                I2C_Bus_mstrWrBufIndex
                0x1fff9944                I2C_Bus_mstrWrBufPtr
                0x1fff9948                I2C_Bus_mstrRdBufIndex
 *fill*         0x1fff9949        0x3 
 COMMON         0x1fff994c        0x2 .\CortexM3\ARM_GCC_493\Debug\Design01.a(CyFlash.o)
                0x1fff994c                dieTemperature
                0x1fff9950                . = ALIGN (0x8)
 *fill*         0x1fff994e        0x2 
 *(.ram.b)
                0x1fff9950                _end = .
                0x1fff9950                __end = .
                0x1fff9950                PROVIDE (end, .)
                0x1fff9950                PROVIDE (__bss_end__, .)
                0x00003898                __cy_region_init_ram = LOADADDR (.data)
                0x00000188                __cy_region_init_size_ram = (_edata - ADDR (.data))
                0x000016c0                __cy_region_zero_size_ram = (_end - _edata)

.heap           0x1fff9950       0x80 load address 0x00003a20
                0x1fff9950                . = _end
                0x1fff99d0                . = (. + 0x80)
 *fill*         0x1fff9950       0x80 
                0x1fff99d0                __cy_heap_limit = .

.stack          0x20007800      0x800
                0x20007800                __cy_stack_limit = .
                0x20008000                . = (. + 0x800)
 *fill*         0x20007800      0x800 
                0x00000001                ASSERT ((__cy_stack_limit >= __cy_heap_limit), region RAM overflowed with stack)
                0x00000000                cy_checksum_exclude_size = (CY_APPL_LOADABLE == 0x1)?SIZEOF (.cy_checksum_exclude):0x0
                0x00000001                ASSERT ((cy_checksum_exclude_size <= CY_CHECKSUM_EXCLUDE_SIZE), CY_BOOT: Section .cy_checksum_exclude size exceedes specified limit.)

.cyloadermeta
 *(.cyloadermeta)

.cyloadablemeta
 *(.cyloadablemeta)

.cyconfigecc    0x80000000     0x100c
 *(.cyconfigecc)
 .cyconfigecc   0x80000000     0x100c .\CortexM3\ARM_GCC_493\Debug\cymetadata.o
                0x80000000                cy_meta_configecc

.cycustnvl      0x90000000        0x4
 *(.cycustnvl)
 .cycustnvl     0x90000000        0x4 .\CortexM3\ARM_GCC_493\Debug\cymetadata.o
                0x90000000                cy_meta_custnvl

.cywolatch      0x90100000        0x4
 *(.cywolatch)
 .cywolatch     0x90100000        0x4 .\CortexM3\ARM_GCC_493\Debug\cymetadata.o
                0x90100000                cy_meta_wonvl

.cyeeprom       0x90200000        0x0
 *(.cyeeprom)
                0x00000001                ASSERT ((. <= ((0x90200000 + ee_offset) + ee_size)), .cyeeprom data will not fit in EEPROM)

.cyflashprotect
                0x90400000      0x100
 *(.cyflashprotect)
 .cyflashprotect
                0x90400000      0x100 .\CortexM3\ARM_GCC_493\Debug\cymetadata.o
                0x90400000                cy_meta_flashprotect

.cymeta         0x90500000        0xc
 *(.cymeta)
 .cymeta        0x90500000        0xc .\CortexM3\ARM_GCC_493\Debug\cymetadata.o
                0x90500000                cy_metadata

.rel.dyn        0x00003a20        0x0 load address 0x9050000c
 .rel.iplt      0x00000000        0x0 c:/program files (x86)/cypress/psoc creator/3.3/psoc creator/import/gnu/arm/4.9.3/bin/../lib/gcc/arm-none-eabi/4.9.3/armv7-m/crtbegin.o

.stab
 *(.stab)

.stabstr
 *(.stabstr)

.debug
 *(.debug)

.line
 *(.line)

.debug_srcinfo
 *(.debug_srcinfo)

.debug_sfnames
 *(.debug_sfnames)

.debug_aranges  0x00000000      0xef8
 *(.debug_aranges)
 .debug_aranges
                0x00000000       0x68 .\CortexM3\ARM_GCC_493\Debug\main.o
 .debug_aranges
                0x00000068       0x58 .\CortexM3\ARM_GCC_493\Debug\protocol.o
 .debug_aranges
                0x000000c0       0x48 .\CortexM3\ARM_GCC_493\Debug\LCD.o
 .debug_aranges
                0x00000108       0x20 .\CortexM3\ARM_GCC_493\Debug\keyboard.o
 .debug_aranges
                0x00000128       0x20 .\CortexM3\ARM_GCC_493\Debug\I2C.o
 .debug_aranges
                0x00000148       0x30 .\CortexM3\ARM_GCC_493\Debug\Print.o
 .debug_aranges
                0x00000178       0x18 .\CortexM3\ARM_GCC_493\Debug\cymetadata.o
 .debug_aranges
                0x00000190       0x48 .\CortexM3\ARM_GCC_493\Debug\Cm3Start.o
 .debug_aranges
                0x000001d8       0x58 .\CortexM3\ARM_GCC_493\Debug\Design01.a(cyfitter_cfg.o)
 .debug_aranges
                0x00000230       0xf0 .\CortexM3\ARM_GCC_493\Debug\Design01.a(RF_Physical.o)
 .debug_aranges
                0x00000320       0x20 .\CortexM3\ARM_GCC_493\Debug\Design01.a(RF_Physical_INT.o)
 .debug_aranges
                0x00000340       0xf0 .\CortexM3\ARM_GCC_493\Debug\Design01.a(Printer.o)
 .debug_aranges
                0x00000430       0xf0 .\CortexM3\ARM_GCC_493\Debug\Design01.a(Display1.o)
 .debug_aranges
                0x00000520       0x20 .\CortexM3\ARM_GCC_493\Debug\Design01.a(Display1_INT.o)
 .debug_aranges
                0x00000540       0xf0 .\CortexM3\ARM_GCC_493\Debug\Design01.a(Display2.o)
 .debug_aranges
                0x00000630       0x20 .\CortexM3\ARM_GCC_493\Debug\Design01.a(Display2_INT.o)
 .debug_aranges
                0x00000650       0x70 .\CortexM3\ARM_GCC_493\Debug\Design01.a(RF_Physical_IntClock.o)
 .debug_aranges
                0x000006c0       0x70 .\CortexM3\ARM_GCC_493\Debug\Design01.a(Display1_IntClock.o)
 .debug_aranges
                0x00000730       0x70 .\CortexM3\ARM_GCC_493\Debug\Design01.a(Display2_IntClock.o)
 .debug_aranges
                0x000007a0       0x20 .\CortexM3\ARM_GCC_493\Debug\Design01.a(CyBootAsmGnu.o)
 .debug_aranges
                0x000007c0      0x298 .\CortexM3\ARM_GCC_493\Debug\Design01.a(CyLib.o)
 .debug_aranges
                0x00000a58       0x98 .\CortexM3\ARM_GCC_493\Debug\Design01.a(cyPm.o)
 .debug_aranges
                0x00000af0       0x70 .\CortexM3\ARM_GCC_493\Debug\Design01.a(Printer_IntClock.o)
 .debug_aranges
                0x00000b60       0xf0 .\CortexM3\ARM_GCC_493\Debug\Design01.a(Pump.o)
 .debug_aranges
                0x00000c50       0x20 .\CortexM3\ARM_GCC_493\Debug\Design01.a(Pump_INT.o)
 .debug_aranges
                0x00000c70       0x78 .\CortexM3\ARM_GCC_493\Debug\Design01.a(EEPROM_1.o)
 .debug_aranges
                0x00000ce8       0x38 .\CortexM3\ARM_GCC_493\Debug\Design01.a(I2C_Bus.o)
 .debug_aranges
                0x00000d20       0x20 .\CortexM3\ARM_GCC_493\Debug\Design01.a(I2C_Bus_INT.o)
 .debug_aranges
                0x00000d40       0x38 .\CortexM3\ARM_GCC_493\Debug\Design01.a(I2C_Bus_PM.o)
 .debug_aranges
                0x00000d78       0x88 .\CortexM3\ARM_GCC_493\Debug\Design01.a(I2C_Bus_MASTER.o)
 .debug_aranges
                0x00000e00       0x80 .\CortexM3\ARM_GCC_493\Debug\Design01.a(CyFlash.o)
 .debug_aranges
                0x00000e80       0x78 .\CortexM3\ARM_GCC_493\Debug\Design01.a(CySpc.o)

.debug_pubnames
 *(.debug_pubnames)

.debug_info     0x00000000     0xe214
 *(.debug_info .gnu.linkonce.wi.*)
 .debug_info    0x00000000     0x1e36 .\CortexM3\ARM_GCC_493\Debug\main.o
 .debug_info    0x00001e36     0x108f .\CortexM3\ARM_GCC_493\Debug\protocol.o
 .debug_info    0x00002ec5      0xda9 .\CortexM3\ARM_GCC_493\Debug\LCD.o
 .debug_info    0x00003c6e      0xe08 .\CortexM3\ARM_GCC_493\Debug\keyboard.o
 .debug_info    0x00004a76      0xa2d .\CortexM3\ARM_GCC_493\Debug\I2C.o
 .debug_info    0x000054a3     0x15ff .\CortexM3\ARM_GCC_493\Debug\Print.o
 .debug_info    0x00006aa2      0x13f .\CortexM3\ARM_GCC_493\Debug\cymetadata.o
 .debug_info    0x00006be1      0x3a5 .\CortexM3\ARM_GCC_493\Debug\Cm3Start.o
 .debug_info    0x00006f86      0x5fc .\CortexM3\ARM_GCC_493\Debug\Design01.a(cyfitter_cfg.o)
 .debug_info    0x00007582      0x757 .\CortexM3\ARM_GCC_493\Debug\Design01.a(RF_Physical.o)
 .debug_info    0x00007cd9      0x157 .\CortexM3\ARM_GCC_493\Debug\Design01.a(RF_Physical_INT.o)
 .debug_info    0x00007e30      0x603 .\CortexM3\ARM_GCC_493\Debug\Design01.a(Printer.o)
 .debug_info    0x00008433      0x751 .\CortexM3\ARM_GCC_493\Debug\Design01.a(Display1.o)
 .debug_info    0x00008b84      0x145 .\CortexM3\ARM_GCC_493\Debug\Design01.a(Display1_INT.o)
 .debug_info    0x00008cc9      0x751 .\CortexM3\ARM_GCC_493\Debug\Design01.a(Display2.o)
 .debug_info    0x0000941a      0x145 .\CortexM3\ARM_GCC_493\Debug\Design01.a(Display2_INT.o)
 .debug_info    0x0000955f      0x283 .\CortexM3\ARM_GCC_493\Debug\Design01.a(RF_Physical_IntClock.o)
 .debug_info    0x000097e2      0x283 .\CortexM3\ARM_GCC_493\Debug\Design01.a(Display1_IntClock.o)
 .debug_info    0x00009a65      0x283 .\CortexM3\ARM_GCC_493\Debug\Design01.a(Display2_IntClock.o)
 .debug_info    0x00009ce8       0x96 .\CortexM3\ARM_GCC_493\Debug\Design01.a(CyBootAsmGnu.o)
 .debug_info    0x00009d7e     0x1371 .\CortexM3\ARM_GCC_493\Debug\Design01.a(CyLib.o)
 .debug_info    0x0000b0ef      0xa58 .\CortexM3\ARM_GCC_493\Debug\Design01.a(cyPm.o)
 .debug_info    0x0000bb47      0x283 .\CortexM3\ARM_GCC_493\Debug\Design01.a(Printer_IntClock.o)
 .debug_info    0x0000bdca      0x724 .\CortexM3\ARM_GCC_493\Debug\Design01.a(Pump.o)
 .debug_info    0x0000c4ee      0x156 .\CortexM3\ARM_GCC_493\Debug\Design01.a(Pump_INT.o)
 .debug_info    0x0000c644      0x668 .\CortexM3\ARM_GCC_493\Debug\Design01.a(EEPROM_1.o)
 .debug_info    0x0000ccac      0x2d7 .\CortexM3\ARM_GCC_493\Debug\Design01.a(I2C_Bus.o)
 .debug_info    0x0000cf83      0x193 .\CortexM3\ARM_GCC_493\Debug\Design01.a(I2C_Bus_INT.o)
 .debug_info    0x0000d116      0x1f2 .\CortexM3\ARM_GCC_493\Debug\Design01.a(I2C_Bus_PM.o)
 .debug_info    0x0000d308      0x412 .\CortexM3\ARM_GCC_493\Debug\Design01.a(I2C_Bus_MASTER.o)
 .debug_info    0x0000d71a      0x60a .\CortexM3\ARM_GCC_493\Debug\Design01.a(CyFlash.o)
 .debug_info    0x0000dd24      0x4f0 .\CortexM3\ARM_GCC_493\Debug\Design01.a(CySpc.o)

.debug_abbrev   0x00000000     0x2d6f
 *(.debug_abbrev)
 .debug_abbrev  0x00000000      0x200 .\CortexM3\ARM_GCC_493\Debug\main.o
 .debug_abbrev  0x00000200      0x280 .\CortexM3\ARM_GCC_493\Debug\protocol.o
 .debug_abbrev  0x00000480      0x1b0 .\CortexM3\ARM_GCC_493\Debug\LCD.o
 .debug_abbrev  0x00000630      0x18a .\CortexM3\ARM_GCC_493\Debug\keyboard.o
 .debug_abbrev  0x000007ba      0x175 .\CortexM3\ARM_GCC_493\Debug\I2C.o
 .debug_abbrev  0x0000092f      0x1b3 .\CortexM3\ARM_GCC_493\Debug\Print.o
 .debug_abbrev  0x00000ae2       0x77 .\CortexM3\ARM_GCC_493\Debug\cymetadata.o
 .debug_abbrev  0x00000b59      0x20f .\CortexM3\ARM_GCC_493\Debug\Cm3Start.o
 .debug_abbrev  0x00000d68      0x212 .\CortexM3\ARM_GCC_493\Debug\Design01.a(cyfitter_cfg.o)
 .debug_abbrev  0x00000f7a      0x1b8 .\CortexM3\ARM_GCC_493\Debug\Design01.a(RF_Physical.o)
 .debug_abbrev  0x00001132       0x8a .\CortexM3\ARM_GCC_493\Debug\Design01.a(RF_Physical_INT.o)
 .debug_abbrev  0x000011bc      0x1a2 .\CortexM3\ARM_GCC_493\Debug\Design01.a(Printer.o)
 .debug_abbrev  0x0000135e      0x1b8 .\CortexM3\ARM_GCC_493\Debug\Design01.a(Display1.o)
 .debug_abbrev  0x00001516       0x8a .\CortexM3\ARM_GCC_493\Debug\Design01.a(Display1_INT.o)
 .debug_abbrev  0x000015a0      0x1b8 .\CortexM3\ARM_GCC_493\Debug\Design01.a(Display2.o)
 .debug_abbrev  0x00001758       0x8a .\CortexM3\ARM_GCC_493\Debug\Design01.a(Display2_INT.o)
 .debug_abbrev  0x000017e2      0x139 .\CortexM3\ARM_GCC_493\Debug\Design01.a(RF_Physical_IntClock.o)
 .debug_abbrev  0x0000191b      0x139 .\CortexM3\ARM_GCC_493\Debug\Design01.a(Display1_IntClock.o)
 .debug_abbrev  0x00001a54      0x139 .\CortexM3\ARM_GCC_493\Debug\Design01.a(Display2_IntClock.o)
 .debug_abbrev  0x00001b8d       0x14 .\CortexM3\ARM_GCC_493\Debug\Design01.a(CyBootAsmGnu.o)
 .debug_abbrev  0x00001ba1      0x296 .\CortexM3\ARM_GCC_493\Debug\Design01.a(CyLib.o)
 .debug_abbrev  0x00001e37      0x1ed .\CortexM3\ARM_GCC_493\Debug\Design01.a(cyPm.o)
 .debug_abbrev  0x00002024      0x139 .\CortexM3\ARM_GCC_493\Debug\Design01.a(Printer_IntClock.o)
 .debug_abbrev  0x0000215d      0x1b8 .\CortexM3\ARM_GCC_493\Debug\Design01.a(Pump.o)
 .debug_abbrev  0x00002315       0x8a .\CortexM3\ARM_GCC_493\Debug\Design01.a(Pump_INT.o)
 .debug_abbrev  0x0000239f      0x1a3 .\CortexM3\ARM_GCC_493\Debug\Design01.a(EEPROM_1.o)
 .debug_abbrev  0x00002542      0x159 .\CortexM3\ARM_GCC_493\Debug\Design01.a(I2C_Bus.o)
 .debug_abbrev  0x0000269b       0xdb .\CortexM3\ARM_GCC_493\Debug\Design01.a(I2C_Bus_INT.o)
 .debug_abbrev  0x00002776      0x12b .\CortexM3\ARM_GCC_493\Debug\Design01.a(I2C_Bus_PM.o)
 .debug_abbrev  0x000028a1      0x13c .\CortexM3\ARM_GCC_493\Debug\Design01.a(I2C_Bus_MASTER.o)
 .debug_abbrev  0x000029dd      0x1d1 .\CortexM3\ARM_GCC_493\Debug\Design01.a(CyFlash.o)
 .debug_abbrev  0x00002bae      0x1c1 .\CortexM3\ARM_GCC_493\Debug\Design01.a(CySpc.o)

.debug_line     0x00000000     0x499b
 *(.debug_line)
 .debug_line    0x00000000      0x5fb .\CortexM3\ARM_GCC_493\Debug\main.o
 .debug_line    0x000005fb      0x54d .\CortexM3\ARM_GCC_493\Debug\protocol.o
 .debug_line    0x00000b48      0x277 .\CortexM3\ARM_GCC_493\Debug\LCD.o
 .debug_line    0x00000dbf      0x24d .\CortexM3\ARM_GCC_493\Debug\keyboard.o
 .debug_line    0x0000100c      0x1a1 .\CortexM3\ARM_GCC_493\Debug\I2C.o
 .debug_line    0x000011ad      0x493 .\CortexM3\ARM_GCC_493\Debug\Print.o
 .debug_line    0x00001640       0x53 .\CortexM3\ARM_GCC_493\Debug\cymetadata.o
 .debug_line    0x00001693      0x249 .\CortexM3\ARM_GCC_493\Debug\Cm3Start.o
 .debug_line    0x000018dc      0x209 .\CortexM3\ARM_GCC_493\Debug\Design01.a(cyfitter_cfg.o)
 .debug_line    0x00001ae5      0x312 .\CortexM3\ARM_GCC_493\Debug\Design01.a(RF_Physical.o)
 .debug_line    0x00001df7       0x91 .\CortexM3\ARM_GCC_493\Debug\Design01.a(RF_Physical_INT.o)
 .debug_line    0x00001e88      0x2c4 .\CortexM3\ARM_GCC_493\Debug\Design01.a(Printer.o)
 .debug_line    0x0000214c      0x30c .\CortexM3\ARM_GCC_493\Debug\Design01.a(Display1.o)
 .debug_line    0x00002458       0x8a .\CortexM3\ARM_GCC_493\Debug\Design01.a(Display1_INT.o)
 .debug_line    0x000024e2      0x30c .\CortexM3\ARM_GCC_493\Debug\Design01.a(Display2.o)
 .debug_line    0x000027ee       0x8a .\CortexM3\ARM_GCC_493\Debug\Design01.a(Display2_INT.o)
 .debug_line    0x00002878      0x19c .\CortexM3\ARM_GCC_493\Debug\Design01.a(RF_Physical_IntClock.o)
 .debug_line    0x00002a14      0x199 .\CortexM3\ARM_GCC_493\Debug\Design01.a(Display1_IntClock.o)
 .debug_line    0x00002bad      0x199 .\CortexM3\ARM_GCC_493\Debug\Design01.a(Display2_IntClock.o)
 .debug_line    0x00002d46       0x68 .\CortexM3\ARM_GCC_493\Debug\Design01.a(CyBootAsmGnu.o)
 .debug_line    0x00002dae      0x806 .\CortexM3\ARM_GCC_493\Debug\Design01.a(CyLib.o)
 .debug_line    0x000035b4      0x366 .\CortexM3\ARM_GCC_493\Debug\Design01.a(cyPm.o)
 .debug_line    0x0000391a      0x198 .\CortexM3\ARM_GCC_493\Debug\Design01.a(Printer_IntClock.o)
 .debug_line    0x00003ab2      0x2f1 .\CortexM3\ARM_GCC_493\Debug\Design01.a(Pump.o)
 .debug_line    0x00003da3       0x83 .\CortexM3\ARM_GCC_493\Debug\Design01.a(Pump_INT.o)
 .debug_line    0x00003e26      0x268 .\CortexM3\ARM_GCC_493\Debug\Design01.a(EEPROM_1.o)
 .debug_line    0x0000408e       0xe4 .\CortexM3\ARM_GCC_493\Debug\Design01.a(I2C_Bus.o)
 .debug_line    0x00004172      0x130 .\CortexM3\ARM_GCC_493\Debug\Design01.a(I2C_Bus_INT.o)
 .debug_line    0x000042a2       0xc8 .\CortexM3\ARM_GCC_493\Debug\Design01.a(I2C_Bus_PM.o)
 .debug_line    0x0000436a      0x207 .\CortexM3\ARM_GCC_493\Debug\Design01.a(I2C_Bus_MASTER.o)
 .debug_line    0x00004571      0x1ec .\CortexM3\ARM_GCC_493\Debug\Design01.a(CyFlash.o)
 .debug_line    0x0000475d      0x23e .\CortexM3\ARM_GCC_493\Debug\Design01.a(CySpc.o)

.debug_frame    0x00000000     0x25ec
 *(.debug_frame)
 .debug_frame   0x00000000      0x148 .\CortexM3\ARM_GCC_493\Debug\main.o
 .debug_frame   0x00000148      0x110 .\CortexM3\ARM_GCC_493\Debug\protocol.o
 .debug_frame   0x00000258       0xf4 .\CortexM3\ARM_GCC_493\Debug\LCD.o
 .debug_frame   0x0000034c       0x34 .\CortexM3\ARM_GCC_493\Debug\keyboard.o
 .debug_frame   0x00000380       0x30 .\CortexM3\ARM_GCC_493\Debug\I2C.o
 .debug_frame   0x000003b0       0x70 .\CortexM3\ARM_GCC_493\Debug\Print.o
 .debug_frame   0x00000420       0xac .\CortexM3\ARM_GCC_493\Debug\Cm3Start.o
 .debug_frame   0x000004cc       0xe4 .\CortexM3\ARM_GCC_493\Debug\Design01.a(cyfitter_cfg.o)
 .debug_frame   0x000005b0      0x25c .\CortexM3\ARM_GCC_493\Debug\Design01.a(RF_Physical.o)
 .debug_frame   0x0000080c       0x20 .\CortexM3\ARM_GCC_493\Debug\Design01.a(RF_Physical_INT.o)
 .debug_frame   0x0000082c      0x250 .\CortexM3\ARM_GCC_493\Debug\Design01.a(Printer.o)
 .debug_frame   0x00000a7c      0x25c .\CortexM3\ARM_GCC_493\Debug\Design01.a(Display1.o)
 .debug_frame   0x00000cd8       0x20 .\CortexM3\ARM_GCC_493\Debug\Design01.a(Display1_INT.o)
 .debug_frame   0x00000cf8      0x25c .\CortexM3\ARM_GCC_493\Debug\Design01.a(Display2.o)
 .debug_frame   0x00000f54       0x20 .\CortexM3\ARM_GCC_493\Debug\Design01.a(Display2_INT.o)
 .debug_frame   0x00000f74       0xe0 .\CortexM3\ARM_GCC_493\Debug\Design01.a(RF_Physical_IntClock.o)
 .debug_frame   0x00001054       0xe0 .\CortexM3\ARM_GCC_493\Debug\Design01.a(Display1_IntClock.o)
 .debug_frame   0x00001134       0xe0 .\CortexM3\ARM_GCC_493\Debug\Design01.a(Display2_IntClock.o)
 .debug_frame   0x00001214      0x728 .\CortexM3\ARM_GCC_493\Debug\Design01.a(CyLib.o)
 .debug_frame   0x0000193c      0x1f8 .\CortexM3\ARM_GCC_493\Debug\Design01.a(cyPm.o)
 .debug_frame   0x00001b34       0xe0 .\CortexM3\ARM_GCC_493\Debug\Design01.a(Printer_IntClock.o)
 .debug_frame   0x00001c14      0x25c .\CortexM3\ARM_GCC_493\Debug\Design01.a(Pump.o)
 .debug_frame   0x00001e70       0x20 .\CortexM3\ARM_GCC_493\Debug\Design01.a(Pump_INT.o)
 .debug_frame   0x00001e90      0x17c .\CortexM3\ARM_GCC_493\Debug\Design01.a(EEPROM_1.o)
 .debug_frame   0x0000200c       0x8c .\CortexM3\ARM_GCC_493\Debug\Design01.a(I2C_Bus.o)
 .debug_frame   0x00002098       0x30 .\CortexM3\ARM_GCC_493\Debug\Design01.a(I2C_Bus_INT.o)
 .debug_frame   0x000020c8       0x74 .\CortexM3\ARM_GCC_493\Debug\Design01.a(I2C_Bus_PM.o)
 .debug_frame   0x0000213c      0x120 .\CortexM3\ARM_GCC_493\Debug\Design01.a(I2C_Bus_MASTER.o)
 .debug_frame   0x0000225c      0x174 .\CortexM3\ARM_GCC_493\Debug\Design01.a(CyFlash.o)
 .debug_frame   0x000023d0      0x160 .\CortexM3\ARM_GCC_493\Debug\Design01.a(CySpc.o)
 .debug_frame   0x00002530       0x20 c:/program files (x86)/cypress/psoc creator/3.3/psoc creator/import/gnu/arm/4.9.3/bin/../lib/gcc/arm-none-eabi/4.9.3/../../../../arm-none-eabi/lib/armv7-m\libg_nano.a(lib_a-errno.o)
 .debug_frame   0x00002550       0x28 c:/program files (x86)/cypress/psoc creator/3.3/psoc creator/import/gnu/arm/4.9.3/bin/../lib/gcc/arm-none-eabi/4.9.3/../../../../arm-none-eabi/lib/armv7-m\libg_nano.a(lib_a-exit.o)
 .debug_frame   0x00002578       0x2c c:/program files (x86)/cypress/psoc creator/3.3/psoc creator/import/gnu/arm/4.9.3/bin/../lib/gcc/arm-none-eabi/4.9.3/../../../../arm-none-eabi/lib/armv7-m\libg_nano.a(lib_a-init.o)
 .debug_frame   0x000025a4       0x28 c:/program files (x86)/cypress/psoc creator/3.3/psoc creator/import/gnu/arm/4.9.3/bin/../lib/gcc/arm-none-eabi/4.9.3/../../../../arm-none-eabi/lib/armv7-m\libg_nano.a(lib_a-memcpy.o)
 .debug_frame   0x000025cc       0x20 c:/program files (x86)/cypress/psoc creator/3.3/psoc creator/import/gnu/arm/4.9.3/bin/../lib/gcc/arm-none-eabi/4.9.3/../../../../arm-none-eabi/lib/armv7-m\libg_nano.a(lib_a-memset.o)

.debug_str      0x00000000     0x3e24
 *(.debug_str)
 .debug_str     0x00000000      0xf02 .\CortexM3\ARM_GCC_493\Debug\main.o
                                0xf64 (size before relaxing)
 .debug_str     0x00000f02      0x129 .\CortexM3\ARM_GCC_493\Debug\protocol.o
                                0x8e0 (size before relaxing)
 .debug_str     0x0000102b       0xb4 .\CortexM3\ARM_GCC_493\Debug\LCD.o
                                0x824 (size before relaxing)
 .debug_str     0x000010df       0x30 .\CortexM3\ARM_GCC_493\Debug\keyboard.o
                                0x807 (size before relaxing)
 .debug_str     0x0000110f       0x76 .\CortexM3\ARM_GCC_493\Debug\I2C.o
                                0x784 (size before relaxing)
 .debug_str     0x00001185      0x1f5 .\CortexM3\ARM_GCC_493\Debug\Print.o
                                0x916 (size before relaxing)
 .debug_str     0x0000137a       0x77 .\CortexM3\ARM_GCC_493\Debug\cymetadata.o
                                0x1f0 (size before relaxing)
 .debug_str     0x000013f1      0x165 .\CortexM3\ARM_GCC_493\Debug\Cm3Start.o
                                0x304 (size before relaxing)
 .debug_str     0x00001556      0x185 .\CortexM3\ARM_GCC_493\Debug\Design01.a(cyfitter_cfg.o)
                                0x33e (size before relaxing)
 .debug_str     0x000016db      0x483 .\CortexM3\ARM_GCC_493\Debug\Design01.a(RF_Physical.o)
                                0x64e (size before relaxing)
 .debug_str     0x00001b5e       0x63 .\CortexM3\ARM_GCC_493\Debug\Design01.a(RF_Physical_INT.o)
                                0x284 (size before relaxing)
 .debug_str     0x00001bc1      0x278 .\CortexM3\ARM_GCC_493\Debug\Design01.a(Printer.o)
                                0x4cc (size before relaxing)
 .debug_str     0x00001e39      0x2cd .\CortexM3\ARM_GCC_493\Debug\Design01.a(Display1.o)
                                0x5df (size before relaxing)
 .debug_str     0x00002106       0x37 .\CortexM3\ARM_GCC_493\Debug\Design01.a(Display1_INT.o)
                                0x265 (size before relaxing)
 .debug_str     0x0000213d      0x2cd .\CortexM3\ARM_GCC_493\Debug\Design01.a(Display2.o)
                                0x5df (size before relaxing)
 .debug_str     0x0000240a       0x37 .\CortexM3\ARM_GCC_493\Debug\Design01.a(Display2_INT.o)
                                0x265 (size before relaxing)
 .debug_str     0x00002441      0x1cb .\CortexM3\ARM_GCC_493\Debug\Design01.a(RF_Physical_IntClock.o)
                                0x390 (size before relaxing)
 .debug_str     0x0000260c      0x162 .\CortexM3\ARM_GCC_493\Debug\Design01.a(Display1_IntClock.o)
                                0x36c (size before relaxing)
 .debug_str     0x0000276e      0x162 .\CortexM3\ARM_GCC_493\Debug\Design01.a(Display2_IntClock.o)
                                0x36c (size before relaxing)
 .debug_str     0x000028d0      0x7be .\CortexM3\ARM_GCC_493\Debug\Design01.a(CyLib.o)
                                0xa29 (size before relaxing)
 .debug_str     0x0000308e      0x35b .\CortexM3\ARM_GCC_493\Debug\Design01.a(cyPm.o)
                                0x721 (size before relaxing)
 .debug_str     0x000033e9      0x158 .\CortexM3\ARM_GCC_493\Debug\Design01.a(Printer_IntClock.o)
                                0x360 (size before relaxing)
 .debug_str     0x00003541      0x216 .\CortexM3\ARM_GCC_493\Debug\Design01.a(Pump.o)
                                0x524 (size before relaxing)
 .debug_str     0x00003757       0x2f .\CortexM3\ARM_GCC_493\Debug\Design01.a(Pump_INT.o)
                                0x24c (size before relaxing)
 .debug_str     0x00003786      0x1db .\CortexM3\ARM_GCC_493\Debug\Design01.a(EEPROM_1.o)
                                0x3d6 (size before relaxing)
 .debug_str     0x00003961       0xe7 .\CortexM3\ARM_GCC_493\Debug\Design01.a(I2C_Bus.o)
                                0x316 (size before relaxing)
 .debug_str     0x00003a48       0xf8 .\CortexM3\ARM_GCC_493\Debug\Design01.a(I2C_Bus_INT.o)
                                0x298 (size before relaxing)
 .debug_str     0x00003b40       0x6c .\CortexM3\ARM_GCC_493\Debug\Design01.a(I2C_Bus_PM.o)
                                0x29e (size before relaxing)
 .debug_str     0x00003bac      0x112 .\CortexM3\ARM_GCC_493\Debug\Design01.a(I2C_Bus_MASTER.o)
                                0x40d (size before relaxing)
 .debug_str     0x00003cbe       0xf6 .\CortexM3\ARM_GCC_493\Debug\Design01.a(CyFlash.o)
                                0x39b (size before relaxing)
 .debug_str     0x00003db4       0x70 .\CortexM3\ARM_GCC_493\Debug\Design01.a(CySpc.o)
                                0x324 (size before relaxing)

.debug_loc      0x00000000     0x52a9
 *(.debug_loc)
 .debug_loc     0x00000000      0x1bc .\CortexM3\ARM_GCC_493\Debug\main.o
 .debug_loc     0x000001bc      0x7fe .\CortexM3\ARM_GCC_493\Debug\protocol.o
 .debug_loc     0x000009ba      0x411 .\CortexM3\ARM_GCC_493\Debug\LCD.o
 .debug_loc     0x00000dcb      0x1b8 .\CortexM3\ARM_GCC_493\Debug\keyboard.o
 .debug_loc     0x00000f83       0x9b .\CortexM3\ARM_GCC_493\Debug\I2C.o
 .debug_loc     0x0000101e      0xa02 .\CortexM3\ARM_GCC_493\Debug\Print.o
 .debug_loc     0x00001a20      0x144 .\CortexM3\ARM_GCC_493\Debug\Cm3Start.o
 .debug_loc     0x00001b64      0x289 .\CortexM3\ARM_GCC_493\Debug\Design01.a(cyfitter_cfg.o)
 .debug_loc     0x00001ded      0x34e .\CortexM3\ARM_GCC_493\Debug\Design01.a(RF_Physical.o)
 .debug_loc     0x0000213b       0x45 .\CortexM3\ARM_GCC_493\Debug\Design01.a(RF_Physical_INT.o)
 .debug_loc     0x00002180      0x258 .\CortexM3\ARM_GCC_493\Debug\Design01.a(Printer.o)
 .debug_loc     0x000023d8      0x34e .\CortexM3\ARM_GCC_493\Debug\Design01.a(Display1.o)
 .debug_loc     0x00002726       0x45 .\CortexM3\ARM_GCC_493\Debug\Design01.a(Display1_INT.o)
 .debug_loc     0x0000276b      0x34e .\CortexM3\ARM_GCC_493\Debug\Design01.a(Display2.o)
 .debug_loc     0x00002ab9       0x45 .\CortexM3\ARM_GCC_493\Debug\Design01.a(Display2_INT.o)
 .debug_loc     0x00002afe      0x128 .\CortexM3\ARM_GCC_493\Debug\Design01.a(RF_Physical_IntClock.o)
 .debug_loc     0x00002c26      0x128 .\CortexM3\ARM_GCC_493\Debug\Design01.a(Display1_IntClock.o)
 .debug_loc     0x00002d4e      0x12c .\CortexM3\ARM_GCC_493\Debug\Design01.a(Display2_IntClock.o)
 .debug_loc     0x00002e7a      0xa11 .\CortexM3\ARM_GCC_493\Debug\Design01.a(CyLib.o)
 .debug_loc     0x0000388b      0x1e4 .\CortexM3\ARM_GCC_493\Debug\Design01.a(cyPm.o)
 .debug_loc     0x00003a6f      0x128 .\CortexM3\ARM_GCC_493\Debug\Design01.a(Printer_IntClock.o)
 .debug_loc     0x00003b97      0x34e .\CortexM3\ARM_GCC_493\Debug\Design01.a(Pump.o)
 .debug_loc     0x00003ee5       0x45 .\CortexM3\ARM_GCC_493\Debug\Design01.a(Pump_INT.o)
 .debug_loc     0x00003f2a      0x49f .\CortexM3\ARM_GCC_493\Debug\Design01.a(EEPROM_1.o)
 .debug_loc     0x000043c9       0x26 .\CortexM3\ARM_GCC_493\Debug\Design01.a(I2C_Bus.o)
 .debug_loc     0x000043ef       0x29 .\CortexM3\ARM_GCC_493\Debug\Design01.a(I2C_Bus_INT.o)
 .debug_loc     0x00004418       0x13 .\CortexM3\ARM_GCC_493\Debug\Design01.a(I2C_Bus_PM.o)
 .debug_loc     0x0000442b      0x531 .\CortexM3\ARM_GCC_493\Debug\Design01.a(I2C_Bus_MASTER.o)
 .debug_loc     0x0000495c      0x300 .\CortexM3\ARM_GCC_493\Debug\Design01.a(CyFlash.o)
 .debug_loc     0x00004c5c      0x64d .\CortexM3\ARM_GCC_493\Debug\Design01.a(CySpc.o)

.debug_macinfo
 *(.debug_macinfo)

.debug_ranges   0x00000000      0xce0
 *(.debug_ranges)
 .debug_ranges  0x00000000       0x58 .\CortexM3\ARM_GCC_493\Debug\main.o
 .debug_ranges  0x00000058       0x48 .\CortexM3\ARM_GCC_493\Debug\protocol.o
 .debug_ranges  0x000000a0       0x38 .\CortexM3\ARM_GCC_493\Debug\LCD.o
 .debug_ranges  0x000000d8       0x10 .\CortexM3\ARM_GCC_493\Debug\keyboard.o
 .debug_ranges  0x000000e8       0x10 .\CortexM3\ARM_GCC_493\Debug\I2C.o
 .debug_ranges  0x000000f8       0x20 .\CortexM3\ARM_GCC_493\Debug\Print.o
 .debug_ranges  0x00000118       0x38 .\CortexM3\ARM_GCC_493\Debug\Cm3Start.o
 .debug_ranges  0x00000150       0x48 .\CortexM3\ARM_GCC_493\Debug\Design01.a(cyfitter_cfg.o)
 .debug_ranges  0x00000198       0xe0 .\CortexM3\ARM_GCC_493\Debug\Design01.a(RF_Physical.o)
 .debug_ranges  0x00000278       0x10 .\CortexM3\ARM_GCC_493\Debug\Design01.a(RF_Physical_INT.o)
 .debug_ranges  0x00000288       0xe0 .\CortexM3\ARM_GCC_493\Debug\Design01.a(Printer.o)
 .debug_ranges  0x00000368       0xe0 .\CortexM3\ARM_GCC_493\Debug\Design01.a(Display1.o)
 .debug_ranges  0x00000448       0x10 .\CortexM3\ARM_GCC_493\Debug\Design01.a(Display1_INT.o)
 .debug_ranges  0x00000458       0xe0 .\CortexM3\ARM_GCC_493\Debug\Design01.a(Display2.o)
 .debug_ranges  0x00000538       0x10 .\CortexM3\ARM_GCC_493\Debug\Design01.a(Display2_INT.o)
 .debug_ranges  0x00000548       0x60 .\CortexM3\ARM_GCC_493\Debug\Design01.a(RF_Physical_IntClock.o)
 .debug_ranges  0x000005a8       0x60 .\CortexM3\ARM_GCC_493\Debug\Design01.a(Display1_IntClock.o)
 .debug_ranges  0x00000608       0x60 .\CortexM3\ARM_GCC_493\Debug\Design01.a(Display2_IntClock.o)
 .debug_ranges  0x00000668      0x288 .\CortexM3\ARM_GCC_493\Debug\Design01.a(CyLib.o)
 .debug_ranges  0x000008f0       0x88 .\CortexM3\ARM_GCC_493\Debug\Design01.a(cyPm.o)
 .debug_ranges  0x00000978       0x60 .\CortexM3\ARM_GCC_493\Debug\Design01.a(Printer_IntClock.o)
 .debug_ranges  0x000009d8       0xe0 .\CortexM3\ARM_GCC_493\Debug\Design01.a(Pump.o)
 .debug_ranges  0x00000ab8       0x10 .\CortexM3\ARM_GCC_493\Debug\Design01.a(Pump_INT.o)
 .debug_ranges  0x00000ac8       0x68 .\CortexM3\ARM_GCC_493\Debug\Design01.a(EEPROM_1.o)
 .debug_ranges  0x00000b30       0x28 .\CortexM3\ARM_GCC_493\Debug\Design01.a(I2C_Bus.o)
 .debug_ranges  0x00000b58       0x10 .\CortexM3\ARM_GCC_493\Debug\Design01.a(I2C_Bus_INT.o)
 .debug_ranges  0x00000b68       0x28 .\CortexM3\ARM_GCC_493\Debug\Design01.a(I2C_Bus_PM.o)
 .debug_ranges  0x00000b90       0x78 .\CortexM3\ARM_GCC_493\Debug\Design01.a(I2C_Bus_MASTER.o)
 .debug_ranges  0x00000c08       0x70 .\CortexM3\ARM_GCC_493\Debug\Design01.a(CyFlash.o)
 .debug_ranges  0x00000c78       0x68 .\CortexM3\ARM_GCC_493\Debug\Design01.a(CySpc.o)

.comment        0x00000000       0x70
 .comment       0x00000000       0x70 .\CortexM3\ARM_GCC_493\Debug\main.o
                                 0x71 (size before relaxing)
 .comment       0x00000000       0x71 .\CortexM3\ARM_GCC_493\Debug\protocol.o
 .comment       0x00000000       0x71 .\CortexM3\ARM_GCC_493\Debug\LCD.o
 .comment       0x00000000       0x71 .\CortexM3\ARM_GCC_493\Debug\keyboard.o
 .comment       0x00000000       0x71 .\CortexM3\ARM_GCC_493\Debug\I2C.o
 .comment       0x00000000       0x71 .\CortexM3\ARM_GCC_493\Debug\Print.o
 .comment       0x00000000       0x71 .\CortexM3\ARM_GCC_493\Debug\cymetadata.o
 .comment       0x00000000       0x71 .\CortexM3\ARM_GCC_493\Debug\Cm3Start.o
 .comment       0x00000000       0x71 .\CortexM3\ARM_GCC_493\Debug\Design01.a(cyfitter_cfg.o)
 .comment       0x00000000       0x71 .\CortexM3\ARM_GCC_493\Debug\Design01.a(RF_Physical.o)
 .comment       0x00000000       0x71 .\CortexM3\ARM_GCC_493\Debug\Design01.a(RF_Physical_INT.o)
 .comment       0x00000000       0x71 .\CortexM3\ARM_GCC_493\Debug\Design01.a(Printer.o)
 .comment       0x00000000       0x71 .\CortexM3\ARM_GCC_493\Debug\Design01.a(Display1.o)
 .comment       0x00000000       0x71 .\CortexM3\ARM_GCC_493\Debug\Design01.a(Display1_INT.o)
 .comment       0x00000000       0x71 .\CortexM3\ARM_GCC_493\Debug\Design01.a(Display2.o)
 .comment       0x00000000       0x71 .\CortexM3\ARM_GCC_493\Debug\Design01.a(Display2_INT.o)
 .comment       0x00000000       0x71 .\CortexM3\ARM_GCC_493\Debug\Design01.a(RF_Physical_IntClock.o)
 .comment       0x00000000       0x71 .\CortexM3\ARM_GCC_493\Debug\Design01.a(Display1_IntClock.o)
 .comment       0x00000000       0x71 .\CortexM3\ARM_GCC_493\Debug\Design01.a(Display2_IntClock.o)
 .comment       0x00000000       0x71 .\CortexM3\ARM_GCC_493\Debug\Design01.a(CyLib.o)
 .comment       0x00000000       0x71 .\CortexM3\ARM_GCC_493\Debug\Design01.a(cyPm.o)
 .comment       0x00000000       0x71 .\CortexM3\ARM_GCC_493\Debug\Design01.a(Printer_IntClock.o)
 .comment       0x00000000       0x71 .\CortexM3\ARM_GCC_493\Debug\Design01.a(Pump.o)
 .comment       0x00000000       0x71 .\CortexM3\ARM_GCC_493\Debug\Design01.a(Pump_INT.o)
 .comment       0x00000000       0x71 .\CortexM3\ARM_GCC_493\Debug\Design01.a(EEPROM_1.o)
 .comment       0x00000000       0x71 .\CortexM3\ARM_GCC_493\Debug\Design01.a(I2C_Bus.o)
 .comment       0x00000000       0x71 .\CortexM3\ARM_GCC_493\Debug\Design01.a(I2C_Bus_INT.o)
 .comment       0x00000000       0x71 .\CortexM3\ARM_GCC_493\Debug\Design01.a(I2C_Bus_PM.o)
 .comment       0x00000000       0x71 .\CortexM3\ARM_GCC_493\Debug\Design01.a(I2C_Bus_MASTER.o)
 .comment       0x00000000       0x71 .\CortexM3\ARM_GCC_493\Debug\Design01.a(CyFlash.o)
 .comment       0x00000000       0x71 .\CortexM3\ARM_GCC_493\Debug\Design01.a(CySpc.o)

.debug_weaknames
 *(.debug_weaknames)

.debug_funcnames
 *(.debug_funcnames)

.debug_typenames
 *(.debug_typenames)

.debug_varnames
 *(.debug_varnames)

.note.gnu.arm.ident
 *(.note.gnu.arm.ident)

.ARM.attributes
                0x00000000       0x29
 *(.ARM.attributes)
 .ARM.attributes
                0x00000000       0x1d c:/program files (x86)/cypress/psoc creator/3.3/psoc creator/import/gnu/arm/4.9.3/bin/../lib/gcc/arm-none-eabi/4.9.3/armv7-m/crti.o
 .ARM.attributes
                0x0000001d       0x2d c:/program files (x86)/cypress/psoc creator/3.3/psoc creator/import/gnu/arm/4.9.3/bin/../lib/gcc/arm-none-eabi/4.9.3/armv7-m/crtbegin.o
 .ARM.attributes
                0x0000004a       0x1b c:/program files (x86)/cypress/psoc creator/3.3/psoc creator/import/gnu/arm/4.9.3/bin/../lib/gcc/arm-none-eabi/4.9.3/../../../../arm-none-eabi/lib/armv7-m/crt0.o
 .ARM.attributes
                0x00000065       0x33 .\CortexM3\ARM_GCC_493\Debug\main.o
 .ARM.attributes
                0x00000098       0x33 .\CortexM3\ARM_GCC_493\Debug\protocol.o
 .ARM.attributes
                0x000000cb       0x33 .\CortexM3\ARM_GCC_493\Debug\LCD.o
 .ARM.attributes
                0x000000fe       0x33 .\CortexM3\ARM_GCC_493\Debug\keyboard.o
 .ARM.attributes
                0x00000131       0x33 .\CortexM3\ARM_GCC_493\Debug\I2C.o
 .ARM.attributes
                0x00000164       0x33 .\CortexM3\ARM_GCC_493\Debug\Print.o
 .ARM.attributes
                0x00000197       0x33 .\CortexM3\ARM_GCC_493\Debug\cymetadata.o
 .ARM.attributes
                0x000001ca       0x33 .\CortexM3\ARM_GCC_493\Debug\Cm3Start.o
 .ARM.attributes
                0x000001fd       0x33 .\CortexM3\ARM_GCC_493\Debug\Design01.a(cyfitter_cfg.o)
 .ARM.attributes
                0x00000230       0x33 .\CortexM3\ARM_GCC_493\Debug\Design01.a(RF_Physical.o)
 .ARM.attributes
                0x00000263       0x33 .\CortexM3\ARM_GCC_493\Debug\Design01.a(RF_Physical_INT.o)
 .ARM.attributes
                0x00000296       0x33 .\CortexM3\ARM_GCC_493\Debug\Design01.a(Printer.o)
 .ARM.attributes
                0x000002c9       0x33 .\CortexM3\ARM_GCC_493\Debug\Design01.a(Display1.o)
 .ARM.attributes
                0x000002fc       0x33 .\CortexM3\ARM_GCC_493\Debug\Design01.a(Display1_INT.o)
 .ARM.attributes
                0x0000032f       0x33 .\CortexM3\ARM_GCC_493\Debug\Design01.a(Display2.o)
 .ARM.attributes
                0x00000362       0x33 .\CortexM3\ARM_GCC_493\Debug\Design01.a(Display2_INT.o)
 .ARM.attributes
                0x00000395       0x33 .\CortexM3\ARM_GCC_493\Debug\Design01.a(RF_Physical_IntClock.o)
 .ARM.attributes
                0x000003c8       0x33 .\CortexM3\ARM_GCC_493\Debug\Design01.a(Display1_IntClock.o)
 .ARM.attributes
                0x000003fb       0x33 .\CortexM3\ARM_GCC_493\Debug\Design01.a(Display2_IntClock.o)
 .ARM.attributes
                0x0000042e       0x21 .\CortexM3\ARM_GCC_493\Debug\Design01.a(CyBootAsmGnu.o)
 .ARM.attributes
                0x0000044f       0x33 .\CortexM3\ARM_GCC_493\Debug\Design01.a(CyLib.o)
 .ARM.attributes
                0x00000482       0x33 .\CortexM3\ARM_GCC_493\Debug\Design01.a(cyPm.o)
 .ARM.attributes
                0x000004b5       0x33 .\CortexM3\ARM_GCC_493\Debug\Design01.a(Printer_IntClock.o)
 .ARM.attributes
                0x000004e8       0x33 .\CortexM3\ARM_GCC_493\Debug\Design01.a(Pump.o)
 .ARM.attributes
                0x0000051b       0x33 .\CortexM3\ARM_GCC_493\Debug\Design01.a(Pump_INT.o)
 .ARM.attributes
                0x0000054e       0x33 .\CortexM3\ARM_GCC_493\Debug\Design01.a(EEPROM_1.o)
 .ARM.attributes
                0x00000581       0x33 .\CortexM3\ARM_GCC_493\Debug\Design01.a(I2C_Bus.o)
 .ARM.attributes
                0x000005b4       0x33 .\CortexM3\ARM_GCC_493\Debug\Design01.a(I2C_Bus_INT.o)
 .ARM.attributes
                0x000005e7       0x33 .\CortexM3\ARM_GCC_493\Debug\Design01.a(I2C_Bus_PM.o)
 .ARM.attributes
                0x0000061a       0x33 .\CortexM3\ARM_GCC_493\Debug\Design01.a(I2C_Bus_MASTER.o)
 .ARM.attributes
                0x0000064d       0x33 .\CortexM3\ARM_GCC_493\Debug\Design01.a(CyFlash.o)
 .ARM.attributes
                0x00000680       0x33 .\CortexM3\ARM_GCC_493\Debug\Design01.a(CySpc.o)
 .ARM.attributes
                0x000006b3       0x2d c:/program files (x86)/cypress/psoc creator/3.3/psoc creator/import/gnu/arm/4.9.3/bin/../lib/gcc/arm-none-eabi/4.9.3/../../../../arm-none-eabi/lib/armv7-m\libg_nano.a(lib_a-errno.o)
 .ARM.attributes
                0x000006e0       0x2d c:/program files (x86)/cypress/psoc creator/3.3/psoc creator/import/gnu/arm/4.9.3/bin/../lib/gcc/arm-none-eabi/4.9.3/../../../../arm-none-eabi/lib/armv7-m\libg_nano.a(lib_a-exit.o)
 .ARM.attributes
                0x0000070d       0x2d c:/program files (x86)/cypress/psoc creator/3.3/psoc creator/import/gnu/arm/4.9.3/bin/../lib/gcc/arm-none-eabi/4.9.3/../../../../arm-none-eabi/lib/armv7-m\libg_nano.a(lib_a-impure.o)
 .ARM.attributes
                0x0000073a       0x2d c:/program files (x86)/cypress/psoc creator/3.3/psoc creator/import/gnu/arm/4.9.3/bin/../lib/gcc/arm-none-eabi/4.9.3/../../../../arm-none-eabi/lib/armv7-m\libg_nano.a(lib_a-init.o)
 .ARM.attributes
                0x00000767       0x2d c:/program files (x86)/cypress/psoc creator/3.3/psoc creator/import/gnu/arm/4.9.3/bin/../lib/gcc/arm-none-eabi/4.9.3/../../../../arm-none-eabi/lib/armv7-m\libg_nano.a(lib_a-memcpy.o)
 .ARM.attributes
                0x00000794       0x2d c:/program files (x86)/cypress/psoc creator/3.3/psoc creator/import/gnu/arm/4.9.3/bin/../lib/gcc/arm-none-eabi/4.9.3/../../../../arm-none-eabi/lib/armv7-m\libg_nano.a(lib_a-memset.o)
 .ARM.attributes
                0x000007c1       0x2d c:/program files (x86)/cypress/psoc creator/3.3/psoc creator/import/gnu/arm/4.9.3/bin/../lib/gcc/arm-none-eabi/4.9.3/armv7-m/crtend.o
 .ARM.attributes
                0x000007ee       0x1d c:/program files (x86)/cypress/psoc creator/3.3/psoc creator/import/gnu/arm/4.9.3/bin/../lib/gcc/arm-none-eabi/4.9.3/armv7-m/crtn.o

/DISCARD/
 *(.note.GNU-stack)
OUTPUT(.\CortexM3\ARM_GCC_493\Debug\Design01.elf elf32-littlearm)
