Archive member included because of file (symbol)

.\CortexM3\ARM_GCC_493\Debug\Design01.a(cyfitter_cfg.o)
                              .\CortexM3\ARM_GCC_493\Debug\Cm3Start.o (cyfitter_cfg)
.\CortexM3\ARM_GCC_493\Debug\Design01.a(RF_Physical.o)
                              .\CortexM3\ARM_GCC_493\Debug\main.o (RF_Physical_Start)
.\CortexM3\ARM_GCC_493\Debug\Design01.a(RF_Physical_INT.o)
                              .\CortexM3\ARM_GCC_493\Debug\Design01.a(RF_Physical.o) (RF_Physical_RXISR)
.\CortexM3\ARM_GCC_493\Debug\Design01.a(Printer.o)
                              .\CortexM3\ARM_GCC_493\Debug\main.o (Printer_Start)
.\CortexM3\ARM_GCC_493\Debug\Design01.a(Display1.o)
                              .\CortexM3\ARM_GCC_493\Debug\main.o (Display1_Start)
.\CortexM3\ARM_GCC_493\Debug\Design01.a(Display1_INT.o)
                              .\CortexM3\ARM_GCC_493\Debug\Design01.a(Display1.o) (Display1_RXISR)
.\CortexM3\ARM_GCC_493\Debug\Design01.a(Display2.o)
                              .\CortexM3\ARM_GCC_493\Debug\main.o (Display2_Start)
.\CortexM3\ARM_GCC_493\Debug\Design01.a(Display2_INT.o)
                              .\CortexM3\ARM_GCC_493\Debug\Design01.a(Display2.o) (Display2_RXISR)
.\CortexM3\ARM_GCC_493\Debug\Design01.a(RF_Physical_IntClock.o)
                              .\CortexM3\ARM_GCC_493\Debug\Design01.a(RF_Physical.o) (RF_Physical_IntClock_Start)
.\CortexM3\ARM_GCC_493\Debug\Design01.a(Display1_IntClock.o)
                              .\CortexM3\ARM_GCC_493\Debug\Design01.a(Display1.o) (Display1_IntClock_Start)
.\CortexM3\ARM_GCC_493\Debug\Design01.a(Display2_IntClock.o)
                              .\CortexM3\ARM_GCC_493\Debug\Design01.a(Display2.o) (Display2_IntClock_Start)
.\CortexM3\ARM_GCC_493\Debug\Design01.a(CyBootAsmGnu.o)
                              .\CortexM3\ARM_GCC_493\Debug\Design01.a(cyfitter_cfg.o) (CyDelayCycles)
.\CortexM3\ARM_GCC_493\Debug\Design01.a(CyLib.o)
                              .\CortexM3\ARM_GCC_493\Debug\Cm3Start.o (CyHalt)
.\CortexM3\ARM_GCC_493\Debug\Design01.a(cyPm.o)
                              .\CortexM3\ARM_GCC_493\Debug\Design01.a(CyLib.o) (CyPmReadStatus)
.\CortexM3\ARM_GCC_493\Debug\Design01.a(Printer_IntClock.o)
                              .\CortexM3\ARM_GCC_493\Debug\Design01.a(Printer.o) (Printer_IntClock_Start)
.\CortexM3\ARM_GCC_493\Debug\Design01.a(Pump.o)
                              .\CortexM3\ARM_GCC_493\Debug\main.o (Pump_Start)
.\CortexM3\ARM_GCC_493\Debug\Design01.a(Pump_INT.o)
                              .\CortexM3\ARM_GCC_493\Debug\Design01.a(Pump.o) (Pump_RXISR)
.\CortexM3\ARM_GCC_493\Debug\Design01.a(EEPROM_1.o)
                              .\CortexM3\ARM_GCC_493\Debug\main.o (EEPROM_1_Start)
.\CortexM3\ARM_GCC_493\Debug\Design01.a(CyFlash.o)
                              .\CortexM3\ARM_GCC_493\Debug\Design01.a(EEPROM_1.o) (dieTemperature)
.\CortexM3\ARM_GCC_493\Debug\Design01.a(CySpc.o)
                              .\CortexM3\ARM_GCC_493\Debug\Design01.a(EEPROM_1.o) (CySpcStart)
c:/program files (x86)/cypress/psoc creator/3.3/psoc creator/import/gnu/arm/4.9.3/bin/../lib/gcc/arm-none-eabi/4.9.3/../../../../arm-none-eabi/lib/armv7-m\libg_nano.a(lib_a-errno.o)
                              .\CortexM3\ARM_GCC_493\Debug\Cm3Start.o (__errno)
c:/program files (x86)/cypress/psoc creator/3.3/psoc creator/import/gnu/arm/4.9.3/bin/../lib/gcc/arm-none-eabi/4.9.3/../../../../arm-none-eabi/lib/armv7-m\libg_nano.a(lib_a-exit.o)
                              c:/program files (x86)/cypress/psoc creator/3.3/psoc creator/import/gnu/arm/4.9.3/bin/../lib/gcc/arm-none-eabi/4.9.3/../../../../arm-none-eabi/lib/armv7-m/crt0.o (exit)
c:/program files (x86)/cypress/psoc creator/3.3/psoc creator/import/gnu/arm/4.9.3/bin/../lib/gcc/arm-none-eabi/4.9.3/../../../../arm-none-eabi/lib/armv7-m\libg_nano.a(lib_a-impure.o)
                              c:/program files (x86)/cypress/psoc creator/3.3/psoc creator/import/gnu/arm/4.9.3/bin/../lib/gcc/arm-none-eabi/4.9.3/../../../../arm-none-eabi/lib/armv7-m\libg_nano.a(lib_a-exit.o) (_global_impure_ptr)
c:/program files (x86)/cypress/psoc creator/3.3/psoc creator/import/gnu/arm/4.9.3/bin/../lib/gcc/arm-none-eabi/4.9.3/../../../../arm-none-eabi/lib/armv7-m\libg_nano.a(lib_a-init.o)
                              c:/program files (x86)/cypress/psoc creator/3.3/psoc creator/import/gnu/arm/4.9.3/bin/../lib/gcc/arm-none-eabi/4.9.3/../../../../arm-none-eabi/lib/armv7-m/crt0.o (__libc_init_array)
c:/program files (x86)/cypress/psoc creator/3.3/psoc creator/import/gnu/arm/4.9.3/bin/../lib/gcc/arm-none-eabi/4.9.3/../../../../arm-none-eabi/lib/armv7-m\libg_nano.a(lib_a-memcpy.o)
                              .\CortexM3\ARM_GCC_493\Debug\Design01.a(cyfitter_cfg.o) (memcpy)
c:/program files (x86)/cypress/psoc creator/3.3/psoc creator/import/gnu/arm/4.9.3/bin/../lib/gcc/arm-none-eabi/4.9.3/../../../../arm-none-eabi/lib/armv7-m\libg_nano.a(lib_a-memset.o)
[...]
Memory Configuration

Name             Origin             Length             Attributes
rom              0x00000000         0x00040000         xr
ram              0x1fff8000         0x00010000         xrw
*default*        0x00000000         0xffffffff

Linker script and memory map

LOAD c:/program files (x86)/cypress/psoc creator/3.3/psoc creator/import/gnu/arm/4.9.3/bin/../lib/gcc/arm-none-eabi/4.9.3/armv7-m/crti.o
LOAD c:/program files (x86)/cypress/psoc creator/3.3/psoc creator/import/gnu/arm/4.9.3/bin/../lib/gcc/arm-none-eabi/4.9.3/armv7-m/crtbegin.o
LOAD c:/program files (x86)/cypress/psoc creator/3.3/psoc creator/import/gnu/arm/4.9.3/bin/../lib/gcc/arm-none-eabi/4.9.3/../../../../arm-none-eabi/lib/armv7-m/crt0.o
START GROUP
LOAD .\CortexM3\ARM_GCC_493\Debug\main.o
LOAD .\CortexM3\ARM_GCC_493\Debug\protocol.o
LOAD .\CortexM3\ARM_GCC_493\Debug\LCD.o
LOAD .\CortexM3\ARM_GCC_493\Debug\keyboard.o
LOAD .\CortexM3\ARM_GCC_493\Debug\cymetadata.o
LOAD .\CortexM3\ARM_GCC_493\Debug\Cm3Start.o
LOAD .\CortexM3\ARM_GCC_493\Debug\Design01.a
LOAD C:\Program Files (x86)\Cypress\PSoC Creator\3.3\PSoC Creator\psoc\content\cycomponentlibrary\CyComponentLibrary.cylib\CortexM3\ARM_GCC_493\Debug\CyComponentLibrary.a
END GROUP
START GROUP
LOAD c:/program files (x86)/cypress/psoc creator/3.3/psoc creator/import/gnu/arm/4.9.3/bin/../lib/gcc/arm-none-eabi/4.9.3/armv7-m\libgcc.a
LOAD c:/program files (x86)/cypress/psoc creator/3.3/psoc creator/import/gnu/arm/4.9.3/bin/../lib/gcc/arm-none-eabi/4.9.3/../../../../arm-none-eabi/lib/armv7-m\libg_nano.a
LOAD c:/program files (x86)/cypress/psoc creator/3.3/psoc creator/import/gnu/arm/4.9.3/bin/../lib/gcc/arm-none-eabi/4.9.3/../../../../arm-none-eabi/lib/armv7-m\libc_nano.a
END GROUP
START GROUP
LOAD c:/program files (x86)/cypress/psoc creator/3.3/psoc creator/import/gnu/arm/4.9.3/bin/../lib/gcc/arm-none-eabi/4.9.3/armv7-m\libgcc.a
LOAD c:/program files (x86)/cypress/psoc creator/3.3/psoc creator/import/gnu/arm/4.9.3/bin/../lib/gcc/arm-none-eabi/4.9.3/../../../../arm-none-eabi/lib/armv7-m\libc_nano.a
END GROUP
LOAD c:/program files (x86)/cypress/psoc creator/3.3/psoc creator/import/gnu/arm/4.9.3/bin/../lib/gcc/arm-none-eabi/4.9.3/armv7-m/crtend.o
LOAD c:/program files (x86)/cypress/psoc creator/3.3/psoc creator/import/gnu/arm/4.9.3/bin/../lib/gcc/arm-none-eabi/4.9.3/armv7-m/crtn.o
START GROUP
LOAD c:/program files (x86)/cypress/psoc creator/3.3/psoc creator/import/gnu/arm/4.9.3/bin/../lib/gcc/arm-none-eabi/4.9.3/armv7-m\libgcc.a
LOAD c:/program files (x86)/cypress/psoc creator/3.3/psoc creator/import/gnu/arm/4.9.3/bin/../lib/gcc/arm-none-eabi/4.9.3/../../../../arm-none-eabi/lib/armv7-m\libc.a
LOAD c:/program files (x86)/cypress/psoc creator/3.3/psoc creator/import/gnu/arm/4.9.3/bin/../lib/gcc/arm-none-eabi/4.9.3/../../../../arm-none-eabi/lib/armv7-m\libnosys.a
END GROUP
                0x00000000                CY_APPL_ORIGIN = 0x0
                0x00000100                CY_FLASH_ROW_SIZE = 0x100
                0x00000020                CY_ECC_ROW_SIZE = 0x20
                0x00000000                CY_EE_IN_BTLDR = 0x0
                0x00000000                CY_APPL_LOADABLE = 0x0
                0x00000800                CY_EE_SIZE = 0x800
                0x00000001                CY_APPL_NUM = 0x1
                0x00000001                CY_APPL_MAX = 0x1
                0x00000040                CY_METADATA_SIZE = 0x40
                0x00000000                CY_APPL_LOADABLE = 0x0
                0x00000000                CY_CHECKSUM_EXCLUDE_SIZE = ALIGN (0x0, CY_FLASH_ROW_SIZE)
                0x1fff9820                PROVIDE (__cy_heap_start, _end)
                0x00000001                PROVIDE (__cy_region_num, ((__cy_regions_end - __cy_regions) / 0x10))
                0x20008000                PROVIDE (__cy_stack, (ORIGIN (ram) + 0x10000))
                0x20007800                PROVIDE (__cy_heap_end, (__cy_stack - 0x800))

.cybootloader   0x00000000        0x0
 *(.cybootloader)
                0x00000000                appl1_start = CY_APPL_ORIGIN?CY_APPL_ORIGIN:ALIGN (CY_FLASH_ROW_SIZE)
                0x0001ff00                appl2_start = (appl1_start + ALIGN ((((0x40000 - appl1_start) - (0x2 * CY_FLASH_ROW_SIZE)) / 0x2), CY_FLASH_ROW_SIZE))
                0x00000000                appl_start = (CY_APPL_NUM == 0x1)?appl1_start:appl2_start
                0x00000000                ecc_offset = ((appl_start / CY_FLASH_ROW_SIZE) * CY_ECC_ROW_SIZE)
                0x00000000                ee_offset = (CY_APPL_LOADABLE && ! (CY_EE_IN_BTLDR))?((CY_EE_SIZE / CY_APPL_MAX) * (CY_APPL_NUM - 0x1)):0x0
                0x00000800                ee_size = (CY_APPL_LOADABLE && ! (CY_EE_IN_BTLDR))?(CY_EE_SIZE / CY_APPL_MAX):CY_EE_SIZE
                0x00000000                PROVIDE (CY_ECC_OFFSET, ecc_offset)

.text           0x00000000     0x28d2
 CREATE_OBJECT_SYMBOLS
                0x00000000                PROVIDE (__cy_interrupt_vector, RomVectors)
 *(.romvectors)
 .romvectors    0x00000000       0x10 .\CortexM3\ARM_GCC_493\Debug\Cm3Start.o
                0x00000000                RomVectors
                0x00000001                ASSERT ((. != __cy_interrupt_vector), No interrupt vector)
                0x00000001                ASSERT (CY_APPL_ORIGIN?(SIZEOF (.cybootloader) <= CY_APPL_ORIGIN):0x1, Wrong image location)
                0x00000010                PROVIDE (__cy_reset, Reset)
 *(.text.Reset)
 .text.Reset    0x00000010       0x18 .\CortexM3\ARM_GCC_493\Debug\Cm3Start.o
                0x00000010                Reset
                0x00000001                ASSERT ((. != __cy_reset), No reset code)
 *(.dma_init)
                0x00000001                ASSERT ((((appl_start + .) <= 0x10000) || 0x1), DMA Init must be within the first 64k of flash)
 *(.text .text.* .gnu.linkonce.t.*)
 .text          0x00000028       0x5c c:/program files (x86)/cypress/psoc creator/3.3/psoc creator/import/gnu/arm/4.9.3/bin/../lib/gcc/arm-none-eabi/4.9.3/armv7-m/crtbegin.o
 .text.GlobalInitializer
                0x00000084       0x1c .\CortexM3\ARM_GCC_493\Debug\main.o
                0x00000084                GlobalInitializer
 .text.StoreConfiguration
                0x000000a0       0x58 .\CortexM3\ARM_GCC_493\Debug\main.o
                0x000000a0                StoreConfiguration
 .text.InitDisplay1
                0x000000f8      0x1f8 .\CortexM3\ARM_GCC_493\Debug\main.o
                0x000000f8                InitDisplay1
 .text.InitDisplay2
                0x000002f0       0x50 .\CortexM3\ARM_GCC_493\Debug\main.o
                0x000002f0                InitDisplay2
 .text.InitPump
                0x00000340       0x94 .\CortexM3\ARM_GCC_493\Debug\main.o
                0x00000340                InitPump
 .text.PollingDisplay1
                0x000003d4      0x5e8 .\CortexM3\ARM_GCC_493\Debug\main.o
                0x000003d4                PollingDisplay1
 .text.PollingDisplay2
                0x000009bc      0x32c .\CortexM3\ARM_GCC_493\Debug\main.o
                0x000009bc                PollingDisplay2
 .text.main     0x00000ce8       0x3c .\CortexM3\ARM_GCC_493\Debug\main.o
                0x00000ce8                main
 .text.get_state
                0x00000d24       0x30 .\CortexM3\ARM_GCC_493\Debug\protocol.o
                0x00000d24                get_state
 .text.get_position
                0x00000d54      0x120 .\CortexM3\ARM_GCC_493\Debug\protocol.o
                0x00000d54                get_position
 .text.PumpIsInValidState
                0x00000e74       0x14 .\CortexM3\ARM_GCC_493\Debug\protocol.o
                0x00000e74                PumpIsInValidState
 .text.GetLRC   0x00000e88       0x28 .\CortexM3\ARM_GCC_493\Debug\protocol.o
                0x00000e88                GetLRC
 .text.PumpCompleteConfiguration
                0x00000eb0      0x100 .\CortexM3\ARM_GCC_493\Debug\protocol.o
                0x00000eb0                PumpCompleteConfiguration
 .text.PumpHoseActiveState
                0x00000fb0       0xd4 .\CortexM3\ARM_GCC_493\Debug\protocol.o
                0x00000fb0                PumpHoseActiveState
 .text.SetPicture
                0x00001084       0x50 .\CortexM3\ARM_GCC_493\Debug\LCD.o
                0x00001084                SetPicture
 .text.WriteMessage
                0x000010d4       0xc8 .\CortexM3\ARM_GCC_493\Debug\LCD.o
                0x000010d4                WriteMessage
 .text.ShowRectangle
                0x0000119c       0x5c .\CortexM3\ARM_GCC_493\Debug\LCD.o
                0x0000119c                ShowRectangle
 .text.ShowMessage
                0x000011f8       0x34 .\CortexM3\ARM_GCC_493\Debug\LCD.o
                0x000011f8                ShowMessage
 .text.UnmapCode
                0x0000122c       0x1c .\CortexM3\ARM_GCC_493\Debug\LCD.o
                0x0000122c                UnmapCode
 .text.WriteLCD
                0x00001248       0xc8 .\CortexM3\ARM_GCC_493\Debug\LCD.o
                0x00001248                WriteLCD
 .text.alphanumeric_keyboard
                0x00001310      0x494 .\CortexM3\ARM_GCC_493\Debug\keyboard.o
                0x00001310                alphanumeric_keyboard
 .text.IntDefaultHandler
                0x000017a4        0x4 .\CortexM3\ARM_GCC_493\Debug\Cm3Start.o
                0x000017a4                IntDefaultHandler
 .text.Start_c  0x000017a8       0x4c .\CortexM3\ARM_GCC_493\Debug\Cm3Start.o
                0x000017a8                Start_c
 .text.initialize_psoc
                0x000017f4       0x74 .\CortexM3\ARM_GCC_493\Debug\Cm3Start.o
                0x000017f4                initialize_psoc
 .text.CyClockStartupError
                0x00001868        0x4 .\CortexM3\ARM_GCC_493\Debug\Design01.a(cyfitter_cfg.o)
 .text.cfg_write_bytes32
                0x0000186c       0x34 .\CortexM3\ARM_GCC_493\Debug\Design01.a(cyfitter_cfg.o)
 .text.AnalogSetDefault
                0x000018a0       0x28 .\CortexM3\ARM_GCC_493\Debug\Design01.a(cyfitter_cfg.o)
 .text.CYMEMZERO
                0x000018c8        0xc .\CortexM3\ARM_GCC_493\Debug\Design01.a(cyfitter_cfg.o)
 .text.ClockSetup
                0x000018d4       0xec .\CortexM3\ARM_GCC_493\Debug\Design01.a(cyfitter_cfg.o)
 .text.CYCONFIGCPY
                0x000019c0        0x8 .\CortexM3\ARM_GCC_493\Debug\Design01.a(cyfitter_cfg.o)
 .text.cyfitter_cfg
                0x000019c8      0x120 .\CortexM3\ARM_GCC_493\Debug\Design01.a(cyfitter_cfg.o)
                0x000019c8                cyfitter_cfg
 .text.RF_Physical_Init
                0x00001ae8       0x44 .\CortexM3\ARM_GCC_493\Debug\Design01.a(RF_Physical.o)
                0x00001ae8                RF_Physical_Init
 .text.RF_Physical_Enable
                0x00001b2c       0x44 .\CortexM3\ARM_GCC_493\Debug\Design01.a(RF_Physical.o)
                0x00001b2c                RF_Physical_Enable
 .text.RF_Physical_Start
                0x00001b70       0x1c .\CortexM3\ARM_GCC_493\Debug\Design01.a(RF_Physical.o)
                0x00001b70                RF_Physical_Start
 .text.RF_Physical_RXISR
                0x00001b8c       0x9c .\CortexM3\ARM_GCC_493\Debug\Design01.a(RF_Physical_INT.o)
                0x00001b8c                RF_Physical_RXISR
 .text.Printer_Init
                0x00001c28       0x24 .\CortexM3\ARM_GCC_493\Debug\Design01.a(Printer.o)
                0x00001c28                Printer_Init
 .text.Printer_Enable
                0x00001c4c       0x38 .\CortexM3\ARM_GCC_493\Debug\Design01.a(Printer.o)
                0x00001c4c                Printer_Enable
 .text.Printer_Start
                0x00001c84       0x1c .\CortexM3\ARM_GCC_493\Debug\Design01.a(Printer.o)
                0x00001c84                Printer_Start
 .text.Display1_Init
                0x00001ca0       0x48 .\CortexM3\ARM_GCC_493\Debug\Design01.a(Display1.o)
                0x00001ca0                Display1_Init
 .text.Display1_Enable
                0x00001ce8       0x48 .\CortexM3\ARM_GCC_493\Debug\Design01.a(Display1.o)
                0x00001ce8                Display1_Enable
 .text.Display1_Start
                0x00001d30       0x1c .\CortexM3\ARM_GCC_493\Debug\Design01.a(Display1.o)
                0x00001d30                Display1_Start
 .text.Display1_GetRxBufferSize
                0x00001d4c       0x5c .\CortexM3\ARM_GCC_493\Debug\Design01.a(Display1.o)
                0x00001d4c                Display1_GetRxBufferSize
 .text.Display1_ClearRxBuffer
                0x00001da8       0x44 .\CortexM3\ARM_GCC_493\Debug\Design01.a(Display1.o)
                0x00001da8                Display1_ClearRxBuffer
 .text.Display1_PutChar
                0x00001dec       0x18 .\CortexM3\ARM_GCC_493\Debug\Design01.a(Display1.o)
                0x00001dec                Display1_PutChar
 .text.Display1_RXISR
                0x00001e04       0x94 .\CortexM3\ARM_GCC_493\Debug\Design01.a(Display1_INT.o)
                0x00001e04                Display1_RXISR
 .text.Display2_Init
                0x00001e98       0x44 .\CortexM3\ARM_GCC_493\Debug\Design01.a(Display2.o)
                0x00001e98                Display2_Init
 .text.Display2_Enable
                0x00001edc       0x44 .\CortexM3\ARM_GCC_493\Debug\Design01.a(Display2.o)
                0x00001edc                Display2_Enable
 .text.Display2_Start
                0x00001f20       0x1c .\CortexM3\ARM_GCC_493\Debug\Design01.a(Display2.o)
                0x00001f20                Display2_Start
 .text.Display2_GetRxBufferSize
                0x00001f3c       0x5c .\CortexM3\ARM_GCC_493\Debug\Design01.a(Display2.o)
                0x00001f3c                Display2_GetRxBufferSize
 .text.Display2_ClearRxBuffer
                0x00001f98       0x44 .\CortexM3\ARM_GCC_493\Debug\Design01.a(Display2.o)
                0x00001f98                Display2_ClearRxBuffer
 .text.Display2_PutChar
                0x00001fdc       0x18 .\CortexM3\ARM_GCC_493\Debug\Design01.a(Display2.o)
                0x00001fdc                Display2_PutChar
 .text.Display2_RXISR
                0x00001ff4       0x94 .\CortexM3\ARM_GCC_493\Debug\Design01.a(Display2_INT.o)
                0x00001ff4                Display2_RXISR
 .text.RF_Physical_IntClock_Start
                0x00002088       0x1c .\CortexM3\ARM_GCC_493\Debug\Design01.a(RF_Physical_IntClock.o)
                0x00002088                RF_Physical_IntClock_Start
 .text.Display1_IntClock_Start
                0x000020a4       0x1c .\CortexM3\ARM_GCC_493\Debug\Design01.a(Display1_IntClock.o)
                0x000020a4                Display1_IntClock_Start
 .text.Display2_IntClock_Start
                0x000020c0       0x1c .\CortexM3\ARM_GCC_493\Debug\Design01.a(Display2_IntClock.o)
                0x000020c0                Display2_IntClock_Start
 *fill*         0x000020dc        0x4 
 .text          0x000020e0       0x20 .\CortexM3\ARM_GCC_493\Debug\Design01.a(CyBootAsmGnu.o)
                0x000020e0                CyDelayCycles
                0x000020f0                CyEnterCriticalSection
                0x000020f8                CyExitCriticalSection
 .text.CyHalt   0x00002100        0x4 .\CortexM3\ARM_GCC_493\Debug\Design01.a(CyLib.o)
                0x00002100                CyHalt
 .text.CyDelay  0x00002104       0x2c .\CortexM3\ARM_GCC_493\Debug\Design01.a(CyLib.o)
                0x00002104                CyDelay
 .text.CyDelayUs
                0x00002130       0x14 .\CortexM3\ARM_GCC_493\Debug\Design01.a(CyLib.o)
                0x00002130                CyDelayUs
 .text.CyWdtStart
                0x00002144       0x40 .\CortexM3\ARM_GCC_493\Debug\Design01.a(CyLib.o)
                0x00002144                CyWdtStart
 .text.CyWdtClear
                0x00002184        0xc .\CortexM3\ARM_GCC_493\Debug\Design01.a(CyLib.o)
                0x00002184                CyWdtClear
 .text.CyIntSetVector
                0x00002190       0x28 .\CortexM3\ARM_GCC_493\Debug\Design01.a(CyLib.o)
                0x00002190                CyIntSetVector
 .text.CyIntSetPriority
                0x000021b8       0x30 .\CortexM3\ARM_GCC_493\Debug\Design01.a(CyLib.o)
                0x000021b8                CyIntSetPriority
 .text.Printer_IntClock_Start
                0x000021e8       0x1c .\CortexM3\ARM_GCC_493\Debug\Design01.a(Printer_IntClock.o)
                0x000021e8                Printer_IntClock_Start
 .text.Pump_Init
                0x00002204       0x44 .\CortexM3\ARM_GCC_493\Debug\Design01.a(Pump.o)
                0x00002204                Pump_Init
 .text.Pump_Enable
                0x00002248       0x3c .\CortexM3\ARM_GCC_493\Debug\Design01.a(Pump.o)
                0x00002248                Pump_Enable
 .text.Pump_Start
                0x00002284       0x1c .\CortexM3\ARM_GCC_493\Debug\Design01.a(Pump.o)
                0x00002284                Pump_Start
 .text.Pump_ReadRxData
                0x000022a0       0x64 .\CortexM3\ARM_GCC_493\Debug\Design01.a(Pump.o)
                0x000022a0                Pump_ReadRxData
 .text.Pump_GetRxBufferSize
                0x00002304       0x68 .\CortexM3\ARM_GCC_493\Debug\Design01.a(Pump.o)
                0x00002304                Pump_GetRxBufferSize
 .text.Pump_ClearRxBuffer
                0x0000236c       0x44 .\CortexM3\ARM_GCC_493\Debug\Design01.a(Pump.o)
                0x0000236c                Pump_ClearRxBuffer
 .text.Pump_PutChar
                0x000023b0       0x18 .\CortexM3\ARM_GCC_493\Debug\Design01.a(Pump.o)
                0x000023b0                Pump_PutChar
 .text.Pump_RXISR
                0x000023c8       0x98 .\CortexM3\ARM_GCC_493\Debug\Design01.a(Pump_INT.o)
                0x000023c8                Pump_RXISR
 .text.EEPROM_1_Enable
                0x00002460        0xc .\CortexM3\ARM_GCC_493\Debug\Design01.a(EEPROM_1.o)
                0x00002460                EEPROM_1_Enable
 .text.EEPROM_1_Start
                0x0000246c        0x8 .\CortexM3\ARM_GCC_493\Debug\Design01.a(EEPROM_1.o)
                0x0000246c                EEPROM_1_Start
 .text.EEPROM_1_WriteByte
                0x00002474       0xd4 .\CortexM3\ARM_GCC_493\Debug\Design01.a(EEPROM_1.o)
                0x00002474                EEPROM_1_WriteByte
 .text.CyFlashGetSpcAlgorithm
                0x00002548       0x4c .\CortexM3\ARM_GCC_493\Debug\Design01.a(CyFlash.o)
 .text.CySetTempInt
                0x00002594       0x60 .\CortexM3\ARM_GCC_493\Debug\Design01.a(CyFlash.o)
 .text.CySetTemp
                0x000025f4       0x14 .\CortexM3\ARM_GCC_493\Debug\Design01.a(CyFlash.o)
                0x000025f4                CySetTemp
 .text.CyEEPROM_Start
                0x00002608       0x54 .\CortexM3\ARM_GCC_493\Debug\Design01.a(CyFlash.o)
                0x00002608                CyEEPROM_Start
 .text.CySpcStart
                0x0000265c       0x24 .\CortexM3\ARM_GCC_493\Debug\Design01.a(CySpc.o)
                0x0000265c                CySpcStart
 .text.CySpcReadData
                0x00002680       0x34 .\CortexM3\ARM_GCC_493\Debug\Design01.a(CySpc.o)
                0x00002680                CySpcReadData
 .text.CySpcLoadMultiByte
                0x000026b4       0x78 .\CortexM3\ARM_GCC_493\Debug\Design01.a(CySpc.o)
                0x000026b4                CySpcLoadMultiByte
 .text.CySpcWriteRow
                0x0000272c       0x4c .\CortexM3\ARM_GCC_493\Debug\Design01.a(CySpc.o)
                0x0000272c                CySpcWriteRow
 .text.CySpcGetTemp
                0x00002778       0x3c .\CortexM3\ARM_GCC_493\Debug\Design01.a(CySpc.o)
                0x00002778                CySpcGetTemp
 .text.CySpcLock
                0x000027b4       0x4c .\CortexM3\ARM_GCC_493\Debug\Design01.a(CySpc.o)
                0x000027b4                CySpcLock
 .text.CySpcUnlock
                0x00002800       0x38 .\CortexM3\ARM_GCC_493\Debug\Design01.a(CySpc.o)
                0x00002800                CySpcUnlock
 .text.CySpcGetAlgorithm
                0x00002838       0x28 .\CortexM3\ARM_GCC_493\Debug\Design01.a(CySpc.o)
                0x00002838                CySpcGetAlgorithm
 .text.__libc_init_array
                0x00002860       0x4c c:/program files (x86)/cypress/psoc creator/3.3/psoc creator/import/gnu/arm/4.9.3/bin/../lib/gcc/arm-none-eabi/4.9.3/../../../../arm-none-eabi/lib/armv7-m\libg_nano.a(lib_a-init.o)
                0x00002860                __libc_init_array
 .text.memcpy   0x000028ac       0x16 c:/program files (x86)/cypress/psoc creator/3.3/psoc creator/import/gnu/arm/4.9.3/bin/../lib/gcc/arm-none-eabi/4.9.3/../../../../arm-none-eabi/lib/armv7-m\libg_nano.a(lib_a-memcpy.o)
                0x000028ac                memcpy
 .text.memset   0x000028c2       0x10 c:/program files (x86)/cypress/psoc creator/3.3/psoc creator/import/gnu/arm/4.9.3/bin/../lib/gcc/arm-none-eabi/4.9.3/../../../../arm-none-eabi/lib/armv7-m\libg_nano.a(lib_a-memset.o)
                0x000028c2                memset
 *(.plt)
 *(.gnu.warning)
 *(.glue_7t)
 .glue_7t       0x00000000        0x0 linker stubs
 *(.glue_7)
 .glue_7        0x00000000        0x0 linker stubs
 *(.vfp11_veneer)
 .vfp11_veneer  0x00000000        0x0 linker stubs
 *(.bootloader)
 *(.ARM.extab* .gnu.linkonce.armextab.*)
 *(.gcc_except_table)

.v4_bx          0x000028d4        0x0
 .v4_bx         0x00000000        0x0 linker stubs

.iplt           0x000028d4        0x0
 .iplt          0x00000000        0x0 c:/program files (x86)/cypress/psoc creator/3.3/psoc creator/import/gnu/arm/4.9.3/bin/../lib/gcc/arm-none-eabi/4.9.3/armv7-m/crtbegin.o

.eh_frame_hdr
 *(.eh_frame_hdr)

.eh_frame       0x000028d4        0x4
 *(.eh_frame)
 .eh_frame      0x000028d4        0x0 c:/program files (x86)/cypress/psoc creator/3.3/psoc creator/import/gnu/arm/4.9.3/bin/../lib/gcc/arm-none-eabi/4.9.3/armv7-m/crtbegin.o
 .eh_frame      0x000028d4        0x4 c:/program files (x86)/cypress/psoc creator/3.3/psoc creator/import/gnu/arm/4.9.3/bin/../lib/gcc/arm-none-eabi/4.9.3/armv7-m/crtend.o
                0x000028d8                PROVIDE (__exidx_start, .)

.ARM.exidx
 *(.ARM.exidx* .gnu.linkonce.armexidx.*)
                0x000028d8                __exidx_end = .

.rodata         0x000028d8      0x128
 *(.rodata .rodata.* .gnu.linkonce.r.*)
 .rodata        0x000028d8       0x54 .\CortexM3\ARM_GCC_493\Debug\main.o
 .rodata.str1.4
                0x0000292c       0x18 .\CortexM3\ARM_GCC_493\Debug\main.o
 .rodata        0x00002944       0x40 .\CortexM3\ARM_GCC_493\Debug\LCD.o
 .rodata        0x00002984       0x44 .\CortexM3\ARM_GCC_493\Debug\Design01.a(cyfitter_cfg.o)
                0x000029c8                . = ALIGN (0x4)
 *(.init)
 .init          0x000029c8        0x4 c:/program files (x86)/cypress/psoc creator/3.3/psoc creator/import/gnu/arm/4.9.3/bin/../lib/gcc/arm-none-eabi/4.9.3/armv7-m/crti.o
                0x000029c8                _init
 .init          0x000029cc        0x8 c:/program files (x86)/cypress/psoc creator/3.3/psoc creator/import/gnu/arm/4.9.3/bin/../lib/gcc/arm-none-eabi/4.9.3/armv7-m/crtn.o
                0x000029d4                . = ALIGN (0x4)
                0x000029d4                __preinit_array_start = .
 *(.preinit_array)
                0x000029d4                __preinit_array_end = .
                0x000029d4                . = ALIGN (0x4)
                0x000029d4                __init_array_start = .
 *(SORT(.init_array.*))
 *(.init_array)
 .init_array    0x000029d4        0x4 c:/program files (x86)/cypress/psoc creator/3.3/psoc creator/import/gnu/arm/4.9.3/bin/../lib/gcc/arm-none-eabi/4.9.3/armv7-m/crtbegin.o
 .init_array    0x000029d8        0x4 .\CortexM3\ARM_GCC_493\Debug\Cm3Start.o
                0x000029dc                __init_array_end = .
                0x000029dc                . = ALIGN (0x4)
 *(.fini)
 .fini          0x000029dc        0x4 c:/program files (x86)/cypress/psoc creator/3.3/psoc creator/import/gnu/arm/4.9.3/bin/../lib/gcc/arm-none-eabi/4.9.3/armv7-m/crti.o
                0x000029dc                _fini
 .fini          0x000029e0        0x8 c:/program files (x86)/cypress/psoc creator/3.3/psoc creator/import/gnu/arm/4.9.3/bin/../lib/gcc/arm-none-eabi/4.9.3/armv7-m/crtn.o
                0x000029e8                . = ALIGN (0x4)
                0x000029e8                __fini_array_start = .
 *(.fini_array)
 .fini_array    0x000029e8        0x4 c:/program files (x86)/cypress/psoc creator/3.3/psoc creator/import/gnu/arm/4.9.3/bin/../lib/gcc/arm-none-eabi/4.9.3/armv7-m/crtbegin.o
 *(SORT(.fini_array.*))
                0x000029ec                __fini_array_end = .
                0x000029ec                . = ALIGN (0x4)
 *crtbegin.o(.ctors)
 *(EXCLUDE_FILE(*crtend.o) .ctors)
 *(SORT(.ctors.*))
 *crtend.o(.ctors)
                0x000029ec                . = ALIGN (0x4)
 *crtbegin.o(.dtors)
 *(EXCLUDE_FILE(*crtend.o) .dtors)
 *(SORT(.dtors.*))
 *crtend.o(.dtors)
                0x000029ec                . = ALIGN (0x4)
                0x000029ec                __cy_regions = .
                0x000029ec        0x4 LONG 0x2a00 __cy_region_init_ram
                0x000029f0        0x4 LONG 0x1fff8108 __cy_region_start_data
                0x000029f4        0x4 LONG 0x78 __cy_region_init_size_ram
                0x000029f8        0x4 LONG 0x16a0 __cy_region_zero_size_ram
                0x000029fc                __cy_regions_end = .
                0x00002a00                . = ALIGN (0x8)
 *fill*         0x000029fc        0x4 
                0x00002a00                _etext = .

.cy_checksum_exclude
                0x00002a00        0x0
 *(.cy_checksum_exclude)

.ramvectors     0x1fff8000      0x100
                0x1fff8000                __cy_region_start_ram = .
 *(.ramvectors)
 .ramvectors    0x1fff8000      0x100 .\CortexM3\ARM_GCC_493\Debug\Cm3Start.o
                0x1fff8000                CyRamVectors

.noinit         0x1fff8100        0x5
 *(.noinit)
 .noinit        0x1fff8100        0x4 .\CortexM3\ARM_GCC_493\Debug\Cm3Start.o
 .noinit        0x1fff8104        0x1 .\CortexM3\ARM_GCC_493\Debug\Design01.a(CyLib.o)
                0x1fff8104                CyResetStatus

.data           0x1fff8108       0x78 load address 0x00002a00
                0x1fff8108                __cy_region_start_data = .
 *(.jcr)
 .jcr           0x1fff8108        0x0 c:/program files (x86)/cypress/psoc creator/3.3/psoc creator/import/gnu/arm/4.9.3/bin/../lib/gcc/arm-none-eabi/4.9.3/armv7-m/crtbegin.o
 .jcr           0x1fff8108        0x4 c:/program files (x86)/cypress/psoc creator/3.3/psoc creator/import/gnu/arm/4.9.3/bin/../lib/gcc/arm-none-eabi/4.9.3/armv7-m/crtend.o
 *(.got.plt)
 *(.got)
 *(.shdata)
 *(.data .data.* .gnu.linkonce.d.*)
 .data          0x1fff810c        0xc .\CortexM3\ARM_GCC_493\Debug\main.o
                0x1fff810c                MuxVersion
 .data          0x1fff8118       0x54 .\CortexM3\ARM_GCC_493\Debug\LCD.o
                0x1fff8118                _g_charmaplut
 .data          0x1fff816c       0x10 .\CortexM3\ARM_GCC_493\Debug\Design01.a(CyLib.o)
                0x1fff816c                cydelay_32k_ms
                0x1fff8170                cydelay_freq_khz
                0x1fff8174                cydelay_freq_mhz
                0x1fff8178                cydelay_freq_hz
                0x1fff8180                . = ALIGN (0x8)
 *fill*         0x1fff817c        0x4 
 *(.ram)
                0x1fff8180                _edata = .

.igot.plt       0x1fff8180        0x0 load address 0x00002a78
 .igot.plt      0x00000000        0x0 c:/program files (x86)/cypress/psoc creator/3.3/psoc creator/import/gnu/arm/4.9.3/bin/../lib/gcc/arm-none-eabi/4.9.3/armv7-m/crtbegin.o

.bss            0x1fff8180     0x16a0 load address 0x00002a78
                0x1fff8180                PROVIDE (__bss_start__, .)
 *(.shbss)
 *(.bss .bss.* .gnu.linkonce.b.*)
 .bss           0x1fff8180       0x1c c:/program files (x86)/cypress/psoc creator/3.3/psoc creator/import/gnu/arm/4.9.3/bin/../lib/gcc/arm-none-eabi/4.9.3/armv7-m/crtbegin.o
 .bss           0x1fff819c        0xa .\CortexM3\ARM_GCC_493\Debug\Design01.a(RF_Physical.o)
                0x1fff819c                RF_Physical_errorStatus
                0x1fff819d                RF_Physical_initVar
                0x1fff819e                RF_Physical_rxBufferRead
                0x1fff81a0                RF_Physical_rxBufferWrite
                0x1fff81a2                RF_Physical_rxBufferLoopDetect
                0x1fff81a3                RF_Physical_rxBufferOverflow
 .bss           0x1fff81a6        0x2 .\CortexM3\ARM_GCC_493\Debug\Design01.a(Printer.o)
                0x1fff81a6                Printer_initVar
 .bss           0x1fff81a8        0x7 .\CortexM3\ARM_GCC_493\Debug\Design01.a(Display1.o)
                0x1fff81a8                Display1_errorStatus
                0x1fff81a9                Display1_initVar
                0x1fff81aa                Display1_rxBufferRead
                0x1fff81ab                Display1_rxBufferWrite
                0x1fff81ac                Display1_rxBufferLoopDetect
                0x1fff81ad                Display1_rxBufferOverflow
 .bss           0x1fff81af        0x7 .\CortexM3\ARM_GCC_493\Debug\Design01.a(Display2.o)
                0x1fff81af                Display2_errorStatus
                0x1fff81b0                Display2_initVar
                0x1fff81b1                Display2_rxBufferRead
                0x1fff81b2                Display2_rxBufferWrite
                0x1fff81b3                Display2_rxBufferLoopDetect
                0x1fff81b4                Display2_rxBufferOverflow
 .bss           0x1fff81b6        0xa .\CortexM3\ARM_GCC_493\Debug\Design01.a(Pump.o)
                0x1fff81b6                Pump_errorStatus
                0x1fff81b7                Pump_initVar
                0x1fff81b8                Pump_rxBufferRead
                0x1fff81ba                Pump_rxBufferWrite
                0x1fff81bc                Pump_rxBufferLoopDetect
                0x1fff81bd                Pump_rxBufferOverflow
 .bss           0x1fff81c0        0x8 .\CortexM3\ARM_GCC_493\Debug\Design01.a(CySpc.o)
                0x1fff81c0                SpcLockState
 *(COMMON)
 COMMON         0x1fff81c8     0x1314 .\CortexM3\ARM_GCC_493\Debug\main.o
                0x1fff81c8                idSeller
                0x1fff81e4                delayPicture2
                0x1fff81e8                side
                0x1fff85f0                flagPoint2
                0x1fff85f1                decimalVolume
                0x1fff85f4                bufferDisplay1
                0x1fff888c                PrevStatePump
                0x1fff8890                screen
                0x1fff8892                UnitType
                0x1fff8893                VolDec
                0x1fff8898                countAnimation1
                0x1fff88a0                flowDisplay3
                0x1fff88a4                turn
                0x1fff88a8                bufferDisplay2
                0x1fff8b3d                MoneyDec
                0x1fff8b40                button
                0x1fff8f00                residue
                0x1fff8f0e                flagResetMux
                0x1fff8f0f                PlateRequest
                0x1fff8f10                passwordSeller
                0x1fff8f18                presetFast
                0x1fff8f36                lockTurn
                0x1fff8f37                productNumber
                0x1fff8f38                statePump
                0x1fff8f3c                symbols
                0x1fff8f3e                digits
                0x1fff8f3f                numberKeys1
                0x1fff8f40                ipAdress
                0x1fff8f50                countAnimation2
                0x1fff8f58                countBeagleTX
                0x1fff8f60                flowDisplay1
                0x1fff8f64                bufferDisplay4
                0x1fff91f9                ppux10
                0x1fff91fc                flowDisplay2
                0x1fff9200                time
                0x1fff9203                flagPoint1
                0x1fff9204                bufferDisplay3
                0x1fff949c                temporal
                0x1fff94ba                PPUDec
                0x1fff94bb                numberKeys2
                0x1fff94bc                ConversionFactor
                0x1fff94c0                delayPicture1
                0x1fff94c4                date
                0x1fff94c8                countPump
                0x1fff94d0                DDMode
                0x1fff94d4                flowDisplay4
                0x1fff94d8                NumPositions
                0x1fff94d9                stateBeagleSoft
                0x1fff94da                decimalMoney
                0x1fff94db                typeIdSeller
 COMMON         0x1fff94dc      0x200 .\CortexM3\ARM_GCC_493\Debug\Design01.a(RF_Physical.o)
                0x1fff94dc                RF_Physical_rxBuffer
 COMMON         0x1fff96dc       0x20 .\CortexM3\ARM_GCC_493\Debug\Design01.a(Display1.o)
                0x1fff96dc                Display1_rxBuffer
 COMMON         0x1fff96fc       0x20 .\CortexM3\ARM_GCC_493\Debug\Design01.a(Display2.o)
                0x1fff96fc                Display2_rxBuffer
 COMMON         0x1fff971c      0x100 .\CortexM3\ARM_GCC_493\Debug\Design01.a(Pump.o)
                0x1fff971c                Pump_rxBuffer
 COMMON         0x1fff981c        0x2 .\CortexM3\ARM_GCC_493\Debug\Design01.a(CyFlash.o)
                0x1fff981c                dieTemperature
                0x1fff9820                . = ALIGN (0x8)
 *fill*         0x1fff981e        0x2 
 *(.ram.b)
                0x1fff9820                _end = .
                0x1fff9820                __end = .
                0x1fff9820                PROVIDE (end, .)
                0x1fff9820                PROVIDE (__bss_end__, .)
                0x00002a00                __cy_region_init_ram = LOADADDR (.data)
                0x00000078                __cy_region_init_size_ram = (_edata - ADDR (.data))
                0x000016a0                __cy_region_zero_size_ram = (_end - _edata)

.heap           0x1fff9820       0x80 load address 0x00002a78
                0x1fff9820                . = _end
                0x1fff98a0                . = (. + 0x80)
 *fill*         0x1fff9820       0x80 
                0x1fff98a0                __cy_heap_limit = .

.stack          0x20007800      0x800
                0x20007800                __cy_stack_limit = .
                0x20008000                . = (. + 0x800)
 *fill*         0x20007800      0x800 
                0x00000001                ASSERT ((__cy_stack_limit >= __cy_heap_limit), region RAM overflowed with stack)
                0x00000000                cy_checksum_exclude_size = (CY_APPL_LOADABLE == 0x1)?SIZEOF (.cy_checksum_exclude):0x0
                0x00000001                ASSERT ((cy_checksum_exclude_size <= CY_CHECKSUM_EXCLUDE_SIZE), CY_BOOT: Section .cy_checksum_exclude size exceedes specified limit.)

.cyloadermeta
 *(.cyloadermeta)

.cyloadablemeta
 *(.cyloadablemeta)

.cyconfigecc    0x80000000      0xecc
 *(.cyconfigecc)
 .cyconfigecc   0x80000000      0xecc .\CortexM3\ARM_GCC_493\Debug\cymetadata.o
                0x80000000                cy_meta_configecc

.cycustnvl      0x90000000        0x4
 *(.cycustnvl)
 .cycustnvl     0x90000000        0x4 .\CortexM3\ARM_GCC_493\Debug\cymetadata.o
                0x90000000                cy_meta_custnvl

.cywolatch      0x90100000        0x4
 *(.cywolatch)
 .cywolatch     0x90100000        0x4 .\CortexM3\ARM_GCC_493\Debug\cymetadata.o
                0x90100000                cy_meta_wonvl

.cyeeprom       0x90200000        0x0
 *(.cyeeprom)
                0x00000001                ASSERT ((. <= ((0x90200000 + ee_offset) + ee_size)), .cyeeprom data will not fit in EEPROM)

.cyflashprotect
                0x90400000      0x100
 *(.cyflashprotect)
 .cyflashprotect
                0x90400000      0x100 .\CortexM3\ARM_GCC_493\Debug\cymetadata.o
                0x90400000                cy_meta_flashprotect

.cymeta         0x90500000        0xc
 *(.cymeta)
 .cymeta        0x90500000        0xc .\CortexM3\ARM_GCC_493\Debug\cymetadata.o
                0x90500000                cy_metadata

.rel.dyn        0x00002a78        0x0 load address 0x9050000c
 .rel.iplt      0x00000000        0x0 c:/program files (x86)/cypress/psoc creator/3.3/psoc creator/import/gnu/arm/4.9.3/bin/../lib/gcc/arm-none-eabi/4.9.3/armv7-m/crtbegin.o

.stab
 *(.stab)

.stabstr
 *(.stabstr)

.debug
 *(.debug)

.line
 *(.line)

.debug_srcinfo
 *(.debug_srcinfo)

.debug_sfnames
 *(.debug_sfnames)

.debug_aranges  0x00000000      0xd78
 *(.debug_aranges)
 .debug_aranges
                0x00000000       0x60 .\CortexM3\ARM_GCC_493\Debug\main.o
 .debug_aranges
                0x00000060       0x48 .\CortexM3\ARM_GCC_493\Debug\protocol.o
 .debug_aranges
                0x000000a8       0x48 .\CortexM3\ARM_GCC_493\Debug\LCD.o
 .debug_aranges
                0x000000f0       0x20 .\CortexM3\ARM_GCC_493\Debug\keyboard.o
 .debug_aranges
                0x00000110       0x18 .\CortexM3\ARM_GCC_493\Debug\cymetadata.o
 .debug_aranges
                0x00000128       0x48 .\CortexM3\ARM_GCC_493\Debug\Cm3Start.o
 .debug_aranges
                0x00000170       0x58 .\CortexM3\ARM_GCC_493\Debug\Design01.a(cyfitter_cfg.o)
 .debug_aranges
                0x000001c8       0xf0 .\CortexM3\ARM_GCC_493\Debug\Design01.a(RF_Physical.o)
 .debug_aranges
                0x000002b8       0x20 .\CortexM3\ARM_GCC_493\Debug\Design01.a(RF_Physical_INT.o)
 .debug_aranges
                0x000002d8       0xf0 .\CortexM3\ARM_GCC_493\Debug\Design01.a(Printer.o)
 .debug_aranges
                0x000003c8       0xf0 .\CortexM3\ARM_GCC_493\Debug\Design01.a(Display1.o)
 .debug_aranges
                0x000004b8       0x20 .\CortexM3\ARM_GCC_493\Debug\Design01.a(Display1_INT.o)
 .debug_aranges
                0x000004d8       0xf0 .\CortexM3\ARM_GCC_493\Debug\Design01.a(Display2.o)
 .debug_aranges
                0x000005c8       0x20 .\CortexM3\ARM_GCC_493\Debug\Design01.a(Display2_INT.o)
 .debug_aranges
                0x000005e8       0x70 .\CortexM3\ARM_GCC_493\Debug\Design01.a(RF_Physical_IntClock.o)
 .debug_aranges
                0x00000658       0x70 .\CortexM3\ARM_GCC_493\Debug\Design01.a(Display1_IntClock.o)
 .debug_aranges
                0x000006c8       0x70 .\CortexM3\ARM_GCC_493\Debug\Design01.a(Display2_IntClock.o)
 .debug_aranges
                0x00000738       0x20 .\CortexM3\ARM_GCC_493\Debug\Design01.a(CyBootAsmGnu.o)
 .debug_aranges
                0x00000758      0x298 .\CortexM3\ARM_GCC_493\Debug\Design01.a(CyLib.o)
 .debug_aranges
                0x000009f0       0x98 .\CortexM3\ARM_GCC_493\Debug\Design01.a(cyPm.o)
 .debug_aranges
                0x00000a88       0x70 .\CortexM3\ARM_GCC_493\Debug\Design01.a(Printer_IntClock.o)
 .debug_aranges
                0x00000af8       0xf0 .\CortexM3\ARM_GCC_493\Debug\Design01.a(Pump.o)
 .debug_aranges
                0x00000be8       0x20 .\CortexM3\ARM_GCC_493\Debug\Design01.a(Pump_INT.o)
 .debug_aranges
                0x00000c08       0x78 .\CortexM3\ARM_GCC_493\Debug\Design01.a(EEPROM_1.o)
 .debug_aranges
                0x00000c80       0x80 .\CortexM3\ARM_GCC_493\Debug\Design01.a(CyFlash.o)
 .debug_aranges
                0x00000d00       0x78 .\CortexM3\ARM_GCC_493\Debug\Design01.a(CySpc.o)

.debug_pubnames
 *(.debug_pubnames)

.debug_info     0x00000000     0xb1ab
 *(.debug_info .gnu.linkonce.wi.*)
 .debug_info    0x00000000     0x1afd .\CortexM3\ARM_GCC_493\Debug\main.o
 .debug_info    0x00001afd      0xe65 .\CortexM3\ARM_GCC_493\Debug\protocol.o
 .debug_info    0x00002962      0xd8f .\CortexM3\ARM_GCC_493\Debug\LCD.o
 .debug_info    0x000036f1      0xdee .\CortexM3\ARM_GCC_493\Debug\keyboard.o
 .debug_info    0x000044df      0x13f .\CortexM3\ARM_GCC_493\Debug\cymetadata.o
 .debug_info    0x0000461e      0x3a5 .\CortexM3\ARM_GCC_493\Debug\Cm3Start.o
 .debug_info    0x000049c3      0x5c4 .\CortexM3\ARM_GCC_493\Debug\Design01.a(cyfitter_cfg.o)
 .debug_info    0x00004f87      0x757 .\CortexM3\ARM_GCC_493\Debug\Design01.a(RF_Physical.o)
 .debug_info    0x000056de      0x157 .\CortexM3\ARM_GCC_493\Debug\Design01.a(RF_Physical_INT.o)
 .debug_info    0x00005835      0x603 .\CortexM3\ARM_GCC_493\Debug\Design01.a(Printer.o)
 .debug_info    0x00005e38      0x751 .\CortexM3\ARM_GCC_493\Debug\Design01.a(Display1.o)
 .debug_info    0x00006589      0x145 .\CortexM3\ARM_GCC_493\Debug\Design01.a(Display1_INT.o)
 .debug_info    0x000066ce      0x751 .\CortexM3\ARM_GCC_493\Debug\Design01.a(Display2.o)
 .debug_info    0x00006e1f      0x145 .\CortexM3\ARM_GCC_493\Debug\Design01.a(Display2_INT.o)
 .debug_info    0x00006f64      0x283 .\CortexM3\ARM_GCC_493\Debug\Design01.a(RF_Physical_IntClock.o)
 .debug_info    0x000071e7      0x283 .\CortexM3\ARM_GCC_493\Debug\Design01.a(Display1_IntClock.o)
 .debug_info    0x0000746a      0x283 .\CortexM3\ARM_GCC_493\Debug\Design01.a(Display2_IntClock.o)
 .debug_info    0x000076ed       0x96 .\CortexM3\ARM_GCC_493\Debug\Design01.a(CyBootAsmGnu.o)
 .debug_info    0x00007783     0x1371 .\CortexM3\ARM_GCC_493\Debug\Design01.a(CyLib.o)
 .debug_info    0x00008af4      0xa58 .\CortexM3\ARM_GCC_493\Debug\Design01.a(cyPm.o)
 .debug_info    0x0000954c      0x283 .\CortexM3\ARM_GCC_493\Debug\Design01.a(Printer_IntClock.o)
 .debug_info    0x000097cf      0x724 .\CortexM3\ARM_GCC_493\Debug\Design01.a(Pump.o)
 .debug_info    0x00009ef3      0x156 .\CortexM3\ARM_GCC_493\Debug\Design01.a(Pump_INT.o)
 .debug_info    0x0000a049      0x668 .\CortexM3\ARM_GCC_493\Debug\Design01.a(EEPROM_1.o)
 .debug_info    0x0000a6b1      0x60a .\CortexM3\ARM_GCC_493\Debug\Design01.a(CyFlash.o)
 .debug_info    0x0000acbb      0x4f0 .\CortexM3\ARM_GCC_493\Debug\Design01.a(CySpc.o)

.debug_abbrev   0x00000000     0x252d
 *(.debug_abbrev)
 .debug_abbrev  0x00000000      0x200 .\CortexM3\ARM_GCC_493\Debug\main.o
 .debug_abbrev  0x00000200      0x201 .\CortexM3\ARM_GCC_493\Debug\protocol.o
 .debug_abbrev  0x00000401      0x1b0 .\CortexM3\ARM_GCC_493\Debug\LCD.o
 .debug_abbrev  0x000005b1      0x18a .\CortexM3\ARM_GCC_493\Debug\keyboard.o
 .debug_abbrev  0x0000073b       0x77 .\CortexM3\ARM_GCC_493\Debug\cymetadata.o
 .debug_abbrev  0x000007b2      0x20f .\CortexM3\ARM_GCC_493\Debug\Cm3Start.o
 .debug_abbrev  0x000009c1      0x212 .\CortexM3\ARM_GCC_493\Debug\Design01.a(cyfitter_cfg.o)
 .debug_abbrev  0x00000bd3      0x1b8 .\CortexM3\ARM_GCC_493\Debug\Design01.a(RF_Physical.o)
 .debug_abbrev  0x00000d8b       0x8a .\CortexM3\ARM_GCC_493\Debug\Design01.a(RF_Physical_INT.o)
 .debug_abbrev  0x00000e15      0x1a2 .\CortexM3\ARM_GCC_493\Debug\Design01.a(Printer.o)
 .debug_abbrev  0x00000fb7      0x1b8 .\CortexM3\ARM_GCC_493\Debug\Design01.a(Display1.o)
 .debug_abbrev  0x0000116f       0x8a .\CortexM3\ARM_GCC_493\Debug\Design01.a(Display1_INT.o)
 .debug_abbrev  0x000011f9      0x1b8 .\CortexM3\ARM_GCC_493\Debug\Design01.a(Display2.o)
 .debug_abbrev  0x000013b1       0x8a .\CortexM3\ARM_GCC_493\Debug\Design01.a(Display2_INT.o)
 .debug_abbrev  0x0000143b      0x139 .\CortexM3\ARM_GCC_493\Debug\Design01.a(RF_Physical_IntClock.o)
 .debug_abbrev  0x00001574      0x139 .\CortexM3\ARM_GCC_493\Debug\Design01.a(Display1_IntClock.o)
 .debug_abbrev  0x000016ad      0x139 .\CortexM3\ARM_GCC_493\Debug\Design01.a(Display2_IntClock.o)
 .debug_abbrev  0x000017e6       0x14 .\CortexM3\ARM_GCC_493\Debug\Design01.a(CyBootAsmGnu.o)
 .debug_abbrev  0x000017fa      0x296 .\CortexM3\ARM_GCC_493\Debug\Design01.a(CyLib.o)
 .debug_abbrev  0x00001a90      0x1ed .\CortexM3\ARM_GCC_493\Debug\Design01.a(cyPm.o)
 .debug_abbrev  0x00001c7d      0x139 .\CortexM3\ARM_GCC_493\Debug\Design01.a(Printer_IntClock.o)
 .debug_abbrev  0x00001db6      0x1b8 .\CortexM3\ARM_GCC_493\Debug\Design01.a(Pump.o)
 .debug_abbrev  0x00001f6e       0x8a .\CortexM3\ARM_GCC_493\Debug\Design01.a(Pump_INT.o)
 .debug_abbrev  0x00001ff8      0x1a3 .\CortexM3\ARM_GCC_493\Debug\Design01.a(EEPROM_1.o)
 .debug_abbrev  0x0000219b      0x1d1 .\CortexM3\ARM_GCC_493\Debug\Design01.a(CyFlash.o)
 .debug_abbrev  0x0000236c      0x1c1 .\CortexM3\ARM_GCC_493\Debug\Design01.a(CySpc.o)

.debug_line     0x00000000     0x3b6c
 *(.debug_line)
 .debug_line    0x00000000      0x536 .\CortexM3\ARM_GCC_493\Debug\main.o
 .debug_line    0x00000536      0x300 .\CortexM3\ARM_GCC_493\Debug\protocol.o
 .debug_line    0x00000836      0x277 .\CortexM3\ARM_GCC_493\Debug\LCD.o
 .debug_line    0x00000aad      0x24d .\CortexM3\ARM_GCC_493\Debug\keyboard.o
 .debug_line    0x00000cfa       0x53 .\CortexM3\ARM_GCC_493\Debug\cymetadata.o
 .debug_line    0x00000d4d      0x249 .\CortexM3\ARM_GCC_493\Debug\Cm3Start.o
 .debug_line    0x00000f96      0x203 .\CortexM3\ARM_GCC_493\Debug\Design01.a(cyfitter_cfg.o)
 .debug_line    0x00001199      0x312 .\CortexM3\ARM_GCC_493\Debug\Design01.a(RF_Physical.o)
 .debug_line    0x000014ab       0x91 .\CortexM3\ARM_GCC_493\Debug\Design01.a(RF_Physical_INT.o)
 .debug_line    0x0000153c      0x2c4 .\CortexM3\ARM_GCC_493\Debug\Design01.a(Printer.o)
 .debug_line    0x00001800      0x30c .\CortexM3\ARM_GCC_493\Debug\Design01.a(Display1.o)
 .debug_line    0x00001b0c       0x8a .\CortexM3\ARM_GCC_493\Debug\Design01.a(Display1_INT.o)
 .debug_line    0x00001b96      0x30c .\CortexM3\ARM_GCC_493\Debug\Design01.a(Display2.o)
 .debug_line    0x00001ea2       0x8a .\CortexM3\ARM_GCC_493\Debug\Design01.a(Display2_INT.o)
 .debug_line    0x00001f2c      0x19c .\CortexM3\ARM_GCC_493\Debug\Design01.a(RF_Physical_IntClock.o)
 .debug_line    0x000020c8      0x199 .\CortexM3\ARM_GCC_493\Debug\Design01.a(Display1_IntClock.o)
 .debug_line    0x00002261      0x199 .\CortexM3\ARM_GCC_493\Debug\Design01.a(Display2_IntClock.o)
 .debug_line    0x000023fa       0x68 .\CortexM3\ARM_GCC_493\Debug\Design01.a(CyBootAsmGnu.o)
 .debug_line    0x00002462      0x806 .\CortexM3\ARM_GCC_493\Debug\Design01.a(CyLib.o)
 .debug_line    0x00002c68      0x366 .\CortexM3\ARM_GCC_493\Debug\Design01.a(cyPm.o)
 .debug_line    0x00002fce      0x198 .\CortexM3\ARM_GCC_493\Debug\Design01.a(Printer_IntClock.o)
 .debug_line    0x00003166      0x2f1 .\CortexM3\ARM_GCC_493\Debug\Design01.a(Pump.o)
 .debug_line    0x00003457       0x83 .\CortexM3\ARM_GCC_493\Debug\Design01.a(Pump_INT.o)
 .debug_line    0x000034da      0x268 .\CortexM3\ARM_GCC_493\Debug\Design01.a(EEPROM_1.o)
 .debug_line    0x00003742      0x1ec .\CortexM3\ARM_GCC_493\Debug\Design01.a(CyFlash.o)
 .debug_line    0x0000392e      0x23e .\CortexM3\ARM_GCC_493\Debug\Design01.a(CySpc.o)

.debug_frame    0x00000000     0x228c
 *(.debug_frame)
 .debug_frame   0x00000000      0x120 .\CortexM3\ARM_GCC_493\Debug\main.o
 .debug_frame   0x00000120       0xc8 .\CortexM3\ARM_GCC_493\Debug\protocol.o
 .debug_frame   0x000001e8       0xf4 .\CortexM3\ARM_GCC_493\Debug\LCD.o
 .debug_frame   0x000002dc       0x34 .\CortexM3\ARM_GCC_493\Debug\keyboard.o
 .debug_frame   0x00000310       0xac .\CortexM3\ARM_GCC_493\Debug\Cm3Start.o
 .debug_frame   0x000003bc       0xe4 .\CortexM3\ARM_GCC_493\Debug\Design01.a(cyfitter_cfg.o)
 .debug_frame   0x000004a0      0x25c .\CortexM3\ARM_GCC_493\Debug\Design01.a(RF_Physical.o)
 .debug_frame   0x000006fc       0x20 .\CortexM3\ARM_GCC_493\Debug\Design01.a(RF_Physical_INT.o)
 .debug_frame   0x0000071c      0x250 .\CortexM3\ARM_GCC_493\Debug\Design01.a(Printer.o)
 .debug_frame   0x0000096c      0x25c .\CortexM3\ARM_GCC_493\Debug\Design01.a(Display1.o)
 .debug_frame   0x00000bc8       0x20 .\CortexM3\ARM_GCC_493\Debug\Design01.a(Display1_INT.o)
 .debug_frame   0x00000be8      0x25c .\CortexM3\ARM_GCC_493\Debug\Design01.a(Display2.o)
 .debug_frame   0x00000e44       0x20 .\CortexM3\ARM_GCC_493\Debug\Design01.a(Display2_INT.o)
 .debug_frame   0x00000e64       0xe0 .\CortexM3\ARM_GCC_493\Debug\Design01.a(RF_Physical_IntClock.o)
 .debug_frame   0x00000f44       0xe0 .\CortexM3\ARM_GCC_493\Debug\Design01.a(Display1_IntClock.o)
 .debug_frame   0x00001024       0xe0 .\CortexM3\ARM_GCC_493\Debug\Design01.a(Display2_IntClock.o)
 .debug_frame   0x00001104      0x728 .\CortexM3\ARM_GCC_493\Debug\Design01.a(CyLib.o)
 .debug_frame   0x0000182c      0x1f8 .\CortexM3\ARM_GCC_493\Debug\Design01.a(cyPm.o)
 .debug_frame   0x00001a24       0xe0 .\CortexM3\ARM_GCC_493\Debug\Design01.a(Printer_IntClock.o)
 .debug_frame   0x00001b04      0x25c .\CortexM3\ARM_GCC_493\Debug\Design01.a(Pump.o)
 .debug_frame   0x00001d60       0x20 .\CortexM3\ARM_GCC_493\Debug\Design01.a(Pump_INT.o)
 .debug_frame   0x00001d80      0x17c .\CortexM3\ARM_GCC_493\Debug\Design01.a(EEPROM_1.o)
 .debug_frame   0x00001efc      0x174 .\CortexM3\ARM_GCC_493\Debug\Design01.a(CyFlash.o)
 .debug_frame   0x00002070      0x160 .\CortexM3\ARM_GCC_493\Debug\Design01.a(CySpc.o)
 .debug_frame   0x000021d0       0x20 c:/program files (x86)/cypress/psoc creator/3.3/psoc creator/import/gnu/arm/4.9.3/bin/../lib/gcc/arm-none-eabi/4.9.3/../../../../arm-none-eabi/lib/armv7-m\libg_nano.a(lib_a-errno.o)
 .debug_frame   0x000021f0       0x28 c:/program files (x86)/cypress/psoc creator/3.3/psoc creator/import/gnu/arm/4.9.3/bin/../lib/gcc/arm-none-eabi/4.9.3/../../../../arm-none-eabi/lib/armv7-m\libg_nano.a(lib_a-exit.o)
 .debug_frame   0x00002218       0x2c c:/program files (x86)/cypress/psoc creator/3.3/psoc creator/import/gnu/arm/4.9.3/bin/../lib/gcc/arm-none-eabi/4.9.3/../../../../arm-none-eabi/lib/armv7-m\libg_nano.a(lib_a-init.o)
 .debug_frame   0x00002244       0x28 c:/program files (x86)/cypress/psoc creator/3.3/psoc creator/import/gnu/arm/4.9.3/bin/../lib/gcc/arm-none-eabi/4.9.3/../../../../arm-none-eabi/lib/armv7-m\libg_nano.a(lib_a-memcpy.o)
 .debug_frame   0x0000226c       0x20 c:/program files (x86)/cypress/psoc creator/3.3/psoc creator/import/gnu/arm/4.9.3/bin/../lib/gcc/arm-none-eabi/4.9.3/../../../../arm-none-eabi/lib/armv7-m\libg_nano.a(lib_a-memset.o)

.debug_str      0x00000000     0x37f3
 *(.debug_str)
 .debug_str     0x00000000      0xe95 .\CortexM3\ARM_GCC_493\Debug\main.o
                                0xef7 (size before relaxing)
 .debug_str     0x00000e95      0x113 .\CortexM3\ARM_GCC_493\Debug\protocol.o
                                0x884 (size before relaxing)
 .debug_str     0x00000fa8       0xb4 .\CortexM3\ARM_GCC_493\Debug\LCD.o
                                0x80f (size before relaxing)
 .debug_str     0x0000105c       0x30 .\CortexM3\ARM_GCC_493\Debug\keyboard.o
                                0x7f2 (size before relaxing)
 .debug_str     0x0000108c       0x77 .\CortexM3\ARM_GCC_493\Debug\cymetadata.o
                                0x1f0 (size before relaxing)
 .debug_str     0x00001103      0x165 .\CortexM3\ARM_GCC_493\Debug\Cm3Start.o
                                0x304 (size before relaxing)
 .debug_str     0x00001268      0x18b .\CortexM3\ARM_GCC_493\Debug\Design01.a(cyfitter_cfg.o)
                                0x33e (size before relaxing)
 .debug_str     0x000013f3      0x483 .\CortexM3\ARM_GCC_493\Debug\Design01.a(RF_Physical.o)
                                0x64e (size before relaxing)
 .debug_str     0x00001876       0x63 .\CortexM3\ARM_GCC_493\Debug\Design01.a(RF_Physical_INT.o)
                                0x284 (size before relaxing)
 .debug_str     0x000018d9      0x278 .\CortexM3\ARM_GCC_493\Debug\Design01.a(Printer.o)
                                0x4cc (size before relaxing)
 .debug_str     0x00001b51      0x2cd .\CortexM3\ARM_GCC_493\Debug\Design01.a(Display1.o)
                                0x5df (size before relaxing)
 .debug_str     0x00001e1e       0x37 .\CortexM3\ARM_GCC_493\Debug\Design01.a(Display1_INT.o)
                                0x265 (size before relaxing)
 .debug_str     0x00001e55      0x2cd .\CortexM3\ARM_GCC_493\Debug\Design01.a(Display2.o)
                                0x5df (size before relaxing)
 .debug_str     0x00002122       0x37 .\CortexM3\ARM_GCC_493\Debug\Design01.a(Display2_INT.o)
                                0x265 (size before relaxing)
 .debug_str     0x00002159      0x1cb .\CortexM3\ARM_GCC_493\Debug\Design01.a(RF_Physical_IntClock.o)
                                0x390 (size before relaxing)
 .debug_str     0x00002324      0x162 .\CortexM3\ARM_GCC_493\Debug\Design01.a(Display1_IntClock.o)
                                0x36c (size before relaxing)
 .debug_str     0x00002486      0x162 .\CortexM3\ARM_GCC_493\Debug\Design01.a(Display2_IntClock.o)
                                0x36c (size before relaxing)
 .debug_str     0x000025e8      0x7c4 .\CortexM3\ARM_GCC_493\Debug\Design01.a(CyLib.o)
                                0xa29 (size before relaxing)
 .debug_str     0x00002dac      0x35b .\CortexM3\ARM_GCC_493\Debug\Design01.a(cyPm.o)
                                0x721 (size before relaxing)
 .debug_str     0x00003107      0x158 .\CortexM3\ARM_GCC_493\Debug\Design01.a(Printer_IntClock.o)
                                0x360 (size before relaxing)
 .debug_str     0x0000325f      0x224 .\CortexM3\ARM_GCC_493\Debug\Design01.a(Pump.o)
                                0x524 (size before relaxing)
 .debug_str     0x00003483       0x2f .\CortexM3\ARM_GCC_493\Debug\Design01.a(Pump_INT.o)
                                0x24c (size before relaxing)
 .debug_str     0x000034b2      0x1db .\CortexM3\ARM_GCC_493\Debug\Design01.a(EEPROM_1.o)
                                0x3d6 (size before relaxing)
 .debug_str     0x0000368d       0xf6 .\CortexM3\ARM_GCC_493\Debug\Design01.a(CyFlash.o)
                                0x39b (size before relaxing)
 .debug_str     0x00003783       0x70 .\CortexM3\ARM_GCC_493\Debug\Design01.a(CySpc.o)
                                0x324 (size before relaxing)

.debug_loc      0x00000000     0x3cea
 *(.debug_loc)
 .debug_loc     0x00000000      0x12c .\CortexM3\ARM_GCC_493\Debug\main.o
 .debug_loc     0x0000012c      0x32e .\CortexM3\ARM_GCC_493\Debug\protocol.o
 .debug_loc     0x0000045a      0x411 .\CortexM3\ARM_GCC_493\Debug\LCD.o
 .debug_loc     0x0000086b      0x1b8 .\CortexM3\ARM_GCC_493\Debug\keyboard.o
 .debug_loc     0x00000a23      0x144 .\CortexM3\ARM_GCC_493\Debug\Cm3Start.o
 .debug_loc     0x00000b67      0x25a .\CortexM3\ARM_GCC_493\Debug\Design01.a(cyfitter_cfg.o)
 .debug_loc     0x00000dc1      0x34e .\CortexM3\ARM_GCC_493\Debug\Design01.a(RF_Physical.o)
 .debug_loc     0x0000110f       0x45 .\CortexM3\ARM_GCC_493\Debug\Design01.a(RF_Physical_INT.o)
 .debug_loc     0x00001154      0x258 .\CortexM3\ARM_GCC_493\Debug\Design01.a(Printer.o)
 .debug_loc     0x000013ac      0x34e .\CortexM3\ARM_GCC_493\Debug\Design01.a(Display1.o)
 .debug_loc     0x000016fa       0x45 .\CortexM3\ARM_GCC_493\Debug\Design01.a(Display1_INT.o)
 .debug_loc     0x0000173f      0x34e .\CortexM3\ARM_GCC_493\Debug\Design01.a(Display2.o)
 .debug_loc     0x00001a8d       0x45 .\CortexM3\ARM_GCC_493\Debug\Design01.a(Display2_INT.o)
 .debug_loc     0x00001ad2      0x128 .\CortexM3\ARM_GCC_493\Debug\Design01.a(RF_Physical_IntClock.o)
 .debug_loc     0x00001bfa      0x128 .\CortexM3\ARM_GCC_493\Debug\Design01.a(Display1_IntClock.o)
 .debug_loc     0x00001d22      0x12c .\CortexM3\ARM_GCC_493\Debug\Design01.a(Display2_IntClock.o)
 .debug_loc     0x00001e4e      0xa11 .\CortexM3\ARM_GCC_493\Debug\Design01.a(CyLib.o)
 .debug_loc     0x0000285f      0x1e4 .\CortexM3\ARM_GCC_493\Debug\Design01.a(cyPm.o)
 .debug_loc     0x00002a43      0x128 .\CortexM3\ARM_GCC_493\Debug\Design01.a(Printer_IntClock.o)
 .debug_loc     0x00002b6b      0x34e .\CortexM3\ARM_GCC_493\Debug\Design01.a(Pump.o)
 .debug_loc     0x00002eb9       0x45 .\CortexM3\ARM_GCC_493\Debug\Design01.a(Pump_INT.o)
 .debug_loc     0x00002efe      0x49f .\CortexM3\ARM_GCC_493\Debug\Design01.a(EEPROM_1.o)
 .debug_loc     0x0000339d      0x300 .\CortexM3\ARM_GCC_493\Debug\Design01.a(CyFlash.o)
 .debug_loc     0x0000369d      0x64d .\CortexM3\ARM_GCC_493\Debug\Design01.a(CySpc.o)

.debug_macinfo
 *(.debug_macinfo)

.debug_ranges   0x00000000      0xbc0
 *(.debug_ranges)
 .debug_ranges  0x00000000       0x50 .\CortexM3\ARM_GCC_493\Debug\main.o
 .debug_ranges  0x00000050       0x38 .\CortexM3\ARM_GCC_493\Debug\protocol.o
 .debug_ranges  0x00000088       0x38 .\CortexM3\ARM_GCC_493\Debug\LCD.o
 .debug_ranges  0x000000c0       0x10 .\CortexM3\ARM_GCC_493\Debug\keyboard.o
 .debug_ranges  0x000000d0       0x38 .\CortexM3\ARM_GCC_493\Debug\Cm3Start.o
 .debug_ranges  0x00000108       0x48 .\CortexM3\ARM_GCC_493\Debug\Design01.a(cyfitter_cfg.o)
 .debug_ranges  0x00000150       0xe0 .\CortexM3\ARM_GCC_493\Debug\Design01.a(RF_Physical.o)
 .debug_ranges  0x00000230       0x10 .\CortexM3\ARM_GCC_493\Debug\Design01.a(RF_Physical_INT.o)
 .debug_ranges  0x00000240       0xe0 .\CortexM3\ARM_GCC_493\Debug\Design01.a(Printer.o)
 .debug_ranges  0x00000320       0xe0 .\CortexM3\ARM_GCC_493\Debug\Design01.a(Display1.o)
 .debug_ranges  0x00000400       0x10 .\CortexM3\ARM_GCC_493\Debug\Design01.a(Display1_INT.o)
 .debug_ranges  0x00000410       0xe0 .\CortexM3\ARM_GCC_493\Debug\Design01.a(Display2.o)
 .debug_ranges  0x000004f0       0x10 .\CortexM3\ARM_GCC_493\Debug\Design01.a(Display2_INT.o)
 .debug_ranges  0x00000500       0x60 .\CortexM3\ARM_GCC_493\Debug\Design01.a(RF_Physical_IntClock.o)
 .debug_ranges  0x00000560       0x60 .\CortexM3\ARM_GCC_493\Debug\Design01.a(Display1_IntClock.o)
 .debug_ranges  0x000005c0       0x60 .\CortexM3\ARM_GCC_493\Debug\Design01.a(Display2_IntClock.o)
 .debug_ranges  0x00000620      0x288 .\CortexM3\ARM_GCC_493\Debug\Design01.a(CyLib.o)
 .debug_ranges  0x000008a8       0x88 .\CortexM3\ARM_GCC_493\Debug\Design01.a(cyPm.o)
 .debug_ranges  0x00000930       0x60 .\CortexM3\ARM_GCC_493\Debug\Design01.a(Printer_IntClock.o)
 .debug_ranges  0x00000990       0xe0 .\CortexM3\ARM_GCC_493\Debug\Design01.a(Pump.o)
 .debug_ranges  0x00000a70       0x10 .\CortexM3\ARM_GCC_493\Debug\Design01.a(Pump_INT.o)
 .debug_ranges  0x00000a80       0x68 .\CortexM3\ARM_GCC_493\Debug\Design01.a(EEPROM_1.o)
 .debug_ranges  0x00000ae8       0x70 .\CortexM3\ARM_GCC_493\Debug\Design01.a(CyFlash.o)
 .debug_ranges  0x00000b58       0x68 .\CortexM3\ARM_GCC_493\Debug\Design01.a(CySpc.o)

.comment        0x00000000       0x70
 .comment       0x00000000       0x70 .\CortexM3\ARM_GCC_493\Debug\main.o
                                 0x71 (size before relaxing)
 .comment       0x00000000       0x71 .\CortexM3\ARM_GCC_493\Debug\protocol.o
 .comment       0x00000000       0x71 .\CortexM3\ARM_GCC_493\Debug\LCD.o
 .comment       0x00000000       0x71 .\CortexM3\ARM_GCC_493\Debug\keyboard.o
 .comment       0x00000000       0x71 .\CortexM3\ARM_GCC_493\Debug\cymetadata.o
 .comment       0x00000000       0x71 .\CortexM3\ARM_GCC_493\Debug\Cm3Start.o
 .comment       0x00000000       0x71 .\CortexM3\ARM_GCC_493\Debug\Design01.a(cyfitter_cfg.o)
 .comment       0x00000000       0x71 .\CortexM3\ARM_GCC_493\Debug\Design01.a(RF_Physical.o)
 .comment       0x00000000       0x71 .\CortexM3\ARM_GCC_493\Debug\Design01.a(RF_Physical_INT.o)
 .comment       0x00000000       0x71 .\CortexM3\ARM_GCC_493\Debug\Design01.a(Printer.o)
 .comment       0x00000000       0x71 .\CortexM3\ARM_GCC_493\Debug\Design01.a(Display1.o)
 .comment       0x00000000       0x71 .\CortexM3\ARM_GCC_493\Debug\Design01.a(Display1_INT.o)
 .comment       0x00000000       0x71 .\CortexM3\ARM_GCC_493\Debug\Design01.a(Display2.o)
 .comment       0x00000000       0x71 .\CortexM3\ARM_GCC_493\Debug\Design01.a(Display2_INT.o)
 .comment       0x00000000       0x71 .\CortexM3\ARM_GCC_493\Debug\Design01.a(RF_Physical_IntClock.o)
 .comment       0x00000000       0x71 .\CortexM3\ARM_GCC_493\Debug\Design01.a(Display1_IntClock.o)
 .comment       0x00000000       0x71 .\CortexM3\ARM_GCC_493\Debug\Design01.a(Display2_IntClock.o)
 .comment       0x00000000       0x71 .\CortexM3\ARM_GCC_493\Debug\Design01.a(CyLib.o)
 .comment       0x00000000       0x71 .\CortexM3\ARM_GCC_493\Debug\Design01.a(cyPm.o)
 .comment       0x00000000       0x71 .\CortexM3\ARM_GCC_493\Debug\Design01.a(Printer_IntClock.o)
 .comment       0x00000000       0x71 .\CortexM3\ARM_GCC_493\Debug\Design01.a(Pump.o)
 .comment       0x00000000       0x71 .\CortexM3\ARM_GCC_493\Debug\Design01.a(Pump_INT.o)
 .comment       0x00000000       0x71 .\CortexM3\ARM_GCC_493\Debug\Design01.a(EEPROM_1.o)
 .comment       0x00000000       0x71 .\CortexM3\ARM_GCC_493\Debug\Design01.a(CyFlash.o)
 .comment       0x00000000       0x71 .\CortexM3\ARM_GCC_493\Debug\Design01.a(CySpc.o)

.debug_weaknames
 *(.debug_weaknames)

.debug_funcnames
 *(.debug_funcnames)

.debug_typenames
 *(.debug_typenames)

.debug_varnames
 *(.debug_varnames)

.note.gnu.arm.ident
 *(.note.gnu.arm.ident)

.ARM.attributes
                0x00000000       0x29
 *(.ARM.attributes)
 .ARM.attributes
                0x00000000       0x1d c:/program files (x86)/cypress/psoc creator/3.3/psoc creator/import/gnu/arm/4.9.3/bin/../lib/gcc/arm-none-eabi/4.9.3/armv7-m/crti.o
 .ARM.attributes
                0x0000001d       0x2d c:/program files (x86)/cypress/psoc creator/3.3/psoc creator/import/gnu/arm/4.9.3/bin/../lib/gcc/arm-none-eabi/4.9.3/armv7-m/crtbegin.o
 .ARM.attributes
                0x0000004a       0x1b c:/program files (x86)/cypress/psoc creator/3.3/psoc creator/import/gnu/arm/4.9.3/bin/../lib/gcc/arm-none-eabi/4.9.3/../../../../arm-none-eabi/lib/armv7-m/crt0.o
 .ARM.attributes
                0x00000065       0x33 .\CortexM3\ARM_GCC_493\Debug\main.o
 .ARM.attributes
                0x00000098       0x33 .\CortexM3\ARM_GCC_493\Debug\protocol.o
 .ARM.attributes
                0x000000cb       0x33 .\CortexM3\ARM_GCC_493\Debug\LCD.o
 .ARM.attributes
                0x000000fe       0x33 .\CortexM3\ARM_GCC_493\Debug\keyboard.o
 .ARM.attributes
                0x00000131       0x33 .\CortexM3\ARM_GCC_493\Debug\cymetadata.o
 .ARM.attributes
                0x00000164       0x33 .\CortexM3\ARM_GCC_493\Debug\Cm3Start.o
 .ARM.attributes
                0x00000197       0x33 .\CortexM3\ARM_GCC_493\Debug\Design01.a(cyfitter_cfg.o)
 .ARM.attributes
                0x000001ca       0x33 .\CortexM3\ARM_GCC_493\Debug\Design01.a(RF_Physical.o)
 .ARM.attributes
                0x000001fd       0x33 .\CortexM3\ARM_GCC_493\Debug\Design01.a(RF_Physical_INT.o)
 .ARM.attributes
                0x00000230       0x33 .\CortexM3\ARM_GCC_493\Debug\Design01.a(Printer.o)
 .ARM.attributes
                0x00000263       0x33 .\CortexM3\ARM_GCC_493\Debug\Design01.a(Display1.o)
 .ARM.attributes
                0x00000296       0x33 .\CortexM3\ARM_GCC_493\Debug\Design01.a(Display1_INT.o)
 .ARM.attributes
                0x000002c9       0x33 .\CortexM3\ARM_GCC_493\Debug\Design01.a(Display2.o)
 .ARM.attributes
                0x000002fc       0x33 .\CortexM3\ARM_GCC_493\Debug\Design01.a(Display2_INT.o)
 .ARM.attributes
                0x0000032f       0x33 .\CortexM3\ARM_GCC_493\Debug\Design01.a(RF_Physical_IntClock.o)
 .ARM.attributes
                0x00000362       0x33 .\CortexM3\ARM_GCC_493\Debug\Design01.a(Display1_IntClock.o)
 .ARM.attributes
                0x00000395       0x33 .\CortexM3\ARM_GCC_493\Debug\Design01.a(Display2_IntClock.o)
 .ARM.attributes
                0x000003c8       0x21 .\CortexM3\ARM_GCC_493\Debug\Design01.a(CyBootAsmGnu.o)
 .ARM.attributes
                0x000003e9       0x33 .\CortexM3\ARM_GCC_493\Debug\Design01.a(CyLib.o)
 .ARM.attributes
                0x0000041c       0x33 .\CortexM3\ARM_GCC_493\Debug\Design01.a(cyPm.o)
 .ARM.attributes
                0x0000044f       0x33 .\CortexM3\ARM_GCC_493\Debug\Design01.a(Printer_IntClock.o)
 .ARM.attributes
                0x00000482       0x33 .\CortexM3\ARM_GCC_493\Debug\Design01.a(Pump.o)
 .ARM.attributes
                0x000004b5       0x33 .\CortexM3\ARM_GCC_493\Debug\Design01.a(Pump_INT.o)
 .ARM.attributes
                0x000004e8       0x33 .\CortexM3\ARM_GCC_493\Debug\Design01.a(EEPROM_1.o)
 .ARM.attributes
                0x0000051b       0x33 .\CortexM3\ARM_GCC_493\Debug\Design01.a(CyFlash.o)
 .ARM.attributes
                0x0000054e       0x33 .\CortexM3\ARM_GCC_493\Debug\Design01.a(CySpc.o)
 .ARM.attributes
                0x00000581       0x2d c:/program files (x86)/cypress/psoc creator/3.3/psoc creator/import/gnu/arm/4.9.3/bin/../lib/gcc/arm-none-eabi/4.9.3/../../../../arm-none-eabi/lib/armv7-m\libg_nano.a(lib_a-errno.o)
 .ARM.attributes
                0x000005ae       0x2d c:/program files (x86)/cypress/psoc creator/3.3/psoc creator/import/gnu/arm/4.9.3/bin/../lib/gcc/arm-none-eabi/4.9.3/../../../../arm-none-eabi/lib/armv7-m\libg_nano.a(lib_a-exit.o)
 .ARM.attributes
                0x000005db       0x2d c:/program files (x86)/cypress/psoc creator/3.3/psoc creator/import/gnu/arm/4.9.3/bin/../lib/gcc/arm-none-eabi/4.9.3/../../../../arm-none-eabi/lib/armv7-m\libg_nano.a(lib_a-impure.o)
 .ARM.attributes
                0x00000608       0x2d c:/program files (x86)/cypress/psoc creator/3.3/psoc creator/import/gnu/arm/4.9.3/bin/../lib/gcc/arm-none-eabi/4.9.3/../../../../arm-none-eabi/lib/armv7-m\libg_nano.a(lib_a-init.o)
 .ARM.attributes
                0x00000635       0x2d c:/program files (x86)/cypress/psoc creator/3.3/psoc creator/import/gnu/arm/4.9.3/bin/../lib/gcc/arm-none-eabi/4.9.3/../../../../arm-none-eabi/lib/armv7-m\libg_nano.a(lib_a-memcpy.o)
 .ARM.attributes
                0x00000662       0x2d c:/program files (x86)/cypress/psoc creator/3.3/psoc creator/import/gnu/arm/4.9.3/bin/../lib/gcc/arm-none-eabi/4.9.3/../../../../arm-none-eabi/lib/armv7-m\libg_nano.a(lib_a-memset.o)
 .ARM.attributes
                0x0000068f       0x2d c:/program files (x86)/cypress/psoc creator/3.3/psoc creator/import/gnu/arm/4.9.3/bin/../lib/gcc/arm-none-eabi/4.9.3/armv7-m/crtend.o
 .ARM.attributes
                0x000006bc       0x1d c:/program files (x86)/cypress/psoc creator/3.3/psoc creator/import/gnu/arm/4.9.3/bin/../lib/gcc/arm-none-eabi/4.9.3/armv7-m/crtn.o

/DISCARD/
 *(.note.GNU-stack)
OUTPUT(.\CortexM3\ARM_GCC_493\Debug\Design01.elf elf32-littlearm)
