Archive member included because of file (symbol)

.\CortexM3\ARM_GCC_493\Debug\Design01.a(cyfitter_cfg.o)
                              .\CortexM3\ARM_GCC_493\Debug\Cm3Start.o (cyfitter_cfg)
.\CortexM3\ARM_GCC_493\Debug\Design01.a(Printer.o)
                              .\CortexM3\ARM_GCC_493\Debug\main.o (Printer_Start)
.\CortexM3\ARM_GCC_493\Debug\Design01.a(Display1.o)
                              .\CortexM3\ARM_GCC_493\Debug\main.o (Display1_Start)
.\CortexM3\ARM_GCC_493\Debug\Design01.a(Display1_INT.o)
                              .\CortexM3\ARM_GCC_493\Debug\Design01.a(Display1.o) (Display1_RXISR)
.\CortexM3\ARM_GCC_493\Debug\Design01.a(Display2.o)
                              .\CortexM3\ARM_GCC_493\Debug\main.o (Display2_Start)
.\CortexM3\ARM_GCC_493\Debug\Design01.a(Display2_INT.o)
                              .\CortexM3\ARM_GCC_493\Debug\Design01.a(Display2.o) (Display2_RXISR)
.\CortexM3\ARM_GCC_493\Debug\Design01.a(Display1_IntClock.o)
                              .\CortexM3\ARM_GCC_493\Debug\Design01.a(Display1.o) (Display1_IntClock_Start)
.\CortexM3\ARM_GCC_493\Debug\Design01.a(Display2_IntClock.o)
                              .\CortexM3\ARM_GCC_493\Debug\Design01.a(Display2.o) (Display2_IntClock_Start)
.\CortexM3\ARM_GCC_493\Debug\Design01.a(CyBootAsmGnu.o)
                              .\CortexM3\ARM_GCC_493\Debug\Design01.a(cyfitter_cfg.o) (CyDelayCycles)
.\CortexM3\ARM_GCC_493\Debug\Design01.a(CyLib.o)
                              .\CortexM3\ARM_GCC_493\Debug\Cm3Start.o (CyHalt)
.\CortexM3\ARM_GCC_493\Debug\Design01.a(cyPm.o)
                              .\CortexM3\ARM_GCC_493\Debug\Design01.a(CyLib.o) (CyPmReadStatus)
.\CortexM3\ARM_GCC_493\Debug\Design01.a(Printer_IntClock.o)
                              .\CortexM3\ARM_GCC_493\Debug\Design01.a(Printer.o) (Printer_IntClock_Start)
.\CortexM3\ARM_GCC_493\Debug\Design01.a(Pump.o)
                              .\CortexM3\ARM_GCC_493\Debug\main.o (Pump_Start)
.\CortexM3\ARM_GCC_493\Debug\Design01.a(Pump_INT.o)
                              .\CortexM3\ARM_GCC_493\Debug\Design01.a(Pump.o) (Pump_RXISR)
.\CortexM3\ARM_GCC_493\Debug\Design01.a(EEPROM_1.o)
                              .\CortexM3\ARM_GCC_493\Debug\main.o (EEPROM_1_Start)
.\CortexM3\ARM_GCC_493\Debug\Design01.a(I2C_Bus.o)
                              .\CortexM3\ARM_GCC_493\Debug\main.o (I2C_Bus_Start)
.\CortexM3\ARM_GCC_493\Debug\Design01.a(I2C_Bus_INT.o)
                              .\CortexM3\ARM_GCC_493\Debug\Design01.a(I2C_Bus.o) (I2C_Bus_ISR)
.\CortexM3\ARM_GCC_493\Debug\Design01.a(I2C_Bus_PM.o)
                              .\CortexM3\ARM_GCC_493\Debug\Design01.a(I2C_Bus.o) (I2C_Bus_backup)
.\CortexM3\ARM_GCC_493\Debug\Design01.a(I2C_Bus_MASTER.o)
                              .\CortexM3\ARM_GCC_493\Debug\Design01.a(I2C_Bus_INT.o) (I2C_Bus_mstrStatus)
.\CortexM3\ARM_GCC_493\Debug\Design01.a(Timer_Animacion.o)
                              .\CortexM3\ARM_GCC_493\Debug\main.o (Timer_Animacion_Stop)
.\CortexM3\ARM_GCC_493\Debug\Design01.a(isr_3.o)
                              .\CortexM3\ARM_GCC_493\Debug\main.o (isr_3_StartEx)
.\CortexM3\ARM_GCC_493\Debug\Design01.a(Timer_Animacion2.o)
                              .\CortexM3\ARM_GCC_493\Debug\main.o (Timer_Animacion2_ReadStatusRegister)
.\CortexM3\ARM_GCC_493\Debug\Design01.a(IB1.o)
                              .\CortexM3\ARM_GCC_493\Debug\ibuton.o (IB1_Write)
.\CortexM3\ARM_GCC_493\Debug\Design01.a(IB2.o)
                              .\CortexM3\ARM_GCC_493\Debug\ibuton.o (IB2_Write)
.\CortexM3\ARM_GCC_493\Debug\Design01.a(RF_Connection.o)
                              .\CortexM3\ARM_GCC_493\Debug\main.o (RF_Connection_Start)
.\CortexM3\ARM_GCC_493\Debug\Design01.a(RF_Connection_INT.o)
                              .\CortexM3\ARM_GCC_493\Debug\Design01.a(RF_Connection.o) (RF_Connection_RXISR)
.\CortexM3\ARM_GCC_493\Debug\Design01.a(RF_Connection_IntClock.o)
                              .\CortexM3\ARM_GCC_493\Debug\Design01.a(RF_Connection.o) (RF_Connection_IntClock_Start)
.\CortexM3\ARM_GCC_493\Debug\Design01.a(Waitable_4.o)
                              .\CortexM3\ARM_GCC_493\Debug\main.o (Waitable_4_ReadStatusRegister)
.\CortexM3\ARM_GCC_493\Debug\Design01.a(Waitable_3.o)
                              .\CortexM3\ARM_GCC_493\Debug\main.o (Waitable_3_ReadStatusRegister)
.\CortexM3\ARM_GCC_493\Debug\Design01.a(isr_1.o)
                              .\CortexM3\ARM_GCC_493\Debug\main.o (isr_1_StartEx)
.\CortexM3\ARM_GCC_493\Debug\Design01.a(isr_2.o)
                              .\CortexM3\ARM_GCC_493\Debug\main.o (isr_2_StartEx)
.\CortexM3\ARM_GCC_493\Debug\Design01.a(CyFlash.o)
                              .\CortexM3\ARM_GCC_493\Debug\Design01.a(EEPROM_1.o) (dieTemperature)
.\CortexM3\ARM_GCC_493\Debug\Design01.a(CySpc.o)
                              .\CortexM3\ARM_GCC_493\Debug\Design01.a(EEPROM_1.o) (CySpcStart)
[...]
Memory Configuration

Name             Origin             Length             Attributes
rom              0x00000000         0x00040000         xr
ram              0x1fff8000         0x00010000         xrw
*default*        0x00000000         0xffffffff

Linker script and memory map

LOAD c:/program files (x86)/cypress/psoc creator/3.3/psoc creator/import/gnu/arm/4.9.3/bin/../lib/gcc/arm-none-eabi/4.9.3/armv7-m/crti.o
LOAD c:/program files (x86)/cypress/psoc creator/3.3/psoc creator/import/gnu/arm/4.9.3/bin/../lib/gcc/arm-none-eabi/4.9.3/armv7-m/crtbegin.o
LOAD c:/program files (x86)/cypress/psoc creator/3.3/psoc creator/import/gnu/arm/4.9.3/bin/../lib/gcc/arm-none-eabi/4.9.3/../../../../arm-none-eabi/lib/armv7-m/crt0.o
START GROUP
LOAD .\CortexM3\ARM_GCC_493\Debug\main.o
LOAD .\CortexM3\ARM_GCC_493\Debug\protocol.o
LOAD .\CortexM3\ARM_GCC_493\Debug\LCD.o
LOAD .\CortexM3\ARM_GCC_493\Debug\keyboard.o
LOAD .\CortexM3\ARM_GCC_493\Debug\I2C.o
LOAD .\CortexM3\ARM_GCC_493\Debug\Print.o
LOAD .\CortexM3\ARM_GCC_493\Debug\ibuton.o
LOAD .\CortexM3\ARM_GCC_493\Debug\RFPoll.o
LOAD .\CortexM3\ARM_GCC_493\Debug\cymetadata.o
LOAD .\CortexM3\ARM_GCC_493\Debug\Cm3Start.o
LOAD .\CortexM3\ARM_GCC_493\Debug\Design01.a
LOAD C:\Program Files (x86)\Cypress\PSoC Creator\3.3\PSoC Creator\psoc\content\cycomponentlibrary\CyComponentLibrary.cylib\CortexM3\ARM_GCC_493\Debug\CyComponentLibrary.a
END GROUP
START GROUP
LOAD c:/program files (x86)/cypress/psoc creator/3.3/psoc creator/import/gnu/arm/4.9.3/bin/../lib/gcc/arm-none-eabi/4.9.3/armv7-m\libgcc.a
LOAD c:/program files (x86)/cypress/psoc creator/3.3/psoc creator/import/gnu/arm/4.9.3/bin/../lib/gcc/arm-none-eabi/4.9.3/../../../../arm-none-eabi/lib/armv7-m\libg_nano.a
LOAD c:/program files (x86)/cypress/psoc creator/3.3/psoc creator/import/gnu/arm/4.9.3/bin/../lib/gcc/arm-none-eabi/4.9.3/../../../../arm-none-eabi/lib/armv7-m\libc_nano.a
END GROUP
START GROUP
LOAD c:/program files (x86)/cypress/psoc creator/3.3/psoc creator/import/gnu/arm/4.9.3/bin/../lib/gcc/arm-none-eabi/4.9.3/armv7-m\libgcc.a
LOAD c:/program files (x86)/cypress/psoc creator/3.3/psoc creator/import/gnu/arm/4.9.3/bin/../lib/gcc/arm-none-eabi/4.9.3/../../../../arm-none-eabi/lib/armv7-m\libc_nano.a
END GROUP
LOAD c:/program files (x86)/cypress/psoc creator/3.3/psoc creator/import/gnu/arm/4.9.3/bin/../lib/gcc/arm-none-eabi/4.9.3/armv7-m/crtend.o
LOAD c:/program files (x86)/cypress/psoc creator/3.3/psoc creator/import/gnu/arm/4.9.3/bin/../lib/gcc/arm-none-eabi/4.9.3/armv7-m/crtn.o
START GROUP
LOAD c:/program files (x86)/cypress/psoc creator/3.3/psoc creator/import/gnu/arm/4.9.3/bin/../lib/gcc/arm-none-eabi/4.9.3/armv7-m\libgcc.a
LOAD c:/program files (x86)/cypress/psoc creator/3.3/psoc creator/import/gnu/arm/4.9.3/bin/../lib/gcc/arm-none-eabi/4.9.3/../../../../arm-none-eabi/lib/armv7-m\libc.a
LOAD c:/program files (x86)/cypress/psoc creator/3.3/psoc creator/import/gnu/arm/4.9.3/bin/../lib/gcc/arm-none-eabi/4.9.3/../../../../arm-none-eabi/lib/armv7-m\libnosys.a
END GROUP
                0x00000000                CY_APPL_ORIGIN = 0x0
                0x00000100                CY_FLASH_ROW_SIZE = 0x100
                0x00000020                CY_ECC_ROW_SIZE = 0x20
                0x00000000                CY_EE_IN_BTLDR = 0x0
                0x00000000                CY_APPL_LOADABLE = 0x0
                0x00000800                CY_EE_SIZE = 0x800
                0x00000001                CY_APPL_NUM = 0x1
                0x00000001                CY_APPL_MAX = 0x1
                0x00000040                CY_METADATA_SIZE = 0x40
                0x00000000                CY_APPL_LOADABLE = 0x0
                0x00000000                CY_CHECKSUM_EXCLUDE_SIZE = ALIGN (0x0, CY_FLASH_ROW_SIZE)
                0x1fff9870                PROVIDE (__cy_heap_start, _end)
                0x00000001                PROVIDE (__cy_region_num, ((__cy_regions_end - __cy_regions) / 0x10))
                0x20008000                PROVIDE (__cy_stack, (ORIGIN (ram) + 0x10000))
                0x20007800                PROVIDE (__cy_heap_end, (__cy_stack - 0x800))

.cybootloader   0x00000000        0x0
 *(.cybootloader)
                0x00000000                appl1_start = CY_APPL_ORIGIN?CY_APPL_ORIGIN:ALIGN (CY_FLASH_ROW_SIZE)
                0x0001ff00                appl2_start = (appl1_start + ALIGN ((((0x40000 - appl1_start) - (0x2 * CY_FLASH_ROW_SIZE)) / 0x2), CY_FLASH_ROW_SIZE))
                0x00000000                appl_start = (CY_APPL_NUM == 0x1)?appl1_start:appl2_start
                0x00000000                ecc_offset = ((appl_start / CY_FLASH_ROW_SIZE) * CY_ECC_ROW_SIZE)
                0x00000000                ee_offset = (CY_APPL_LOADABLE && ! (CY_EE_IN_BTLDR))?((CY_EE_SIZE / CY_APPL_MAX) * (CY_APPL_NUM - 0x1)):0x0
                0x00000800                ee_size = (CY_APPL_LOADABLE && ! (CY_EE_IN_BTLDR))?(CY_EE_SIZE / CY_APPL_MAX):CY_EE_SIZE
                0x00000000                PROVIDE (CY_ECC_OFFSET, ecc_offset)

.text           0x00000000     0x6cf0
 CREATE_OBJECT_SYMBOLS
                0x00000000                PROVIDE (__cy_interrupt_vector, RomVectors)
 *(.romvectors)
 .romvectors    0x00000000       0x10 .\CortexM3\ARM_GCC_493\Debug\Cm3Start.o
                0x00000000                RomVectors
                0x00000001                ASSERT ((. != __cy_interrupt_vector), No interrupt vector)
                0x00000001                ASSERT (CY_APPL_ORIGIN?(SIZEOF (.cybootloader) <= CY_APPL_ORIGIN):0x1, Wrong image location)
                0x00000010                PROVIDE (__cy_reset, Reset)
 *(.text.Reset)
 .text.Reset    0x00000010       0x18 .\CortexM3\ARM_GCC_493\Debug\Cm3Start.o
                0x00000010                Reset
                0x00000001                ASSERT ((. != __cy_reset), No reset code)
 *(.dma_init)
                0x00000001                ASSERT ((((appl_start + .) <= 0x10000) || 0x1), DMA Init must be within the first 64k of flash)
 *(.text .text.* .gnu.linkonce.t.*)
 .text          0x00000028       0x5c c:/program files (x86)/cypress/psoc creator/3.3/psoc creator/import/gnu/arm/4.9.3/bin/../lib/gcc/arm-none-eabi/4.9.3/armv7-m/crtbegin.o
 .text.animacion
                0x00000084       0x14 .\CortexM3\ARM_GCC_493\Debug\main.o
                0x00000084                animacion
 .text.timerRFRX
                0x00000098       0x30 .\CortexM3\ARM_GCC_493\Debug\main.o
                0x00000098                timerRFRX
 .text.timerPump
                0x000000c8       0x30 .\CortexM3\ARM_GCC_493\Debug\main.o
                0x000000c8                timerPump
 .text.GlobalInitializer
                0x000000f8       0x3c .\CortexM3\ARM_GCC_493\Debug\main.o
                0x000000f8                GlobalInitializer
 .text.StoreConfiguration
                0x00000134       0x94 .\CortexM3\ARM_GCC_493\Debug\main.o
                0x00000134                StoreConfiguration
 .text.loadConfiguration
                0x000001c8       0xc8 .\CortexM3\ARM_GCC_493\Debug\main.o
                0x000001c8                loadConfiguration
 .text.InitDisplay1
                0x00000290      0x28c .\CortexM3\ARM_GCC_493\Debug\main.o
                0x00000290                InitDisplay1
 .text.InitDisplay2
                0x0000051c       0x50 .\CortexM3\ARM_GCC_493\Debug\main.o
                0x0000051c                InitDisplay2
 .text.InitPump
                0x0000056c       0xc4 .\CortexM3\ARM_GCC_493\Debug\main.o
                0x0000056c                InitPump
 .text.PrintTest
                0x00000630       0xc4 .\CortexM3\ARM_GCC_493\Debug\main.o
                0x00000630                PrintTest
 .text.PollingPump
                0x000006f4      0x16c .\CortexM3\ARM_GCC_493\Debug\main.o
                0x000006f4                PollingPump
 .text.PollingDisplay1
                0x00000860     0x131c .\CortexM3\ARM_GCC_493\Debug\main.o
                0x00000860                PollingDisplay1
 .text.PollingDisplay2
                0x00001b7c      0x33c .\CortexM3\ARM_GCC_493\Debug\main.o
                0x00001b7c                PollingDisplay2
 .text.main     0x00001eb8       0x60 .\CortexM3\ARM_GCC_493\Debug\main.o
                0x00001eb8                main
 .text.get_state
                0x00001f18       0x30 .\CortexM3\ARM_GCC_493\Debug\protocol.o
                0x00001f18                get_state
 .text.get_position
                0x00001f48      0x120 .\CortexM3\ARM_GCC_493\Debug\protocol.o
                0x00001f48                get_position
 .text.getTotals
                0x00002068      0x4b4 .\CortexM3\ARM_GCC_493\Debug\protocol.o
                0x00002068                getTotals
 .text.priceChange
                0x0000251c      0x1e0 .\CortexM3\ARM_GCC_493\Debug\protocol.o
                0x0000251c                priceChange
 .text.getSale  0x000026fc      0x3c8 .\CortexM3\ARM_GCC_493\Debug\protocol.o
                0x000026fc                getSale
 .text.PumpIsInValidState
                0x00002ac4       0x14 .\CortexM3\ARM_GCC_493\Debug\protocol.o
                0x00002ac4                PumpIsInValidState
 .text.GetLRC   0x00002ad8       0x28 .\CortexM3\ARM_GCC_493\Debug\protocol.o
                0x00002ad8                GetLRC
 .text.PresetData
                0x00002b00      0x1b4 .\CortexM3\ARM_GCC_493\Debug\protocol.o
                0x00002b00                PresetData
 .text.PumpCompleteConfiguration
                0x00002cb4      0x160 .\CortexM3\ARM_GCC_493\Debug\protocol.o
                0x00002cb4                PumpCompleteConfiguration
 .text.PumpHoseActiveState
                0x00002e14       0xd4 .\CortexM3\ARM_GCC_493\Debug\protocol.o
                0x00002e14                PumpHoseActiveState
 .text.SetPicture
                0x00002ee8       0x50 .\CortexM3\ARM_GCC_493\Debug\LCD.o
                0x00002ee8                SetPicture
 .text.WriteMessage
                0x00002f38       0xc8 .\CortexM3\ARM_GCC_493\Debug\LCD.o
                0x00002f38                WriteMessage
 .text.ShowRectangle
                0x00003000       0x5c .\CortexM3\ARM_GCC_493\Debug\LCD.o
                0x00003000                ShowRectangle
 .text.ShowMessage
                0x0000305c       0x34 .\CortexM3\ARM_GCC_493\Debug\LCD.o
                0x0000305c                ShowMessage
 .text.UnmapCode
                0x00003090       0x1c .\CortexM3\ARM_GCC_493\Debug\LCD.o
                0x00003090                UnmapCode
 .text.WriteLCD
                0x000030ac       0xc8 .\CortexM3\ARM_GCC_493\Debug\LCD.o
                0x000030ac                WriteLCD
 .text.alphanumeric_keyboard
                0x00003174      0x494 .\CortexM3\ARM_GCC_493\Debug\keyboard.o
                0x00003174                alphanumeric_keyboard
 .text.write_psoc1
                0x00003608       0x48 .\CortexM3\ARM_GCC_493\Debug\I2C.o
                0x00003608                write_psoc1
 .text.leer_fecha
                0x00003650       0x5c .\CortexM3\ARM_GCC_493\Debug\I2C.o
                0x00003650                leer_fecha
 .text.write_fecha
                0x000036ac       0x5c .\CortexM3\ARM_GCC_493\Debug\I2C.o
                0x000036ac                write_fecha
 .text.leer_hora
                0x00003708       0x5c .\CortexM3\ARM_GCC_493\Debug\I2C.o
                0x00003708                leer_hora
 .text.write_hora
                0x00003764       0x58 .\CortexM3\ARM_GCC_493\Debug\I2C.o
                0x00003764                write_hora
 .text.printLogoP
                0x000037bc      0x1f0 .\CortexM3\ARM_GCC_493\Debug\Print.o
                0x000037bc                printLogoP
 .text.imprimir
                0x000039ac      0x8b0 .\CortexM3\ARM_GCC_493\Debug\Print.o
                0x000039ac                imprimir
 .text.touch_present
                0x0000425c       0x84 .\CortexM3\ARM_GCC_493\Debug\ibuton.o
                0x0000425c                touch_present
 .text.touch_write
                0x000042e0       0xd4 .\CortexM3\ARM_GCC_493\Debug\ibuton.o
                0x000042e0                touch_write
 .text.touch_read_byte
                0x000043b4       0x78 .\CortexM3\ARM_GCC_493\Debug\ibuton.o
                0x000043b4                touch_read_byte
 .text.crc_check
                0x0000442c       0x20 .\CortexM3\ARM_GCC_493\Debug\ibuton.o
                0x0000442c                crc_check
 .text.verificar_check
                0x0000444c       0x34 .\CortexM3\ARM_GCC_493\Debug\RFPoll.o
                0x0000444c                verificar_check
 .text.pollingRF_Rx
                0x00004480      0x6d4 .\CortexM3\ARM_GCC_493\Debug\RFPoll.o
                0x00004480                pollingRF_Rx
 .text.pollingRF_Tx
                0x00004b54      0x42c .\CortexM3\ARM_GCC_493\Debug\RFPoll.o
                0x00004b54                pollingRF_Tx
 .text.IntDefaultHandler
                0x00004f80        0x4 .\CortexM3\ARM_GCC_493\Debug\Cm3Start.o
                0x00004f80                IntDefaultHandler
 .text.Start_c  0x00004f84       0x4c .\CortexM3\ARM_GCC_493\Debug\Cm3Start.o
                0x00004f84                Start_c
 .text.initialize_psoc
                0x00004fd0       0x74 .\CortexM3\ARM_GCC_493\Debug\Cm3Start.o
                0x00004fd0                initialize_psoc
 .text.CyClockStartupError
                0x00005044        0x4 .\CortexM3\ARM_GCC_493\Debug\Design01.a(cyfitter_cfg.o)
 .text.cfg_write_bytes32
                0x00005048       0x34 .\CortexM3\ARM_GCC_493\Debug\Design01.a(cyfitter_cfg.o)
 .text.AnalogSetDefault
                0x0000507c       0x28 .\CortexM3\ARM_GCC_493\Debug\Design01.a(cyfitter_cfg.o)
 .text.CYMEMZERO
                0x000050a4        0xc .\CortexM3\ARM_GCC_493\Debug\Design01.a(cyfitter_cfg.o)
 .text.ClockSetup
                0x000050b0       0xf8 .\CortexM3\ARM_GCC_493\Debug\Design01.a(cyfitter_cfg.o)
 .text.CYCONFIGCPY
                0x000051a8        0x8 .\CortexM3\ARM_GCC_493\Debug\Design01.a(cyfitter_cfg.o)
 .text.cyfitter_cfg
                0x000051b0      0x13c .\CortexM3\ARM_GCC_493\Debug\Design01.a(cyfitter_cfg.o)
                0x000051b0                cyfitter_cfg
 .text.Printer_Init
                0x000052ec       0x24 .\CortexM3\ARM_GCC_493\Debug\Design01.a(Printer.o)
                0x000052ec                Printer_Init
 .text.Printer_Enable
                0x00005310       0x38 .\CortexM3\ARM_GCC_493\Debug\Design01.a(Printer.o)
                0x00005310                Printer_Enable
 .text.Printer_Start
                0x00005348       0x1c .\CortexM3\ARM_GCC_493\Debug\Design01.a(Printer.o)
                0x00005348                Printer_Start
 .text.Display1_Init
                0x00005364       0x44 .\CortexM3\ARM_GCC_493\Debug\Design01.a(Display1.o)
                0x00005364                Display1_Init
 .text.Display1_Enable
                0x000053a8       0x44 .\CortexM3\ARM_GCC_493\Debug\Design01.a(Display1.o)
                0x000053a8                Display1_Enable
 .text.Display1_Start
                0x000053ec       0x1c .\CortexM3\ARM_GCC_493\Debug\Design01.a(Display1.o)
                0x000053ec                Display1_Start
 .text.Display1_GetRxBufferSize
                0x00005408       0x5c .\CortexM3\ARM_GCC_493\Debug\Design01.a(Display1.o)
                0x00005408                Display1_GetRxBufferSize
 .text.Display1_ClearRxBuffer
                0x00005464       0x44 .\CortexM3\ARM_GCC_493\Debug\Design01.a(Display1.o)
                0x00005464                Display1_ClearRxBuffer
 .text.Display1_PutChar
                0x000054a8       0x18 .\CortexM3\ARM_GCC_493\Debug\Design01.a(Display1.o)
                0x000054a8                Display1_PutChar
 .text.Display1_RXISR
                0x000054c0       0x94 .\CortexM3\ARM_GCC_493\Debug\Design01.a(Display1_INT.o)
                0x000054c0                Display1_RXISR
 .text.Display2_Init
                0x00005554       0x44 .\CortexM3\ARM_GCC_493\Debug\Design01.a(Display2.o)
                0x00005554                Display2_Init
 .text.Display2_Enable
                0x00005598       0x44 .\CortexM3\ARM_GCC_493\Debug\Design01.a(Display2.o)
                0x00005598                Display2_Enable
 .text.Display2_Start
                0x000055dc       0x1c .\CortexM3\ARM_GCC_493\Debug\Design01.a(Display2.o)
                0x000055dc                Display2_Start
 .text.Display2_GetRxBufferSize
                0x000055f8       0x5c .\CortexM3\ARM_GCC_493\Debug\Design01.a(Display2.o)
                0x000055f8                Display2_GetRxBufferSize
 .text.Display2_ClearRxBuffer
                0x00005654       0x44 .\CortexM3\ARM_GCC_493\Debug\Design01.a(Display2.o)
                0x00005654                Display2_ClearRxBuffer
 .text.Display2_PutChar
                0x00005698       0x18 .\CortexM3\ARM_GCC_493\Debug\Design01.a(Display2.o)
                0x00005698                Display2_PutChar
 .text.Display2_RXISR
                0x000056b0       0x94 .\CortexM3\ARM_GCC_493\Debug\Design01.a(Display2_INT.o)
                0x000056b0                Display2_RXISR
 .text.Display1_IntClock_Start
                0x00005744       0x1c .\CortexM3\ARM_GCC_493\Debug\Design01.a(Display1_IntClock.o)
                0x00005744                Display1_IntClock_Start
 .text.Display2_IntClock_Start
                0x00005760       0x1c .\CortexM3\ARM_GCC_493\Debug\Design01.a(Display2_IntClock.o)
                0x00005760                Display2_IntClock_Start
 *fill*         0x0000577c        0x4 
 .text          0x00005780       0x20 .\CortexM3\ARM_GCC_493\Debug\Design01.a(CyBootAsmGnu.o)
                0x00005780                CyDelayCycles
                0x00005790                CyEnterCriticalSection
                0x00005798                CyExitCriticalSection
 .text.CyHalt   0x000057a0        0x4 .\CortexM3\ARM_GCC_493\Debug\Design01.a(CyLib.o)
                0x000057a0                CyHalt
 .text.CyDelay  0x000057a4       0x2c .\CortexM3\ARM_GCC_493\Debug\Design01.a(CyLib.o)
                0x000057a4                CyDelay
 .text.CyDelayUs
                0x000057d0       0x14 .\CortexM3\ARM_GCC_493\Debug\Design01.a(CyLib.o)
                0x000057d0                CyDelayUs
 .text.CyWdtStart
                0x000057e4       0x40 .\CortexM3\ARM_GCC_493\Debug\Design01.a(CyLib.o)
                0x000057e4                CyWdtStart
 .text.CyWdtClear
                0x00005824        0xc .\CortexM3\ARM_GCC_493\Debug\Design01.a(CyLib.o)
                0x00005824                CyWdtClear
 .text.CyIntSetVector
                0x00005830       0x28 .\CortexM3\ARM_GCC_493\Debug\Design01.a(CyLib.o)
                0x00005830                CyIntSetVector
 .text.CyIntSetPriority
                0x00005858       0x30 .\CortexM3\ARM_GCC_493\Debug\Design01.a(CyLib.o)
                0x00005858                CyIntSetPriority
 .text.Printer_IntClock_Start
                0x00005888       0x1c .\CortexM3\ARM_GCC_493\Debug\Design01.a(Printer_IntClock.o)
                0x00005888                Printer_IntClock_Start
 .text.Pump_Init
                0x000058a4       0x44 .\CortexM3\ARM_GCC_493\Debug\Design01.a(Pump.o)
                0x000058a4                Pump_Init
 .text.Pump_Enable
                0x000058e8       0x3c .\CortexM3\ARM_GCC_493\Debug\Design01.a(Pump.o)
                0x000058e8                Pump_Enable
 .text.Pump_Start
                0x00005924       0x1c .\CortexM3\ARM_GCC_493\Debug\Design01.a(Pump.o)
                0x00005924                Pump_Start
 .text.Pump_ReadRxData
                0x00005940       0x64 .\CortexM3\ARM_GCC_493\Debug\Design01.a(Pump.o)
                0x00005940                Pump_ReadRxData
 .text.Pump_GetRxBufferSize
                0x000059a4       0x68 .\CortexM3\ARM_GCC_493\Debug\Design01.a(Pump.o)
                0x000059a4                Pump_GetRxBufferSize
 .text.Pump_ClearRxBuffer
                0x00005a0c       0x44 .\CortexM3\ARM_GCC_493\Debug\Design01.a(Pump.o)
                0x00005a0c                Pump_ClearRxBuffer
 .text.Pump_PutChar
                0x00005a50       0x18 .\CortexM3\ARM_GCC_493\Debug\Design01.a(Pump.o)
                0x00005a50                Pump_PutChar
 .text.Pump_RXISR
                0x00005a68       0x98 .\CortexM3\ARM_GCC_493\Debug\Design01.a(Pump_INT.o)
                0x00005a68                Pump_RXISR
 .text.EEPROM_1_Enable
                0x00005b00        0xc .\CortexM3\ARM_GCC_493\Debug\Design01.a(EEPROM_1.o)
                0x00005b00                EEPROM_1_Enable
 .text.EEPROM_1_Start
                0x00005b0c        0x8 .\CortexM3\ARM_GCC_493\Debug\Design01.a(EEPROM_1.o)
                0x00005b0c                EEPROM_1_Start
 .text.EEPROM_1_WriteByte
                0x00005b14       0xd4 .\CortexM3\ARM_GCC_493\Debug\Design01.a(EEPROM_1.o)
                0x00005b14                EEPROM_1_WriteByte
 .text.EEPROM_1_ReadByte
                0x00005be8       0x28 .\CortexM3\ARM_GCC_493\Debug\Design01.a(EEPROM_1.o)
                0x00005be8                EEPROM_1_ReadByte
 .text.I2C_Bus_Init
                0x00005c10       0x58 .\CortexM3\ARM_GCC_493\Debug\Design01.a(I2C_Bus.o)
                0x00005c10                I2C_Bus_Init
 .text.I2C_Bus_Enable
                0x00005c68       0x24 .\CortexM3\ARM_GCC_493\Debug\Design01.a(I2C_Bus.o)
                0x00005c68                I2C_Bus_Enable
 .text.I2C_Bus_Start
                0x00005c8c       0x28 .\CortexM3\ARM_GCC_493\Debug\Design01.a(I2C_Bus.o)
                0x00005c8c                I2C_Bus_Start
 .text.I2C_Bus_ISR
                0x00005cb4      0x2d0 .\CortexM3\ARM_GCC_493\Debug\Design01.a(I2C_Bus_INT.o)
                0x00005cb4                I2C_Bus_ISR
 .text.I2C_Bus_MasterSendStart
                0x00005f84       0x80 .\CortexM3\ARM_GCC_493\Debug\Design01.a(I2C_Bus_MASTER.o)
                0x00005f84                I2C_Bus_MasterSendStart
 .text.I2C_Bus_MasterSendStop
                0x00006004       0x38 .\CortexM3\ARM_GCC_493\Debug\Design01.a(I2C_Bus_MASTER.o)
                0x00006004                I2C_Bus_MasterSendStop
 .text.I2C_Bus_MasterWriteByte
                0x0000603c       0x58 .\CortexM3\ARM_GCC_493\Debug\Design01.a(I2C_Bus_MASTER.o)
                0x0000603c                I2C_Bus_MasterWriteByte
 .text.I2C_Bus_MasterReadByte
                0x00006094       0x58 .\CortexM3\ARM_GCC_493\Debug\Design01.a(I2C_Bus_MASTER.o)
                0x00006094                I2C_Bus_MasterReadByte
 .text.I2C_Bus_MasterClearStatus
                0x000060ec       0x10 .\CortexM3\ARM_GCC_493\Debug\Design01.a(I2C_Bus_MASTER.o)
                0x000060ec                I2C_Bus_MasterClearStatus
 .text.I2C_Bus_MasterClearReadBuf
                0x000060fc       0x1c .\CortexM3\ARM_GCC_493\Debug\Design01.a(I2C_Bus_MASTER.o)
                0x000060fc                I2C_Bus_MasterClearReadBuf
 .text.I2C_Bus_MasterClearWriteBuf
                0x00006118       0x1c .\CortexM3\ARM_GCC_493\Debug\Design01.a(I2C_Bus_MASTER.o)
                0x00006118                I2C_Bus_MasterClearWriteBuf
 .text.I2C_Bus_Workaround
                0x00006134        0x4 .\CortexM3\ARM_GCC_493\Debug\Design01.a(I2C_Bus_MASTER.o)
                0x00006134                I2C_Bus_Workaround
 .text.Timer_Animacion_Enable
                0x00006138       0x28 .\CortexM3\ARM_GCC_493\Debug\Design01.a(Timer_Animacion.o)
                0x00006138                Timer_Animacion_Enable
 .text.Timer_Animacion_Stop
                0x00006160       0x28 .\CortexM3\ARM_GCC_493\Debug\Design01.a(Timer_Animacion.o)
                0x00006160                Timer_Animacion_Stop
 .text.Timer_Animacion_SetInterruptMode
                0x00006188        0xc .\CortexM3\ARM_GCC_493\Debug\Design01.a(Timer_Animacion.o)
                0x00006188                Timer_Animacion_SetInterruptMode
 .text.Timer_Animacion_ReadStatusRegister
                0x00006194        0xc .\CortexM3\ARM_GCC_493\Debug\Design01.a(Timer_Animacion.o)
                0x00006194                Timer_Animacion_ReadStatusRegister
 .text.Timer_Animacion_WritePeriod
                0x000061a0        0xc .\CortexM3\ARM_GCC_493\Debug\Design01.a(Timer_Animacion.o)
                0x000061a0                Timer_Animacion_WritePeriod
 .text.Timer_Animacion_WriteCounter
                0x000061ac        0xc .\CortexM3\ARM_GCC_493\Debug\Design01.a(Timer_Animacion.o)
                0x000061ac                Timer_Animacion_WriteCounter
 .text.Timer_Animacion_Init
                0x000061b8       0x68 .\CortexM3\ARM_GCC_493\Debug\Design01.a(Timer_Animacion.o)
                0x000061b8                Timer_Animacion_Init
 .text.Timer_Animacion_Start
                0x00006220       0x1c .\CortexM3\ARM_GCC_493\Debug\Design01.a(Timer_Animacion.o)
                0x00006220                Timer_Animacion_Start
 .text.isr_3_SetVector
                0x0000623c       0x10 .\CortexM3\ARM_GCC_493\Debug\Design01.a(isr_3.o)
                0x0000623c                isr_3_SetVector
 .text.isr_3_SetPriority
                0x0000624c       0x10 .\CortexM3\ARM_GCC_493\Debug\Design01.a(isr_3.o)
                0x0000624c                isr_3_SetPriority
 .text.isr_3_Enable
                0x0000625c       0x10 .\CortexM3\ARM_GCC_493\Debug\Design01.a(isr_3.o)
                0x0000625c                isr_3_Enable
 .text.isr_3_Disable
                0x0000626c       0x10 .\CortexM3\ARM_GCC_493\Debug\Design01.a(isr_3.o)
                0x0000626c                isr_3_Disable
 .text.isr_3_StartEx
                0x0000627c       0x1c .\CortexM3\ARM_GCC_493\Debug\Design01.a(isr_3.o)
                0x0000627c                isr_3_StartEx
 .text.isr_3_Stop
                0x00006298       0x14 .\CortexM3\ARM_GCC_493\Debug\Design01.a(isr_3.o)
                0x00006298                isr_3_Stop
 .text.IB1_Write
                0x000062ac       0x18 .\CortexM3\ARM_GCC_493\Debug\Design01.a(IB1.o)
                0x000062ac                IB1_Write
 .text.IB1_Read
                0x000062c4       0x10 .\CortexM3\ARM_GCC_493\Debug\Design01.a(IB1.o)
                0x000062c4                IB1_Read
 .text.IB2_Write
                0x000062d4       0x18 .\CortexM3\ARM_GCC_493\Debug\Design01.a(IB2.o)
                0x000062d4                IB2_Write
 .text.IB2_Read
                0x000062ec        0xc .\CortexM3\ARM_GCC_493\Debug\Design01.a(IB2.o)
                0x000062ec                IB2_Read
 .text.RF_Connection_Enable
                0x000062f8       0x44 .\CortexM3\ARM_GCC_493\Debug\Design01.a(RF_Connection.o)
                0x000062f8                RF_Connection_Enable
 .text.RF_Connection_ReadControlRegister
                0x0000633c        0xc .\CortexM3\ARM_GCC_493\Debug\Design01.a(RF_Connection.o)
                0x0000633c                RF_Connection_ReadControlRegister
 .text.RF_Connection_WriteControlRegister
                0x00006348        0xc .\CortexM3\ARM_GCC_493\Debug\Design01.a(RF_Connection.o)
                0x00006348                RF_Connection_WriteControlRegister
 .text.RF_Connection_Init
                0x00006354       0x50 .\CortexM3\ARM_GCC_493\Debug\Design01.a(RF_Connection.o)
                0x00006354                RF_Connection_Init
 .text.RF_Connection_Start
                0x000063a4       0x1c .\CortexM3\ARM_GCC_493\Debug\Design01.a(RF_Connection.o)
                0x000063a4                RF_Connection_Start
 .text.RF_Connection_ReadRxData
                0x000063c0       0x64 .\CortexM3\ARM_GCC_493\Debug\Design01.a(RF_Connection.o)
                0x000063c0                RF_Connection_ReadRxData
 .text.RF_Connection_GetRxBufferSize
                0x00006424       0x68 .\CortexM3\ARM_GCC_493\Debug\Design01.a(RF_Connection.o)
                0x00006424                RF_Connection_GetRxBufferSize
 .text.RF_Connection_ClearRxBuffer
                0x0000648c       0x44 .\CortexM3\ARM_GCC_493\Debug\Design01.a(RF_Connection.o)
                0x0000648c                RF_Connection_ClearRxBuffer
 .text.RF_Connection_PutChar
                0x000064d0       0x18 .\CortexM3\ARM_GCC_493\Debug\Design01.a(RF_Connection.o)
                0x000064d0                RF_Connection_PutChar
 .text.RF_Connection_RXISR
                0x000064e8       0x9c .\CortexM3\ARM_GCC_493\Debug\Design01.a(RF_Connection_INT.o)
                0x000064e8                RF_Connection_RXISR
 .text.RF_Connection_IntClock_Start
                0x00006584       0x1c .\CortexM3\ARM_GCC_493\Debug\Design01.a(RF_Connection_IntClock.o)
                0x00006584                RF_Connection_IntClock_Start
 .text.Waitable_4_Enable
                0x000065a0       0x28 .\CortexM3\ARM_GCC_493\Debug\Design01.a(Waitable_4.o)
                0x000065a0                Waitable_4_Enable
 .text.Waitable_4_SetInterruptMode
                0x000065c8        0xc .\CortexM3\ARM_GCC_493\Debug\Design01.a(Waitable_4.o)
                0x000065c8                Waitable_4_SetInterruptMode
 .text.Waitable_4_ReadStatusRegister
                0x000065d4        0xc .\CortexM3\ARM_GCC_493\Debug\Design01.a(Waitable_4.o)
                0x000065d4                Waitable_4_ReadStatusRegister
 .text.Waitable_4_WritePeriod
                0x000065e0        0xc .\CortexM3\ARM_GCC_493\Debug\Design01.a(Waitable_4.o)
                0x000065e0                Waitable_4_WritePeriod
 .text.Waitable_4_WriteCounter
                0x000065ec        0xc .\CortexM3\ARM_GCC_493\Debug\Design01.a(Waitable_4.o)
                0x000065ec                Waitable_4_WriteCounter
 .text.Waitable_4_Init
                0x000065f8       0x64 .\CortexM3\ARM_GCC_493\Debug\Design01.a(Waitable_4.o)
                0x000065f8                Waitable_4_Init
 .text.Waitable_4_Start
                0x0000665c       0x1c .\CortexM3\ARM_GCC_493\Debug\Design01.a(Waitable_4.o)
                0x0000665c                Waitable_4_Start
 .text.Waitable_3_Enable
                0x00006678       0x28 .\CortexM3\ARM_GCC_493\Debug\Design01.a(Waitable_3.o)
                0x00006678                Waitable_3_Enable
 .text.Waitable_3_SetInterruptMode
                0x000066a0        0xc .\CortexM3\ARM_GCC_493\Debug\Design01.a(Waitable_3.o)
                0x000066a0                Waitable_3_SetInterruptMode
 .text.Waitable_3_ReadStatusRegister
                0x000066ac        0xc .\CortexM3\ARM_GCC_493\Debug\Design01.a(Waitable_3.o)
                0x000066ac                Waitable_3_ReadStatusRegister
 .text.Waitable_3_WritePeriod
                0x000066b8        0xc .\CortexM3\ARM_GCC_493\Debug\Design01.a(Waitable_3.o)
                0x000066b8                Waitable_3_WritePeriod
 .text.Waitable_3_WriteCounter
                0x000066c4        0xc .\CortexM3\ARM_GCC_493\Debug\Design01.a(Waitable_3.o)
                0x000066c4                Waitable_3_WriteCounter
 .text.Waitable_3_Init
                0x000066d0       0x64 .\CortexM3\ARM_GCC_493\Debug\Design01.a(Waitable_3.o)
                0x000066d0                Waitable_3_Init
 .text.Waitable_3_Start
                0x00006734       0x1c .\CortexM3\ARM_GCC_493\Debug\Design01.a(Waitable_3.o)
                0x00006734                Waitable_3_Start
 .text.isr_1_SetVector
                0x00006750       0x10 .\CortexM3\ARM_GCC_493\Debug\Design01.a(isr_1.o)
                0x00006750                isr_1_SetVector
 .text.isr_1_SetPriority
                0x00006760       0x10 .\CortexM3\ARM_GCC_493\Debug\Design01.a(isr_1.o)
                0x00006760                isr_1_SetPriority
 .text.isr_1_Enable
                0x00006770       0x10 .\CortexM3\ARM_GCC_493\Debug\Design01.a(isr_1.o)
                0x00006770                isr_1_Enable
 .text.isr_1_Disable
                0x00006780       0x10 .\CortexM3\ARM_GCC_493\Debug\Design01.a(isr_1.o)
                0x00006780                isr_1_Disable
 .text.isr_1_StartEx
                0x00006790       0x1c .\CortexM3\ARM_GCC_493\Debug\Design01.a(isr_1.o)
                0x00006790                isr_1_StartEx
 .text.isr_2_SetVector
                0x000067ac       0x10 .\CortexM3\ARM_GCC_493\Debug\Design01.a(isr_2.o)
                0x000067ac                isr_2_SetVector
 .text.isr_2_SetPriority
                0x000067bc       0x10 .\CortexM3\ARM_GCC_493\Debug\Design01.a(isr_2.o)
                0x000067bc                isr_2_SetPriority
 .text.isr_2_Enable
                0x000067cc       0x10 .\CortexM3\ARM_GCC_493\Debug\Design01.a(isr_2.o)
                0x000067cc                isr_2_Enable
 .text.isr_2_Disable
                0x000067dc       0x10 .\CortexM3\ARM_GCC_493\Debug\Design01.a(isr_2.o)
                0x000067dc                isr_2_Disable
 .text.isr_2_StartEx
                0x000067ec       0x1c .\CortexM3\ARM_GCC_493\Debug\Design01.a(isr_2.o)
                0x000067ec                isr_2_StartEx
 .text.CyFlashGetSpcAlgorithm
                0x00006808       0x4c .\CortexM3\ARM_GCC_493\Debug\Design01.a(CyFlash.o)
 .text.CySetTempInt
                0x00006854       0x60 .\CortexM3\ARM_GCC_493\Debug\Design01.a(CyFlash.o)
 .text.CySetTemp
                0x000068b4       0x14 .\CortexM3\ARM_GCC_493\Debug\Design01.a(CyFlash.o)
                0x000068b4                CySetTemp
 .text.CyEEPROM_Start
                0x000068c8       0x54 .\CortexM3\ARM_GCC_493\Debug\Design01.a(CyFlash.o)
                0x000068c8                CyEEPROM_Start
 .text.CyEEPROM_ReadReserve
                0x0000691c       0x1c .\CortexM3\ARM_GCC_493\Debug\Design01.a(CyFlash.o)
                0x0000691c                CyEEPROM_ReadReserve
 .text.CyEEPROM_ReadRelease
                0x00006938       0x10 .\CortexM3\ARM_GCC_493\Debug\Design01.a(CyFlash.o)
                0x00006938                CyEEPROM_ReadRelease
 .text.CySpcStart
                0x00006948       0x24 .\CortexM3\ARM_GCC_493\Debug\Design01.a(CySpc.o)
                0x00006948                CySpcStart
 .text.CySpcReadData
                0x0000696c       0x34 .\CortexM3\ARM_GCC_493\Debug\Design01.a(CySpc.o)
                0x0000696c                CySpcReadData
 .text.CySpcLoadMultiByte
                0x000069a0       0x78 .\CortexM3\ARM_GCC_493\Debug\Design01.a(CySpc.o)
                0x000069a0                CySpcLoadMultiByte
 .text.CySpcWriteRow
                0x00006a18       0x4c .\CortexM3\ARM_GCC_493\Debug\Design01.a(CySpc.o)
                0x00006a18                CySpcWriteRow
 .text.CySpcGetTemp
                0x00006a64       0x3c .\CortexM3\ARM_GCC_493\Debug\Design01.a(CySpc.o)
                0x00006a64                CySpcGetTemp
 .text.CySpcLock
                0x00006aa0       0x4c .\CortexM3\ARM_GCC_493\Debug\Design01.a(CySpc.o)
                0x00006aa0                CySpcLock
 .text.CySpcUnlock
                0x00006aec       0x38 .\CortexM3\ARM_GCC_493\Debug\Design01.a(CySpc.o)
                0x00006aec                CySpcUnlock
 .text.CySpcGetAlgorithm
                0x00006b24       0x28 .\CortexM3\ARM_GCC_493\Debug\Design01.a(CySpc.o)
                0x00006b24                CySpcGetAlgorithm
 .text.atoi     0x00006b4c        0x8 c:/program files (x86)/cypress/psoc creator/3.3/psoc creator/import/gnu/arm/4.9.3/bin/../lib/gcc/arm-none-eabi/4.9.3/../../../../arm-none-eabi/lib/armv7-m\libg_nano.a(lib_a-atoi.o)
                0x00006b4c                atoi
 .text.__libc_init_array
                0x00006b54       0x4c c:/program files (x86)/cypress/psoc creator/3.3/psoc creator/import/gnu/arm/4.9.3/bin/../lib/gcc/arm-none-eabi/4.9.3/../../../../arm-none-eabi/lib/armv7-m\libg_nano.a(lib_a-init.o)
                0x00006b54                __libc_init_array
 .text.memcpy   0x00006ba0       0x16 c:/program files (x86)/cypress/psoc creator/3.3/psoc creator/import/gnu/arm/4.9.3/bin/../lib/gcc/arm-none-eabi/4.9.3/../../../../arm-none-eabi/lib/armv7-m\libg_nano.a(lib_a-memcpy.o)
                0x00006ba0                memcpy
 .text.memset   0x00006bb6       0x10 c:/program files (x86)/cypress/psoc creator/3.3/psoc creator/import/gnu/arm/4.9.3/bin/../lib/gcc/arm-none-eabi/4.9.3/../../../../arm-none-eabi/lib/armv7-m\libg_nano.a(lib_a-memset.o)
                0x00006bb6                memset
 *fill*         0x00006bc6        0x2 
 .text._strtol_r
                0x00006bc8      0x10c c:/program files (x86)/cypress/psoc creator/3.3/psoc creator/import/gnu/arm/4.9.3/bin/../lib/gcc/arm-none-eabi/4.9.3/../../../../arm-none-eabi/lib/armv7-m\libg_nano.a(lib_a-strtol.o)
                0x00006bc8                _strtol_r
 .text.strtol   0x00006cd4       0x1c c:/program files (x86)/cypress/psoc creator/3.3/psoc creator/import/gnu/arm/4.9.3/bin/../lib/gcc/arm-none-eabi/4.9.3/../../../../arm-none-eabi/lib/armv7-m\libg_nano.a(lib_a-strtol.o)
                0x00006cd4                strtol
 *(.plt)
 *(.gnu.warning)
 *(.glue_7t)
 .glue_7t       0x00000000        0x0 linker stubs
 *(.glue_7)
 .glue_7        0x00000000        0x0 linker stubs
 *(.vfp11_veneer)
 .vfp11_veneer  0x00000000        0x0 linker stubs
 *(.bootloader)
 *(.ARM.extab* .gnu.linkonce.armextab.*)
 *(.gcc_except_table)

.v4_bx          0x00006cf0        0x0
 .v4_bx         0x00000000        0x0 linker stubs

.iplt           0x00006cf0        0x0
 .iplt          0x00000000        0x0 c:/program files (x86)/cypress/psoc creator/3.3/psoc creator/import/gnu/arm/4.9.3/bin/../lib/gcc/arm-none-eabi/4.9.3/armv7-m/crtbegin.o

.eh_frame_hdr
 *(.eh_frame_hdr)

.eh_frame       0x00006cf0        0x4
 *(.eh_frame)
 .eh_frame      0x00006cf0        0x0 c:/program files (x86)/cypress/psoc creator/3.3/psoc creator/import/gnu/arm/4.9.3/bin/../lib/gcc/arm-none-eabi/4.9.3/armv7-m/crtbegin.o
 .eh_frame      0x00006cf0        0x4 c:/program files (x86)/cypress/psoc creator/3.3/psoc creator/import/gnu/arm/4.9.3/bin/../lib/gcc/arm-none-eabi/4.9.3/armv7-m/crtend.o
                0x00006cf4                PROVIDE (__exidx_start, .)

.ARM.exidx
 *(.ARM.exidx* .gnu.linkonce.armexidx.*)
                0x00006cf4                __exidx_end = .

.rodata         0x00006cf4     0x8714
 *(.rodata .rodata.* .gnu.linkonce.r.*)
 .rodata        0x00006cf4       0x8c .\CortexM3\ARM_GCC_493\Debug\main.o
 .rodata.str1.4
                0x00006d80       0x18 .\CortexM3\ARM_GCC_493\Debug\main.o
 .rodata        0x00006d98       0x10 .\CortexM3\ARM_GCC_493\Debug\protocol.o
 .rodata        0x00006da8       0x40 .\CortexM3\ARM_GCC_493\Debug\LCD.o
 .rodata        0x00006de8     0x8364 .\CortexM3\ARM_GCC_493\Debug\Print.o
                0x00006de8                biomax
                0x000073d0                brio
                0x000079b8                cencosud
                0x00007fa0                ecospetrol
                0x00008588                esso
                0x00008b70                National
                0x00009158                mineroil
                0x0000950c                mobil
                0x000098c0                petrobras
                0x00009ea8                plus
                0x0000a19c                terpel
                0x0000a784                texaco
                0x0000ad6c                zeus
                0x0000b060                petromil
                0x0000b648                biomax1
                0x0000b9f8                brio1
                0x0000bda8                cencosud1
                0x0000c158                ecospetrol1
                0x0000c508                esso1
                0x0000c8b8                National1
                0x0000cc68                mineroil1
                0x0000d018                mobil1
                0x0000d3c8                petrobras1
                0x0000d778                plus1
                0x0000db28                terpel1
                0x0000ded8                texaco1
                0x0000e288                zeus1
                0x0000e638                petromil1
                0x0000e9e8                exito1
                0x0000ed98                exito
 .rodata        0x0000f14c      0x100 .\CortexM3\ARM_GCC_493\Debug\RFPoll.o
 .rodata        0x0000f24c       0x84 .\CortexM3\ARM_GCC_493\Debug\Design01.a(cyfitter_cfg.o)
 .rodata.str1.1
                0x0000f2d0        0x2 c:/program files (x86)/cypress/psoc creator/3.3/psoc creator/import/gnu/arm/4.9.3/bin/../lib/gcc/arm-none-eabi/4.9.3/../../../../arm-none-eabi/lib/armv7-m\libg_nano.a(lib_a-impure.o)
 .rodata._ctype_
                0x0000f2d2      0x101 c:/program files (x86)/cypress/psoc creator/3.3/psoc creator/import/gnu/arm/4.9.3/bin/../lib/gcc/arm-none-eabi/4.9.3/../../../../arm-none-eabi/lib/armv7-m\libg_nano.a(lib_a-ctype_.o)
                0x0000f2d2                _ctype_
                0x0000f3d4                . = ALIGN (0x4)
 *fill*         0x0000f3d3        0x1 
 *(.init)
 .init          0x0000f3d4        0x4 c:/program files (x86)/cypress/psoc creator/3.3/psoc creator/import/gnu/arm/4.9.3/bin/../lib/gcc/arm-none-eabi/4.9.3/armv7-m/crti.o
                0x0000f3d4                _init
 .init          0x0000f3d8        0x8 c:/program files (x86)/cypress/psoc creator/3.3/psoc creator/import/gnu/arm/4.9.3/bin/../lib/gcc/arm-none-eabi/4.9.3/armv7-m/crtn.o
                0x0000f3e0                . = ALIGN (0x4)
                0x0000f3e0                __preinit_array_start = .
 *(.preinit_array)
                0x0000f3e0                __preinit_array_end = .
                0x0000f3e0                . = ALIGN (0x4)
                0x0000f3e0                __init_array_start = .
 *(SORT(.init_array.*))
 *(.init_array)
 .init_array    0x0000f3e0        0x4 c:/program files (x86)/cypress/psoc creator/3.3/psoc creator/import/gnu/arm/4.9.3/bin/../lib/gcc/arm-none-eabi/4.9.3/armv7-m/crtbegin.o
 .init_array    0x0000f3e4        0x4 .\CortexM3\ARM_GCC_493\Debug\Cm3Start.o
                0x0000f3e8                __init_array_end = .
                0x0000f3e8                . = ALIGN (0x4)
 *(.fini)
 .fini          0x0000f3e8        0x4 c:/program files (x86)/cypress/psoc creator/3.3/psoc creator/import/gnu/arm/4.9.3/bin/../lib/gcc/arm-none-eabi/4.9.3/armv7-m/crti.o
                0x0000f3e8                _fini
 .fini          0x0000f3ec        0x8 c:/program files (x86)/cypress/psoc creator/3.3/psoc creator/import/gnu/arm/4.9.3/bin/../lib/gcc/arm-none-eabi/4.9.3/armv7-m/crtn.o
                0x0000f3f4                . = ALIGN (0x4)
                0x0000f3f4                __fini_array_start = .
 *(.fini_array)
 .fini_array    0x0000f3f4        0x4 c:/program files (x86)/cypress/psoc creator/3.3/psoc creator/import/gnu/arm/4.9.3/bin/../lib/gcc/arm-none-eabi/4.9.3/armv7-m/crtbegin.o
 *(SORT(.fini_array.*))
                0x0000f3f8                __fini_array_end = .
                0x0000f3f8                . = ALIGN (0x4)
 *crtbegin.o(.ctors)
 *(EXCLUDE_FILE(*crtend.o) .ctors)
 *(SORT(.ctors.*))
 *crtend.o(.ctors)
                0x0000f3f8                . = ALIGN (0x4)
 *crtbegin.o(.dtors)
 *(EXCLUDE_FILE(*crtend.o) .dtors)
 *(SORT(.dtors.*))
 *crtend.o(.dtors)
                0x0000f3f8                . = ALIGN (0x4)
                0x0000f3f8                __cy_regions = .
                0x0000f3f8        0x4 LONG 0xf408 __cy_region_init_ram
                0x0000f3fc        0x4 LONG 0x1fff8108 __cy_region_start_data
                0x0000f400        0x4 LONG 0x2c8 __cy_region_init_size_ram
                0x0000f404        0x4 LONG 0x14a0 __cy_region_zero_size_ram
                0x0000f408                __cy_regions_end = .
                0x0000f408                . = ALIGN (0x8)
                0x0000f408                _etext = .

.cy_checksum_exclude
                0x0000f408        0x0
 *(.cy_checksum_exclude)

.ramvectors     0x1fff8000      0x100
                0x1fff8000                __cy_region_start_ram = .
 *(.ramvectors)
 .ramvectors    0x1fff8000      0x100 .\CortexM3\ARM_GCC_493\Debug\Cm3Start.o
                0x1fff8000                CyRamVectors

.noinit         0x1fff8100        0x5
 *(.noinit)
 .noinit        0x1fff8100        0x4 .\CortexM3\ARM_GCC_493\Debug\Cm3Start.o
 .noinit        0x1fff8104        0x1 .\CortexM3\ARM_GCC_493\Debug\Design01.a(CyLib.o)
                0x1fff8104                CyResetStatus

.data           0x1fff8108      0x2c8 load address 0x0000f408
                0x1fff8108                __cy_region_start_data = .
 *(.jcr)
 .jcr           0x1fff8108        0x0 c:/program files (x86)/cypress/psoc creator/3.3/psoc creator/import/gnu/arm/4.9.3/bin/../lib/gcc/arm-none-eabi/4.9.3/armv7-m/crtbegin.o
 .jcr           0x1fff8108        0x4 c:/program files (x86)/cypress/psoc creator/3.3/psoc creator/import/gnu/arm/4.9.3/bin/../lib/gcc/arm-none-eabi/4.9.3/armv7-m/crtend.o
 *(.got.plt)
 *(.got)
 *(.shdata)
 *(.data .data.* .gnu.linkonce.d.*)
 .data          0x1fff810c       0x14 .\CortexM3\ARM_GCC_493\Debug\main.o
                0x1fff810c                passwordPump
                0x1fff8114                MuxVersion
 .data          0x1fff8120       0x54 .\CortexM3\ARM_GCC_493\Debug\LCD.o
                0x1fff8120                _g_charmaplut
 .data          0x1fff8174      0x1e4 .\CortexM3\ARM_GCC_493\Debug\Print.o
                0x1fff8174                SEPARATOR
                0x1fff8194                msn_fecha
                0x1fff81a4                msn_hora
                0x1fff81b4                msn_pos
                0x1fff81c4                msn_numero
                0x1fff81d4                PRN_PRODUCT
                0x1fff81e4                msn_ppu
                0x1fff81f4                PRN_CURRENCY
                0x1fff81f8                msn_vol
                0x1fff8208                msn_din
                0x1fff8218                msn_placa
                0x1fff8228                PRN_PRESET
                0x1fff8238                PRN_MILLEAGE
                0x1fff8248                PRN_SERIAL
                0x1fff8258                PRN_BALANCE
                0x1fff8268                PRN_COMPANY
                0x1fff8278                PRN_ACCOUNT
                0x1fff8288                PRN_VISITSDAY
                0x1fff8298                PRN_VISITSWEEK
                0x1fff82a8                PRN_VISITSMONTH
                0x1fff82b8                PRN_MONEYDAY
                0x1fff82c8                PRN_MONEYWEEK
                0x1fff82d8                PRN_MONEYMONTH
                0x1fff82e8                PRN_ACCOUNTTYPE
                0x1fff82f8                PRN_SIGNATURE
                0x1fff8308                PRN_ID
                0x1fff8318                PRN_VOLUMEMONTH
                0x1fff8328                PRN_VOLUMEWEEK
                0x1fff8338                PRN_VOLUMEDAY
                0x1fff8348                PRN_TRANSTYPE
 .data          0x1fff8358       0x10 .\CortexM3\ARM_GCC_493\Debug\Design01.a(CyLib.o)
                0x1fff8358                cydelay_32k_ms
                0x1fff835c                cydelay_freq_khz
                0x1fff8360                cydelay_freq_mhz
                0x1fff8364                cydelay_freq_hz
 .data.impure_data
                0x1fff8368       0x60 c:/program files (x86)/cypress/psoc creator/3.3/psoc creator/import/gnu/arm/4.9.3/bin/../lib/gcc/arm-none-eabi/4.9.3/../../../../arm-none-eabi/lib/armv7-m\libg_nano.a(lib_a-impure.o)
 .data._impure_ptr
                0x1fff83c8        0x4 c:/program files (x86)/cypress/psoc creator/3.3/psoc creator/import/gnu/arm/4.9.3/bin/../lib/gcc/arm-none-eabi/4.9.3/../../../../arm-none-eabi/lib/armv7-m\libg_nano.a(lib_a-impure.o)
                0x1fff83c8                _impure_ptr
 .data.__ctype_ptr__
                0x1fff83cc        0x4 c:/program files (x86)/cypress/psoc creator/3.3/psoc creator/import/gnu/arm/4.9.3/bin/../lib/gcc/arm-none-eabi/4.9.3/../../../../arm-none-eabi/lib/armv7-m\libg_nano.a(lib_a-ctype_.o)
                0x1fff83cc                __ctype_ptr__
                0x1fff83d0                . = ALIGN (0x8)
 *(.ram)
                0x1fff83d0                _edata = .

.igot.plt       0x1fff83d0        0x0 load address 0x0000f6d0
 .igot.plt      0x00000000        0x0 c:/program files (x86)/cypress/psoc creator/3.3/psoc creator/import/gnu/arm/4.9.3/bin/../lib/gcc/arm-none-eabi/4.9.3/armv7-m/crtbegin.o

.bss            0x1fff83d0     0x14a0 load address 0x0000f6d0
                0x1fff83d0                PROVIDE (__bss_start__, .)
 *(.shbss)
 *(.bss .bss.* .gnu.linkonce.b.*)
 .bss           0x1fff83d0       0x1c c:/program files (x86)/cypress/psoc creator/3.3/psoc creator/import/gnu/arm/4.9.3/bin/../lib/gcc/arm-none-eabi/4.9.3/armv7-m/crtbegin.o
 .bss           0x1fff83ec        0x2 .\CortexM3\ARM_GCC_493\Debug\Design01.a(Printer.o)
                0x1fff83ec                Printer_initVar
 .bss           0x1fff83ee        0x7 .\CortexM3\ARM_GCC_493\Debug\Design01.a(Display1.o)
                0x1fff83ee                Display1_errorStatus
                0x1fff83ef                Display1_initVar
                0x1fff83f0                Display1_rxBufferRead
                0x1fff83f1                Display1_rxBufferWrite
                0x1fff83f2                Display1_rxBufferLoopDetect
                0x1fff83f3                Display1_rxBufferOverflow
 .bss           0x1fff83f5        0x7 .\CortexM3\ARM_GCC_493\Debug\Design01.a(Display2.o)
                0x1fff83f5                Display2_errorStatus
                0x1fff83f6                Display2_initVar
                0x1fff83f7                Display2_rxBufferRead
                0x1fff83f8                Display2_rxBufferWrite
                0x1fff83f9                Display2_rxBufferLoopDetect
                0x1fff83fa                Display2_rxBufferOverflow
 .bss           0x1fff83fc        0xa .\CortexM3\ARM_GCC_493\Debug\Design01.a(Pump.o)
                0x1fff83fc                Pump_errorStatus
                0x1fff83fd                Pump_initVar
                0x1fff83fe                Pump_rxBufferRead
                0x1fff8400                Pump_rxBufferWrite
                0x1fff8402                Pump_rxBufferLoopDetect
                0x1fff8403                Pump_rxBufferOverflow
 .bss           0x1fff8406        0x1 .\CortexM3\ARM_GCC_493\Debug\Design01.a(I2C_Bus.o)
                0x1fff8406                I2C_Bus_initVar
 .bss           0x1fff8407        0x1 .\CortexM3\ARM_GCC_493\Debug\Design01.a(Timer_Animacion.o)
                0x1fff8407                Timer_Animacion_initVar
 .bss           0x1fff8408        0xa .\CortexM3\ARM_GCC_493\Debug\Design01.a(RF_Connection.o)
                0x1fff8408                RF_Connection_errorStatus
                0x1fff8409                RF_Connection_initVar
                0x1fff840a                RF_Connection_rxBufferRead
                0x1fff840c                RF_Connection_rxBufferWrite
                0x1fff840e                RF_Connection_rxBufferLoopDetect
                0x1fff840f                RF_Connection_rxBufferOverflow
 .bss           0x1fff8412        0x1 .\CortexM3\ARM_GCC_493\Debug\Design01.a(Waitable_4.o)
                0x1fff8412                Waitable_4_initVar
 .bss           0x1fff8413        0x1 .\CortexM3\ARM_GCC_493\Debug\Design01.a(Waitable_3.o)
                0x1fff8413                Waitable_3_initVar
 .bss           0x1fff8414        0x8 .\CortexM3\ARM_GCC_493\Debug\Design01.a(CySpc.o)
                0x1fff8414                SpcLockState
 *(COMMON)
 *fill*         0x1fff841c        0x4 
 COMMON         0x1fff8420     0x10f1 .\CortexM3\ARM_GCC_493\Debug\main.o
                0x1fff8420                idSeller
                0x1fff843c                delayPicture2
                0x1fff8440                Encabezado4
                0x1fff8460                side
                0x1fff8878                flagPoint2
                0x1fff8880                countRX
                0x1fff8888                count_protector2
                0x1fff8889                hiddenKeys
                0x1fff888a                decimalVolume
                0x1fff888c                bufferDisplay1
                0x1fff89d8                PrevStatePump
                0x1fff89dc                configAccess
                0x1fff89e1                CopiasCredito
                0x1fff89e4                pumpGap
                0x1fff89e8                screen
                0x1fff89ec                GradesHose
                0x1fff89f8                countTX
                0x1fff8a00                Encabezado3
                0x1fff8a1e                ActiveRF
                0x1fff8a1f                UnitType
                0x1fff8a20                VolDec
                0x1fff8a28                countAnimation1
                0x1fff8a30                buffer_tx
                0x1fff8c30                flowDisplay3
                0x1fff8c34                tempPreset
                0x1fff8c3c                bufferDisplay2
                0x1fff8d88                MoneyDec
                0x1fff8d89                RFstateReport
                0x1fff8d8c                Encabezado1
                0x1fff8dac                residue
                0x1fff8dba                flagResetMux
                0x1fff8dbb                PlateRequest
                0x1fff8dbc                passwordSeller
                0x1fff8dc4                lockTurn
                0x1fff8dc5                controlChar
                0x1fff8dc8                dateDownHandle
                0x1fff8dcb                PrinterType
                0x1fff8dcc                productNumber
                0x1fff8dd0                statePump
                0x1fff8dd4                symbols
                0x1fff8dd8                IDCast
                0x1fff8dda                CGrade
                0x1fff8ddb                digits
                0x1fff8ddc                printPortB
                0x1fff8ddd                count_protector
                0x1fff8dde                numberKeys1
                0x1fff8de0                countLCD
                0x1fff8de8                countAnimation2
                0x1fff8df0                flowDisplay1
                0x1fff8df4                bufferDisplay4
                0x1fff8f40                ppux10
                0x1fff8f44                buffer_txDisplay
                0x1fff9144                flowDisplay2
                0x1fff9148                time
                0x1fff914b                flagPoint1
                0x1fff914c                VolUnit
                0x1fff9154                buffer_rf
                0x1fff9354                intIDStation
                0x1fff9358                bufferDisplay3
                0x1fff94a4                idStation
                0x1fff94ac                temporal
                0x1fff94cc                Encabezado2
                0x1fff94ea                PPUDec
                0x1fff94eb                numberKeys2
                0x1fff94ec                ConversionFactor
                0x1fff94f0                delayPicture1
                0x1fff94f4                date
                0x1fff94f8                countPump
                0x1fff9500                DDMode
                0x1fff9501                printPortA
                0x1fff9504                timeDownHandle
                0x1fff9508                flowDisplay4
                0x1fff950c                counterRF
                0x1fff950d                NumPositions
                0x1fff950e                stateBeagleSoft
                0x1fff950f                decimalMoney
                0x1fff9510                typeIdSeller
 *fill*         0x1fff9511        0x3 
 COMMON         0x1fff9514       0x20 .\CortexM3\ARM_GCC_493\Debug\Design01.a(Display1.o)
                0x1fff9514                Display1_rxBuffer
 COMMON         0x1fff9534       0x20 .\CortexM3\ARM_GCC_493\Debug\Design01.a(Display2.o)
                0x1fff9534                Display2_rxBuffer
 COMMON         0x1fff9554      0x100 .\CortexM3\ARM_GCC_493\Debug\Design01.a(Pump.o)
                0x1fff9554                Pump_rxBuffer
 COMMON         0x1fff9654        0x1 .\CortexM3\ARM_GCC_493\Debug\Design01.a(I2C_Bus.o)
                0x1fff9654                I2C_Bus_state
 *fill*         0x1fff9655        0x3 
 COMMON         0x1fff9658       0x11 .\CortexM3\ARM_GCC_493\Debug\Design01.a(I2C_Bus_MASTER.o)
                0x1fff9658                I2C_Bus_mstrWrBufSize
                0x1fff9659                I2C_Bus_mstrControl
                0x1fff965a                I2C_Bus_mstrRdBufSize
                0x1fff965c                I2C_Bus_mstrRdBufPtr
                0x1fff9660                I2C_Bus_mstrStatus
                0x1fff9661                I2C_Bus_mstrWrBufIndex
                0x1fff9664                I2C_Bus_mstrWrBufPtr
                0x1fff9668                I2C_Bus_mstrRdBufIndex
 *fill*         0x1fff9669        0x3 
 COMMON         0x1fff966c      0x200 .\CortexM3\ARM_GCC_493\Debug\Design01.a(RF_Connection.o)
                0x1fff966c                RF_Connection_rxBuffer
 COMMON         0x1fff986c        0x2 .\CortexM3\ARM_GCC_493\Debug\Design01.a(CyFlash.o)
                0x1fff986c                dieTemperature
                0x1fff9870                . = ALIGN (0x8)
 *fill*         0x1fff986e        0x2 
 *(.ram.b)
                0x1fff9870                _end = .
                0x1fff9870                __end = .
                0x1fff9870                PROVIDE (end, .)
                0x1fff9870                PROVIDE (__bss_end__, .)
                0x0000f408                __cy_region_init_ram = LOADADDR (.data)
                0x000002c8                __cy_region_init_size_ram = (_edata - ADDR (.data))
                0x000014a0                __cy_region_zero_size_ram = (_end - _edata)

.heap           0x1fff9870       0x80 load address 0x0000f6d0
                0x1fff9870                . = _end
                0x1fff98f0                . = (. + 0x80)
 *fill*         0x1fff9870       0x80 
                0x1fff98f0                __cy_heap_limit = .

.stack          0x20007800      0x800
                0x20007800                __cy_stack_limit = .
                0x20008000                . = (. + 0x800)
 *fill*         0x20007800      0x800 
                0x00000001                ASSERT ((__cy_stack_limit >= __cy_heap_limit), region RAM overflowed with stack)
                0x00000000                cy_checksum_exclude_size = (CY_APPL_LOADABLE == 0x1)?SIZEOF (.cy_checksum_exclude):0x0
                0x00000001                ASSERT ((cy_checksum_exclude_size <= CY_CHECKSUM_EXCLUDE_SIZE), CY_BOOT: Section .cy_checksum_exclude size exceedes specified limit.)

.cyloadermeta
 *(.cyloadermeta)

.cyloadablemeta
 *(.cyloadablemeta)

.cyconfigecc    0x80000000     0x1118
 *(.cyconfigecc)
 .cyconfigecc   0x80000000     0x1118 .\CortexM3\ARM_GCC_493\Debug\cymetadata.o
                0x80000000                cy_meta_configecc

.cycustnvl      0x90000000        0x4
 *(.cycustnvl)
 .cycustnvl     0x90000000        0x4 .\CortexM3\ARM_GCC_493\Debug\cymetadata.o
                0x90000000                cy_meta_custnvl

.cywolatch      0x90100000        0x4
 *(.cywolatch)
 .cywolatch     0x90100000        0x4 .\CortexM3\ARM_GCC_493\Debug\cymetadata.o
                0x90100000                cy_meta_wonvl

.cyeeprom       0x90200000        0x0
 *(.cyeeprom)
                0x00000001                ASSERT ((. <= ((0x90200000 + ee_offset) + ee_size)), .cyeeprom data will not fit in EEPROM)

.cyflashprotect
                0x90400000      0x100
 *(.cyflashprotect)
 .cyflashprotect
                0x90400000      0x100 .\CortexM3\ARM_GCC_493\Debug\cymetadata.o
                0x90400000                cy_meta_flashprotect

.cymeta         0x90500000        0xc
 *(.cymeta)
 .cymeta        0x90500000        0xc .\CortexM3\ARM_GCC_493\Debug\cymetadata.o
                0x90500000                cy_metadata

.rel.dyn        0x0000f6d0        0x0 load address 0x9050000c
 .rel.iplt      0x00000000        0x0 c:/program files (x86)/cypress/psoc creator/3.3/psoc creator/import/gnu/arm/4.9.3/bin/../lib/gcc/arm-none-eabi/4.9.3/armv7-m/crtbegin.o

.stab
 *(.stab)

.stabstr
 *(.stabstr)

.debug
 *(.debug)

.line
 *(.line)

.debug_srcinfo
 *(.debug_srcinfo)

.debug_sfnames
 *(.debug_sfnames)

.debug_aranges  0x00000000     0x13c8
 *(.debug_aranges)
 .debug_aranges
                0x00000000       0x90 .\CortexM3\ARM_GCC_493\Debug\main.o
 .debug_aranges
                0x00000090       0x68 .\CortexM3\ARM_GCC_493\Debug\protocol.o
 .debug_aranges
                0x000000f8       0x48 .\CortexM3\ARM_GCC_493\Debug\LCD.o
 .debug_aranges
                0x00000140       0x20 .\CortexM3\ARM_GCC_493\Debug\keyboard.o
 .debug_aranges
                0x00000160       0x40 .\CortexM3\ARM_GCC_493\Debug\I2C.o
 .debug_aranges
                0x000001a0       0x30 .\CortexM3\ARM_GCC_493\Debug\Print.o
 .debug_aranges
                0x000001d0       0x38 .\CortexM3\ARM_GCC_493\Debug\ibuton.o
 .debug_aranges
                0x00000208       0x30 .\CortexM3\ARM_GCC_493\Debug\RFPoll.o
 .debug_aranges
                0x00000238       0x18 .\CortexM3\ARM_GCC_493\Debug\cymetadata.o
 .debug_aranges
                0x00000250       0x48 .\CortexM3\ARM_GCC_493\Debug\Cm3Start.o
 .debug_aranges
                0x00000298       0x58 .\CortexM3\ARM_GCC_493\Debug\Design01.a(cyfitter_cfg.o)
 .debug_aranges
                0x000002f0       0xf0 .\CortexM3\ARM_GCC_493\Debug\Design01.a(Printer.o)
 .debug_aranges
                0x000003e0       0xf0 .\CortexM3\ARM_GCC_493\Debug\Design01.a(Display1.o)
 .debug_aranges
                0x000004d0       0x20 .\CortexM3\ARM_GCC_493\Debug\Design01.a(Display1_INT.o)
 .debug_aranges
                0x000004f0       0xf0 .\CortexM3\ARM_GCC_493\Debug\Design01.a(Display2.o)
 .debug_aranges
                0x000005e0       0x20 .\CortexM3\ARM_GCC_493\Debug\Design01.a(Display2_INT.o)
 .debug_aranges
                0x00000600       0x70 .\CortexM3\ARM_GCC_493\Debug\Design01.a(Display1_IntClock.o)
 .debug_aranges
                0x00000670       0x70 .\CortexM3\ARM_GCC_493\Debug\Design01.a(Display2_IntClock.o)
 .debug_aranges
                0x000006e0       0x20 .\CortexM3\ARM_GCC_493\Debug\Design01.a(CyBootAsmGnu.o)
 .debug_aranges
                0x00000700      0x298 .\CortexM3\ARM_GCC_493\Debug\Design01.a(CyLib.o)
 .debug_aranges
                0x00000998       0x98 .\CortexM3\ARM_GCC_493\Debug\Design01.a(cyPm.o)
 .debug_aranges
                0x00000a30       0x70 .\CortexM3\ARM_GCC_493\Debug\Design01.a(Printer_IntClock.o)
 .debug_aranges
                0x00000aa0       0xf0 .\CortexM3\ARM_GCC_493\Debug\Design01.a(Pump.o)
 .debug_aranges
                0x00000b90       0x20 .\CortexM3\ARM_GCC_493\Debug\Design01.a(Pump_INT.o)
 .debug_aranges
                0x00000bb0       0x78 .\CortexM3\ARM_GCC_493\Debug\Design01.a(EEPROM_1.o)
 .debug_aranges
                0x00000c28       0x38 .\CortexM3\ARM_GCC_493\Debug\Design01.a(I2C_Bus.o)
 .debug_aranges
                0x00000c60       0x20 .\CortexM3\ARM_GCC_493\Debug\Design01.a(I2C_Bus_INT.o)
 .debug_aranges
                0x00000c80       0x38 .\CortexM3\ARM_GCC_493\Debug\Design01.a(I2C_Bus_PM.o)
 .debug_aranges
                0x00000cb8       0x88 .\CortexM3\ARM_GCC_493\Debug\Design01.a(I2C_Bus_MASTER.o)
 .debug_aranges
                0x00000d40       0x88 .\CortexM3\ARM_GCC_493\Debug\Design01.a(Timer_Animacion.o)
 .debug_aranges
                0x00000dc8       0x80 .\CortexM3\ARM_GCC_493\Debug\Design01.a(isr_3.o)
 .debug_aranges
                0x00000e48       0x88 .\CortexM3\ARM_GCC_493\Debug\Design01.a(Timer_Animacion2.o)
 .debug_aranges
                0x00000ed0       0x38 .\CortexM3\ARM_GCC_493\Debug\Design01.a(IB1.o)
 .debug_aranges
                0x00000f08       0x38 .\CortexM3\ARM_GCC_493\Debug\Design01.a(IB2.o)
 .debug_aranges
                0x00000f40       0xf0 .\CortexM3\ARM_GCC_493\Debug\Design01.a(RF_Connection.o)
 .debug_aranges
                0x00001030       0x20 .\CortexM3\ARM_GCC_493\Debug\Design01.a(RF_Connection_INT.o)
 .debug_aranges
                0x00001050       0x70 .\CortexM3\ARM_GCC_493\Debug\Design01.a(RF_Connection_IntClock.o)
 .debug_aranges
                0x000010c0       0x88 .\CortexM3\ARM_GCC_493\Debug\Design01.a(Waitable_4.o)
 .debug_aranges
                0x00001148       0x88 .\CortexM3\ARM_GCC_493\Debug\Design01.a(Waitable_3.o)
 .debug_aranges
                0x000011d0       0x80 .\CortexM3\ARM_GCC_493\Debug\Design01.a(isr_1.o)
 .debug_aranges
                0x00001250       0x80 .\CortexM3\ARM_GCC_493\Debug\Design01.a(isr_2.o)
 .debug_aranges
                0x000012d0       0x80 .\CortexM3\ARM_GCC_493\Debug\Design01.a(CyFlash.o)
 .debug_aranges
                0x00001350       0x78 .\CortexM3\ARM_GCC_493\Debug\Design01.a(CySpc.o)

.debug_pubnames
 *(.debug_pubnames)

.debug_info     0x00000000    0x1306e
 *(.debug_info .gnu.linkonce.wi.*)
 .debug_info    0x00000000     0x2f3a .\CortexM3\ARM_GCC_493\Debug\main.o
 .debug_info    0x00002f3a     0x13ea .\CortexM3\ARM_GCC_493\Debug\protocol.o
 .debug_info    0x00004324      0xee4 .\CortexM3\ARM_GCC_493\Debug\LCD.o
 .debug_info    0x00005208      0xf4f .\CortexM3\ARM_GCC_493\Debug\keyboard.o
 .debug_info    0x00006157      0xe1c .\CortexM3\ARM_GCC_493\Debug\I2C.o
 .debug_info    0x00006f73     0x1f59 .\CortexM3\ARM_GCC_493\Debug\Print.o
 .debug_info    0x00008ecc      0x575 .\CortexM3\ARM_GCC_493\Debug\ibuton.o
 .debug_info    0x00009441      0xf8c .\CortexM3\ARM_GCC_493\Debug\RFPoll.o
 .debug_info    0x0000a3cd      0x13f .\CortexM3\ARM_GCC_493\Debug\cymetadata.o
 .debug_info    0x0000a50c      0x3a5 .\CortexM3\ARM_GCC_493\Debug\Cm3Start.o
 .debug_info    0x0000a8b1      0x5fc .\CortexM3\ARM_GCC_493\Debug\Design01.a(cyfitter_cfg.o)
 .debug_info    0x0000aead      0x603 .\CortexM3\ARM_GCC_493\Debug\Design01.a(Printer.o)
 .debug_info    0x0000b4b0      0x751 .\CortexM3\ARM_GCC_493\Debug\Design01.a(Display1.o)
 .debug_info    0x0000bc01      0x145 .\CortexM3\ARM_GCC_493\Debug\Design01.a(Display1_INT.o)
 .debug_info    0x0000bd46      0x751 .\CortexM3\ARM_GCC_493\Debug\Design01.a(Display2.o)
 .debug_info    0x0000c497      0x145 .\CortexM3\ARM_GCC_493\Debug\Design01.a(Display2_INT.o)
 .debug_info    0x0000c5dc      0x283 .\CortexM3\ARM_GCC_493\Debug\Design01.a(Display1_IntClock.o)
 .debug_info    0x0000c85f      0x283 .\CortexM3\ARM_GCC_493\Debug\Design01.a(Display2_IntClock.o)
 .debug_info    0x0000cae2       0x96 .\CortexM3\ARM_GCC_493\Debug\Design01.a(CyBootAsmGnu.o)
 .debug_info    0x0000cb78     0x1371 .\CortexM3\ARM_GCC_493\Debug\Design01.a(CyLib.o)
 .debug_info    0x0000dee9      0xa58 .\CortexM3\ARM_GCC_493\Debug\Design01.a(cyPm.o)
 .debug_info    0x0000e941      0x283 .\CortexM3\ARM_GCC_493\Debug\Design01.a(Printer_IntClock.o)
 .debug_info    0x0000ebc4      0x724 .\CortexM3\ARM_GCC_493\Debug\Design01.a(Pump.o)
 .debug_info    0x0000f2e8      0x156 .\CortexM3\ARM_GCC_493\Debug\Design01.a(Pump_INT.o)
 .debug_info    0x0000f43e      0x668 .\CortexM3\ARM_GCC_493\Debug\Design01.a(EEPROM_1.o)
 .debug_info    0x0000faa6      0x2d7 .\CortexM3\ARM_GCC_493\Debug\Design01.a(I2C_Bus.o)
 .debug_info    0x0000fd7d      0x193 .\CortexM3\ARM_GCC_493\Debug\Design01.a(I2C_Bus_INT.o)
 .debug_info    0x0000ff10      0x1f2 .\CortexM3\ARM_GCC_493\Debug\Design01.a(I2C_Bus_PM.o)
 .debug_info    0x00010102      0x412 .\CortexM3\ARM_GCC_493\Debug\Design01.a(I2C_Bus_MASTER.o)
 .debug_info    0x00010514      0x28e .\CortexM3\ARM_GCC_493\Debug\Design01.a(Timer_Animacion.o)
 .debug_info    0x000107a2      0x2cb .\CortexM3\ARM_GCC_493\Debug\Design01.a(isr_3.o)
 .debug_info    0x00010a6d      0x28e .\CortexM3\ARM_GCC_493\Debug\Design01.a(Timer_Animacion2.o)
 .debug_info    0x00010cfb      0x11f .\CortexM3\ARM_GCC_493\Debug\Design01.a(IB1.o)
 .debug_info    0x00010e1a      0x121 .\CortexM3\ARM_GCC_493\Debug\Design01.a(IB2.o)
 .debug_info    0x00010f3b      0x7b3 .\CortexM3\ARM_GCC_493\Debug\Design01.a(RF_Connection.o)
 .debug_info    0x000116ee      0x157 .\CortexM3\ARM_GCC_493\Debug\Design01.a(RF_Connection_INT.o)
 .debug_info    0x00011845      0x283 .\CortexM3\ARM_GCC_493\Debug\Design01.a(RF_Connection_IntClock.o)
 .debug_info    0x00011ac8      0x28c .\CortexM3\ARM_GCC_493\Debug\Design01.a(Waitable_4.o)
 .debug_info    0x00011d54      0x28a .\CortexM3\ARM_GCC_493\Debug\Design01.a(Waitable_3.o)
 .debug_info    0x00011fde      0x2cb .\CortexM3\ARM_GCC_493\Debug\Design01.a(isr_1.o)
 .debug_info    0x000122a9      0x2cb .\CortexM3\ARM_GCC_493\Debug\Design01.a(isr_2.o)
 .debug_info    0x00012574      0x60a .\CortexM3\ARM_GCC_493\Debug\Design01.a(CyFlash.o)
 .debug_info    0x00012b7e      0x4f0 .\CortexM3\ARM_GCC_493\Debug\Design01.a(CySpc.o)

.debug_abbrev   0x00000000     0x3b68
 *(.debug_abbrev)
 .debug_abbrev  0x00000000      0x249 .\CortexM3\ARM_GCC_493\Debug\main.o
 .debug_abbrev  0x00000249      0x25e .\CortexM3\ARM_GCC_493\Debug\protocol.o
 .debug_abbrev  0x000004a7      0x1b9 .\CortexM3\ARM_GCC_493\Debug\LCD.o
 .debug_abbrev  0x00000660      0x193 .\CortexM3\ARM_GCC_493\Debug\keyboard.o
 .debug_abbrev  0x000007f3      0x1be .\CortexM3\ARM_GCC_493\Debug\I2C.o
 .debug_abbrev  0x000009b1      0x1cd .\CortexM3\ARM_GCC_493\Debug\Print.o
 .debug_abbrev  0x00000b7e      0x11f .\CortexM3\ARM_GCC_493\Debug\ibuton.o
 .debug_abbrev  0x00000c9d      0x24c .\CortexM3\ARM_GCC_493\Debug\RFPoll.o
 .debug_abbrev  0x00000ee9       0x77 .\CortexM3\ARM_GCC_493\Debug\cymetadata.o
 .debug_abbrev  0x00000f60      0x20f .\CortexM3\ARM_GCC_493\Debug\Cm3Start.o
 .debug_abbrev  0x0000116f      0x212 .\CortexM3\ARM_GCC_493\Debug\Design01.a(cyfitter_cfg.o)
 .debug_abbrev  0x00001381      0x1a2 .\CortexM3\ARM_GCC_493\Debug\Design01.a(Printer.o)
 .debug_abbrev  0x00001523      0x1b8 .\CortexM3\ARM_GCC_493\Debug\Design01.a(Display1.o)
 .debug_abbrev  0x000016db       0x8a .\CortexM3\ARM_GCC_493\Debug\Design01.a(Display1_INT.o)
 .debug_abbrev  0x00001765      0x1b8 .\CortexM3\ARM_GCC_493\Debug\Design01.a(Display2.o)
 .debug_abbrev  0x0000191d       0x8a .\CortexM3\ARM_GCC_493\Debug\Design01.a(Display2_INT.o)
 .debug_abbrev  0x000019a7      0x139 .\CortexM3\ARM_GCC_493\Debug\Design01.a(Display1_IntClock.o)
 .debug_abbrev  0x00001ae0      0x139 .\CortexM3\ARM_GCC_493\Debug\Design01.a(Display2_IntClock.o)
 .debug_abbrev  0x00001c19       0x14 .\CortexM3\ARM_GCC_493\Debug\Design01.a(CyBootAsmGnu.o)
 .debug_abbrev  0x00001c2d      0x296 .\CortexM3\ARM_GCC_493\Debug\Design01.a(CyLib.o)
 .debug_abbrev  0x00001ec3      0x1ed .\CortexM3\ARM_GCC_493\Debug\Design01.a(cyPm.o)
 .debug_abbrev  0x000020b0      0x139 .\CortexM3\ARM_GCC_493\Debug\Design01.a(Printer_IntClock.o)
 .debug_abbrev  0x000021e9      0x1b8 .\CortexM3\ARM_GCC_493\Debug\Design01.a(Pump.o)
 .debug_abbrev  0x000023a1       0x8a .\CortexM3\ARM_GCC_493\Debug\Design01.a(Pump_INT.o)
 .debug_abbrev  0x0000242b      0x1a3 .\CortexM3\ARM_GCC_493\Debug\Design01.a(EEPROM_1.o)
 .debug_abbrev  0x000025ce      0x159 .\CortexM3\ARM_GCC_493\Debug\Design01.a(I2C_Bus.o)
 .debug_abbrev  0x00002727       0xdb .\CortexM3\ARM_GCC_493\Debug\Design01.a(I2C_Bus_INT.o)
 .debug_abbrev  0x00002802      0x12b .\CortexM3\ARM_GCC_493\Debug\Design01.a(I2C_Bus_PM.o)
 .debug_abbrev  0x0000292d      0x13c .\CortexM3\ARM_GCC_493\Debug\Design01.a(I2C_Bus_MASTER.o)
 .debug_abbrev  0x00002a69      0x11a .\CortexM3\ARM_GCC_493\Debug\Design01.a(Timer_Animacion.o)
 .debug_abbrev  0x00002b83      0x173 .\CortexM3\ARM_GCC_493\Debug\Design01.a(isr_3.o)
 .debug_abbrev  0x00002cf6      0x11a .\CortexM3\ARM_GCC_493\Debug\Design01.a(Timer_Animacion2.o)
 .debug_abbrev  0x00002e10       0x90 .\CortexM3\ARM_GCC_493\Debug\Design01.a(IB1.o)
 .debug_abbrev  0x00002ea0       0x90 .\CortexM3\ARM_GCC_493\Debug\Design01.a(IB2.o)
 .debug_abbrev  0x00002f30      0x1c9 .\CortexM3\ARM_GCC_493\Debug\Design01.a(RF_Connection.o)
 .debug_abbrev  0x000030f9       0x8a .\CortexM3\ARM_GCC_493\Debug\Design01.a(RF_Connection_INT.o)
 .debug_abbrev  0x00003183      0x139 .\CortexM3\ARM_GCC_493\Debug\Design01.a(RF_Connection_IntClock.o)
 .debug_abbrev  0x000032bc      0x11a .\CortexM3\ARM_GCC_493\Debug\Design01.a(Waitable_4.o)
 .debug_abbrev  0x000033d6      0x11a .\CortexM3\ARM_GCC_493\Debug\Design01.a(Waitable_3.o)
 .debug_abbrev  0x000034f0      0x173 .\CortexM3\ARM_GCC_493\Debug\Design01.a(isr_1.o)
 .debug_abbrev  0x00003663      0x173 .\CortexM3\ARM_GCC_493\Debug\Design01.a(isr_2.o)
 .debug_abbrev  0x000037d6      0x1d1 .\CortexM3\ARM_GCC_493\Debug\Design01.a(CyFlash.o)
 .debug_abbrev  0x000039a7      0x1c1 .\CortexM3\ARM_GCC_493\Debug\Design01.a(CySpc.o)

.debug_line     0x00000000     0x679b
 *(.debug_line)
 .debug_line    0x00000000      0x98a .\CortexM3\ARM_GCC_493\Debug\main.o
 .debug_line    0x0000098a      0x895 .\CortexM3\ARM_GCC_493\Debug\protocol.o
 .debug_line    0x0000121f      0x277 .\CortexM3\ARM_GCC_493\Debug\LCD.o
 .debug_line    0x00001496      0x24d .\CortexM3\ARM_GCC_493\Debug\keyboard.o
 .debug_line    0x000016e3      0x279 .\CortexM3\ARM_GCC_493\Debug\I2C.o
 .debug_line    0x0000195c      0x7d3 .\CortexM3\ARM_GCC_493\Debug\Print.o
 .debug_line    0x0000212f      0x299 .\CortexM3\ARM_GCC_493\Debug\ibuton.o
 .debug_line    0x000023c8      0x5ec .\CortexM3\ARM_GCC_493\Debug\RFPoll.o
 .debug_line    0x000029b4       0x53 .\CortexM3\ARM_GCC_493\Debug\cymetadata.o
 .debug_line    0x00002a07      0x249 .\CortexM3\ARM_GCC_493\Debug\Cm3Start.o
 .debug_line    0x00002c50      0x20b .\CortexM3\ARM_GCC_493\Debug\Design01.a(cyfitter_cfg.o)
 .debug_line    0x00002e5b      0x2c4 .\CortexM3\ARM_GCC_493\Debug\Design01.a(Printer.o)
 .debug_line    0x0000311f      0x30c .\CortexM3\ARM_GCC_493\Debug\Design01.a(Display1.o)
 .debug_line    0x0000342b       0x8a .\CortexM3\ARM_GCC_493\Debug\Design01.a(Display1_INT.o)
 .debug_line    0x000034b5      0x30c .\CortexM3\ARM_GCC_493\Debug\Design01.a(Display2.o)
 .debug_line    0x000037c1       0x8a .\CortexM3\ARM_GCC_493\Debug\Design01.a(Display2_INT.o)
 .debug_line    0x0000384b      0x199 .\CortexM3\ARM_GCC_493\Debug\Design01.a(Display1_IntClock.o)
 .debug_line    0x000039e4      0x199 .\CortexM3\ARM_GCC_493\Debug\Design01.a(Display2_IntClock.o)
 .debug_line    0x00003b7d       0x68 .\CortexM3\ARM_GCC_493\Debug\Design01.a(CyBootAsmGnu.o)
 .debug_line    0x00003be5      0x806 .\CortexM3\ARM_GCC_493\Debug\Design01.a(CyLib.o)
 .debug_line    0x000043eb      0x366 .\CortexM3\ARM_GCC_493\Debug\Design01.a(cyPm.o)
 .debug_line    0x00004751      0x198 .\CortexM3\ARM_GCC_493\Debug\Design01.a(Printer_IntClock.o)
 .debug_line    0x000048e9      0x2f1 .\CortexM3\ARM_GCC_493\Debug\Design01.a(Pump.o)
 .debug_line    0x00004bda       0x83 .\CortexM3\ARM_GCC_493\Debug\Design01.a(Pump_INT.o)
 .debug_line    0x00004c5d      0x268 .\CortexM3\ARM_GCC_493\Debug\Design01.a(EEPROM_1.o)
 .debug_line    0x00004ec5       0xe4 .\CortexM3\ARM_GCC_493\Debug\Design01.a(I2C_Bus.o)
 .debug_line    0x00004fa9      0x130 .\CortexM3\ARM_GCC_493\Debug\Design01.a(I2C_Bus_INT.o)
 .debug_line    0x000050d9       0xc8 .\CortexM3\ARM_GCC_493\Debug\Design01.a(I2C_Bus_PM.o)
 .debug_line    0x000051a1      0x207 .\CortexM3\ARM_GCC_493\Debug\Design01.a(I2C_Bus_MASTER.o)
 .debug_line    0x000053a8      0x15f .\CortexM3\ARM_GCC_493\Debug\Design01.a(Timer_Animacion.o)
 .debug_line    0x00005507      0x14b .\CortexM3\ARM_GCC_493\Debug\Design01.a(isr_3.o)
 .debug_line    0x00005652      0x160 .\CortexM3\ARM_GCC_493\Debug\Design01.a(Timer_Animacion2.o)
 .debug_line    0x000057b2       0x92 .\CortexM3\ARM_GCC_493\Debug\Design01.a(IB1.o)
 .debug_line    0x00005844       0x92 .\CortexM3\ARM_GCC_493\Debug\Design01.a(IB2.o)
 .debug_line    0x000058d6      0x31e .\CortexM3\ARM_GCC_493\Debug\Design01.a(RF_Connection.o)
 .debug_line    0x00005bf4       0x95 .\CortexM3\ARM_GCC_493\Debug\Design01.a(RF_Connection_INT.o)
 .debug_line    0x00005c89      0x19e .\CortexM3\ARM_GCC_493\Debug\Design01.a(RF_Connection_IntClock.o)
 .debug_line    0x00005e27      0x15a .\CortexM3\ARM_GCC_493\Debug\Design01.a(Waitable_4.o)
 .debug_line    0x00005f81      0x15a .\CortexM3\ARM_GCC_493\Debug\Design01.a(Waitable_3.o)
 .debug_line    0x000060db      0x14b .\CortexM3\ARM_GCC_493\Debug\Design01.a(isr_1.o)
 .debug_line    0x00006226      0x14b .\CortexM3\ARM_GCC_493\Debug\Design01.a(isr_2.o)
 .debug_line    0x00006371      0x1ec .\CortexM3\ARM_GCC_493\Debug\Design01.a(CyFlash.o)
 .debug_line    0x0000655d      0x23e .\CortexM3\ARM_GCC_493\Debug\Design01.a(CySpc.o)

.debug_frame    0x00000000     0x30bc
 *(.debug_frame)
 .debug_frame   0x00000000      0x1dc .\CortexM3\ARM_GCC_493\Debug\main.o
 .debug_frame   0x000001dc      0x164 .\CortexM3\ARM_GCC_493\Debug\protocol.o
 .debug_frame   0x00000340       0xf4 .\CortexM3\ARM_GCC_493\Debug\LCD.o
 .debug_frame   0x00000434       0x34 .\CortexM3\ARM_GCC_493\Debug\keyboard.o
 .debug_frame   0x00000468       0xb0 .\CortexM3\ARM_GCC_493\Debug\I2C.o
 .debug_frame   0x00000518       0x70 .\CortexM3\ARM_GCC_493\Debug\Print.o
 .debug_frame   0x00000588       0x7c .\CortexM3\ARM_GCC_493\Debug\ibuton.o
 .debug_frame   0x00000604       0x80 .\CortexM3\ARM_GCC_493\Debug\RFPoll.o
 .debug_frame   0x00000684       0xac .\CortexM3\ARM_GCC_493\Debug\Cm3Start.o
 .debug_frame   0x00000730       0xe4 .\CortexM3\ARM_GCC_493\Debug\Design01.a(cyfitter_cfg.o)
 .debug_frame   0x00000814      0x250 .\CortexM3\ARM_GCC_493\Debug\Design01.a(Printer.o)
 .debug_frame   0x00000a64      0x25c .\CortexM3\ARM_GCC_493\Debug\Design01.a(Display1.o)
 .debug_frame   0x00000cc0       0x20 .\CortexM3\ARM_GCC_493\Debug\Design01.a(Display1_INT.o)
 .debug_frame   0x00000ce0      0x25c .\CortexM3\ARM_GCC_493\Debug\Design01.a(Display2.o)
 .debug_frame   0x00000f3c       0x20 .\CortexM3\ARM_GCC_493\Debug\Design01.a(Display2_INT.o)
 .debug_frame   0x00000f5c       0xe0 .\CortexM3\ARM_GCC_493\Debug\Design01.a(Display1_IntClock.o)
 .debug_frame   0x0000103c       0xe0 .\CortexM3\ARM_GCC_493\Debug\Design01.a(Display2_IntClock.o)
 .debug_frame   0x0000111c      0x728 .\CortexM3\ARM_GCC_493\Debug\Design01.a(CyLib.o)
 .debug_frame   0x00001844      0x1f8 .\CortexM3\ARM_GCC_493\Debug\Design01.a(cyPm.o)
 .debug_frame   0x00001a3c       0xe0 .\CortexM3\ARM_GCC_493\Debug\Design01.a(Printer_IntClock.o)
 .debug_frame   0x00001b1c      0x25c .\CortexM3\ARM_GCC_493\Debug\Design01.a(Pump.o)
 .debug_frame   0x00001d78       0x20 .\CortexM3\ARM_GCC_493\Debug\Design01.a(Pump_INT.o)
 .debug_frame   0x00001d98      0x17c .\CortexM3\ARM_GCC_493\Debug\Design01.a(EEPROM_1.o)
 .debug_frame   0x00001f14       0x8c .\CortexM3\ARM_GCC_493\Debug\Design01.a(I2C_Bus.o)
 .debug_frame   0x00001fa0       0x30 .\CortexM3\ARM_GCC_493\Debug\Design01.a(I2C_Bus_INT.o)
 .debug_frame   0x00001fd0       0x74 .\CortexM3\ARM_GCC_493\Debug\Design01.a(I2C_Bus_PM.o)
 .debug_frame   0x00002044      0x120 .\CortexM3\ARM_GCC_493\Debug\Design01.a(I2C_Bus_MASTER.o)
 .debug_frame   0x00002164      0x108 .\CortexM3\ARM_GCC_493\Debug\Design01.a(Timer_Animacion.o)
 .debug_frame   0x0000226c      0x104 .\CortexM3\ARM_GCC_493\Debug\Design01.a(isr_3.o)
 .debug_frame   0x00002370      0x108 .\CortexM3\ARM_GCC_493\Debug\Design01.a(Timer_Animacion2.o)
 .debug_frame   0x00002478       0x50 .\CortexM3\ARM_GCC_493\Debug\Design01.a(IB1.o)
 .debug_frame   0x000024c8       0x50 .\CortexM3\ARM_GCC_493\Debug\Design01.a(IB2.o)
 .debug_frame   0x00002518      0x278 .\CortexM3\ARM_GCC_493\Debug\Design01.a(RF_Connection.o)
 .debug_frame   0x00002790       0x20 .\CortexM3\ARM_GCC_493\Debug\Design01.a(RF_Connection_INT.o)
 .debug_frame   0x000027b0       0xe0 .\CortexM3\ARM_GCC_493\Debug\Design01.a(RF_Connection_IntClock.o)
 .debug_frame   0x00002890      0x108 .\CortexM3\ARM_GCC_493\Debug\Design01.a(Waitable_4.o)
 .debug_frame   0x00002998      0x108 .\CortexM3\ARM_GCC_493\Debug\Design01.a(Waitable_3.o)
 .debug_frame   0x00002aa0      0x104 .\CortexM3\ARM_GCC_493\Debug\Design01.a(isr_1.o)
 .debug_frame   0x00002ba4      0x104 .\CortexM3\ARM_GCC_493\Debug\Design01.a(isr_2.o)
 .debug_frame   0x00002ca8      0x174 .\CortexM3\ARM_GCC_493\Debug\Design01.a(CyFlash.o)
 .debug_frame   0x00002e1c      0x160 .\CortexM3\ARM_GCC_493\Debug\Design01.a(CySpc.o)
 .debug_frame   0x00002f7c       0x30 c:/program files (x86)/cypress/psoc creator/3.3/psoc creator/import/gnu/arm/4.9.3/bin/../lib/gcc/arm-none-eabi/4.9.3/../../../../arm-none-eabi/lib/armv7-m\libg_nano.a(lib_a-atoi.o)
 .debug_frame   0x00002fac       0x20 c:/program files (x86)/cypress/psoc creator/3.3/psoc creator/import/gnu/arm/4.9.3/bin/../lib/gcc/arm-none-eabi/4.9.3/../../../../arm-none-eabi/lib/armv7-m\libg_nano.a(lib_a-errno.o)
 .debug_frame   0x00002fcc       0x28 c:/program files (x86)/cypress/psoc creator/3.3/psoc creator/import/gnu/arm/4.9.3/bin/../lib/gcc/arm-none-eabi/4.9.3/../../../../arm-none-eabi/lib/armv7-m\libg_nano.a(lib_a-exit.o)
 .debug_frame   0x00002ff4       0x2c c:/program files (x86)/cypress/psoc creator/3.3/psoc creator/import/gnu/arm/4.9.3/bin/../lib/gcc/arm-none-eabi/4.9.3/../../../../arm-none-eabi/lib/armv7-m\libg_nano.a(lib_a-init.o)
 .debug_frame   0x00003020       0x28 c:/program files (x86)/cypress/psoc creator/3.3/psoc creator/import/gnu/arm/4.9.3/bin/../lib/gcc/arm-none-eabi/4.9.3/../../../../arm-none-eabi/lib/armv7-m\libg_nano.a(lib_a-memcpy.o)
 .debug_frame   0x00003048       0x20 c:/program files (x86)/cypress/psoc creator/3.3/psoc creator/import/gnu/arm/4.9.3/bin/../lib/gcc/arm-none-eabi/4.9.3/../../../../arm-none-eabi/lib/armv7-m\libg_nano.a(lib_a-memset.o)
 .debug_frame   0x00003068       0x54 c:/program files (x86)/cypress/psoc creator/3.3/psoc creator/import/gnu/arm/4.9.3/bin/../lib/gcc/arm-none-eabi/4.9.3/../../../../arm-none-eabi/lib/armv7-m\libg_nano.a(lib_a-strtol.o)

.debug_str      0x00000000     0x4bec
 *(.debug_str)
 .debug_str     0x00000000     0x12b0 .\CortexM3\ARM_GCC_493\Debug\main.o
                               0x1317 (size before relaxing)
 .debug_str     0x000012b0       0xd6 .\CortexM3\ARM_GCC_493\Debug\protocol.o
                                0x9d8 (size before relaxing)
 .debug_str     0x00001386       0xb4 .\CortexM3\ARM_GCC_493\Debug\LCD.o
                                0x8f6 (size before relaxing)
 .debug_str     0x0000143a       0x30 .\CortexM3\ARM_GCC_493\Debug\keyboard.o
                                0x8e0 (size before relaxing)
 .debug_str     0x0000146a       0xa9 .\CortexM3\ARM_GCC_493\Debug\I2C.o
                                0x8ae (size before relaxing)
 .debug_str     0x00001513      0x279 .\CortexM3\ARM_GCC_493\Debug\Print.o
                                0xa78 (size before relaxing)
 .debug_str     0x0000178c       0x43 .\CortexM3\ARM_GCC_493\Debug\ibuton.o
                                0x22f (size before relaxing)
 .debug_str     0x000017cf       0xa0 .\CortexM3\ARM_GCC_493\Debug\RFPoll.o
                                0x9f6 (size before relaxing)
 .debug_str     0x0000186f       0x77 .\CortexM3\ARM_GCC_493\Debug\cymetadata.o
                                0x1f0 (size before relaxing)
 .debug_str     0x000018e6      0x158 .\CortexM3\ARM_GCC_493\Debug\Cm3Start.o
                                0x304 (size before relaxing)
 .debug_str     0x00001a3e      0x17e .\CortexM3\ARM_GCC_493\Debug\Design01.a(cyfitter_cfg.o)
                                0x33e (size before relaxing)
 .debug_str     0x00001bbc      0x31f .\CortexM3\ARM_GCC_493\Debug\Design01.a(Printer.o)
                                0x4cc (size before relaxing)
 .debug_str     0x00001edb      0x31d .\CortexM3\ARM_GCC_493\Debug\Design01.a(Display1.o)
                                0x5df (size before relaxing)
 .debug_str     0x000021f8       0x5d .\CortexM3\ARM_GCC_493\Debug\Design01.a(Display1_INT.o)
                                0x265 (size before relaxing)
 .debug_str     0x00002255      0x2cd .\CortexM3\ARM_GCC_493\Debug\Design01.a(Display2.o)
                                0x5df (size before relaxing)
 .debug_str     0x00002522       0x37 .\CortexM3\ARM_GCC_493\Debug\Design01.a(Display2_INT.o)
                                0x265 (size before relaxing)
 .debug_str     0x00002559      0x1ad .\CortexM3\ARM_GCC_493\Debug\Design01.a(Display1_IntClock.o)
                                0x36c (size before relaxing)
 .debug_str     0x00002706      0x162 .\CortexM3\ARM_GCC_493\Debug\Design01.a(Display2_IntClock.o)
                                0x36c (size before relaxing)
 .debug_str     0x00002868      0x7b4 .\CortexM3\ARM_GCC_493\Debug\Design01.a(CyLib.o)
                                0xa29 (size before relaxing)
 .debug_str     0x0000301c      0x35b .\CortexM3\ARM_GCC_493\Debug\Design01.a(cyPm.o)
                                0x721 (size before relaxing)
 .debug_str     0x00003377      0x158 .\CortexM3\ARM_GCC_493\Debug\Design01.a(Printer_IntClock.o)
                                0x360 (size before relaxing)
 .debug_str     0x000034cf      0x216 .\CortexM3\ARM_GCC_493\Debug\Design01.a(Pump.o)
                                0x524 (size before relaxing)
 .debug_str     0x000036e5       0x2f .\CortexM3\ARM_GCC_493\Debug\Design01.a(Pump_INT.o)
                                0x24c (size before relaxing)
 .debug_str     0x00003714      0x1c9 .\CortexM3\ARM_GCC_493\Debug\Design01.a(EEPROM_1.o)
                                0x3d6 (size before relaxing)
 .debug_str     0x000038dd       0xe7 .\CortexM3\ARM_GCC_493\Debug\Design01.a(I2C_Bus.o)
                                0x316 (size before relaxing)
 .debug_str     0x000039c4       0xf8 .\CortexM3\ARM_GCC_493\Debug\Design01.a(I2C_Bus_INT.o)
                                0x298 (size before relaxing)
 .debug_str     0x00003abc       0x6c .\CortexM3\ARM_GCC_493\Debug\Design01.a(I2C_Bus_PM.o)
                                0x29e (size before relaxing)
 .debug_str     0x00003b28       0xfb .\CortexM3\ARM_GCC_493\Debug\Design01.a(I2C_Bus_MASTER.o)
                                0x40d (size before relaxing)
 .debug_str     0x00003c23      0x1ae .\CortexM3\ARM_GCC_493\Debug\Design01.a(Timer_Animacion.o)
                                0x38f (size before relaxing)
 .debug_str     0x00003dd1       0xcf .\CortexM3\ARM_GCC_493\Debug\Design01.a(isr_3.o)
                                0x2a0 (size before relaxing)
 .debug_str     0x00003ea0      0x1bf .\CortexM3\ARM_GCC_493\Debug\Design01.a(Timer_Animacion2.o)
                                0x39f (size before relaxing)
 .debug_str     0x0000405f       0x4b .\CortexM3\ARM_GCC_493\Debug\Design01.a(IB1.o)
                                0x1de (size before relaxing)
 .debug_str     0x000040aa       0x40 .\CortexM3\ARM_GCC_493\Debug\Design01.a(IB2.o)
                                0x1de (size before relaxing)
 .debug_str     0x000040ea      0x36b .\CortexM3\ARM_GCC_493\Debug\Design01.a(RF_Connection.o)
                                0x698 (size before relaxing)
 .debug_str     0x00004455       0x41 .\CortexM3\ARM_GCC_493\Debug\Design01.a(RF_Connection_INT.o)
                                0x294 (size before relaxing)
 .debug_str     0x00004496      0x194 .\CortexM3\ARM_GCC_493\Debug\Design01.a(RF_Connection_IntClock.o)
                                0x3a8 (size before relaxing)
 .debug_str     0x0000462a      0x154 .\CortexM3\ARM_GCC_493\Debug\Design01.a(Waitable_4.o)
                                0x33f (size before relaxing)
 .debug_str     0x0000477e      0x154 .\CortexM3\ARM_GCC_493\Debug\Design01.a(Waitable_3.o)
                                0x33f (size before relaxing)
 .debug_str     0x000048d2       0xda .\CortexM3\ARM_GCC_493\Debug\Design01.a(isr_1.o)
                                0x2a0 (size before relaxing)
 .debug_str     0x000049ac       0xda .\CortexM3\ARM_GCC_493\Debug\Design01.a(isr_2.o)
                                0x2a0 (size before relaxing)
 .debug_str     0x00004a86       0xf6 .\CortexM3\ARM_GCC_493\Debug\Design01.a(CyFlash.o)
                                0x39b (size before relaxing)
 .debug_str     0x00004b7c       0x70 .\CortexM3\ARM_GCC_493\Debug\Design01.a(CySpc.o)
                                0x324 (size before relaxing)

.debug_loc      0x00000000     0x6e5e
 *(.debug_loc)
 .debug_loc     0x00000000      0x377 .\CortexM3\ARM_GCC_493\Debug\main.o
 .debug_loc     0x00000377      0xe7e .\CortexM3\ARM_GCC_493\Debug\protocol.o
 .debug_loc     0x000011f5      0x411 .\CortexM3\ARM_GCC_493\Debug\LCD.o
 .debug_loc     0x00001606      0x1b8 .\CortexM3\ARM_GCC_493\Debug\keyboard.o
 .debug_loc     0x000017be      0x23d .\CortexM3\ARM_GCC_493\Debug\I2C.o
 .debug_loc     0x000019fb      0xeb5 .\CortexM3\ARM_GCC_493\Debug\Print.o
 .debug_loc     0x000028b0      0x20e .\CortexM3\ARM_GCC_493\Debug\ibuton.o
 .debug_loc     0x00002abe      0x939 .\CortexM3\ARM_GCC_493\Debug\RFPoll.o
 .debug_loc     0x000033f7      0x144 .\CortexM3\ARM_GCC_493\Debug\Cm3Start.o
 .debug_loc     0x0000353b      0x289 .\CortexM3\ARM_GCC_493\Debug\Design01.a(cyfitter_cfg.o)
 .debug_loc     0x000037c4      0x258 .\CortexM3\ARM_GCC_493\Debug\Design01.a(Printer.o)
 .debug_loc     0x00003a1c      0x34e .\CortexM3\ARM_GCC_493\Debug\Design01.a(Display1.o)
 .debug_loc     0x00003d6a       0x45 .\CortexM3\ARM_GCC_493\Debug\Design01.a(Display1_INT.o)
 .debug_loc     0x00003daf      0x34e .\CortexM3\ARM_GCC_493\Debug\Design01.a(Display2.o)
 .debug_loc     0x000040fd       0x45 .\CortexM3\ARM_GCC_493\Debug\Design01.a(Display2_INT.o)
 .debug_loc     0x00004142      0x128 .\CortexM3\ARM_GCC_493\Debug\Design01.a(Display1_IntClock.o)
 .debug_loc     0x0000426a      0x12c .\CortexM3\ARM_GCC_493\Debug\Design01.a(Display2_IntClock.o)
 .debug_loc     0x00004396      0xa11 .\CortexM3\ARM_GCC_493\Debug\Design01.a(CyLib.o)
 .debug_loc     0x00004da7      0x1e4 .\CortexM3\ARM_GCC_493\Debug\Design01.a(cyPm.o)
 .debug_loc     0x00004f8b      0x128 .\CortexM3\ARM_GCC_493\Debug\Design01.a(Printer_IntClock.o)
 .debug_loc     0x000050b3      0x34e .\CortexM3\ARM_GCC_493\Debug\Design01.a(Pump.o)
 .debug_loc     0x00005401       0x45 .\CortexM3\ARM_GCC_493\Debug\Design01.a(Pump_INT.o)
 .debug_loc     0x00005446      0x49f .\CortexM3\ARM_GCC_493\Debug\Design01.a(EEPROM_1.o)
 .debug_loc     0x000058e5       0x26 .\CortexM3\ARM_GCC_493\Debug\Design01.a(I2C_Bus.o)
 .debug_loc     0x0000590b       0x29 .\CortexM3\ARM_GCC_493\Debug\Design01.a(I2C_Bus_INT.o)
 .debug_loc     0x00005934       0x13 .\CortexM3\ARM_GCC_493\Debug\Design01.a(I2C_Bus_PM.o)
 .debug_loc     0x00005947      0x531 .\CortexM3\ARM_GCC_493\Debug\Design01.a(I2C_Bus_MASTER.o)
 .debug_loc     0x00005e78       0x56 .\CortexM3\ARM_GCC_493\Debug\Design01.a(isr_3.o)
 .debug_loc     0x00005ece       0x42 .\CortexM3\ARM_GCC_493\Debug\Design01.a(IB1.o)
 .debug_loc     0x00005f10       0x55 .\CortexM3\ARM_GCC_493\Debug\Design01.a(IB2.o)
 .debug_loc     0x00005f65      0x393 .\CortexM3\ARM_GCC_493\Debug\Design01.a(RF_Connection.o)
 .debug_loc     0x000062f8       0x45 .\CortexM3\ARM_GCC_493\Debug\Design01.a(RF_Connection_INT.o)
 .debug_loc     0x0000633d      0x128 .\CortexM3\ARM_GCC_493\Debug\Design01.a(RF_Connection_IntClock.o)
 .debug_loc     0x00006465       0x56 .\CortexM3\ARM_GCC_493\Debug\Design01.a(isr_1.o)
 .debug_loc     0x000064bb       0x56 .\CortexM3\ARM_GCC_493\Debug\Design01.a(isr_2.o)
 .debug_loc     0x00006511      0x300 .\CortexM3\ARM_GCC_493\Debug\Design01.a(CyFlash.o)
 .debug_loc     0x00006811      0x64d .\CortexM3\ARM_GCC_493\Debug\Design01.a(CySpc.o)

.debug_macinfo
 *(.debug_macinfo)

.debug_ranges   0x00000000     0x1100
 *(.debug_ranges)
 .debug_ranges  0x00000000       0x80 .\CortexM3\ARM_GCC_493\Debug\main.o
 .debug_ranges  0x00000080       0x58 .\CortexM3\ARM_GCC_493\Debug\protocol.o
 .debug_ranges  0x000000d8       0x38 .\CortexM3\ARM_GCC_493\Debug\LCD.o
 .debug_ranges  0x00000110       0x10 .\CortexM3\ARM_GCC_493\Debug\keyboard.o
 .debug_ranges  0x00000120       0x30 .\CortexM3\ARM_GCC_493\Debug\I2C.o
 .debug_ranges  0x00000150       0x20 .\CortexM3\ARM_GCC_493\Debug\Print.o
 .debug_ranges  0x00000170       0x28 .\CortexM3\ARM_GCC_493\Debug\ibuton.o
 .debug_ranges  0x00000198       0x20 .\CortexM3\ARM_GCC_493\Debug\RFPoll.o
 .debug_ranges  0x000001b8       0x38 .\CortexM3\ARM_GCC_493\Debug\Cm3Start.o
 .debug_ranges  0x000001f0       0x48 .\CortexM3\ARM_GCC_493\Debug\Design01.a(cyfitter_cfg.o)
 .debug_ranges  0x00000238       0xe0 .\CortexM3\ARM_GCC_493\Debug\Design01.a(Printer.o)
 .debug_ranges  0x00000318       0xe0 .\CortexM3\ARM_GCC_493\Debug\Design01.a(Display1.o)
 .debug_ranges  0x000003f8       0x10 .\CortexM3\ARM_GCC_493\Debug\Design01.a(Display1_INT.o)
 .debug_ranges  0x00000408       0xe0 .\CortexM3\ARM_GCC_493\Debug\Design01.a(Display2.o)
 .debug_ranges  0x000004e8       0x10 .\CortexM3\ARM_GCC_493\Debug\Design01.a(Display2_INT.o)
 .debug_ranges  0x000004f8       0x60 .\CortexM3\ARM_GCC_493\Debug\Design01.a(Display1_IntClock.o)
 .debug_ranges  0x00000558       0x60 .\CortexM3\ARM_GCC_493\Debug\Design01.a(Display2_IntClock.o)
 .debug_ranges  0x000005b8      0x288 .\CortexM3\ARM_GCC_493\Debug\Design01.a(CyLib.o)
 .debug_ranges  0x00000840       0x88 .\CortexM3\ARM_GCC_493\Debug\Design01.a(cyPm.o)
 .debug_ranges  0x000008c8       0x60 .\CortexM3\ARM_GCC_493\Debug\Design01.a(Printer_IntClock.o)
 .debug_ranges  0x00000928       0xe0 .\CortexM3\ARM_GCC_493\Debug\Design01.a(Pump.o)
 .debug_ranges  0x00000a08       0x10 .\CortexM3\ARM_GCC_493\Debug\Design01.a(Pump_INT.o)
 .debug_ranges  0x00000a18       0x68 .\CortexM3\ARM_GCC_493\Debug\Design01.a(EEPROM_1.o)
 .debug_ranges  0x00000a80       0x28 .\CortexM3\ARM_GCC_493\Debug\Design01.a(I2C_Bus.o)
 .debug_ranges  0x00000aa8       0x10 .\CortexM3\ARM_GCC_493\Debug\Design01.a(I2C_Bus_INT.o)
 .debug_ranges  0x00000ab8       0x28 .\CortexM3\ARM_GCC_493\Debug\Design01.a(I2C_Bus_PM.o)
 .debug_ranges  0x00000ae0       0x78 .\CortexM3\ARM_GCC_493\Debug\Design01.a(I2C_Bus_MASTER.o)
 .debug_ranges  0x00000b58       0x78 .\CortexM3\ARM_GCC_493\Debug\Design01.a(Timer_Animacion.o)
 .debug_ranges  0x00000bd0       0x70 .\CortexM3\ARM_GCC_493\Debug\Design01.a(isr_3.o)
 .debug_ranges  0x00000c40       0x78 .\CortexM3\ARM_GCC_493\Debug\Design01.a(Timer_Animacion2.o)
 .debug_ranges  0x00000cb8       0x28 .\CortexM3\ARM_GCC_493\Debug\Design01.a(IB1.o)
 .debug_ranges  0x00000ce0       0x28 .\CortexM3\ARM_GCC_493\Debug\Design01.a(IB2.o)
 .debug_ranges  0x00000d08       0xe0 .\CortexM3\ARM_GCC_493\Debug\Design01.a(RF_Connection.o)
 .debug_ranges  0x00000de8       0x10 .\CortexM3\ARM_GCC_493\Debug\Design01.a(RF_Connection_INT.o)
 .debug_ranges  0x00000df8       0x60 .\CortexM3\ARM_GCC_493\Debug\Design01.a(RF_Connection_IntClock.o)
 .debug_ranges  0x00000e58       0x78 .\CortexM3\ARM_GCC_493\Debug\Design01.a(Waitable_4.o)
 .debug_ranges  0x00000ed0       0x78 .\CortexM3\ARM_GCC_493\Debug\Design01.a(Waitable_3.o)
 .debug_ranges  0x00000f48       0x70 .\CortexM3\ARM_GCC_493\Debug\Design01.a(isr_1.o)