Archive member included because of file (symbol)

.\CortexM3\ARM_GCC_493\Debug\Design01.a(cyfitter_cfg.o)
                              .\CortexM3\ARM_GCC_493\Debug\Cm3Start.o (cyfitter_cfg)
.\CortexM3\ARM_GCC_493\Debug\Design01.a(RF_Physical.o)
                              .\CortexM3\ARM_GCC_493\Debug\main.o (RF_Physical_Start)
.\CortexM3\ARM_GCC_493\Debug\Design01.a(RF_Physical_INT.o)
                              .\CortexM3\ARM_GCC_493\Debug\Design01.a(RF_Physical.o) (RF_Physical_RXISR)
.\CortexM3\ARM_GCC_493\Debug\Design01.a(Printer.o)
                              .\CortexM3\ARM_GCC_493\Debug\main.o (Printer_Start)
.\CortexM3\ARM_GCC_493\Debug\Design01.a(Display1.o)
                              .\CortexM3\ARM_GCC_493\Debug\main.o (Display1_Start)
.\CortexM3\ARM_GCC_493\Debug\Design01.a(Display1_INT.o)
                              .\CortexM3\ARM_GCC_493\Debug\Design01.a(Display1.o) (Display1_RXISR)
.\CortexM3\ARM_GCC_493\Debug\Design01.a(Display2.o)
                              .\CortexM3\ARM_GCC_493\Debug\main.o (Display2_Start)
.\CortexM3\ARM_GCC_493\Debug\Design01.a(Display2_INT.o)
                              .\CortexM3\ARM_GCC_493\Debug\Design01.a(Display2.o) (Display2_RXISR)
.\CortexM3\ARM_GCC_493\Debug\Design01.a(RF_Physical_IntClock.o)
                              .\CortexM3\ARM_GCC_493\Debug\Design01.a(RF_Physical.o) (RF_Physical_IntClock_Start)
.\CortexM3\ARM_GCC_493\Debug\Design01.a(Display1_IntClock.o)
                              .\CortexM3\ARM_GCC_493\Debug\Design01.a(Display1.o) (Display1_IntClock_Start)
.\CortexM3\ARM_GCC_493\Debug\Design01.a(Display2_IntClock.o)
                              .\CortexM3\ARM_GCC_493\Debug\Design01.a(Display2.o) (Display2_IntClock_Start)
.\CortexM3\ARM_GCC_493\Debug\Design01.a(CyBootAsmGnu.o)
                              .\CortexM3\ARM_GCC_493\Debug\Design01.a(cyfitter_cfg.o) (CyDelayCycles)
.\CortexM3\ARM_GCC_493\Debug\Design01.a(CyLib.o)
                              .\CortexM3\ARM_GCC_493\Debug\Cm3Start.o (CyHalt)
.\CortexM3\ARM_GCC_493\Debug\Design01.a(cyPm.o)
                              .\CortexM3\ARM_GCC_493\Debug\Design01.a(CyLib.o) (CyPmReadStatus)
.\CortexM3\ARM_GCC_493\Debug\Design01.a(Printer_IntClock.o)
                              .\CortexM3\ARM_GCC_493\Debug\Design01.a(Printer.o) (Printer_IntClock_Start)
.\CortexM3\ARM_GCC_493\Debug\Design01.a(Pump.o)
                              .\CortexM3\ARM_GCC_493\Debug\main.o (Pump_Start)
.\CortexM3\ARM_GCC_493\Debug\Design01.a(Pump_INT.o)
                              .\CortexM3\ARM_GCC_493\Debug\Design01.a(Pump.o) (Pump_RXISR)
.\CortexM3\ARM_GCC_493\Debug\Design01.a(EEPROM_1.o)
                              .\CortexM3\ARM_GCC_493\Debug\main.o (EEPROM_1_Start)
.\CortexM3\ARM_GCC_493\Debug\Design01.a(I2C_Bus.o)
                              .\CortexM3\ARM_GCC_493\Debug\main.o (I2C_Bus_Start)
.\CortexM3\ARM_GCC_493\Debug\Design01.a(I2C_Bus_INT.o)
                              .\CortexM3\ARM_GCC_493\Debug\Design01.a(I2C_Bus.o) (I2C_Bus_ISR)
.\CortexM3\ARM_GCC_493\Debug\Design01.a(I2C_Bus_PM.o)
                              .\CortexM3\ARM_GCC_493\Debug\Design01.a(I2C_Bus.o) (I2C_Bus_backup)
.\CortexM3\ARM_GCC_493\Debug\Design01.a(I2C_Bus_MASTER.o)
                              .\CortexM3\ARM_GCC_493\Debug\Design01.a(I2C_Bus_INT.o) (I2C_Bus_mstrStatus)
.\CortexM3\ARM_GCC_493\Debug\Design01.a(CyFlash.o)
                              .\CortexM3\ARM_GCC_493\Debug\Design01.a(EEPROM_1.o) (dieTemperature)
.\CortexM3\ARM_GCC_493\Debug\Design01.a(CySpc.o)
                              .\CortexM3\ARM_GCC_493\Debug\Design01.a(EEPROM_1.o) (CySpcStart)
c:/program files (x86)/cypress/psoc creator/3.3/psoc creator/import/gnu/arm/4.9.3/bin/../lib/gcc/arm-none-eabi/4.9.3/../../../../arm-none-eabi/lib/armv7-m\libg_nano.a(lib_a-errno.o)
                              .\CortexM3\ARM_GCC_493\Debug\Cm3Start.o (__errno)
c:/program files (x86)/cypress/psoc creator/3.3/psoc creator/import/gnu/arm/4.9.3/bin/../lib/gcc/arm-none-eabi/4.9.3/../../../../arm-none-eabi/lib/armv7-m\libg_nano.a(lib_a-exit.o)
                              c:/program files (x86)/cypress/psoc creator/3.3/psoc creator/import/gnu/arm/4.9.3/bin/../lib/gcc/arm-none-eabi/4.9.3/../../../../arm-none-eabi/lib/armv7-m/crt0.o (exit)
c:/program files (x86)/cypress/psoc creator/3.3/psoc creator/import/gnu/arm/4.9.3/bin/../lib/gcc/arm-none-eabi/4.9.3/../../../../arm-none-eabi/lib/armv7-m\libg_nano.a(lib_a-impure.o)
                              c:/program files (x86)/cypress/psoc creator/3.3/psoc creator/import/gnu/arm/4.9.3/bin/../lib/gcc/arm-none-eabi/4.9.3/../../../../arm-none-eabi/lib/armv7-m\libg_nano.a(lib_a-exit.o) (_global_impure_ptr)
c:/program files (x86)/cypress/psoc creator/3.3/psoc creator/import/gnu/arm/4.9.3/bin/../lib/gcc/arm-none-eabi/4.9.3/../../../../arm-none-eabi/lib/armv7-m\libg_nano.a(lib_a-init.o)
[...]
Memory Configuration

Name             Origin             Length             Attributes
rom              0x00000000         0x00040000         xr
ram              0x1fff8000         0x00010000         xrw
*default*        0x00000000         0xffffffff

Linker script and memory map

LOAD c:/program files (x86)/cypress/psoc creator/3.3/psoc creator/import/gnu/arm/4.9.3/bin/../lib/gcc/arm-none-eabi/4.9.3/armv7-m/crti.o
LOAD c:/program files (x86)/cypress/psoc creator/3.3/psoc creator/import/gnu/arm/4.9.3/bin/../lib/gcc/arm-none-eabi/4.9.3/armv7-m/crtbegin.o
LOAD c:/program files (x86)/cypress/psoc creator/3.3/psoc creator/import/gnu/arm/4.9.3/bin/../lib/gcc/arm-none-eabi/4.9.3/../../../../arm-none-eabi/lib/armv7-m/crt0.o
START GROUP
LOAD .\CortexM3\ARM_GCC_493\Debug\main.o
LOAD .\CortexM3\ARM_GCC_493\Debug\protocol.o
LOAD .\CortexM3\ARM_GCC_493\Debug\LCD.o
LOAD .\CortexM3\ARM_GCC_493\Debug\keyboard.o
LOAD .\CortexM3\ARM_GCC_493\Debug\I2C.o
LOAD .\CortexM3\ARM_GCC_493\Debug\Print.o
LOAD .\CortexM3\ARM_GCC_493\Debug\cymetadata.o
LOAD .\CortexM3\ARM_GCC_493\Debug\Cm3Start.o
LOAD .\CortexM3\ARM_GCC_493\Debug\Design01.a
LOAD C:\Program Files (x86)\Cypress\PSoC Creator\3.3\PSoC Creator\psoc\content\cycomponentlibrary\CyComponentLibrary.cylib\CortexM3\ARM_GCC_493\Debug\CyComponentLibrary.a
END GROUP
START GROUP
LOAD c:/program files (x86)/cypress/psoc creator/3.3/psoc creator/import/gnu/arm/4.9.3/bin/../lib/gcc/arm-none-eabi/4.9.3/armv7-m\libgcc.a
LOAD c:/program files (x86)/cypress/psoc creator/3.3/psoc creator/import/gnu/arm/4.9.3/bin/../lib/gcc/arm-none-eabi/4.9.3/../../../../arm-none-eabi/lib/armv7-m\libg_nano.a
LOAD c:/program files (x86)/cypress/psoc creator/3.3/psoc creator/import/gnu/arm/4.9.3/bin/../lib/gcc/arm-none-eabi/4.9.3/../../../../arm-none-eabi/lib/armv7-m\libc_nano.a
END GROUP
START GROUP
LOAD c:/program files (x86)/cypress/psoc creator/3.3/psoc creator/import/gnu/arm/4.9.3/bin/../lib/gcc/arm-none-eabi/4.9.3/armv7-m\libgcc.a
LOAD c:/program files (x86)/cypress/psoc creator/3.3/psoc creator/import/gnu/arm/4.9.3/bin/../lib/gcc/arm-none-eabi/4.9.3/../../../../arm-none-eabi/lib/armv7-m\libc_nano.a
END GROUP
LOAD c:/program files (x86)/cypress/psoc creator/3.3/psoc creator/import/gnu/arm/4.9.3/bin/../lib/gcc/arm-none-eabi/4.9.3/armv7-m/crtend.o
LOAD c:/program files (x86)/cypress/psoc creator/3.3/psoc creator/import/gnu/arm/4.9.3/bin/../lib/gcc/arm-none-eabi/4.9.3/armv7-m/crtn.o
START GROUP
LOAD c:/program files (x86)/cypress/psoc creator/3.3/psoc creator/import/gnu/arm/4.9.3/bin/../lib/gcc/arm-none-eabi/4.9.3/armv7-m\libgcc.a
LOAD c:/program files (x86)/cypress/psoc creator/3.3/psoc creator/import/gnu/arm/4.9.3/bin/../lib/gcc/arm-none-eabi/4.9.3/../../../../arm-none-eabi/lib/armv7-m\libc.a
LOAD c:/program files (x86)/cypress/psoc creator/3.3/psoc creator/import/gnu/arm/4.9.3/bin/../lib/gcc/arm-none-eabi/4.9.3/../../../../arm-none-eabi/lib/armv7-m\libnosys.a
END GROUP
                0x00000000                CY_APPL_ORIGIN = 0x0
                0x00000100                CY_FLASH_ROW_SIZE = 0x100
                0x00000020                CY_ECC_ROW_SIZE = 0x20
                0x00000000                CY_EE_IN_BTLDR = 0x0
                0x00000000                CY_APPL_LOADABLE = 0x0
                0x00000800                CY_EE_SIZE = 0x800
                0x00000001                CY_APPL_NUM = 0x1
                0x00000001                CY_APPL_MAX = 0x1
                0x00000040                CY_METADATA_SIZE = 0x40
                0x00000000                CY_APPL_LOADABLE = 0x0
                0x00000000                CY_CHECKSUM_EXCLUDE_SIZE = ALIGN (0x0, CY_FLASH_ROW_SIZE)
                0x1fff95c8                PROVIDE (__cy_heap_start, _end)
                0x00000001                PROVIDE (__cy_region_num, ((__cy_regions_end - __cy_regions) / 0x10))
                0x20008000                PROVIDE (__cy_stack, (ORIGIN (ram) + 0x10000))
                0x20007800                PROVIDE (__cy_heap_end, (__cy_stack - 0x800))

.cybootloader   0x00000000        0x0
 *(.cybootloader)
                0x00000000                appl1_start = CY_APPL_ORIGIN?CY_APPL_ORIGIN:ALIGN (CY_FLASH_ROW_SIZE)
                0x0001ff00                appl2_start = (appl1_start + ALIGN ((((0x40000 - appl1_start) - (0x2 * CY_FLASH_ROW_SIZE)) / 0x2), CY_FLASH_ROW_SIZE))
                0x00000000                appl_start = (CY_APPL_NUM == 0x1)?appl1_start:appl2_start
                0x00000000                ecc_offset = ((appl_start / CY_FLASH_ROW_SIZE) * CY_ECC_ROW_SIZE)
                0x00000000                ee_offset = (CY_APPL_LOADABLE && ! (CY_EE_IN_BTLDR))?((CY_EE_SIZE / CY_APPL_MAX) * (CY_APPL_NUM - 0x1)):0x0
                0x00000800                ee_size = (CY_APPL_LOADABLE && ! (CY_EE_IN_BTLDR))?(CY_EE_SIZE / CY_APPL_MAX):CY_EE_SIZE
                0x00000000                PROVIDE (CY_ECC_OFFSET, ecc_offset)

.text           0x00000000     0x3a0e
 CREATE_OBJECT_SYMBOLS
                0x00000000                PROVIDE (__cy_interrupt_vector, RomVectors)
 *(.romvectors)
 .romvectors    0x00000000       0x10 .\CortexM3\ARM_GCC_493\Debug\Cm3Start.o
                0x00000000                RomVectors
                0x00000001                ASSERT ((. != __cy_interrupt_vector), No interrupt vector)
                0x00000001                ASSERT (CY_APPL_ORIGIN?(SIZEOF (.cybootloader) <= CY_APPL_ORIGIN):0x1, Wrong image location)
                0x00000010                PROVIDE (__cy_reset, Reset)
 *(.text.Reset)
 .text.Reset    0x00000010       0x18 .\CortexM3\ARM_GCC_493\Debug\Cm3Start.o
                0x00000010                Reset
                0x00000001                ASSERT ((. != __cy_reset), No reset code)
 *(.dma_init)
                0x00000001                ASSERT ((((appl_start + .) <= 0x10000) || 0x1), DMA Init must be within the first 64k of flash)
 *(.text .text.* .gnu.linkonce.t.*)
 .text          0x00000028       0x5c c:/program files (x86)/cypress/psoc creator/3.3/psoc creator/import/gnu/arm/4.9.3/bin/../lib/gcc/arm-none-eabi/4.9.3/armv7-m/crtbegin.o
 .text.GlobalInitializer
                0x00000084       0x20 .\CortexM3\ARM_GCC_493\Debug\main.o
                0x00000084                GlobalInitializer
 .text.StoreConfiguration
                0x000000a4       0x74 .\CortexM3\ARM_GCC_493\Debug\main.o
                0x000000a4                StoreConfiguration
 .text.InitDisplay1
                0x00000118      0x28c .\CortexM3\ARM_GCC_493\Debug\main.o
                0x00000118                InitDisplay1
 .text.InitDisplay2
                0x000003a4       0x50 .\CortexM3\ARM_GCC_493\Debug\main.o
                0x000003a4                InitDisplay2
 .text.InitPump
                0x000003f4       0xc4 .\CortexM3\ARM_GCC_493\Debug\main.o
                0x000003f4                InitPump
 .text.PollingDisplay1
                0x000004b8      0x70c .\CortexM3\ARM_GCC_493\Debug\main.o
                0x000004b8                PollingDisplay1
 .text.PollingDisplay2
                0x00000bc4      0x32c .\CortexM3\ARM_GCC_493\Debug\main.o
                0x00000bc4                PollingDisplay2
 .text.main     0x00000ef0       0x48 .\CortexM3\ARM_GCC_493\Debug\main.o
                0x00000ef0                main
 .text.get_state
                0x00000f38       0x30 .\CortexM3\ARM_GCC_493\Debug\protocol.o
                0x00000f38                get_state
 .text.get_position
                0x00000f68      0x120 .\CortexM3\ARM_GCC_493\Debug\protocol.o
                0x00000f68                get_position
 .text.getSale  0x00001088      0x3c8 .\CortexM3\ARM_GCC_493\Debug\protocol.o
                0x00001088                getSale
 .text.PumpIsInValidState
                0x00001450       0x14 .\CortexM3\ARM_GCC_493\Debug\protocol.o
                0x00001450                PumpIsInValidState
 .text.GetLRC   0x00001464       0x28 .\CortexM3\ARM_GCC_493\Debug\protocol.o
                0x00001464                GetLRC
 .text.PresetData
                0x0000148c      0x1b4 .\CortexM3\ARM_GCC_493\Debug\protocol.o
                0x0000148c                PresetData
 .text.PumpCompleteConfiguration
                0x00001640      0x124 .\CortexM3\ARM_GCC_493\Debug\protocol.o
                0x00001640                PumpCompleteConfiguration
 .text.PumpHoseActiveState
                0x00001764       0xd4 .\CortexM3\ARM_GCC_493\Debug\protocol.o
                0x00001764                PumpHoseActiveState
 .text.SetPicture
                0x00001838       0x50 .\CortexM3\ARM_GCC_493\Debug\LCD.o
                0x00001838                SetPicture
 .text.WriteMessage
                0x00001888       0xc8 .\CortexM3\ARM_GCC_493\Debug\LCD.o
                0x00001888                WriteMessage
 .text.ShowRectangle
                0x00001950       0x5c .\CortexM3\ARM_GCC_493\Debug\LCD.o
                0x00001950                ShowRectangle
 .text.ShowMessage
                0x000019ac       0x34 .\CortexM3\ARM_GCC_493\Debug\LCD.o
                0x000019ac                ShowMessage
 .text.UnmapCode
                0x000019e0       0x1c .\CortexM3\ARM_GCC_493\Debug\LCD.o
                0x000019e0                UnmapCode
 .text.WriteLCD
                0x000019fc       0xc8 .\CortexM3\ARM_GCC_493\Debug\LCD.o
                0x000019fc                WriteLCD
 .text.alphanumeric_keyboard
                0x00001ac4      0x494 .\CortexM3\ARM_GCC_493\Debug\keyboard.o
                0x00001ac4                alphanumeric_keyboard
 .text.write_psoc1
                0x00001f58       0x48 .\CortexM3\ARM_GCC_493\Debug\I2C.o
                0x00001f58                write_psoc1
 .text.printLogoP
                0x00001fa0      0x1f0 .\CortexM3\ARM_GCC_493\Debug\Print.o
                0x00001fa0                printLogoP
 .text.imprimir
                0x00002190      0x268 .\CortexM3\ARM_GCC_493\Debug\Print.o
                0x00002190                imprimir
 .text.IntDefaultHandler
                0x000023f8        0x4 .\CortexM3\ARM_GCC_493\Debug\Cm3Start.o
                0x000023f8                IntDefaultHandler
 .text.Start_c  0x000023fc       0x4c .\CortexM3\ARM_GCC_493\Debug\Cm3Start.o
                0x000023fc                Start_c
 .text.initialize_psoc
                0x00002448       0x74 .\CortexM3\ARM_GCC_493\Debug\Cm3Start.o
                0x00002448                initialize_psoc
 .text.CyClockStartupError
                0x000024bc        0x4 .\CortexM3\ARM_GCC_493\Debug\Design01.a(cyfitter_cfg.o)
 .text.cfg_write_bytes32
                0x000024c0       0x34 .\CortexM3\ARM_GCC_493\Debug\Design01.a(cyfitter_cfg.o)
 .text.AnalogSetDefault
                0x000024f4       0x28 .\CortexM3\ARM_GCC_493\Debug\Design01.a(cyfitter_cfg.o)
 .text.CYMEMZERO
                0x0000251c        0xc .\CortexM3\ARM_GCC_493\Debug\Design01.a(cyfitter_cfg.o)
 .text.ClockSetup
                0x00002528       0xec .\CortexM3\ARM_GCC_493\Debug\Design01.a(cyfitter_cfg.o)
 .text.CYCONFIGCPY
                0x00002614        0x8 .\CortexM3\ARM_GCC_493\Debug\Design01.a(cyfitter_cfg.o)
 .text.cyfitter_cfg
                0x0000261c      0x13c .\CortexM3\ARM_GCC_493\Debug\Design01.a(cyfitter_cfg.o)
                0x0000261c                cyfitter_cfg
 .text.RF_Physical_Init
                0x00002758       0x44 .\CortexM3\ARM_GCC_493\Debug\Design01.a(RF_Physical.o)
                0x00002758                RF_Physical_Init
 .text.RF_Physical_Enable
                0x0000279c       0x44 .\CortexM3\ARM_GCC_493\Debug\Design01.a(RF_Physical.o)
                0x0000279c                RF_Physical_Enable
 .text.RF_Physical_Start
                0x000027e0       0x1c .\CortexM3\ARM_GCC_493\Debug\Design01.a(RF_Physical.o)
                0x000027e0                RF_Physical_Start
 .text.RF_Physical_RXISR
                0x000027fc       0x9c .\CortexM3\ARM_GCC_493\Debug\Design01.a(RF_Physical_INT.o)
                0x000027fc                RF_Physical_RXISR
 .text.Printer_Init
                0x00002898       0x24 .\CortexM3\ARM_GCC_493\Debug\Design01.a(Printer.o)
                0x00002898                Printer_Init
 .text.Printer_Enable
                0x000028bc       0x38 .\CortexM3\ARM_GCC_493\Debug\Design01.a(Printer.o)
                0x000028bc                Printer_Enable
 .text.Printer_Start
                0x000028f4       0x1c .\CortexM3\ARM_GCC_493\Debug\Design01.a(Printer.o)
                0x000028f4                Printer_Start
 .text.Display1_Init
                0x00002910       0x44 .\CortexM3\ARM_GCC_493\Debug\Design01.a(Display1.o)
                0x00002910                Display1_Init
 .text.Display1_Enable
                0x00002954       0x44 .\CortexM3\ARM_GCC_493\Debug\Design01.a(Display1.o)
                0x00002954                Display1_Enable
 .text.Display1_Start
                0x00002998       0x1c .\CortexM3\ARM_GCC_493\Debug\Design01.a(Display1.o)
                0x00002998                Display1_Start
 .text.Display1_GetRxBufferSize
                0x000029b4       0x5c .\CortexM3\ARM_GCC_493\Debug\Design01.a(Display1.o)
                0x000029b4                Display1_GetRxBufferSize
 .text.Display1_ClearRxBuffer
                0x00002a10       0x44 .\CortexM3\ARM_GCC_493\Debug\Design01.a(Display1.o)
                0x00002a10                Display1_ClearRxBuffer
 .text.Display1_PutChar
                0x00002a54       0x18 .\CortexM3\ARM_GCC_493\Debug\Design01.a(Display1.o)
                0x00002a54                Display1_PutChar
 .text.Display1_RXISR
                0x00002a6c       0x94 .\CortexM3\ARM_GCC_493\Debug\Design01.a(Display1_INT.o)
                0x00002a6c                Display1_RXISR
 .text.Display2_Init
                0x00002b00       0x44 .\CortexM3\ARM_GCC_493\Debug\Design01.a(Display2.o)
                0x00002b00                Display2_Init
 .text.Display2_Enable
                0x00002b44       0x44 .\CortexM3\ARM_GCC_493\Debug\Design01.a(Display2.o)
                0x00002b44                Display2_Enable
 .text.Display2_Start
                0x00002b88       0x1c .\CortexM3\ARM_GCC_493\Debug\Design01.a(Display2.o)
                0x00002b88                Display2_Start
 .text.Display2_GetRxBufferSize
                0x00002ba4       0x5c .\CortexM3\ARM_GCC_493\Debug\Design01.a(Display2.o)
                0x00002ba4                Display2_GetRxBufferSize
 .text.Display2_ClearRxBuffer
                0x00002c00       0x44 .\CortexM3\ARM_GCC_493\Debug\Design01.a(Display2.o)
                0x00002c00                Display2_ClearRxBuffer
 .text.Display2_PutChar
                0x00002c44       0x18 .\CortexM3\ARM_GCC_493\Debug\Design01.a(Display2.o)
                0x00002c44                Display2_PutChar
 .text.Display2_RXISR
                0x00002c5c       0x94 .\CortexM3\ARM_GCC_493\Debug\Design01.a(Display2_INT.o)
                0x00002c5c                Display2_RXISR
 .text.RF_Physical_IntClock_Start
                0x00002cf0       0x1c .\CortexM3\ARM_GCC_493\Debug\Design01.a(RF_Physical_IntClock.o)
                0x00002cf0                RF_Physical_IntClock_Start
 .text.Display1_IntClock_Start
                0x00002d0c       0x1c .\CortexM3\ARM_GCC_493\Debug\Design01.a(Display1_IntClock.o)
                0x00002d0c                Display1_IntClock_Start
 .text.Display2_IntClock_Start
                0x00002d28       0x1c .\CortexM3\ARM_GCC_493\Debug\Design01.a(Display2_IntClock.o)
                0x00002d28                Display2_IntClock_Start
 *fill*         0x00002d44        0x4 
 .text          0x00002d48       0x20 .\CortexM3\ARM_GCC_493\Debug\Design01.a(CyBootAsmGnu.o)
                0x00002d48                CyDelayCycles
                0x00002d58                CyEnterCriticalSection
                0x00002d60                CyExitCriticalSection
 .text.CyHalt   0x00002d68        0x4 .\CortexM3\ARM_GCC_493\Debug\Design01.a(CyLib.o)
                0x00002d68                CyHalt
 .text.CyDelay  0x00002d6c       0x2c .\CortexM3\ARM_GCC_493\Debug\Design01.a(CyLib.o)
                0x00002d6c                CyDelay
 .text.CyDelayUs
                0x00002d98       0x14 .\CortexM3\ARM_GCC_493\Debug\Design01.a(CyLib.o)
                0x00002d98                CyDelayUs
 .text.CyWdtStart
                0x00002dac       0x40 .\CortexM3\ARM_GCC_493\Debug\Design01.a(CyLib.o)
                0x00002dac                CyWdtStart
 .text.CyWdtClear
                0x00002dec        0xc .\CortexM3\ARM_GCC_493\Debug\Design01.a(CyLib.o)
                0x00002dec                CyWdtClear
 .text.CyIntSetVector
                0x00002df8       0x28 .\CortexM3\ARM_GCC_493\Debug\Design01.a(CyLib.o)
                0x00002df8                CyIntSetVector
 .text.CyIntSetPriority
                0x00002e20       0x30 .\CortexM3\ARM_GCC_493\Debug\Design01.a(CyLib.o)
                0x00002e20                CyIntSetPriority
 .text.Printer_IntClock_Start
                0x00002e50       0x1c .\CortexM3\ARM_GCC_493\Debug\Design01.a(Printer_IntClock.o)
                0x00002e50                Printer_IntClock_Start
 .text.Pump_Init
                0x00002e6c       0x48 .\CortexM3\ARM_GCC_493\Debug\Design01.a(Pump.o)
                0x00002e6c                Pump_Init
 .text.Pump_Enable
                0x00002eb4       0x3c .\CortexM3\ARM_GCC_493\Debug\Design01.a(Pump.o)
                0x00002eb4                Pump_Enable
 .text.Pump_Start
                0x00002ef0       0x1c .\CortexM3\ARM_GCC_493\Debug\Design01.a(Pump.o)
                0x00002ef0                Pump_Start
 .text.Pump_ReadRxData
                0x00002f0c       0x64 .\CortexM3\ARM_GCC_493\Debug\Design01.a(Pump.o)
                0x00002f0c                Pump_ReadRxData
 .text.Pump_GetRxBufferSize
                0x00002f70       0x68 .\CortexM3\ARM_GCC_493\Debug\Design01.a(Pump.o)
                0x00002f70                Pump_GetRxBufferSize
 .text.Pump_ClearRxBuffer
                0x00002fd8       0x44 .\CortexM3\ARM_GCC_493\Debug\Design01.a(Pump.o)
                0x00002fd8                Pump_ClearRxBuffer
 .text.Pump_PutChar
                0x0000301c       0x18 .\CortexM3\ARM_GCC_493\Debug\Design01.a(Pump.o)
                0x0000301c                Pump_PutChar
 .text.Pump_RXISR
                0x00003034       0x98 .\CortexM3\ARM_GCC_493\Debug\Design01.a(Pump_INT.o)
                0x00003034                Pump_RXISR
 .text.EEPROM_1_Enable
                0x000030cc        0xc .\CortexM3\ARM_GCC_493\Debug\Design01.a(EEPROM_1.o)
                0x000030cc                EEPROM_1_Enable
 .text.EEPROM_1_Start
                0x000030d8        0x8 .\CortexM3\ARM_GCC_493\Debug\Design01.a(EEPROM_1.o)
                0x000030d8                EEPROM_1_Start
 .text.EEPROM_1_WriteByte
                0x000030e0       0xd4 .\CortexM3\ARM_GCC_493\Debug\Design01.a(EEPROM_1.o)
                0x000030e0                EEPROM_1_WriteByte
 .text.I2C_Bus_Init
                0x000031b4       0x58 .\CortexM3\ARM_GCC_493\Debug\Design01.a(I2C_Bus.o)
                0x000031b4                I2C_Bus_Init
 .text.I2C_Bus_Enable
                0x0000320c       0x24 .\CortexM3\ARM_GCC_493\Debug\Design01.a(I2C_Bus.o)
                0x0000320c                I2C_Bus_Enable
 .text.I2C_Bus_Start
                0x00003230       0x28 .\CortexM3\ARM_GCC_493\Debug\Design01.a(I2C_Bus.o)
                0x00003230                I2C_Bus_Start
 .text.I2C_Bus_ISR
                0x00003258      0x2d0 .\CortexM3\ARM_GCC_493\Debug\Design01.a(I2C_Bus_INT.o)
                0x00003258                I2C_Bus_ISR
 .text.I2C_Bus_MasterSendStart
                0x00003528       0x80 .\CortexM3\ARM_GCC_493\Debug\Design01.a(I2C_Bus_MASTER.o)
                0x00003528                I2C_Bus_MasterSendStart
 .text.I2C_Bus_MasterSendStop
                0x000035a8       0x38 .\CortexM3\ARM_GCC_493\Debug\Design01.a(I2C_Bus_MASTER.o)
                0x000035a8                I2C_Bus_MasterSendStop
 .text.I2C_Bus_MasterWriteByte
                0x000035e0       0x58 .\CortexM3\ARM_GCC_493\Debug\Design01.a(I2C_Bus_MASTER.o)
                0x000035e0                I2C_Bus_MasterWriteByte
 .text.I2C_Bus_MasterClearStatus
                0x00003638       0x10 .\CortexM3\ARM_GCC_493\Debug\Design01.a(I2C_Bus_MASTER.o)
                0x00003638                I2C_Bus_MasterClearStatus
 .text.I2C_Bus_MasterClearReadBuf
                0x00003648       0x1c .\CortexM3\ARM_GCC_493\Debug\Design01.a(I2C_Bus_MASTER.o)
                0x00003648                I2C_Bus_MasterClearReadBuf
 .text.I2C_Bus_MasterClearWriteBuf
                0x00003664       0x1c .\CortexM3\ARM_GCC_493\Debug\Design01.a(I2C_Bus_MASTER.o)
                0x00003664                I2C_Bus_MasterClearWriteBuf
 .text.I2C_Bus_Workaround
                0x00003680        0x4 .\CortexM3\ARM_GCC_493\Debug\Design01.a(I2C_Bus_MASTER.o)
                0x00003680                I2C_Bus_Workaround
 .text.CyFlashGetSpcAlgorithm
                0x00003684       0x4c .\CortexM3\ARM_GCC_493\Debug\Design01.a(CyFlash.o)
 .text.CySetTempInt
                0x000036d0       0x60 .\CortexM3\ARM_GCC_493\Debug\Design01.a(CyFlash.o)
 .text.CySetTemp
                0x00003730       0x14 .\CortexM3\ARM_GCC_493\Debug\Design01.a(CyFlash.o)
                0x00003730                CySetTemp
 .text.CyEEPROM_Start
                0x00003744       0x54 .\CortexM3\ARM_GCC_493\Debug\Design01.a(CyFlash.o)
                0x00003744                CyEEPROM_Start
 .text.CySpcStart
                0x00003798       0x24 .\CortexM3\ARM_GCC_493\Debug\Design01.a(CySpc.o)
                0x00003798                CySpcStart
 .text.CySpcReadData
                0x000037bc       0x34 .\CortexM3\ARM_GCC_493\Debug\Design01.a(CySpc.o)
                0x000037bc                CySpcReadData
 .text.CySpcLoadMultiByte
                0x000037f0       0x78 .\CortexM3\ARM_GCC_493\Debug\Design01.a(CySpc.o)
                0x000037f0                CySpcLoadMultiByte
 .text.CySpcWriteRow
                0x00003868       0x4c .\CortexM3\ARM_GCC_493\Debug\Design01.a(CySpc.o)
                0x00003868                CySpcWriteRow
 .text.CySpcGetTemp
                0x000038b4       0x3c .\CortexM3\ARM_GCC_493\Debug\Design01.a(CySpc.o)
                0x000038b4                CySpcGetTemp
 .text.CySpcLock
                0x000038f0       0x4c .\CortexM3\ARM_GCC_493\Debug\Design01.a(CySpc.o)
                0x000038f0                CySpcLock
 .text.CySpcUnlock
                0x0000393c       0x38 .\CortexM3\ARM_GCC_493\Debug\Design01.a(CySpc.o)
                0x0000393c                CySpcUnlock
 .text.CySpcGetAlgorithm
                0x00003974       0x28 .\CortexM3\ARM_GCC_493\Debug\Design01.a(CySpc.o)
                0x00003974                CySpcGetAlgorithm
 .text.__libc_init_array
                0x0000399c       0x4c c:/program files (x86)/cypress/psoc creator/3.3/psoc creator/import/gnu/arm/4.9.3/bin/../lib/gcc/arm-none-eabi/4.9.3/../../../../arm-none-eabi/lib/armv7-m\libg_nano.a(lib_a-init.o)
                0x0000399c                __libc_init_array
 .text.memcpy   0x000039e8       0x16 c:/program files (x86)/cypress/psoc creator/3.3/psoc creator/import/gnu/arm/4.9.3/bin/../lib/gcc/arm-none-eabi/4.9.3/../../../../arm-none-eabi/lib/armv7-m\libg_nano.a(lib_a-memcpy.o)
                0x000039e8                memcpy
 .text.memset   0x000039fe       0x10 c:/program files (x86)/cypress/psoc creator/3.3/psoc creator/import/gnu/arm/4.9.3/bin/../lib/gcc/arm-none-eabi/4.9.3/../../../../arm-none-eabi/lib/armv7-m\libg_nano.a(lib_a-memset.o)
                0x000039fe                memset
 *(.plt)
 *(.gnu.warning)
 *(.glue_7t)
 .glue_7t       0x00000000        0x0 linker stubs
 *(.glue_7)
 .glue_7        0x00000000        0x0 linker stubs
 *(.vfp11_veneer)
 .vfp11_veneer  0x00000000        0x0 linker stubs
 *(.bootloader)
 *(.ARM.extab* .gnu.linkonce.armextab.*)
 *(.gcc_except_table)

.v4_bx          0x00003a10        0x0
 .v4_bx         0x00000000        0x0 linker stubs

.iplt           0x00003a10        0x0
 .iplt          0x00000000        0x0 c:/program files (x86)/cypress/psoc creator/3.3/psoc creator/import/gnu/arm/4.9.3/bin/../lib/gcc/arm-none-eabi/4.9.3/armv7-m/crtbegin.o

.eh_frame_hdr
 *(.eh_frame_hdr)

.eh_frame       0x00003a10        0x4
 *(.eh_frame)
 .eh_frame      0x00003a10        0x0 c:/program files (x86)/cypress/psoc creator/3.3/psoc creator/import/gnu/arm/4.9.3/bin/../lib/gcc/arm-none-eabi/4.9.3/armv7-m/crtbegin.o
 .eh_frame      0x00003a10        0x4 c:/program files (x86)/cypress/psoc creator/3.3/psoc creator/import/gnu/arm/4.9.3/bin/../lib/gcc/arm-none-eabi/4.9.3/armv7-m/crtend.o
                0x00003a14                PROVIDE (__exidx_start, .)

.ARM.exidx
 *(.ARM.exidx* .gnu.linkonce.armexidx.*)
                0x00003a14                __exidx_end = .

.rodata         0x00003a14     0x84bc
 *(.rodata .rodata.* .gnu.linkonce.r.*)
 .rodata        0x00003a14       0x68 .\CortexM3\ARM_GCC_493\Debug\main.o
 .rodata.str1.4
                0x00003a7c       0x18 .\CortexM3\ARM_GCC_493\Debug\main.o
 .rodata        0x00003a94       0x40 .\CortexM3\ARM_GCC_493\Debug\LCD.o
 .rodata        0x00003ad4     0x8364 .\CortexM3\ARM_GCC_493\Debug\Print.o
                0x00003ad4                biomax
                0x000040bc                brio
                0x000046a4                cencosud
                0x00004c8c                ecospetrol
                0x00005274                esso
                0x0000585c                National
                0x00005e44                mineroil
                0x000061f8                mobil
                0x000065ac                petrobras
                0x00006b94                plus
                0x00006e88                terpel
                0x00007470                texaco
                0x00007a58                zeus
                0x00007d4c                petromil
                0x00008334                biomax1
                0x000086e4                brio1
                0x00008a94                cencosud1
                0x00008e44                ecospetrol1
                0x000091f4                esso1
                0x000095a4                National1
                0x00009954                mineroil1
                0x00009d04                mobil1
                0x0000a0b4                petrobras1
                0x0000a464                plus1
                0x0000a814                terpel1
                0x0000abc4                texaco1
                0x0000af74                zeus1
                0x0000b324                petromil1
                0x0000b6d4                exito1
                0x0000ba84                exito
 .rodata        0x0000be38       0x64 .\CortexM3\ARM_GCC_493\Debug\Design01.a(cyfitter_cfg.o)
                0x0000be9c                . = ALIGN (0x4)
 *(.init)
 .init          0x0000be9c        0x4 c:/program files (x86)/cypress/psoc creator/3.3/psoc creator/import/gnu/arm/4.9.3/bin/../lib/gcc/arm-none-eabi/4.9.3/armv7-m/crti.o
                0x0000be9c                _init
 .init          0x0000bea0        0x8 c:/program files (x86)/cypress/psoc creator/3.3/psoc creator/import/gnu/arm/4.9.3/bin/../lib/gcc/arm-none-eabi/4.9.3/armv7-m/crtn.o
                0x0000bea8                . = ALIGN (0x4)
                0x0000bea8                __preinit_array_start = .
 *(.preinit_array)
                0x0000bea8                __preinit_array_end = .
                0x0000bea8                . = ALIGN (0x4)
                0x0000bea8                __init_array_start = .
 *(SORT(.init_array.*))
 *(.init_array)
 .init_array    0x0000bea8        0x4 c:/program files (x86)/cypress/psoc creator/3.3/psoc creator/import/gnu/arm/4.9.3/bin/../lib/gcc/arm-none-eabi/4.9.3/armv7-m/crtbegin.o
 .init_array    0x0000beac        0x4 .\CortexM3\ARM_GCC_493\Debug\Cm3Start.o
                0x0000beb0                __init_array_end = .
                0x0000beb0                . = ALIGN (0x4)
 *(.fini)
 .fini          0x0000beb0        0x4 c:/program files (x86)/cypress/psoc creator/3.3/psoc creator/import/gnu/arm/4.9.3/bin/../lib/gcc/arm-none-eabi/4.9.3/armv7-m/crti.o
                0x0000beb0                _fini
 .fini          0x0000beb4        0x8 c:/program files (x86)/cypress/psoc creator/3.3/psoc creator/import/gnu/arm/4.9.3/bin/../lib/gcc/arm-none-eabi/4.9.3/armv7-m/crtn.o
                0x0000bebc                . = ALIGN (0x4)
                0x0000bebc                __fini_array_start = .
 *(.fini_array)
 .fini_array    0x0000bebc        0x4 c:/program files (x86)/cypress/psoc creator/3.3/psoc creator/import/gnu/arm/4.9.3/bin/../lib/gcc/arm-none-eabi/4.9.3/armv7-m/crtbegin.o
 *(SORT(.fini_array.*))
                0x0000bec0                __fini_array_end = .
                0x0000bec0                . = ALIGN (0x4)
 *crtbegin.o(.ctors)
 *(EXCLUDE_FILE(*crtend.o) .ctors)
 *(SORT(.ctors.*))
 *crtend.o(.ctors)
                0x0000bec0                . = ALIGN (0x4)
 *crtbegin.o(.dtors)
 *(EXCLUDE_FILE(*crtend.o) .dtors)
 *(SORT(.dtors.*))
 *crtend.o(.dtors)
                0x0000bec0                . = ALIGN (0x4)
                0x0000bec0                __cy_regions = .
                0x0000bec0        0x4 LONG 0xbed0 __cy_region_init_ram
                0x0000bec4        0x4 LONG 0x1fff8108 __cy_region_start_data
                0x0000bec8        0x4 LONG 0x248 __cy_region_init_size_ram
                0x0000becc        0x4 LONG 0x1278 __cy_region_zero_size_ram
                0x0000bed0                __cy_regions_end = .
                0x0000bed0                . = ALIGN (0x8)
                0x0000bed0                _etext = .

.cy_checksum_exclude
                0x0000bed0        0x0
 *(.cy_checksum_exclude)

.ramvectors     0x1fff8000      0x100
                0x1fff8000                __cy_region_start_ram = .
 *(.ramvectors)
 .ramvectors    0x1fff8000      0x100 .\CortexM3\ARM_GCC_493\Debug\Cm3Start.o
                0x1fff8000                CyRamVectors

.noinit         0x1fff8100        0x5
 *(.noinit)
 .noinit        0x1fff8100        0x4 .\CortexM3\ARM_GCC_493\Debug\Cm3Start.o
 .noinit        0x1fff8104        0x1 .\CortexM3\ARM_GCC_493\Debug\Design01.a(CyLib.o)
                0x1fff8104                CyResetStatus

.data           0x1fff8108      0x248 load address 0x0000bed0
                0x1fff8108                __cy_region_start_data = .
 *(.jcr)
 .jcr           0x1fff8108        0x0 c:/program files (x86)/cypress/psoc creator/3.3/psoc creator/import/gnu/arm/4.9.3/bin/../lib/gcc/arm-none-eabi/4.9.3/armv7-m/crtbegin.o
 .jcr           0x1fff8108        0x4 c:/program files (x86)/cypress/psoc creator/3.3/psoc creator/import/gnu/arm/4.9.3/bin/../lib/gcc/arm-none-eabi/4.9.3/armv7-m/crtend.o
 *(.got.plt)
 *(.got)
 *(.shdata)
 *(.data .data.* .gnu.linkonce.d.*)
 .data          0x1fff810c        0xc .\CortexM3\ARM_GCC_493\Debug\main.o
                0x1fff810c                MuxVersion
 .data          0x1fff8118       0x54 .\CortexM3\ARM_GCC_493\Debug\LCD.o
                0x1fff8118                _g_charmaplut
 .data          0x1fff816c      0x1d0 .\CortexM3\ARM_GCC_493\Debug\Print.o
                0x1fff816c                SEPARATOR
                0x1fff818c                msn_numero
                0x1fff819c                msn_fecha
                0x1fff81ac                msn_pos
                0x1fff81bc                msn_placa
                0x1fff81cc                PRN_SERIAL
                0x1fff81dc                PRN_MILLEAGE
                0x1fff81ec                PRN_ID
                0x1fff81fc                PRN_SIGNATURE
                0x1fff820c                PRN_MONEYMONTH
                0x1fff821c                PRN_MONEYWEEK
                0x1fff822c                PRN_MONEYDAY
                0x1fff823c                PRN_VOLUMEMONTH
                0x1fff824c                PRN_VOLUMEWEEK
                0x1fff825c                PRN_VOLUMEDAY
                0x1fff826c                PRN_VISITSMONTH
                0x1fff827c                PRN_VISITSWEEK
                0x1fff828c                PRN_VISITSDAY
                0x1fff829c                PRN_ACCOUNTTYPE
                0x1fff82ac                PRN_ACCOUNT
                0x1fff82bc                PRN_COMPANY
                0x1fff82cc                PRN_BALANCE
                0x1fff82dc                msn_din
                0x1fff82ec                msn_vol
                0x1fff82fc                msn_ppu
                0x1fff830c                PRN_PRODUCT
                0x1fff831c                PRN_TRANSTYPE
                0x1fff832c                msn_hora
 .data          0x1fff833c       0x10 .\CortexM3\ARM_GCC_493\Debug\Design01.a(CyLib.o)
                0x1fff833c                cydelay_32k_ms
                0x1fff8340                cydelay_freq_khz
                0x1fff8344                cydelay_freq_mhz
                0x1fff8348                cydelay_freq_hz
                0x1fff8350                . = ALIGN (0x8)
 *fill*         0x1fff834c        0x4 
 *(.ram)
                0x1fff8350                _edata = .

.igot.plt       0x1fff8350        0x0 load address 0x0000c118
 .igot.plt      0x00000000        0x0 c:/program files (x86)/cypress/psoc creator/3.3/psoc creator/import/gnu/arm/4.9.3/bin/../lib/gcc/arm-none-eabi/4.9.3/armv7-m/crtbegin.o

.bss            0x1fff8350     0x1278 load address 0x0000c118
                0x1fff8350                PROVIDE (__bss_start__, .)
 *(.shbss)
 *(.bss .bss.* .gnu.linkonce.b.*)
 .bss           0x1fff8350       0x1c c:/program files (x86)/cypress/psoc creator/3.3/psoc creator/import/gnu/arm/4.9.3/bin/../lib/gcc/arm-none-eabi/4.9.3/armv7-m/crtbegin.o
 .bss           0x1fff836c        0xa .\CortexM3\ARM_GCC_493\Debug\Design01.a(RF_Physical.o)
                0x1fff836c                RF_Physical_errorStatus
                0x1fff836d                RF_Physical_initVar
                0x1fff836e                RF_Physical_rxBufferRead
                0x1fff8370                RF_Physical_rxBufferWrite
                0x1fff8372                RF_Physical_rxBufferLoopDetect
                0x1fff8373                RF_Physical_rxBufferOverflow
 .bss           0x1fff8376        0x2 .\CortexM3\ARM_GCC_493\Debug\Design01.a(Printer.o)
                0x1fff8376                Printer_initVar
 .bss           0x1fff8378        0x7 .\CortexM3\ARM_GCC_493\Debug\Design01.a(Display1.o)
                0x1fff8378                Display1_errorStatus
                0x1fff8379                Display1_initVar
                0x1fff837a                Display1_rxBufferRead
                0x1fff837b                Display1_rxBufferWrite
                0x1fff837c                Display1_rxBufferLoopDetect
                0x1fff837d                Display1_rxBufferOverflow
 .bss           0x1fff837f        0x7 .\CortexM3\ARM_GCC_493\Debug\Design01.a(Display2.o)
                0x1fff837f                Display2_errorStatus
                0x1fff8380                Display2_initVar
                0x1fff8381                Display2_rxBufferRead
                0x1fff8382                Display2_rxBufferWrite
                0x1fff8383                Display2_rxBufferLoopDetect
                0x1fff8384                Display2_rxBufferOverflow
 .bss           0x1fff8386        0xa .\CortexM3\ARM_GCC_493\Debug\Design01.a(Pump.o)
                0x1fff8386                Pump_errorStatus
                0x1fff8387                Pump_initVar
                0x1fff8388                Pump_rxBufferRead
                0x1fff838a                Pump_rxBufferWrite
                0x1fff838c                Pump_rxBufferLoopDetect
                0x1fff838d                Pump_rxBufferOverflow
 .bss           0x1fff8390        0x1 .\CortexM3\ARM_GCC_493\Debug\Design01.a(I2C_Bus.o)
                0x1fff8390                I2C_Bus_initVar
 *fill*         0x1fff8391        0x3 
 .bss           0x1fff8394        0x8 .\CortexM3\ARM_GCC_493\Debug\Design01.a(CySpc.o)
                0x1fff8394                SpcLockState
 *(COMMON)
 *fill*         0x1fff839c        0x4 
 COMMON         0x1fff83a0      0xecc .\CortexM3\ARM_GCC_493\Debug\main.o
                0x1fff83a0                idSeller
                0x1fff83bc                delayPicture2
                0x1fff83c0                side
                0x1fff87cc                flagPoint2
                0x1fff87cd                decimalVolume
                0x1fff87d0                bufferDisplay1
                0x1fff8a50                PrevStatePump
                0x1fff8a54                screen
                0x1fff8a56                UnitType
                0x1fff8a57                VolDec
                0x1fff8a58                countAnimation1
                0x1fff8a60                flowDisplay3
                0x1fff8a64                turn
                0x1fff8a68                bufferDisplay2
                0x1fff8ce5                MoneyDec
                0x1fff8ce8                residue
                0x1fff8cf6                flagResetMux
                0x1fff8cf7                PlateRequest
                0x1fff8cf8                passwordSeller
                0x1fff8d00                lockTurn
                0x1fff8d01                PrinterType
                0x1fff8d02                productNumber
                0x1fff8d04                statePump
                0x1fff8d08                symbols
                0x1fff8d0a                digits
                0x1fff8d0b                numberKeys1
                0x1fff8d10                countAnimation2
                0x1fff8d18                countBeagleTX
                0x1fff8d20                flowDisplay1
                0x1fff8d24                bufferDisplay4
                0x1fff8fa1                ppux10
                0x1fff8fa4                flowDisplay2
                0x1fff8fa8                time
                0x1fff8fab                flagPoint1
                0x1fff8fac                bufferDisplay3
                0x1fff922c                temporal
                0x1fff924a                PPUDec
                0x1fff924b                numberKeys2
                0x1fff924c                ConversionFactor
                0x1fff9250                delayPicture1
                0x1fff9254                date
                0x1fff9258                countPump
                0x1fff9260                DDMode
                0x1fff9264                flowDisplay4
                0x1fff9268                NumPositions
                0x1fff9269                stateBeagleSoft
                0x1fff926a                decimalMoney
                0x1fff926b                typeIdSeller
 COMMON         0x1fff926c      0x200 .\CortexM3\ARM_GCC_493\Debug\Design01.a(RF_Physical.o)
                0x1fff926c                RF_Physical_rxBuffer
 COMMON         0x1fff946c       0x20 .\CortexM3\ARM_GCC_493\Debug\Design01.a(Display1.o)
                0x1fff946c                Display1_rxBuffer
 COMMON         0x1fff948c       0x20 .\CortexM3\ARM_GCC_493\Debug\Design01.a(Display2.o)
                0x1fff948c                Display2_rxBuffer
 COMMON         0x1fff94ac      0x100 .\CortexM3\ARM_GCC_493\Debug\Design01.a(Pump.o)
                0x1fff94ac                Pump_rxBuffer
 COMMON         0x1fff95ac        0x1 .\CortexM3\ARM_GCC_493\Debug\Design01.a(I2C_Bus.o)
                0x1fff95ac                I2C_Bus_state
 *fill*         0x1fff95ad        0x3 
 COMMON         0x1fff95b0       0x11 .\CortexM3\ARM_GCC_493\Debug\Design01.a(I2C_Bus_MASTER.o)
                0x1fff95b0                I2C_Bus_mstrWrBufSize
                0x1fff95b1                I2C_Bus_mstrControl
                0x1fff95b2                I2C_Bus_mstrRdBufSize
                0x1fff95b4                I2C_Bus_mstrRdBufPtr
                0x1fff95b8                I2C_Bus_mstrStatus
                0x1fff95b9                I2C_Bus_mstrWrBufIndex
                0x1fff95bc                I2C_Bus_mstrWrBufPtr
                0x1fff95c0                I2C_Bus_mstrRdBufIndex
 *fill*         0x1fff95c1        0x3 
 COMMON         0x1fff95c4        0x2 .\CortexM3\ARM_GCC_493\Debug\Design01.a(CyFlash.o)
                0x1fff95c4                dieTemperature
                0x1fff95c8                . = ALIGN (0x8)
 *fill*         0x1fff95c6        0x2 
 *(.ram.b)
                0x1fff95c8                _end = .
                0x1fff95c8                __end = .
                0x1fff95c8                PROVIDE (end, .)
                0x1fff95c8                PROVIDE (__bss_end__, .)
                0x0000bed0                __cy_region_init_ram = LOADADDR (.data)
                0x00000248                __cy_region_init_size_ram = (_edata - ADDR (.data))
                0x00001278                __cy_region_zero_size_ram = (_end - _edata)

.heap           0x1fff95c8       0x80 load address 0x0000c118
                0x1fff95c8                . = _end
                0x1fff9648                . = (. + 0x80)
 *fill*         0x1fff95c8       0x80 
                0x1fff9648                __cy_heap_limit = .

.stack          0x20007800      0x800
                0x20007800                __cy_stack_limit = .
                0x20008000                . = (. + 0x800)
 *fill*         0x20007800      0x800 
                0x00000001                ASSERT ((__cy_stack_limit >= __cy_heap_limit), region RAM overflowed with stack)
                0x00000000                cy_checksum_exclude_size = (CY_APPL_LOADABLE == 0x1)?SIZEOF (.cy_checksum_exclude):0x0
                0x00000001                ASSERT ((cy_checksum_exclude_size <= CY_CHECKSUM_EXCLUDE_SIZE), CY_BOOT: Section .cy_checksum_exclude size exceedes specified limit.)

.cyloadermeta
 *(.cyloadermeta)

.cyloadablemeta
 *(.cyloadablemeta)

.cyconfigecc    0x80000000     0x100c
 *(.cyconfigecc)
 .cyconfigecc   0x80000000     0x100c .\CortexM3\ARM_GCC_493\Debug\cymetadata.o
                0x80000000                cy_meta_configecc

.cycustnvl      0x90000000        0x4
 *(.cycustnvl)
 .cycustnvl     0x90000000        0x4 .\CortexM3\ARM_GCC_493\Debug\cymetadata.o
                0x90000000                cy_meta_custnvl

.cywolatch      0x90100000        0x4
 *(.cywolatch)
 .cywolatch     0x90100000        0x4 .\CortexM3\ARM_GCC_493\Debug\cymetadata.o
                0x90100000                cy_meta_wonvl

.cyeeprom       0x90200000        0x0
 *(.cyeeprom)
                0x00000001                ASSERT ((. <= ((0x90200000 + ee_offset) + ee_size)), .cyeeprom data will not fit in EEPROM)

.cyflashprotect
                0x90400000      0x100
 *(.cyflashprotect)
 .cyflashprotect
                0x90400000      0x100 .\CortexM3\ARM_GCC_493\Debug\cymetadata.o
                0x90400000                cy_meta_flashprotect

.cymeta         0x90500000        0xc
 *(.cymeta)
 .cymeta        0x90500000        0xc .\CortexM3\ARM_GCC_493\Debug\cymetadata.o
                0x90500000                cy_metadata

.rel.dyn        0x0000c118        0x0 load address 0x9050000c
 .rel.iplt      0x00000000        0x0 c:/program files (x86)/cypress/psoc creator/3.3/psoc creator/import/gnu/arm/4.9.3/bin/../lib/gcc/arm-none-eabi/4.9.3/armv7-m/crtbegin.o

.stab
 *(.stab)

.stabstr
 *(.stabstr)

.debug
 *(.debug)

.line
 *(.line)

.debug_srcinfo
 *(.debug_srcinfo)

.debug_sfnames
 *(.debug_sfnames)

.debug_aranges  0x00000000      0xef8
 *(.debug_aranges)
 .debug_aranges
                0x00000000       0x68 .\CortexM3\ARM_GCC_493\Debug\main.o
 .debug_aranges
                0x00000068       0x58 .\CortexM3\ARM_GCC_493\Debug\protocol.o
 .debug_aranges
                0x000000c0       0x48 .\CortexM3\ARM_GCC_493\Debug\LCD.o
 .debug_aranges
                0x00000108       0x20 .\CortexM3\ARM_GCC_493\Debug\keyboard.o
 .debug_aranges
                0x00000128       0x20 .\CortexM3\ARM_GCC_493\Debug\I2C.o
 .debug_aranges
                0x00000148       0x30 .\CortexM3\ARM_GCC_493\Debug\Print.o
 .debug_aranges
                0x00000178       0x18 .\CortexM3\ARM_GCC_493\Debug\cymetadata.o
 .debug_aranges
                0x00000190       0x48 .\CortexM3\ARM_GCC_493\Debug\Cm3Start.o
 .debug_aranges
                0x000001d8       0x58 .\CortexM3\ARM_GCC_493\Debug\Design01.a(cyfitter_cfg.o)
 .debug_aranges
                0x00000230       0xf0 .\CortexM3\ARM_GCC_493\Debug\Design01.a(RF_Physical.o)
 .debug_aranges
                0x00000320       0x20 .\CortexM3\ARM_GCC_493\Debug\Design01.a(RF_Physical_INT.o)
 .debug_aranges
                0x00000340       0xf0 .\CortexM3\ARM_GCC_493\Debug\Design01.a(Printer.o)
 .debug_aranges
                0x00000430       0xf0 .\CortexM3\ARM_GCC_493\Debug\Design01.a(Display1.o)
 .debug_aranges
                0x00000520       0x20 .\CortexM3\ARM_GCC_493\Debug\Design01.a(Display1_INT.o)
 .debug_aranges
                0x00000540       0xf0 .\CortexM3\ARM_GCC_493\Debug\Design01.a(Display2.o)
 .debug_aranges
                0x00000630       0x20 .\CortexM3\ARM_GCC_493\Debug\Design01.a(Display2_INT.o)
 .debug_aranges
                0x00000650       0x70 .\CortexM3\ARM_GCC_493\Debug\Design01.a(RF_Physical_IntClock.o)
 .debug_aranges
                0x000006c0       0x70 .\CortexM3\ARM_GCC_493\Debug\Design01.a(Display1_IntClock.o)
 .debug_aranges
                0x00000730       0x70 .\CortexM3\ARM_GCC_493\Debug\Design01.a(Display2_IntClock.o)
 .debug_aranges
                0x000007a0       0x20 .\CortexM3\ARM_GCC_493\Debug\Design01.a(CyBootAsmGnu.o)
 .debug_aranges
                0x000007c0      0x298 .\CortexM3\ARM_GCC_493\Debug\Design01.a(CyLib.o)
 .debug_aranges
                0x00000a58       0x98 .\CortexM3\ARM_GCC_493\Debug\Design01.a(cyPm.o)
 .debug_aranges
                0x00000af0       0x70 .\CortexM3\ARM_GCC_493\Debug\Design01.a(Printer_IntClock.o)
 .debug_aranges
                0x00000b60       0xf0 .\CortexM3\ARM_GCC_493\Debug\Design01.a(Pump.o)
 .debug_aranges
                0x00000c50       0x20 .\CortexM3\ARM_GCC_493\Debug\Design01.a(Pump_INT.o)
 .debug_aranges
                0x00000c70       0x78 .\CortexM3\ARM_GCC_493\Debug\Design01.a(EEPROM_1.o)
 .debug_aranges
                0x00000ce8       0x38 .\CortexM3\ARM_GCC_493\Debug\Design01.a(I2C_Bus.o)
 .debug_aranges
                0x00000d20       0x20 .\CortexM3\ARM_GCC_493\Debug\Design01.a(I2C_Bus_INT.o)
 .debug_aranges
                0x00000d40       0x38 .\CortexM3\ARM_GCC_493\Debug\Design01.a(I2C_Bus_PM.o)
 .debug_aranges
                0x00000d78       0x88 .\CortexM3\ARM_GCC_493\Debug\Design01.a(I2C_Bus_MASTER.o)
 .debug_aranges
                0x00000e00       0x80 .\CortexM3\ARM_GCC_493\Debug\Design01.a(CyFlash.o)
 .debug_aranges
                0x00000e80       0x78 .\CortexM3\ARM_GCC_493\Debug\Design01.a(CySpc.o)

.debug_pubnames
 *(.debug_pubnames)

.debug_info     0x00000000     0xe0c8
 *(.debug_info .gnu.linkonce.wi.*)
 .debug_info    0x00000000     0x1db8 .\CortexM3\ARM_GCC_493\Debug\main.o
 .debug_info    0x00001db8     0x1024 .\CortexM3\ARM_GCC_493\Debug\protocol.o
 .debug_info    0x00002ddc      0xd49 .\CortexM3\ARM_GCC_493\Debug\LCD.o
 .debug_info    0x00003b25      0xda8 .\CortexM3\ARM_GCC_493\Debug\keyboard.o
 .debug_info    0x000048cd      0x9cd .\CortexM3\ARM_GCC_493\Debug\I2C.o
 .debug_info    0x0000529a     0x16bf .\CortexM3\ARM_GCC_493\Debug\Print.o
 .debug_info    0x00006959      0x13f .\CortexM3\ARM_GCC_493\Debug\cymetadata.o
 .debug_info    0x00006a98      0x3a5 .\CortexM3\ARM_GCC_493\Debug\Cm3Start.o
 .debug_info    0x00006e3d      0x5fc .\CortexM3\ARM_GCC_493\Debug\Design01.a(cyfitter_cfg.o)
 .debug_info    0x00007439      0x757 .\CortexM3\ARM_GCC_493\Debug\Design01.a(RF_Physical.o)
 .debug_info    0x00007b90      0x157 .\CortexM3\ARM_GCC_493\Debug\Design01.a(RF_Physical_INT.o)
 .debug_info    0x00007ce7      0x603 .\CortexM3\ARM_GCC_493\Debug\Design01.a(Printer.o)
 .debug_info    0x000082ea      0x751 .\CortexM3\ARM_GCC_493\Debug\Design01.a(Display1.o)
 .debug_info    0x00008a3b      0x145 .\CortexM3\ARM_GCC_493\Debug\Design01.a(Display1_INT.o)
 .debug_info    0x00008b80      0x751 .\CortexM3\ARM_GCC_493\Debug\Design01.a(Display2.o)
 .debug_info    0x000092d1      0x145 .\CortexM3\ARM_GCC_493\Debug\Design01.a(Display2_INT.o)
 .debug_info    0x00009416      0x283 .\CortexM3\ARM_GCC_493\Debug\Design01.a(RF_Physical_IntClock.o)
 .debug_info    0x00009699      0x283 .\CortexM3\ARM_GCC_493\Debug\Design01.a(Display1_IntClock.o)
 .debug_info    0x0000991c      0x283 .\CortexM3\ARM_GCC_493\Debug\Design01.a(Display2_IntClock.o)
 .debug_info    0x00009b9f       0x93 .\CortexM3\ARM_GCC_493\Debug\Design01.a(CyBootAsmGnu.o)
 .debug_info    0x00009c32     0x1371 .\CortexM3\ARM_GCC_493\Debug\Design01.a(CyLib.o)
 .debug_info    0x0000afa3      0xa58 .\CortexM3\ARM_GCC_493\Debug\Design01.a(cyPm.o)
 .debug_info    0x0000b9fb      0x283 .\CortexM3\ARM_GCC_493\Debug\Design01.a(Printer_IntClock.o)
 .debug_info    0x0000bc7e      0x724 .\CortexM3\ARM_GCC_493\Debug\Design01.a(Pump.o)
 .debug_info    0x0000c3a2      0x156 .\CortexM3\ARM_GCC_493\Debug\Design01.a(Pump_INT.o)
 .debug_info    0x0000c4f8      0x668 .\CortexM3\ARM_GCC_493\Debug\Design01.a(EEPROM_1.o)
 .debug_info    0x0000cb60      0x2d7 .\CortexM3\ARM_GCC_493\Debug\Design01.a(I2C_Bus.o)
 .debug_info    0x0000ce37      0x193 .\CortexM3\ARM_GCC_493\Debug\Design01.a(I2C_Bus_INT.o)
 .debug_info    0x0000cfca      0x1f2 .\CortexM3\ARM_GCC_493\Debug\Design01.a(I2C_Bus_PM.o)
 .debug_info    0x0000d1bc      0x412 .\CortexM3\ARM_GCC_493\Debug\Design01.a(I2C_Bus_MASTER.o)
 .debug_info    0x0000d5ce      0x60a .\CortexM3\ARM_GCC_493\Debug\Design01.a(CyFlash.o)
 .debug_info    0x0000dbd8      0x4f0 .\CortexM3\ARM_GCC_493\Debug\Design01.a(CySpc.o)

.debug_abbrev   0x00000000     0x2d53
 *(.debug_abbrev)
 .debug_abbrev  0x00000000      0x200 .\CortexM3\ARM_GCC_493\Debug\main.o
 .debug_abbrev  0x00000200      0x273 .\CortexM3\ARM_GCC_493\Debug\protocol.o
 .debug_abbrev  0x00000473      0x1b0 .\CortexM3\ARM_GCC_493\Debug\LCD.o
 .debug_abbrev  0x00000623      0x18a .\CortexM3\ARM_GCC_493\Debug\keyboard.o
 .debug_abbrev  0x000007ad      0x175 .\CortexM3\ARM_GCC_493\Debug\I2C.o
 .debug_abbrev  0x00000922      0x1a4 .\CortexM3\ARM_GCC_493\Debug\Print.o
 .debug_abbrev  0x00000ac6       0x77 .\CortexM3\ARM_GCC_493\Debug\cymetadata.o
 .debug_abbrev  0x00000b3d      0x20f .\CortexM3\ARM_GCC_493\Debug\Cm3Start.o
 .debug_abbrev  0x00000d4c      0x212 .\CortexM3\ARM_GCC_493\Debug\Design01.a(cyfitter_cfg.o)
 .debug_abbrev  0x00000f5e      0x1b8 .\CortexM3\ARM_GCC_493\Debug\Design01.a(RF_Physical.o)
 .debug_abbrev  0x00001116       0x8a .\CortexM3\ARM_GCC_493\Debug\Design01.a(RF_Physical_INT.o)
 .debug_abbrev  0x000011a0      0x1a2 .\CortexM3\ARM_GCC_493\Debug\Design01.a(Printer.o)
 .debug_abbrev  0x00001342      0x1b8 .\CortexM3\ARM_GCC_493\Debug\Design01.a(Display1.o)
 .debug_abbrev  0x000014fa       0x8a .\CortexM3\ARM_GCC_493\Debug\Design01.a(Display1_INT.o)
 .debug_abbrev  0x00001584      0x1b8 .\CortexM3\ARM_GCC_493\Debug\Design01.a(Display2.o)
 .debug_abbrev  0x0000173c       0x8a .\CortexM3\ARM_GCC_493\Debug\Design01.a(Display2_INT.o)
 .debug_abbrev  0x000017c6      0x139 .\CortexM3\ARM_GCC_493\Debug\Design01.a(RF_Physical_IntClock.o)
 .debug_abbrev  0x000018ff      0x139 .\CortexM3\ARM_GCC_493\Debug\Design01.a(Display1_IntClock.o)
 .debug_abbrev  0x00001a38      0x139 .\CortexM3\ARM_GCC_493\Debug\Design01.a(Display2_IntClock.o)
 .debug_abbrev  0x00001b71       0x14 .\CortexM3\ARM_GCC_493\Debug\Design01.a(CyBootAsmGnu.o)
 .debug_abbrev  0x00001b85      0x296 .\CortexM3\ARM_GCC_493\Debug\Design01.a(CyLib.o)
 .debug_abbrev  0x00001e1b      0x1ed .\CortexM3\ARM_GCC_493\Debug\Design01.a(cyPm.o)
 .debug_abbrev  0x00002008      0x139 .\CortexM3\ARM_GCC_493\Debug\Design01.a(Printer_IntClock.o)
 .debug_abbrev  0x00002141      0x1b8 .\CortexM3\ARM_GCC_493\Debug\Design01.a(Pump.o)
 .debug_abbrev  0x000022f9       0x8a .\CortexM3\ARM_GCC_493\Debug\Design01.a(Pump_INT.o)
 .debug_abbrev  0x00002383      0x1a3 .\CortexM3\ARM_GCC_493\Debug\Design01.a(EEPROM_1.o)
 .debug_abbrev  0x00002526      0x159 .\CortexM3\ARM_GCC_493\Debug\Design01.a(I2C_Bus.o)
 .debug_abbrev  0x0000267f       0xdb .\CortexM3\ARM_GCC_493\Debug\Design01.a(I2C_Bus_INT.o)
 .debug_abbrev  0x0000275a      0x12b .\CortexM3\ARM_GCC_493\Debug\Design01.a(I2C_Bus_PM.o)
 .debug_abbrev  0x00002885      0x13c .\CortexM3\ARM_GCC_493\Debug\Design01.a(I2C_Bus_MASTER.o)
 .debug_abbrev  0x000029c1      0x1d1 .\CortexM3\ARM_GCC_493\Debug\Design01.a(CyFlash.o)
 .debug_abbrev  0x00002b92      0x1c1 .\CortexM3\ARM_GCC_493\Debug\Design01.a(CySpc.o)

.debug_line     0x00000000     0x49ea
 *(.debug_line)
 .debug_line    0x00000000      0x5fc .\CortexM3\ARM_GCC_493\Debug\main.o
 .debug_line    0x000005fc      0x54d .\CortexM3\ARM_GCC_493\Debug\protocol.o
 .debug_line    0x00000b49      0x277 .\CortexM3\ARM_GCC_493\Debug\LCD.o
 .debug_line    0x00000dc0      0x24d .\CortexM3\ARM_GCC_493\Debug\keyboard.o
 .debug_line    0x0000100d      0x1a1 .\CortexM3\ARM_GCC_493\Debug\I2C.o
 .debug_line    0x000011ae      0x4e1 .\CortexM3\ARM_GCC_493\Debug\Print.o
 .debug_line    0x0000168f       0x53 .\CortexM3\ARM_GCC_493\Debug\cymetadata.o
 .debug_line    0x000016e2      0x249 .\CortexM3\ARM_GCC_493\Debug\Cm3Start.o
 .debug_line    0x0000192b      0x209 .\CortexM3\ARM_GCC_493\Debug\Design01.a(cyfitter_cfg.o)
 .debug_line    0x00001b34      0x312 .\CortexM3\ARM_GCC_493\Debug\Design01.a(RF_Physical.o)
 .debug_line    0x00001e46       0x91 .\CortexM3\ARM_GCC_493\Debug\Design01.a(RF_Physical_INT.o)
 .debug_line    0x00001ed7      0x2c4 .\CortexM3\ARM_GCC_493\Debug\Design01.a(Printer.o)
 .debug_line    0x0000219b      0x30c .\CortexM3\ARM_GCC_493\Debug\Design01.a(Display1.o)
 .debug_line    0x000024a7       0x8a .\CortexM3\ARM_GCC_493\Debug\Design01.a(Display1_INT.o)
 .debug_line    0x00002531      0x30c .\CortexM3\ARM_GCC_493\Debug\Design01.a(Display2.o)
 .debug_line    0x0000283d       0x8a .\CortexM3\ARM_GCC_493\Debug\Design01.a(Display2_INT.o)
 .debug_line    0x000028c7      0x19c .\CortexM3\ARM_GCC_493\Debug\Design01.a(RF_Physical_IntClock.o)
 .debug_line    0x00002a63      0x199 .\CortexM3\ARM_GCC_493\Debug\Design01.a(Display1_IntClock.o)
 .debug_line    0x00002bfc      0x199 .\CortexM3\ARM_GCC_493\Debug\Design01.a(Display2_IntClock.o)
 .debug_line    0x00002d95       0x68 .\CortexM3\ARM_GCC_493\Debug\Design01.a(CyBootAsmGnu.o)
 .debug_line    0x00002dfd      0x806 .\CortexM3\ARM_GCC_493\Debug\Design01.a(CyLib.o)
 .debug_line    0x00003603      0x366 .\CortexM3\ARM_GCC_493\Debug\Design01.a(cyPm.o)
 .debug_line    0x00003969      0x198 .\CortexM3\ARM_GCC_493\Debug\Design01.a(Printer_IntClock.o)
 .debug_line    0x00003b01      0x2f1 .\CortexM3\ARM_GCC_493\Debug\Design01.a(Pump.o)
 .debug_line    0x00003df2       0x83 .\CortexM3\ARM_GCC_493\Debug\Design01.a(Pump_INT.o)
 .debug_line    0x00003e75      0x268 .\CortexM3\ARM_GCC_493\Debug\Design01.a(EEPROM_1.o)
 .debug_line    0x000040dd       0xe4 .\CortexM3\ARM_GCC_493\Debug\Design01.a(I2C_Bus.o)
 .debug_line    0x000041c1      0x130 .\CortexM3\ARM_GCC_493\Debug\Design01.a(I2C_Bus_INT.o)
 .debug_line    0x000042f1       0xc8 .\CortexM3\ARM_GCC_493\Debug\Design01.a(I2C_Bus_PM.o)
 .debug_line    0x000043b9      0x207 .\CortexM3\ARM_GCC_493\Debug\Design01.a(I2C_Bus_MASTER.o)
 .debug_line    0x000045c0      0x1ec .\CortexM3\ARM_GCC_493\Debug\Design01.a(CyFlash.o)
 .debug_line    0x000047ac      0x23e .\CortexM3\ARM_GCC_493\Debug\Design01.a(CySpc.o)

.debug_frame    0x00000000     0x25ec
 *(.debug_frame)
 .debug_frame   0x00000000      0x148 .\CortexM3\ARM_GCC_493\Debug\main.o
 .debug_frame   0x00000148      0x110 .\CortexM3\ARM_GCC_493\Debug\protocol.o
 .debug_frame   0x00000258       0xf4 .\CortexM3\ARM_GCC_493\Debug\LCD.o
 .debug_frame   0x0000034c       0x34 .\CortexM3\ARM_GCC_493\Debug\keyboard.o
 .debug_frame   0x00000380       0x30 .\CortexM3\ARM_GCC_493\Debug\I2C.o
 .debug_frame   0x000003b0       0x70 .\CortexM3\ARM_GCC_493\Debug\Print.o
 .debug_frame   0x00000420       0xac .\CortexM3\ARM_GCC_493\Debug\Cm3Start.o
 .debug_frame   0x000004cc       0xe4 .\CortexM3\ARM_GCC_493\Debug\Design01.a(cyfitter_cfg.o)
 .debug_frame   0x000005b0      0x25c .\CortexM3\ARM_GCC_493\Debug\Design01.a(RF_Physical.o)
 .debug_frame   0x0000080c       0x20 .\CortexM3\ARM_GCC_493\Debug\Design01.a(RF_Physical_INT.o)
 .debug_frame   0x0000082c      0x250 .\CortexM3\ARM_GCC_493\Debug\Design01.a(Printer.o)
 .debug_frame   0x00000a7c      0x25c .\CortexM3\ARM_GCC_493\Debug\Design01.a(Display1.o)
 .debug_frame   0x00000cd8       0x20 .\CortexM3\ARM_GCC_493\Debug\Design01.a(Display1_INT.o)
 .debug_frame   0x00000cf8      0x25c .\CortexM3\ARM_GCC_493\Debug\Design01.a(Display2.o)
 .debug_frame   0x00000f54       0x20 .\CortexM3\ARM_GCC_493\Debug\Design01.a(Display2_INT.o)
 .debug_frame   0x00000f74       0xe0 .\CortexM3\ARM_GCC_493\Debug\Design01.a(RF_Physical_IntClock.o)
 .debug_frame   0x00001054       0xe0 .\CortexM3\ARM_GCC_493\Debug\Design01.a(Display1_IntClock.o)
 .debug_frame   0x00001134       0xe0 .\CortexM3\ARM_GCC_493\Debug\Design01.a(Display2_IntClock.o)
 .debug_frame   0x00001214      0x728 .\CortexM3\ARM_GCC_493\Debug\Design01.a(CyLib.o)
 .debug_frame   0x0000193c      0x1f8 .\CortexM3\ARM_GCC_493\Debug\Design01.a(cyPm.o)
 .debug_frame   0x00001b34       0xe0 .\CortexM3\ARM_GCC_493\Debug\Design01.a(Printer_IntClock.o)
 .debug_frame   0x00001c14      0x25c .\CortexM3\ARM_GCC_493\Debug\Design01.a(Pump.o)
 .debug_frame   0x00001e70       0x20 .\CortexM3\ARM_GCC_493\Debug\Design01.a(Pump_INT.o)
 .debug_frame   0x00001e90      0x17c .\CortexM3\ARM_GCC_493\Debug\Design01.a(EEPROM_1.o)
 .debug_frame   0x0000200c       0x8c .\CortexM3\ARM_GCC_493\Debug\Design01.a(I2C_Bus.o)
 .debug_frame   0x00002098       0x30 .\CortexM3\ARM_GCC_493\Debug\Design01.a(I2C_Bus_INT.o)
 .debug_frame   0x000020c8       0x74 .\CortexM3\ARM_GCC_493\Debug\Design01.a(I2C_Bus_PM.o)
 .debug_frame   0x0000213c      0x120 .\CortexM3\ARM_GCC_493\Debug\Design01.a(I2C_Bus_MASTER.o)
 .debug_frame   0x0000225c      0x174 .\CortexM3\ARM_GCC_493\Debug\Design01.a(CyFlash.o)
 .debug_frame   0x000023d0      0x160 .\CortexM3\ARM_GCC_493\Debug\Design01.a(CySpc.o)
 .debug_frame   0x00002530       0x20 c:/program files (x86)/cypress/psoc creator/3.3/psoc creator/import/gnu/arm/4.9.3/bin/../lib/gcc/arm-none-eabi/4.9.3/../../../../arm-none-eabi/lib/armv7-m\libg_nano.a(lib_a-errno.o)
 .debug_frame   0x00002550       0x28 c:/program files (x86)/cypress/psoc creator/3.3/psoc creator/import/gnu/arm/4.9.3/bin/../lib/gcc/arm-none-eabi/4.9.3/../../../../arm-none-eabi/lib/armv7-m\libg_nano.a(lib_a-exit.o)
 .debug_frame   0x00002578       0x2c c:/program files (x86)/cypress/psoc creator/3.3/psoc creator/import/gnu/arm/4.9.3/bin/../lib/gcc/arm-none-eabi/4.9.3/../../../../arm-none-eabi/lib/armv7-m\libg_nano.a(lib_a-init.o)
 .debug_frame   0x000025a4       0x28 c:/program files (x86)/cypress/psoc creator/3.3/psoc creator/import/gnu/arm/4.9.3/bin/../lib/gcc/arm-none-eabi/4.9.3/../../../../arm-none-eabi/lib/armv7-m\libg_nano.a(lib_a-memcpy.o)
 .debug_frame   0x000025cc       0x20 c:/program files (x86)/cypress/psoc creator/3.3/psoc creator/import/gnu/arm/4.9.3/bin/../lib/gcc/arm-none-eabi/4.9.3/../../../../arm-none-eabi/lib/armv7-m\libg_nano.a(lib_a-memset.o)

.debug_str      0x00000000     0x3e71
 *(.debug_str)
 .debug_str     0x00000000      0xee4 .\CortexM3\ARM_GCC_493\Debug\main.o
                                0xf46 (size before relaxing)
 .debug_str     0x00000ee4      0x121 .\CortexM3\ARM_GCC_493\Debug\protocol.o
                                0x8ba (size before relaxing)
 .debug_str     0x00001005       0xb4 .\CortexM3\ARM_GCC_493\Debug\LCD.o
                                0x806 (size before relaxing)
 .debug_str     0x000010b9       0x30 .\CortexM3\ARM_GCC_493\Debug\keyboard.o
                                0x7e9 (size before relaxing)
 .debug_str     0x000010e9       0x76 .\CortexM3\ARM_GCC_493\Debug\I2C.o
                                0x766 (size before relaxing)
 .debug_str     0x0000115f      0x268 .\CortexM3\ARM_GCC_493\Debug\Print.o
                                0x95c (size before relaxing)
 .debug_str     0x000013c7       0x77 .\CortexM3\ARM_GCC_493\Debug\cymetadata.o
                                0x1ed (size before relaxing)
 .debug_str     0x0000143e      0x165 .\CortexM3\ARM_GCC_493\Debug\Cm3Start.o
                                0x301 (size before relaxing)
 .debug_str     0x000015a3      0x185 .\CortexM3\ARM_GCC_493\Debug\Design01.a(cyfitter_cfg.o)
                                0x33b (size before relaxing)
 .debug_str     0x00001728      0x483 .\CortexM3\ARM_GCC_493\Debug\Design01.a(RF_Physical.o)
                                0x64b (size before relaxing)
 .debug_str     0x00001bab       0x63 .\CortexM3\ARM_GCC_493\Debug\Design01.a(RF_Physical_INT.o)
                                0x281 (size before relaxing)
 .debug_str     0x00001c0e      0x278 .\CortexM3\ARM_GCC_493\Debug\Design01.a(Printer.o)
                                0x4c9 (size before relaxing)
 .debug_str     0x00001e86      0x2cd .\CortexM3\ARM_GCC_493\Debug\Design01.a(Display1.o)
                                0x5dc (size before relaxing)
 .debug_str     0x00002153       0x37 .\CortexM3\ARM_GCC_493\Debug\Design01.a(Display1_INT.o)
                                0x262 (size before relaxing)
 .debug_str     0x0000218a      0x2cd .\CortexM3\ARM_GCC_493\Debug\Design01.a(Display2.o)
                                0x5dc (size before relaxing)
 .debug_str     0x00002457       0x37 .\CortexM3\ARM_GCC_493\Debug\Design01.a(Display2_INT.o)
                                0x262 (size before relaxing)
 .debug_str     0x0000248e      0x1cb .\CortexM3\ARM_GCC_493\Debug\Design01.a(RF_Physical_IntClock.o)
                                0x38d (size before relaxing)
 .debug_str     0x00002659      0x162 .\CortexM3\ARM_GCC_493\Debug\Design01.a(Display1_IntClock.o)
                                0x369 (size before relaxing)
 .debug_str     0x000027bb      0x162 .\CortexM3\ARM_GCC_493\Debug\Design01.a(Display2_IntClock.o)
                                0x369 (size before relaxing)
 .debug_str     0x0000291d      0x7be .\CortexM3\ARM_GCC_493\Debug\Design01.a(CyLib.o)
                                0xa26 (size before relaxing)
 .debug_str     0x000030db      0x35b .\CortexM3\ARM_GCC_493\Debug\Design01.a(cyPm.o)
                                0x71e (size before relaxing)
 .debug_str     0x00003436      0x158 .\CortexM3\ARM_GCC_493\Debug\Design01.a(Printer_IntClock.o)
                                0x35d (size before relaxing)
 .debug_str     0x0000358e      0x216 .\CortexM3\ARM_GCC_493\Debug\Design01.a(Pump.o)
                                0x521 (size before relaxing)
 .debug_str     0x000037a4       0x2f .\CortexM3\ARM_GCC_493\Debug\Design01.a(Pump_INT.o)
                                0x249 (size before relaxing)
 .debug_str     0x000037d3      0x1db .\CortexM3\ARM_GCC_493\Debug\Design01.a(EEPROM_1.o)
                                0x3d3 (size before relaxing)
 .debug_str     0x000039ae       0xe7 .\CortexM3\ARM_GCC_493\Debug\Design01.a(I2C_Bus.o)
                                0x313 (size before relaxing)
 .debug_str     0x00003a95       0xf8 .\CortexM3\ARM_GCC_493\Debug\Design01.a(I2C_Bus_INT.o)
                                0x295 (size before relaxing)
 .debug_str     0x00003b8d       0x6c .\CortexM3\ARM_GCC_493\Debug\Design01.a(I2C_Bus_PM.o)
                                0x29b (size before relaxing)
 .debug_str     0x00003bf9      0x112 .\CortexM3\ARM_GCC_493\Debug\Design01.a(I2C_Bus_MASTER.o)
                                0x40a (size before relaxing)
 .debug_str     0x00003d0b       0xf6 .\CortexM3\ARM_GCC_493\Debug\Design01.a(CyFlash.o)
                                0x398 (size before relaxing)
 .debug_str     0x00003e01       0x70 .\CortexM3\ARM_GCC_493\Debug\Design01.a(CySpc.o)
                                0x321 (size before relaxing)

.debug_loc      0x00000000     0x52ee
 *(.debug_loc)
 .debug_loc     0x00000000      0x1bc .\CortexM3\ARM_GCC_493\Debug\main.o
 .debug_loc     0x000001bc      0x80a .\CortexM3\ARM_GCC_493\Debug\protocol.o
 .debug_loc     0x000009c6      0x411 .\CortexM3\ARM_GCC_493\Debug\LCD.o
 .debug_loc     0x00000dd7      0x1b8 .\CortexM3\ARM_GCC_493\Debug\keyboard.o
 .debug_loc     0x00000f8f       0x9b .\CortexM3\ARM_GCC_493\Debug\I2C.o
 .debug_loc     0x0000102a      0xa3b .\CortexM3\ARM_GCC_493\Debug\Print.o
 .debug_loc     0x00001a65      0x144 .\CortexM3\ARM_GCC_493\Debug\Cm3Start.o
 .debug_loc     0x00001ba9      0x289 .\CortexM3\ARM_GCC_493\Debug\Design01.a(cyfitter_cfg.o)
 .debug_loc     0x00001e32      0x34e .\CortexM3\ARM_GCC_493\Debug\Design01.a(RF_Physical.o)
 .debug_loc     0x00002180       0x45 .\CortexM3\ARM_GCC_493\Debug\Design01.a(RF_Physical_INT.o)
 .debug_loc     0x000021c5      0x258 .\CortexM3\ARM_GCC_493\Debug\Design01.a(Printer.o)
 .debug_loc     0x0000241d      0x34e .\CortexM3\ARM_GCC_493\Debug\Design01.a(Display1.o)
 .debug_loc     0x0000276b       0x45 .\CortexM3\ARM_GCC_493\Debug\Design01.a(Display1_INT.o)
 .debug_loc     0x000027b0      0x34e .\CortexM3\ARM_GCC_493\Debug\Design01.a(Display2.o)
 .debug_loc     0x00002afe       0x45 .\CortexM3\ARM_GCC_493\Debug\Design01.a(Display2_INT.o)
 .debug_loc     0x00002b43      0x128 .\CortexM3\ARM_GCC_493\Debug\Design01.a(RF_Physical_IntClock.o)
 .debug_loc     0x00002c6b      0x128 .\CortexM3\ARM_GCC_493\Debug\Design01.a(Display1_IntClock.o)
 .debug_loc     0x00002d93      0x12c .\CortexM3\ARM_GCC_493\Debug\Design01.a(Display2_IntClock.o)
 .debug_loc     0x00002ebf      0xa11 .\CortexM3\ARM_GCC_493\Debug\Design01.a(CyLib.o)
 .debug_loc     0x000038d0      0x1e4 .\CortexM3\ARM_GCC_493\Debug\Design01.a(cyPm.o)
 .debug_loc     0x00003ab4      0x128 .\CortexM3\ARM_GCC_493\Debug\Design01.a(Printer_IntClock.o)
 .debug_loc     0x00003bdc      0x34e .\CortexM3\ARM_GCC_493\Debug\Design01.a(Pump.o)
 .debug_loc     0x00003f2a       0x45 .\CortexM3\ARM_GCC_493\Debug\Design01.a(Pump_INT.o)
 .debug_loc     0x00003f6f      0x49f .\CortexM3\ARM_GCC_493\Debug\Design01.a(EEPROM_1.o)
 .debug_loc     0x0000440e       0x26 .\CortexM3\ARM_GCC_493\Debug\Design01.a(I2C_Bus.o)
 .debug_loc     0x00004434       0x29 .\CortexM3\ARM_GCC_493\Debug\Design01.a(I2C_Bus_INT.o)
 .debug_loc     0x0000445d       0x13 .\CortexM3\ARM_GCC_493\Debug\Design01.a(I2C_Bus_PM.o)
 .debug_loc     0x00004470      0x531 .\CortexM3\ARM_GCC_493\Debug\Design01.a(I2C_Bus_MASTER.o)
 .debug_loc     0x000049a1      0x300 .\CortexM3\ARM_GCC_493\Debug\Design01.a(CyFlash.o)
 .debug_loc     0x00004ca1      0x64d .\CortexM3\ARM_GCC_493\Debug\Design01.a(CySpc.o)

.debug_macinfo
 *(.debug_macinfo)

.debug_ranges   0x00000000      0xce0
 *(.debug_ranges)
 .debug_ranges  0x00000000       0x58 .\CortexM3\ARM_GCC_493\Debug\main.o
 .debug_ranges  0x00000058       0x48 .\CortexM3\ARM_GCC_493\Debug\protocol.o
 .debug_ranges  0x000000a0       0x38 .\CortexM3\ARM_GCC_493\Debug\LCD.o
 .debug_ranges  0x000000d8       0x10 .\CortexM3\ARM_GCC_493\Debug\keyboard.o
 .debug_ranges  0x000000e8       0x10 .\CortexM3\ARM_GCC_493\Debug\I2C.o
 .debug_ranges  0x000000f8       0x20 .\CortexM3\ARM_GCC_493\Debug\Print.o
 .debug_ranges  0x00000118       0x38 .\CortexM3\ARM_GCC_493\Debug\Cm3Start.o
 .debug_ranges  0x00000150       0x48 .\CortexM3\ARM_GCC_493\Debug\Design01.a(cyfitter_cfg.o)
 .debug_ranges  0x00000198       0xe0 .\CortexM3\ARM_GCC_493\Debug\Design01.a(RF_Physical.o)
 .debug_ranges  0x00000278       0x10 .\CortexM3\ARM_GCC_493\Debug\Design01.a(RF_Physical_INT.o)
 .debug_ranges  0x00000288       0xe0 .\CortexM3\ARM_GCC_493\Debug\Design01.a(Printer.o)
 .debug_ranges  0x00000368       0xe0 .\CortexM3\ARM_GCC_493\Debug\Design01.a(Display1.o)
 .debug_ranges  0x00000448       0x10 .\CortexM3\ARM_GCC_493\Debug\Design01.a(Display1_INT.o)
 .debug_ranges  0x00000458       0xe0 .\CortexM3\ARM_GCC_493\Debug\Design01.a(Display2.o)
 .debug_ranges  0x00000538       0x10 .\CortexM3\ARM_GCC_493\Debug\Design01.a(Display2_INT.o)
 .debug_ranges  0x00000548       0x60 .\CortexM3\ARM_GCC_493\Debug\Design01.a(RF_Physical_IntClock.o)
 .debug_ranges  0x000005a8       0x60 .\CortexM3\ARM_GCC_493\Debug\Design01.a(Display1_IntClock.o)
 .debug_ranges  0x00000608       0x60 .\CortexM3\ARM_GCC_493\Debug\Design01.a(Display2_IntClock.o)
 .debug_ranges  0x00000668      0x288 .\CortexM3\ARM_GCC_493\Debug\Design01.a(CyLib.o)
 .debug_ranges  0x000008f0       0x88 .\CortexM3\ARM_GCC_493\Debug\Design01.a(cyPm.o)
 .debug_ranges  0x00000978       0x60 .\CortexM3\ARM_GCC_493\Debug\Design01.a(Printer_IntClock.o)
 .debug_ranges  0x000009d8       0xe0 .\CortexM3\ARM_GCC_493\Debug\Design01.a(Pump.o)
 .debug_ranges  0x00000ab8       0x10 .\CortexM3\ARM_GCC_493\Debug\Design01.a(Pump_INT.o)
 .debug_ranges  0x00000ac8       0x68 .\CortexM3\ARM_GCC_493\Debug\Design01.a(EEPROM_1.o)
 .debug_ranges  0x00000b30       0x28 .\CortexM3\ARM_GCC_493\Debug\Design01.a(I2C_Bus.o)
 .debug_ranges  0x00000b58       0x10 .\CortexM3\ARM_GCC_493\Debug\Design01.a(I2C_Bus_INT.o)
 .debug_ranges  0x00000b68       0x28 .\CortexM3\ARM_GCC_493\Debug\Design01.a(I2C_Bus_PM.o)
 .debug_ranges  0x00000b90       0x78 .\CortexM3\ARM_GCC_493\Debug\Design01.a(I2C_Bus_MASTER.o)
 .debug_ranges  0x00000c08       0x70 .\CortexM3\ARM_GCC_493\Debug\Design01.a(CyFlash.o)
 .debug_ranges  0x00000c78       0x68 .\CortexM3\ARM_GCC_493\Debug\Design01.a(CySpc.o)

.comment        0x00000000       0x70
 .comment       0x00000000       0x70 .\CortexM3\ARM_GCC_493\Debug\main.o
                                 0x71 (size before relaxing)
 .comment       0x00000000       0x71 .\CortexM3\ARM_GCC_493\Debug\protocol.o
 .comment       0x00000000       0x71 .\CortexM3\ARM_GCC_493\Debug\LCD.o
 .comment       0x00000000       0x71 .\CortexM3\ARM_GCC_493\Debug\keyboard.o
 .comment       0x00000000       0x71 .\CortexM3\ARM_GCC_493\Debug\I2C.o
 .comment       0x00000000       0x71 .\CortexM3\ARM_GCC_493\Debug\Print.o
 .comment       0x00000000       0x71 .\CortexM3\ARM_GCC_493\Debug\cymetadata.o
 .comment       0x00000000       0x71 .\CortexM3\ARM_GCC_493\Debug\Cm3Start.o
 .comment       0x00000000       0x71 .\CortexM3\ARM_GCC_493\Debug\Design01.a(cyfitter_cfg.o)
 .comment       0x00000000       0x71 .\CortexM3\ARM_GCC_493\Debug\Design01.a(RF_Physical.o)
 .comment       0x00000000       0x71 .\CortexM3\ARM_GCC_493\Debug\Design01.a(RF_Physical_INT.o)
 .comment       0x00000000       0x71 .\CortexM3\ARM_GCC_493\Debug\Design01.a(Printer.o)
 .comment       0x00000000       0x71 .\CortexM3\ARM_GCC_493\Debug\Design01.a(Display1.o)
 .comment       0x00000000       0x71 .\CortexM3\ARM_GCC_493\Debug\Design01.a(Display1_INT.o)
 .comment       0x00000000       0x71 .\CortexM3\ARM_GCC_493\Debug\Design01.a(Display2.o)
 .comment       0x00000000       0x71 .\CortexM3\ARM_GCC_493\Debug\Design01.a(Display2_INT.o)
 .comment       0x00000000       0x71 .\CortexM3\ARM_GCC_493\Debug\Design01.a(RF_Physical_IntClock.o)
 .comment       0x00000000       0x71 .\CortexM3\ARM_GCC_493\Debug\Design01.a(Display1_IntClock.o)
 .comment       0x00000000       0x71 .\CortexM3\ARM_GCC_493\Debug\Design01.a(Display2_IntClock.o)
 .comment       0x00000000       0x71 .\CortexM3\ARM_GCC_493\Debug\Design01.a(CyLib.o)
 .comment       0x00000000       0x71 .\CortexM3\ARM_GCC_493\Debug\Design01.a(cyPm.o)
 .comment       0x00000000       0x71 .\CortexM3\ARM_GCC_493\Debug\Design01.a(Printer_IntClock.o)
 .comment       0x00000000       0x71 .\CortexM3\ARM_GCC_493\Debug\Design01.a(Pump.o)
 .comment       0x00000000       0x71 .\CortexM3\ARM_GCC_493\Debug\Design01.a(Pump_INT.o)
 .comment       0x00000000       0x71 .\CortexM3\ARM_GCC_493\Debug\Design01.a(EEPROM_1.o)
 .comment       0x00000000       0x71 .\CortexM3\ARM_GCC_493\Debug\Design01.a(I2C_Bus.o)
 .comment       0x00000000       0x71 .\CortexM3\ARM_GCC_493\Debug\Design01.a(I2C_Bus_INT.o)
 .comment       0x00000000       0x71 .\CortexM3\ARM_GCC_493\Debug\Design01.a(I2C_Bus_PM.o)
 .comment       0x00000000       0x71 .\CortexM3\ARM_GCC_493\Debug\Design01.a(I2C_Bus_MASTER.o)
 .comment       0x00000000       0x71 .\CortexM3\ARM_GCC_493\Debug\Design01.a(CyFlash.o)
 .comment       0x00000000       0x71 .\CortexM3\ARM_GCC_493\Debug\Design01.a(CySpc.o)

.debug_weaknames
 *(.debug_weaknames)

.debug_funcnames
 *(.debug_funcnames)

.debug_typenames
 *(.debug_typenames)

.debug_varnames
 *(.debug_varnames)

.note.gnu.arm.ident
 *(.note.gnu.arm.ident)

.ARM.attributes
                0x00000000       0x29
 *(.ARM.attributes)
 .ARM.attributes
                0x00000000       0x1d c:/program files (x86)/cypress/psoc creator/3.3/psoc creator/import/gnu/arm/4.9.3/bin/../lib/gcc/arm-none-eabi/4.9.3/armv7-m/crti.o
 .ARM.attributes
                0x0000001d       0x2d c:/program files (x86)/cypress/psoc creator/3.3/psoc creator/import/gnu/arm/4.9.3/bin/../lib/gcc/arm-none-eabi/4.9.3/armv7-m/crtbegin.o
 .ARM.attributes
                0x0000004a       0x1b c:/program files (x86)/cypress/psoc creator/3.3/psoc creator/import/gnu/arm/4.9.3/bin/../lib/gcc/arm-none-eabi/4.9.3/../../../../arm-none-eabi/lib/armv7-m/crt0.o
 .ARM.attributes
                0x00000065       0x33 .\CortexM3\ARM_GCC_493\Debug\main.o
 .ARM.attributes
                0x00000098       0x33 .\CortexM3\ARM_GCC_493\Debug\protocol.o
 .ARM.attributes
                0x000000cb       0x33 .\CortexM3\ARM_GCC_493\Debug\LCD.o
 .ARM.attributes
                0x000000fe       0x33 .\CortexM3\ARM_GCC_493\Debug\keyboard.o
 .ARM.attributes
                0x00000131       0x33 .\CortexM3\ARM_GCC_493\Debug\I2C.o
 .ARM.attributes
                0x00000164       0x33 .\CortexM3\ARM_GCC_493\Debug\Print.o
 .ARM.attributes
                0x00000197       0x33 .\CortexM3\ARM_GCC_493\Debug\cymetadata.o
 .ARM.attributes
                0x000001ca       0x33 .\CortexM3\ARM_GCC_493\Debug\Cm3Start.o
 .ARM.attributes
                0x000001fd       0x33 .\CortexM3\ARM_GCC_493\Debug\Design01.a(cyfitter_cfg.o)
 .ARM.attributes
                0x00000230       0x33 .\CortexM3\ARM_GCC_493\Debug\Design01.a(RF_Physical.o)
 .ARM.attributes
                0x00000263       0x33 .\CortexM3\ARM_GCC_493\Debug\Design01.a(RF_Physical_INT.o)
 .ARM.attributes
                0x00000296       0x33 .\CortexM3\ARM_GCC_493\Debug\Design01.a(Printer.o)
 .ARM.attributes
                0x000002c9       0x33 .\CortexM3\ARM_GCC_493\Debug\Design01.a(Display1.o)
 .ARM.attributes
                0x000002fc       0x33 .\CortexM3\ARM_GCC_493\Debug\Design01.a(Display1_INT.o)
 .ARM.attributes
                0x0000032f       0x33 .\CortexM3\ARM_GCC_493\Debug\Design01.a(Display2.o)
 .ARM.attributes
                0x00000362       0x33 .\CortexM3\ARM_GCC_493\Debug\Design01.a(Display2_INT.o)
 .ARM.attributes
                0x00000395       0x33 .\CortexM3\ARM_GCC_493\Debug\Design01.a(RF_Physical_IntClock.o)
 .ARM.attributes
                0x000003c8       0x33 .\CortexM3\ARM_GCC_493\Debug\Design01.a(Display1_IntClock.o)
 .ARM.attributes
                0x000003fb       0x33 .\CortexM3\ARM_GCC_493\Debug\Design01.a(Display2_IntClock.o)
 .ARM.attributes
                0x0000042e       0x21 .\CortexM3\ARM_GCC_493\Debug\Design01.a(CyBootAsmGnu.o)
 .ARM.attributes
                0x0000044f       0x33 .\CortexM3\ARM_GCC_493\Debug\Design01.a(CyLib.o)
 .ARM.attributes
                0x00000482       0x33 .\CortexM3\ARM_GCC_493\Debug\Design01.a(cyPm.o)
 .ARM.attributes
                0x000004b5       0x33 .\CortexM3\ARM_GCC_493\Debug\Design01.a(Printer_IntClock.o)
 .ARM.attributes
                0x000004e8       0x33 .\CortexM3\ARM_GCC_493\Debug\Design01.a(Pump.o)
 .ARM.attributes
                0x0000051b       0x33 .\CortexM3\ARM_GCC_493\Debug\Design01.a(Pump_INT.o)
 .ARM.attributes
                0x0000054e       0x33 .\CortexM3\ARM_GCC_493\Debug\Design01.a(EEPROM_1.o)
 .ARM.attributes
                0x00000581       0x33 .\CortexM3\ARM_GCC_493\Debug\Design01.a(I2C_Bus.o)
 .ARM.attributes
                0x000005b4       0x33 .\CortexM3\ARM_GCC_493\Debug\Design01.a(I2C_Bus_INT.o)
 .ARM.attributes
                0x000005e7       0x33 .\CortexM3\ARM_GCC_493\Debug\Design01.a(I2C_Bus_PM.o)
 .ARM.attributes
                0x0000061a       0x33 .\CortexM3\ARM_GCC_493\Debug\Design01.a(I2C_Bus_MASTER.o)
 .ARM.attributes
                0x0000064d       0x33 .\CortexM3\ARM_GCC_493\Debug\Design01.a(CyFlash.o)
 .ARM.attributes
                0x00000680       0x33 .\CortexM3\ARM_GCC_493\Debug\Design01.a(CySpc.o)
 .ARM.attributes
                0x000006b3       0x2d c:/program files (x86)/cypress/psoc creator/3.3/psoc creator/import/gnu/arm/4.9.3/bin/../lib/gcc/arm-none-eabi/4.9.3/../../../../arm-none-eabi/lib/armv7-m\libg_nano.a(lib_a-errno.o)
 .ARM.attributes
                0x000006e0       0x2d c:/program files (x86)/cypress/psoc creator/3.3/psoc creator/import/gnu/arm/4.9.3/bin/../lib/gcc/arm-none-eabi/4.9.3/../../../../arm-none-eabi/lib/armv7-m\libg_nano.a(lib_a-exit.o)
 .ARM.attributes
                0x0000070d       0x2d c:/program files (x86)/cypress/psoc creator/3.3/psoc creator/import/gnu/arm/4.9.3/bin/../lib/gcc/arm-none-eabi/4.9.3/../../../../arm-none-eabi/lib/armv7-m\libg_nano.a(lib_a-impure.o)
 .ARM.attributes
                0x0000073a       0x2d c:/program files (x86)/cypress/psoc creator/3.3/psoc creator/import/gnu/arm/4.9.3/bin/../lib/gcc/arm-none-eabi/4.9.3/../../../../arm-none-eabi/lib/armv7-m\libg_nano.a(lib_a-init.o)
 .ARM.attributes
                0x00000767       0x2d c:/program files (x86)/cypress/psoc creator/3.3/psoc creator/import/gnu/arm/4.9.3/bin/../lib/gcc/arm-none-eabi/4.9.3/../../../../arm-none-eabi/lib/armv7-m\libg_nano.a(lib_a-memcpy.o)
 .ARM.attributes
                0x00000794       0x2d c:/program files (x86)/cypress/psoc creator/3.3/psoc creator/import/gnu/arm/4.9.3/bin/../lib/gcc/arm-none-eabi/4.9.3/../../../../arm-none-eabi/lib/armv7-m\libg_nano.a(lib_a-memset.o)
 .ARM.attributes
                0x000007c1       0x2d c:/program files (x86)/cypress/psoc creator/3.3/psoc creator/import/gnu/arm/4.9.3/bin/../lib/gcc/arm-none-eabi/4.9.3/armv7-m/crtend.o
 .ARM.attributes
                0x000007ee       0x1d c:/program files (x86)/cypress/psoc creator/3.3/psoc creator/import/gnu/arm/4.9.3/bin/../lib/gcc/arm-none-eabi/4.9.3/armv7-m/crtn.o

/DISCARD/
 *(.note.GNU-stack)
OUTPUT(.\CortexM3\ARM_GCC_493\Debug\Design01.elf elf32-littlearm)
