Archive member included because of file (symbol)

.\CortexM3\ARM_GCC_493\Debug\Design01.a(cyfitter_cfg.o)
                              .\CortexM3\ARM_GCC_493\Debug\Cm3Start.o (cyfitter_cfg)
.\CortexM3\ARM_GCC_493\Debug\Design01.a(RF_Physical.o)
                              .\CortexM3\ARM_GCC_493\Debug\main.o (RF_Physical_Start)
.\CortexM3\ARM_GCC_493\Debug\Design01.a(RF_Physical_INT.o)
                              .\CortexM3\ARM_GCC_493\Debug\Design01.a(RF_Physical.o) (RF_Physical_RXISR)
.\CortexM3\ARM_GCC_493\Debug\Design01.a(Printer.o)
                              .\CortexM3\ARM_GCC_493\Debug\main.o (Printer_Start)
.\CortexM3\ARM_GCC_493\Debug\Design01.a(Display1.o)
                              .\CortexM3\ARM_GCC_493\Debug\main.o (Display1_Start)
.\CortexM3\ARM_GCC_493\Debug\Design01.a(Display1_INT.o)
                              .\CortexM3\ARM_GCC_493\Debug\Design01.a(Display1.o) (Display1_RXISR)
.\CortexM3\ARM_GCC_493\Debug\Design01.a(Display2.o)
                              .\CortexM3\ARM_GCC_493\Debug\main.o (Display2_Start)
.\CortexM3\ARM_GCC_493\Debug\Design01.a(Display2_INT.o)
                              .\CortexM3\ARM_GCC_493\Debug\Design01.a(Display2.o) (Display2_RXISR)
.\CortexM3\ARM_GCC_493\Debug\Design01.a(RF_Physical_IntClock.o)
                              .\CortexM3\ARM_GCC_493\Debug\Design01.a(RF_Physical.o) (RF_Physical_IntClock_Start)
.\CortexM3\ARM_GCC_493\Debug\Design01.a(Display1_IntClock.o)
                              .\CortexM3\ARM_GCC_493\Debug\Design01.a(Display1.o) (Display1_IntClock_Start)
.\CortexM3\ARM_GCC_493\Debug\Design01.a(Display2_IntClock.o)
                              .\CortexM3\ARM_GCC_493\Debug\Design01.a(Display2.o) (Display2_IntClock_Start)
.\CortexM3\ARM_GCC_493\Debug\Design01.a(CyBootAsmGnu.o)
                              .\CortexM3\ARM_GCC_493\Debug\Design01.a(cyfitter_cfg.o) (CyDelayCycles)
.\CortexM3\ARM_GCC_493\Debug\Design01.a(CyLib.o)
                              .\CortexM3\ARM_GCC_493\Debug\Cm3Start.o (CyHalt)
.\CortexM3\ARM_GCC_493\Debug\Design01.a(cyPm.o)
                              .\CortexM3\ARM_GCC_493\Debug\Design01.a(CyLib.o) (CyPmReadStatus)
.\CortexM3\ARM_GCC_493\Debug\Design01.a(Printer_IntClock.o)
                              .\CortexM3\ARM_GCC_493\Debug\Design01.a(Printer.o) (Printer_IntClock_Start)
.\CortexM3\ARM_GCC_493\Debug\Design01.a(Pump.o)
                              .\CortexM3\ARM_GCC_493\Debug\main.o (Pump_Start)
.\CortexM3\ARM_GCC_493\Debug\Design01.a(Pump_INT.o)
                              .\CortexM3\ARM_GCC_493\Debug\Design01.a(Pump.o) (Pump_RXISR)
.\CortexM3\ARM_GCC_493\Debug\Design01.a(EEPROM_1.o)
                              .\CortexM3\ARM_GCC_493\Debug\main.o (EEPROM_1_Start)
.\CortexM3\ARM_GCC_493\Debug\Design01.a(I2C_Bus.o)
                              .\CortexM3\ARM_GCC_493\Debug\main.o (I2C_Bus_Start)
.\CortexM3\ARM_GCC_493\Debug\Design01.a(I2C_Bus_INT.o)
                              .\CortexM3\ARM_GCC_493\Debug\Design01.a(I2C_Bus.o) (I2C_Bus_ISR)
.\CortexM3\ARM_GCC_493\Debug\Design01.a(I2C_Bus_PM.o)
                              .\CortexM3\ARM_GCC_493\Debug\Design01.a(I2C_Bus.o) (I2C_Bus_backup)
.\CortexM3\ARM_GCC_493\Debug\Design01.a(I2C_Bus_MASTER.o)
                              .\CortexM3\ARM_GCC_493\Debug\Design01.a(I2C_Bus_INT.o) (I2C_Bus_mstrStatus)
.\CortexM3\ARM_GCC_493\Debug\Design01.a(Timer_Animacion.o)
                              .\CortexM3\ARM_GCC_493\Debug\main.o (Timer_Animacion_Stop)
.\CortexM3\ARM_GCC_493\Debug\Design01.a(isr_3.o)
                              .\CortexM3\ARM_GCC_493\Debug\main.o (isr_3_StartEx)
.\CortexM3\ARM_GCC_493\Debug\Design01.a(Timer_Animacion2.o)
                              .\CortexM3\ARM_GCC_493\Debug\main.o (Timer_Animacion2_ReadStatusRegister)
.\CortexM3\ARM_GCC_493\Debug\Design01.a(IB1.o)
                              .\CortexM3\ARM_GCC_493\Debug\ibuton.o (IB1_Write)
.\CortexM3\ARM_GCC_493\Debug\Design01.a(IB2.o)
                              .\CortexM3\ARM_GCC_493\Debug\ibuton.o (IB2_Write)
.\CortexM3\ARM_GCC_493\Debug\Design01.a(CyFlash.o)
                              .\CortexM3\ARM_GCC_493\Debug\Design01.a(EEPROM_1.o) (dieTemperature)
.\CortexM3\ARM_GCC_493\Debug\Design01.a(CySpc.o)
                              .\CortexM3\ARM_GCC_493\Debug\Design01.a(EEPROM_1.o) (CySpcStart)
c:/program files (x86)/cypress/psoc creator/3.3/psoc creator/import/gnu/arm/4.9.3/bin/../lib/gcc/arm-none-eabi/4.9.3/../../../../arm-none-eabi/lib/armv7-m\libg_nano.a(lib_a-errno.o)
                              .\CortexM3\ARM_GCC_493\Debug\Cm3Start.o (__errno)
c:/program files (x86)/cypress/psoc creator/3.3/psoc creator/import/gnu/arm/4.9.3/bin/../lib/gcc/arm-none-eabi/4.9.3/../../../../arm-none-eabi/lib/armv7-m\libg_nano.a(lib_a-exit.o)
                              c:/program files (x86)/cypress/psoc creator/3.3/psoc creator/import/gnu/arm/4.9.3/bin/../lib/gcc/arm-none-eabi/4.9.3/../../../../arm-none-eabi/lib/armv7-m/crt0.o (exit)
[...]
Memory Configuration

Name             Origin             Length             Attributes
rom              0x00000000         0x00040000         xr
ram              0x1fff8000         0x00010000         xrw
*default*        0x00000000         0xffffffff

Linker script and memory map

LOAD c:/program files (x86)/cypress/psoc creator/3.3/psoc creator/import/gnu/arm/4.9.3/bin/../lib/gcc/arm-none-eabi/4.9.3/armv7-m/crti.o
LOAD c:/program files (x86)/cypress/psoc creator/3.3/psoc creator/import/gnu/arm/4.9.3/bin/../lib/gcc/arm-none-eabi/4.9.3/armv7-m/crtbegin.o
LOAD c:/program files (x86)/cypress/psoc creator/3.3/psoc creator/import/gnu/arm/4.9.3/bin/../lib/gcc/arm-none-eabi/4.9.3/../../../../arm-none-eabi/lib/armv7-m/crt0.o
START GROUP
LOAD .\CortexM3\ARM_GCC_493\Debug\main.o
LOAD .\CortexM3\ARM_GCC_493\Debug\protocol.o
LOAD .\CortexM3\ARM_GCC_493\Debug\LCD.o
LOAD .\CortexM3\ARM_GCC_493\Debug\keyboard.o
LOAD .\CortexM3\ARM_GCC_493\Debug\I2C.o
LOAD .\CortexM3\ARM_GCC_493\Debug\Print.o
LOAD .\CortexM3\ARM_GCC_493\Debug\ibuton.o
LOAD .\CortexM3\ARM_GCC_493\Debug\cymetadata.o
LOAD .\CortexM3\ARM_GCC_493\Debug\Cm3Start.o
LOAD .\CortexM3\ARM_GCC_493\Debug\Design01.a
LOAD C:\Program Files (x86)\Cypress\PSoC Creator\3.3\PSoC Creator\psoc\content\cycomponentlibrary\CyComponentLibrary.cylib\CortexM3\ARM_GCC_493\Debug\CyComponentLibrary.a
END GROUP
START GROUP
LOAD c:/program files (x86)/cypress/psoc creator/3.3/psoc creator/import/gnu/arm/4.9.3/bin/../lib/gcc/arm-none-eabi/4.9.3/armv7-m\libgcc.a
LOAD c:/program files (x86)/cypress/psoc creator/3.3/psoc creator/import/gnu/arm/4.9.3/bin/../lib/gcc/arm-none-eabi/4.9.3/../../../../arm-none-eabi/lib/armv7-m\libg_nano.a
LOAD c:/program files (x86)/cypress/psoc creator/3.3/psoc creator/import/gnu/arm/4.9.3/bin/../lib/gcc/arm-none-eabi/4.9.3/../../../../arm-none-eabi/lib/armv7-m\libc_nano.a
END GROUP
START GROUP
LOAD c:/program files (x86)/cypress/psoc creator/3.3/psoc creator/import/gnu/arm/4.9.3/bin/../lib/gcc/arm-none-eabi/4.9.3/armv7-m\libgcc.a
LOAD c:/program files (x86)/cypress/psoc creator/3.3/psoc creator/import/gnu/arm/4.9.3/bin/../lib/gcc/arm-none-eabi/4.9.3/../../../../arm-none-eabi/lib/armv7-m\libc_nano.a
END GROUP
LOAD c:/program files (x86)/cypress/psoc creator/3.3/psoc creator/import/gnu/arm/4.9.3/bin/../lib/gcc/arm-none-eabi/4.9.3/armv7-m/crtend.o
LOAD c:/program files (x86)/cypress/psoc creator/3.3/psoc creator/import/gnu/arm/4.9.3/bin/../lib/gcc/arm-none-eabi/4.9.3/armv7-m/crtn.o
START GROUP
LOAD c:/program files (x86)/cypress/psoc creator/3.3/psoc creator/import/gnu/arm/4.9.3/bin/../lib/gcc/arm-none-eabi/4.9.3/armv7-m\libgcc.a
LOAD c:/program files (x86)/cypress/psoc creator/3.3/psoc creator/import/gnu/arm/4.9.3/bin/../lib/gcc/arm-none-eabi/4.9.3/../../../../arm-none-eabi/lib/armv7-m\libc.a
LOAD c:/program files (x86)/cypress/psoc creator/3.3/psoc creator/import/gnu/arm/4.9.3/bin/../lib/gcc/arm-none-eabi/4.9.3/../../../../arm-none-eabi/lib/armv7-m\libnosys.a
END GROUP
                0x00000000                CY_APPL_ORIGIN = 0x0
                0x00000100                CY_FLASH_ROW_SIZE = 0x100
                0x00000020                CY_ECC_ROW_SIZE = 0x20
                0x00000000                CY_EE_IN_BTLDR = 0x0
                0x00000000                CY_APPL_LOADABLE = 0x0
                0x00000800                CY_EE_SIZE = 0x800
                0x00000001                CY_APPL_NUM = 0x1
                0x00000001                CY_APPL_MAX = 0x1
                0x00000040                CY_METADATA_SIZE = 0x40
                0x00000000                CY_APPL_LOADABLE = 0x0
                0x00000000                CY_CHECKSUM_EXCLUDE_SIZE = ALIGN (0x0, CY_FLASH_ROW_SIZE)
                0x1fff95b8                PROVIDE (__cy_heap_start, _end)
                0x00000001                PROVIDE (__cy_region_num, ((__cy_regions_end - __cy_regions) / 0x10))
                0x20008000                PROVIDE (__cy_stack, (ORIGIN (ram) + 0x10000))
                0x20007800                PROVIDE (__cy_heap_end, (__cy_stack - 0x800))

.cybootloader   0x00000000        0x0
 *(.cybootloader)
                0x00000000                appl1_start = CY_APPL_ORIGIN?CY_APPL_ORIGIN:ALIGN (CY_FLASH_ROW_SIZE)
                0x0001ff00                appl2_start = (appl1_start + ALIGN ((((0x40000 - appl1_start) - (0x2 * CY_FLASH_ROW_SIZE)) / 0x2), CY_FLASH_ROW_SIZE))
                0x00000000                appl_start = (CY_APPL_NUM == 0x1)?appl1_start:appl2_start
                0x00000000                ecc_offset = ((appl_start / CY_FLASH_ROW_SIZE) * CY_ECC_ROW_SIZE)
                0x00000000                ee_offset = (CY_APPL_LOADABLE && ! (CY_EE_IN_BTLDR))?((CY_EE_SIZE / CY_APPL_MAX) * (CY_APPL_NUM - 0x1)):0x0
                0x00000800                ee_size = (CY_APPL_LOADABLE && ! (CY_EE_IN_BTLDR))?(CY_EE_SIZE / CY_APPL_MAX):CY_EE_SIZE
                0x00000000                PROVIDE (CY_ECC_OFFSET, ecc_offset)

.text           0x00000000     0x46b2
 CREATE_OBJECT_SYMBOLS
                0x00000000                PROVIDE (__cy_interrupt_vector, RomVectors)
 *(.romvectors)
 .romvectors    0x00000000       0x10 .\CortexM3\ARM_GCC_493\Debug\Cm3Start.o
                0x00000000                RomVectors
                0x00000001                ASSERT ((. != __cy_interrupt_vector), No interrupt vector)
                0x00000001                ASSERT (CY_APPL_ORIGIN?(SIZEOF (.cybootloader) <= CY_APPL_ORIGIN):0x1, Wrong image location)
                0x00000010                PROVIDE (__cy_reset, Reset)
 *(.text.Reset)
 .text.Reset    0x00000010       0x18 .\CortexM3\ARM_GCC_493\Debug\Cm3Start.o
                0x00000010                Reset
                0x00000001                ASSERT ((. != __cy_reset), No reset code)
 *(.dma_init)
                0x00000001                ASSERT ((((appl_start + .) <= 0x10000) || 0x1), DMA Init must be within the first 64k of flash)
 *(.text .text.* .gnu.linkonce.t.*)
 .text          0x00000028       0x5c c:/program files (x86)/cypress/psoc creator/3.3/psoc creator/import/gnu/arm/4.9.3/bin/../lib/gcc/arm-none-eabi/4.9.3/armv7-m/crtbegin.o
 .text.animacion
                0x00000084       0x14 .\CortexM3\ARM_GCC_493\Debug\main.o
                0x00000084                animacion
 .text.GlobalInitializer
                0x00000098       0x20 .\CortexM3\ARM_GCC_493\Debug\main.o
                0x00000098                GlobalInitializer
 .text.StoreConfiguration
                0x000000b8       0x74 .\CortexM3\ARM_GCC_493\Debug\main.o
                0x000000b8                StoreConfiguration
 .text.InitDisplay1
                0x0000012c      0x28c .\CortexM3\ARM_GCC_493\Debug\main.o
                0x0000012c                InitDisplay1
 .text.InitDisplay2
                0x000003b8       0x50 .\CortexM3\ARM_GCC_493\Debug\main.o
                0x000003b8                InitDisplay2
 .text.InitPump
                0x00000408       0xc4 .\CortexM3\ARM_GCC_493\Debug\main.o
                0x00000408                InitPump
 .text.PollingDisplay1
                0x000004cc      0x914 .\CortexM3\ARM_GCC_493\Debug\main.o
                0x000004cc                PollingDisplay1
 .text.PollingDisplay2
                0x00000de0      0x32c .\CortexM3\ARM_GCC_493\Debug\main.o
                0x00000de0                PollingDisplay2
 .text.main     0x0000110c       0x48 .\CortexM3\ARM_GCC_493\Debug\main.o
                0x0000110c                main
 .text.get_state
                0x00001154       0x30 .\CortexM3\ARM_GCC_493\Debug\protocol.o
                0x00001154                get_state
 .text.get_position
                0x00001184      0x120 .\CortexM3\ARM_GCC_493\Debug\protocol.o
                0x00001184                get_position
 .text.getSale  0x000012a4      0x3c8 .\CortexM3\ARM_GCC_493\Debug\protocol.o
                0x000012a4                getSale
 .text.PumpIsInValidState
                0x0000166c       0x14 .\CortexM3\ARM_GCC_493\Debug\protocol.o
                0x0000166c                PumpIsInValidState
 .text.GetLRC   0x00001680       0x28 .\CortexM3\ARM_GCC_493\Debug\protocol.o
                0x00001680                GetLRC
 .text.PresetData
                0x000016a8      0x1b4 .\CortexM3\ARM_GCC_493\Debug\protocol.o
                0x000016a8                PresetData
 .text.PumpCompleteConfiguration
                0x0000185c      0x160 .\CortexM3\ARM_GCC_493\Debug\protocol.o
                0x0000185c                PumpCompleteConfiguration
 .text.PumpHoseActiveState
                0x000019bc       0xd4 .\CortexM3\ARM_GCC_493\Debug\protocol.o
                0x000019bc                PumpHoseActiveState
 .text.SetPicture
                0x00001a90       0x50 .\CortexM3\ARM_GCC_493\Debug\LCD.o
                0x00001a90                SetPicture
 .text.WriteMessage
                0x00001ae0       0xc8 .\CortexM3\ARM_GCC_493\Debug\LCD.o
                0x00001ae0                WriteMessage
 .text.ShowRectangle
                0x00001ba8       0x5c .\CortexM3\ARM_GCC_493\Debug\LCD.o
                0x00001ba8                ShowRectangle
 .text.ShowMessage
                0x00001c04       0x34 .\CortexM3\ARM_GCC_493\Debug\LCD.o
                0x00001c04                ShowMessage
 .text.UnmapCode
                0x00001c38       0x1c .\CortexM3\ARM_GCC_493\Debug\LCD.o
                0x00001c38                UnmapCode
 .text.WriteLCD
                0x00001c54       0xc8 .\CortexM3\ARM_GCC_493\Debug\LCD.o
                0x00001c54                WriteLCD
 .text.alphanumeric_keyboard
                0x00001d1c      0x494 .\CortexM3\ARM_GCC_493\Debug\keyboard.o
                0x00001d1c                alphanumeric_keyboard
 .text.write_psoc1
                0x000021b0       0x48 .\CortexM3\ARM_GCC_493\Debug\I2C.o
                0x000021b0                write_psoc1
 .text.leer_fecha
                0x000021f8       0x5c .\CortexM3\ARM_GCC_493\Debug\I2C.o
                0x000021f8                leer_fecha
 .text.leer_hora
                0x00002254       0x5c .\CortexM3\ARM_GCC_493\Debug\I2C.o
                0x00002254                leer_hora
 .text.printLogoP
                0x000022b0      0x1f0 .\CortexM3\ARM_GCC_493\Debug\Print.o
                0x000022b0                printLogoP
 .text.imprimir
                0x000024a0      0x7e4 .\CortexM3\ARM_GCC_493\Debug\Print.o
                0x000024a0                imprimir
 .text.touch_present
                0x00002c84       0x84 .\CortexM3\ARM_GCC_493\Debug\ibuton.o
                0x00002c84                touch_present
 .text.touch_write
                0x00002d08       0xd4 .\CortexM3\ARM_GCC_493\Debug\ibuton.o
                0x00002d08                touch_write
 .text.touch_read_byte
                0x00002ddc       0x78 .\CortexM3\ARM_GCC_493\Debug\ibuton.o
                0x00002ddc                touch_read_byte
 .text.crc_check
                0x00002e54       0x20 .\CortexM3\ARM_GCC_493\Debug\ibuton.o
                0x00002e54                crc_check
 .text.IntDefaultHandler
                0x00002e74        0x4 .\CortexM3\ARM_GCC_493\Debug\Cm3Start.o
                0x00002e74                IntDefaultHandler
 .text.Start_c  0x00002e78       0x4c .\CortexM3\ARM_GCC_493\Debug\Cm3Start.o
                0x00002e78                Start_c
 .text.initialize_psoc
                0x00002ec4       0x74 .\CortexM3\ARM_GCC_493\Debug\Cm3Start.o
                0x00002ec4                initialize_psoc
 .text.CyClockStartupError
                0x00002f38        0x4 .\CortexM3\ARM_GCC_493\Debug\Design01.a(cyfitter_cfg.o)
 .text.cfg_write_bytes32
                0x00002f3c       0x34 .\CortexM3\ARM_GCC_493\Debug\Design01.a(cyfitter_cfg.o)
 .text.AnalogSetDefault
                0x00002f70       0x28 .\CortexM3\ARM_GCC_493\Debug\Design01.a(cyfitter_cfg.o)
 .text.CYMEMZERO
                0x00002f98        0xc .\CortexM3\ARM_GCC_493\Debug\Design01.a(cyfitter_cfg.o)
 .text.ClockSetup
                0x00002fa4       0xf8 .\CortexM3\ARM_GCC_493\Debug\Design01.a(cyfitter_cfg.o)
 .text.CYCONFIGCPY
                0x0000309c        0x8 .\CortexM3\ARM_GCC_493\Debug\Design01.a(cyfitter_cfg.o)
 .text.cyfitter_cfg
                0x000030a4      0x13c .\CortexM3\ARM_GCC_493\Debug\Design01.a(cyfitter_cfg.o)
                0x000030a4                cyfitter_cfg
 .text.RF_Physical_Init
                0x000031e0       0x44 .\CortexM3\ARM_GCC_493\Debug\Design01.a(RF_Physical.o)
                0x000031e0                RF_Physical_Init
 .text.RF_Physical_Enable
                0x00003224       0x44 .\CortexM3\ARM_GCC_493\Debug\Design01.a(RF_Physical.o)
                0x00003224                RF_Physical_Enable
 .text.RF_Physical_Start
                0x00003268       0x1c .\CortexM3\ARM_GCC_493\Debug\Design01.a(RF_Physical.o)
                0x00003268                RF_Physical_Start
 .text.RF_Physical_RXISR
                0x00003284       0x9c .\CortexM3\ARM_GCC_493\Debug\Design01.a(RF_Physical_INT.o)
                0x00003284                RF_Physical_RXISR
 .text.Printer_Init
                0x00003320       0x24 .\CortexM3\ARM_GCC_493\Debug\Design01.a(Printer.o)
                0x00003320                Printer_Init
 .text.Printer_Enable
                0x00003344       0x38 .\CortexM3\ARM_GCC_493\Debug\Design01.a(Printer.o)
                0x00003344                Printer_Enable
 .text.Printer_Start
                0x0000337c       0x1c .\CortexM3\ARM_GCC_493\Debug\Design01.a(Printer.o)
                0x0000337c                Printer_Start
 .text.Display1_Init
                0x00003398       0x44 .\CortexM3\ARM_GCC_493\Debug\Design01.a(Display1.o)
                0x00003398                Display1_Init
 .text.Display1_Enable
                0x000033dc       0x44 .\CortexM3\ARM_GCC_493\Debug\Design01.a(Display1.o)
                0x000033dc                Display1_Enable
 .text.Display1_Start
                0x00003420       0x1c .\CortexM3\ARM_GCC_493\Debug\Design01.a(Display1.o)
                0x00003420                Display1_Start
 .text.Display1_GetRxBufferSize
                0x0000343c       0x5c .\CortexM3\ARM_GCC_493\Debug\Design01.a(Display1.o)
                0x0000343c                Display1_GetRxBufferSize
 .text.Display1_ClearRxBuffer
                0x00003498       0x44 .\CortexM3\ARM_GCC_493\Debug\Design01.a(Display1.o)
                0x00003498                Display1_ClearRxBuffer
 .text.Display1_PutChar
                0x000034dc       0x18 .\CortexM3\ARM_GCC_493\Debug\Design01.a(Display1.o)
                0x000034dc                Display1_PutChar
 .text.Display1_RXISR
                0x000034f4       0x94 .\CortexM3\ARM_GCC_493\Debug\Design01.a(Display1_INT.o)
                0x000034f4                Display1_RXISR
 .text.Display2_Init
                0x00003588       0x48 .\CortexM3\ARM_GCC_493\Debug\Design01.a(Display2.o)
                0x00003588                Display2_Init
 .text.Display2_Enable
                0x000035d0       0x48 .\CortexM3\ARM_GCC_493\Debug\Design01.a(Display2.o)
                0x000035d0                Display2_Enable
 .text.Display2_Start
                0x00003618       0x1c .\CortexM3\ARM_GCC_493\Debug\Design01.a(Display2.o)
                0x00003618                Display2_Start
 .text.Display2_GetRxBufferSize
                0x00003634       0x5c .\CortexM3\ARM_GCC_493\Debug\Design01.a(Display2.o)
                0x00003634                Display2_GetRxBufferSize
 .text.Display2_ClearRxBuffer
                0x00003690       0x44 .\CortexM3\ARM_GCC_493\Debug\Design01.a(Display2.o)
                0x00003690                Display2_ClearRxBuffer
 .text.Display2_PutChar
                0x000036d4       0x18 .\CortexM3\ARM_GCC_493\Debug\Design01.a(Display2.o)
                0x000036d4                Display2_PutChar
 .text.Display2_RXISR
                0x000036ec       0x94 .\CortexM3\ARM_GCC_493\Debug\Design01.a(Display2_INT.o)
                0x000036ec                Display2_RXISR
 .text.RF_Physical_IntClock_Start
                0x00003780       0x1c .\CortexM3\ARM_GCC_493\Debug\Design01.a(RF_Physical_IntClock.o)
                0x00003780                RF_Physical_IntClock_Start
 .text.Display1_IntClock_Start
                0x0000379c       0x1c .\CortexM3\ARM_GCC_493\Debug\Design01.a(Display1_IntClock.o)
                0x0000379c                Display1_IntClock_Start
 .text.Display2_IntClock_Start
                0x000037b8       0x1c .\CortexM3\ARM_GCC_493\Debug\Design01.a(Display2_IntClock.o)
                0x000037b8                Display2_IntClock_Start
 *fill*         0x000037d4        0x4 
 .text          0x000037d8       0x20 .\CortexM3\ARM_GCC_493\Debug\Design01.a(CyBootAsmGnu.o)
                0x000037d8                CyDelayCycles
                0x000037e8                CyEnterCriticalSection
                0x000037f0                CyExitCriticalSection
 .text.CyHalt   0x000037f8        0x4 .\CortexM3\ARM_GCC_493\Debug\Design01.a(CyLib.o)
                0x000037f8                CyHalt
 .text.CyDelay  0x000037fc       0x2c .\CortexM3\ARM_GCC_493\Debug\Design01.a(CyLib.o)
                0x000037fc                CyDelay
 .text.CyDelayUs
                0x00003828       0x14 .\CortexM3\ARM_GCC_493\Debug\Design01.a(CyLib.o)
                0x00003828                CyDelayUs
 .text.CyWdtStart
                0x0000383c       0x40 .\CortexM3\ARM_GCC_493\Debug\Design01.a(CyLib.o)
                0x0000383c                CyWdtStart
 .text.CyWdtClear
                0x0000387c        0xc .\CortexM3\ARM_GCC_493\Debug\Design01.a(CyLib.o)
                0x0000387c                CyWdtClear
 .text.CyIntSetVector
                0x00003888       0x28 .\CortexM3\ARM_GCC_493\Debug\Design01.a(CyLib.o)
                0x00003888                CyIntSetVector
 .text.CyIntSetPriority
                0x000038b0       0x30 .\CortexM3\ARM_GCC_493\Debug\Design01.a(CyLib.o)
                0x000038b0                CyIntSetPriority
 .text.Printer_IntClock_Start
                0x000038e0       0x1c .\CortexM3\ARM_GCC_493\Debug\Design01.a(Printer_IntClock.o)
                0x000038e0                Printer_IntClock_Start
 .text.Pump_Init
                0x000038fc       0x44 .\CortexM3\ARM_GCC_493\Debug\Design01.a(Pump.o)
                0x000038fc                Pump_Init
 .text.Pump_Enable
                0x00003940       0x3c .\CortexM3\ARM_GCC_493\Debug\Design01.a(Pump.o)
                0x00003940                Pump_Enable
 .text.Pump_Start
                0x0000397c       0x1c .\CortexM3\ARM_GCC_493\Debug\Design01.a(Pump.o)
                0x0000397c                Pump_Start
 .text.Pump_ReadRxData
                0x00003998       0x64 .\CortexM3\ARM_GCC_493\Debug\Design01.a(Pump.o)
                0x00003998                Pump_ReadRxData
 .text.Pump_GetRxBufferSize
                0x000039fc       0x68 .\CortexM3\ARM_GCC_493\Debug\Design01.a(Pump.o)
                0x000039fc                Pump_GetRxBufferSize
 .text.Pump_ClearRxBuffer
                0x00003a64       0x44 .\CortexM3\ARM_GCC_493\Debug\Design01.a(Pump.o)
                0x00003a64                Pump_ClearRxBuffer
 .text.Pump_PutChar
                0x00003aa8       0x18 .\CortexM3\ARM_GCC_493\Debug\Design01.a(Pump.o)
                0x00003aa8                Pump_PutChar
 .text.Pump_RXISR
                0x00003ac0       0x98 .\CortexM3\ARM_GCC_493\Debug\Design01.a(Pump_INT.o)
                0x00003ac0                Pump_RXISR
 .text.EEPROM_1_Enable
                0x00003b58        0xc .\CortexM3\ARM_GCC_493\Debug\Design01.a(EEPROM_1.o)
                0x00003b58                EEPROM_1_Enable
 .text.EEPROM_1_Start
                0x00003b64        0x8 .\CortexM3\ARM_GCC_493\Debug\Design01.a(EEPROM_1.o)
                0x00003b64                EEPROM_1_Start
 .text.EEPROM_1_WriteByte
                0x00003b6c       0xd4 .\CortexM3\ARM_GCC_493\Debug\Design01.a(EEPROM_1.o)
                0x00003b6c                EEPROM_1_WriteByte
 .text.I2C_Bus_Init
                0x00003c40       0x58 .\CortexM3\ARM_GCC_493\Debug\Design01.a(I2C_Bus.o)
                0x00003c40                I2C_Bus_Init
 .text.I2C_Bus_Enable
                0x00003c98       0x24 .\CortexM3\ARM_GCC_493\Debug\Design01.a(I2C_Bus.o)
                0x00003c98                I2C_Bus_Enable
 .text.I2C_Bus_Start
                0x00003cbc       0x28 .\CortexM3\ARM_GCC_493\Debug\Design01.a(I2C_Bus.o)
                0x00003cbc                I2C_Bus_Start
 .text.I2C_Bus_ISR
                0x00003ce4      0x2d0 .\CortexM3\ARM_GCC_493\Debug\Design01.a(I2C_Bus_INT.o)
                0x00003ce4                I2C_Bus_ISR
 .text.I2C_Bus_MasterSendStart
                0x00003fb4       0x80 .\CortexM3\ARM_GCC_493\Debug\Design01.a(I2C_Bus_MASTER.o)
                0x00003fb4                I2C_Bus_MasterSendStart
 .text.I2C_Bus_MasterSendStop
                0x00004034       0x38 .\CortexM3\ARM_GCC_493\Debug\Design01.a(I2C_Bus_MASTER.o)
                0x00004034                I2C_Bus_MasterSendStop
 .text.I2C_Bus_MasterWriteByte
                0x0000406c       0x58 .\CortexM3\ARM_GCC_493\Debug\Design01.a(I2C_Bus_MASTER.o)
                0x0000406c                I2C_Bus_MasterWriteByte
 .text.I2C_Bus_MasterReadByte
                0x000040c4       0x58 .\CortexM3\ARM_GCC_493\Debug\Design01.a(I2C_Bus_MASTER.o)
                0x000040c4                I2C_Bus_MasterReadByte
 .text.I2C_Bus_MasterClearStatus
                0x0000411c       0x10 .\CortexM3\ARM_GCC_493\Debug\Design01.a(I2C_Bus_MASTER.o)
                0x0000411c                I2C_Bus_MasterClearStatus
 .text.I2C_Bus_MasterClearReadBuf
                0x0000412c       0x1c .\CortexM3\ARM_GCC_493\Debug\Design01.a(I2C_Bus_MASTER.o)
                0x0000412c                I2C_Bus_MasterClearReadBuf
 .text.I2C_Bus_MasterClearWriteBuf
                0x00004148       0x1c .\CortexM3\ARM_GCC_493\Debug\Design01.a(I2C_Bus_MASTER.o)
                0x00004148                I2C_Bus_MasterClearWriteBuf
 .text.I2C_Bus_Workaround
                0x00004164        0x4 .\CortexM3\ARM_GCC_493\Debug\Design01.a(I2C_Bus_MASTER.o)
                0x00004164                I2C_Bus_Workaround
 .text.Timer_Animacion_Enable
                0x00004168       0x28 .\CortexM3\ARM_GCC_493\Debug\Design01.a(Timer_Animacion.o)
                0x00004168                Timer_Animacion_Enable
 .text.Timer_Animacion_Stop
                0x00004190       0x28 .\CortexM3\ARM_GCC_493\Debug\Design01.a(Timer_Animacion.o)
                0x00004190                Timer_Animacion_Stop
 .text.Timer_Animacion_SetInterruptMode
                0x000041b8        0xc .\CortexM3\ARM_GCC_493\Debug\Design01.a(Timer_Animacion.o)
                0x000041b8                Timer_Animacion_SetInterruptMode
 .text.Timer_Animacion_ReadStatusRegister
                0x000041c4        0xc .\CortexM3\ARM_GCC_493\Debug\Design01.a(Timer_Animacion.o)
                0x000041c4                Timer_Animacion_ReadStatusRegister
 .text.Timer_Animacion_WritePeriod
                0x000041d0        0xc .\CortexM3\ARM_GCC_493\Debug\Design01.a(Timer_Animacion.o)
                0x000041d0                Timer_Animacion_WritePeriod
 .text.Timer_Animacion_WriteCounter
                0x000041dc        0xc .\CortexM3\ARM_GCC_493\Debug\Design01.a(Timer_Animacion.o)
                0x000041dc                Timer_Animacion_WriteCounter
 .text.Timer_Animacion_Init
                0x000041e8       0x68 .\CortexM3\ARM_GCC_493\Debug\Design01.a(Timer_Animacion.o)
                0x000041e8                Timer_Animacion_Init
 .text.Timer_Animacion_Start
                0x00004250       0x1c .\CortexM3\ARM_GCC_493\Debug\Design01.a(Timer_Animacion.o)
                0x00004250                Timer_Animacion_Start
 .text.isr_3_SetVector
                0x0000426c       0x10 .\CortexM3\ARM_GCC_493\Debug\Design01.a(isr_3.o)
                0x0000426c                isr_3_SetVector
 .text.isr_3_SetPriority
                0x0000427c       0x10 .\CortexM3\ARM_GCC_493\Debug\Design01.a(isr_3.o)
                0x0000427c                isr_3_SetPriority
 .text.isr_3_Enable
                0x0000428c       0x10 .\CortexM3\ARM_GCC_493\Debug\Design01.a(isr_3.o)
                0x0000428c                isr_3_Enable
 .text.isr_3_Disable
                0x0000429c       0x10 .\CortexM3\ARM_GCC_493\Debug\Design01.a(isr_3.o)
                0x0000429c                isr_3_Disable
 .text.isr_3_StartEx
                0x000042ac       0x1c .\CortexM3\ARM_GCC_493\Debug\Design01.a(isr_3.o)
                0x000042ac                isr_3_StartEx
 .text.isr_3_Stop
                0x000042c8       0x14 .\CortexM3\ARM_GCC_493\Debug\Design01.a(isr_3.o)
                0x000042c8                isr_3_Stop
 .text.IB1_Write
                0x000042dc       0x18 .\CortexM3\ARM_GCC_493\Debug\Design01.a(IB1.o)
                0x000042dc                IB1_Write
 .text.IB1_Read
                0x000042f4       0x10 .\CortexM3\ARM_GCC_493\Debug\Design01.a(IB1.o)
                0x000042f4                IB1_Read
 .text.IB2_Write
                0x00004304       0x18 .\CortexM3\ARM_GCC_493\Debug\Design01.a(IB2.o)
                0x00004304                IB2_Write
 .text.IB2_Read
                0x0000431c        0xc .\CortexM3\ARM_GCC_493\Debug\Design01.a(IB2.o)
                0x0000431c                IB2_Read
 .text.CyFlashGetSpcAlgorithm
                0x00004328       0x4c .\CortexM3\ARM_GCC_493\Debug\Design01.a(CyFlash.o)
 .text.CySetTempInt
                0x00004374       0x60 .\CortexM3\ARM_GCC_493\Debug\Design01.a(CyFlash.o)
 .text.CySetTemp
                0x000043d4       0x14 .\CortexM3\ARM_GCC_493\Debug\Design01.a(CyFlash.o)
                0x000043d4                CySetTemp
 .text.CyEEPROM_Start
                0x000043e8       0x54 .\CortexM3\ARM_GCC_493\Debug\Design01.a(CyFlash.o)
                0x000043e8                CyEEPROM_Start
 .text.CySpcStart
                0x0000443c       0x24 .\CortexM3\ARM_GCC_493\Debug\Design01.a(CySpc.o)
                0x0000443c                CySpcStart
 .text.CySpcReadData
                0x00004460       0x34 .\CortexM3\ARM_GCC_493\Debug\Design01.a(CySpc.o)
                0x00004460                CySpcReadData
 .text.CySpcLoadMultiByte
                0x00004494       0x78 .\CortexM3\ARM_GCC_493\Debug\Design01.a(CySpc.o)
                0x00004494                CySpcLoadMultiByte
 .text.CySpcWriteRow
                0x0000450c       0x4c .\CortexM3\ARM_GCC_493\Debug\Design01.a(CySpc.o)
                0x0000450c                CySpcWriteRow
 .text.CySpcGetTemp
                0x00004558       0x3c .\CortexM3\ARM_GCC_493\Debug\Design01.a(CySpc.o)
                0x00004558                CySpcGetTemp
 .text.CySpcLock
                0x00004594       0x4c .\CortexM3\ARM_GCC_493\Debug\Design01.a(CySpc.o)
                0x00004594                CySpcLock
 .text.CySpcUnlock
                0x000045e0       0x38 .\CortexM3\ARM_GCC_493\Debug\Design01.a(CySpc.o)
                0x000045e0                CySpcUnlock
 .text.CySpcGetAlgorithm
                0x00004618       0x28 .\CortexM3\ARM_GCC_493\Debug\Design01.a(CySpc.o)
                0x00004618                CySpcGetAlgorithm
 .text.__libc_init_array
                0x00004640       0x4c c:/program files (x86)/cypress/psoc creator/3.3/psoc creator/import/gnu/arm/4.9.3/bin/../lib/gcc/arm-none-eabi/4.9.3/../../../../arm-none-eabi/lib/armv7-m\libg_nano.a(lib_a-init.o)
                0x00004640                __libc_init_array
 .text.memcpy   0x0000468c       0x16 c:/program files (x86)/cypress/psoc creator/3.3/psoc creator/import/gnu/arm/4.9.3/bin/../lib/gcc/arm-none-eabi/4.9.3/../../../../arm-none-eabi/lib/armv7-m\libg_nano.a(lib_a-memcpy.o)
                0x0000468c                memcpy
 .text.memset   0x000046a2       0x10 c:/program files (x86)/cypress/psoc creator/3.3/psoc creator/import/gnu/arm/4.9.3/bin/../lib/gcc/arm-none-eabi/4.9.3/../../../../arm-none-eabi/lib/armv7-m\libg_nano.a(lib_a-memset.o)
                0x000046a2                memset
 *(.plt)
 *(.gnu.warning)
 *(.glue_7t)
 .glue_7t       0x00000000        0x0 linker stubs
 *(.glue_7)
 .glue_7        0x00000000        0x0 linker stubs
 *(.vfp11_veneer)
 .vfp11_veneer  0x00000000        0x0 linker stubs
 *(.bootloader)
 *(.ARM.extab* .gnu.linkonce.armextab.*)
 *(.gcc_except_table)

.v4_bx          0x000046b4        0x0
 .v4_bx         0x00000000        0x0 linker stubs

.iplt           0x000046b4        0x0
 .iplt          0x00000000        0x0 c:/program files (x86)/cypress/psoc creator/3.3/psoc creator/import/gnu/arm/4.9.3/bin/../lib/gcc/arm-none-eabi/4.9.3/armv7-m/crtbegin.o

.eh_frame_hdr
 *(.eh_frame_hdr)

.eh_frame       0x000046b4        0x4
 *(.eh_frame)
 .eh_frame      0x000046b4        0x0 c:/program files (x86)/cypress/psoc creator/3.3/psoc creator/import/gnu/arm/4.9.3/bin/../lib/gcc/arm-none-eabi/4.9.3/armv7-m/crtbegin.o
 .eh_frame      0x000046b4        0x4 c:/program files (x86)/cypress/psoc creator/3.3/psoc creator/import/gnu/arm/4.9.3/bin/../lib/gcc/arm-none-eabi/4.9.3/armv7-m/crtend.o
                0x000046b8                PROVIDE (__exidx_start, .)

.ARM.exidx
 *(.ARM.exidx* .gnu.linkonce.armexidx.*)
                0x000046b8                __exidx_end = .

.rodata         0x000046b8     0x84b0
 *(.rodata .rodata.* .gnu.linkonce.r.*)
 .rodata        0x000046b8       0x68 .\CortexM3\ARM_GCC_493\Debug\main.o
 .rodata.str1.4
                0x00004720       0x18 .\CortexM3\ARM_GCC_493\Debug\main.o
 .rodata        0x00004738       0x40 .\CortexM3\ARM_GCC_493\Debug\LCD.o
 .rodata        0x00004778     0x8364 .\CortexM3\ARM_GCC_493\Debug\Print.o
                0x00004778                biomax
                0x00004d60                brio
                0x00005348                cencosud
                0x00005930                ecospetrol
                0x00005f18                esso
                0x00006500                National
                0x00006ae8                mineroil
                0x00006e9c                mobil
                0x00007250                petrobras
                0x00007838                plus
                0x00007b2c                terpel
                0x00008114                texaco
                0x000086fc                zeus
                0x000089f0                petromil
                0x00008fd8                biomax1
                0x00009388                brio1
                0x00009738                cencosud1
                0x00009ae8                ecospetrol1
                0x00009e98                esso1
                0x0000a248                National1
                0x0000a5f8                mineroil1
                0x0000a9a8                mobil1
                0x0000ad58                petrobras1
                0x0000b108                plus1
                0x0000b4b8                terpel1
                0x0000b868                texaco1
                0x0000bc18                zeus1
                0x0000bfc8                petromil1
                0x0000c378                exito1
                0x0000c728                exito
 .rodata        0x0000cadc       0x58 .\CortexM3\ARM_GCC_493\Debug\Design01.a(cyfitter_cfg.o)
                0x0000cb34                . = ALIGN (0x4)
 *(.init)
 .init          0x0000cb34        0x4 c:/program files (x86)/cypress/psoc creator/3.3/psoc creator/import/gnu/arm/4.9.3/bin/../lib/gcc/arm-none-eabi/4.9.3/armv7-m/crti.o
                0x0000cb34                _init
 .init          0x0000cb38        0x8 c:/program files (x86)/cypress/psoc creator/3.3/psoc creator/import/gnu/arm/4.9.3/bin/../lib/gcc/arm-none-eabi/4.9.3/armv7-m/crtn.o
                0x0000cb40                . = ALIGN (0x4)
                0x0000cb40                __preinit_array_start = .
 *(.preinit_array)
                0x0000cb40                __preinit_array_end = .
                0x0000cb40                . = ALIGN (0x4)
                0x0000cb40                __init_array_start = .
 *(SORT(.init_array.*))
 *(.init_array)
 .init_array    0x0000cb40        0x4 c:/program files (x86)/cypress/psoc creator/3.3/psoc creator/import/gnu/arm/4.9.3/bin/../lib/gcc/arm-none-eabi/4.9.3/armv7-m/crtbegin.o
 .init_array    0x0000cb44        0x4 .\CortexM3\ARM_GCC_493\Debug\Cm3Start.o
                0x0000cb48                __init_array_end = .
                0x0000cb48                . = ALIGN (0x4)
 *(.fini)
 .fini          0x0000cb48        0x4 c:/program files (x86)/cypress/psoc creator/3.3/psoc creator/import/gnu/arm/4.9.3/bin/../lib/gcc/arm-none-eabi/4.9.3/armv7-m/crti.o
                0x0000cb48                _fini
 .fini          0x0000cb4c        0x8 c:/program files (x86)/cypress/psoc creator/3.3/psoc creator/import/gnu/arm/4.9.3/bin/../lib/gcc/arm-none-eabi/4.9.3/armv7-m/crtn.o
                0x0000cb54                . = ALIGN (0x4)
                0x0000cb54                __fini_array_start = .
 *(.fini_array)
 .fini_array    0x0000cb54        0x4 c:/program files (x86)/cypress/psoc creator/3.3/psoc creator/import/gnu/arm/4.9.3/bin/../lib/gcc/arm-none-eabi/4.9.3/armv7-m/crtbegin.o
 *(SORT(.fini_array.*))
                0x0000cb58                __fini_array_end = .
                0x0000cb58                . = ALIGN (0x4)
 *crtbegin.o(.ctors)
 *(EXCLUDE_FILE(*crtend.o) .ctors)
 *(SORT(.ctors.*))
 *crtend.o(.ctors)
                0x0000cb58                . = ALIGN (0x4)
 *crtbegin.o(.dtors)
 *(EXCLUDE_FILE(*crtend.o) .dtors)
 *(SORT(.dtors.*))
 *crtend.o(.dtors)
                0x0000cb58                . = ALIGN (0x4)
                0x0000cb58                __cy_regions = .
                0x0000cb58        0x4 LONG 0xcb68 __cy_region_init_ram
                0x0000cb5c        0x4 LONG 0x1fff8108 __cy_region_start_data
                0x0000cb60        0x4 LONG 0x248 __cy_region_init_size_ram
                0x0000cb64        0x4 LONG 0x1268 __cy_region_zero_size_ram
                0x0000cb68                __cy_regions_end = .
                0x0000cb68                . = ALIGN (0x8)
                0x0000cb68                _etext = .

.cy_checksum_exclude
                0x0000cb68        0x0
 *(.cy_checksum_exclude)

.ramvectors     0x1fff8000      0x100
                0x1fff8000                __cy_region_start_ram = .
 *(.ramvectors)
 .ramvectors    0x1fff8000      0x100 .\CortexM3\ARM_GCC_493\Debug\Cm3Start.o
                0x1fff8000                CyRamVectors

.noinit         0x1fff8100        0x5
 *(.noinit)
 .noinit        0x1fff8100        0x4 .\CortexM3\ARM_GCC_493\Debug\Cm3Start.o
 .noinit        0x1fff8104        0x1 .\CortexM3\ARM_GCC_493\Debug\Design01.a(CyLib.o)
                0x1fff8104                CyResetStatus

.data           0x1fff8108      0x248 load address 0x0000cb68
                0x1fff8108                __cy_region_start_data = .
 *(.jcr)
 .jcr           0x1fff8108        0x0 c:/program files (x86)/cypress/psoc creator/3.3/psoc creator/import/gnu/arm/4.9.3/bin/../lib/gcc/arm-none-eabi/4.9.3/armv7-m/crtbegin.o
 .jcr           0x1fff8108        0x4 c:/program files (x86)/cypress/psoc creator/3.3/psoc creator/import/gnu/arm/4.9.3/bin/../lib/gcc/arm-none-eabi/4.9.3/armv7-m/crtend.o
 *(.got.plt)
 *(.got)
 *(.shdata)
 *(.data .data.* .gnu.linkonce.d.*)
 .data          0x1fff810c        0xc .\CortexM3\ARM_GCC_493\Debug\main.o
                0x1fff810c                MuxVersion
 .data          0x1fff8118       0x54 .\CortexM3\ARM_GCC_493\Debug\LCD.o
                0x1fff8118                _g_charmaplut
 .data          0x1fff816c      0x1d4 .\CortexM3\ARM_GCC_493\Debug\Print.o
                0x1fff816c                SEPARATOR
                0x1fff818c                msn_fecha
                0x1fff819c                msn_hora
                0x1fff81ac                msn_pos
                0x1fff81bc                msn_numero
                0x1fff81cc                PRN_PRODUCT
                0x1fff81dc                msn_ppu
                0x1fff81ec                PRN_CURRENCY
                0x1fff81f0                msn_vol
                0x1fff8200                msn_din
                0x1fff8210                msn_placa
                0x1fff8220                PRN_MILLEAGE
                0x1fff8230                PRN_SERIAL
                0x1fff8240                PRN_BALANCE
                0x1fff8250                PRN_COMPANY
                0x1fff8260                PRN_ACCOUNT
                0x1fff8270                PRN_VISITSDAY
                0x1fff8280                PRN_VISITSWEEK
                0x1fff8290                PRN_VISITSMONTH
                0x1fff82a0                PRN_MONEYDAY
                0x1fff82b0                PRN_MONEYWEEK
                0x1fff82c0                PRN_MONEYMONTH
                0x1fff82d0                PRN_ACCOUNTTYPE
                0x1fff82e0                PRN_SIGNATURE
                0x1fff82f0                PRN_ID
                0x1fff8300                PRN_VOLUMEMONTH
                0x1fff8310                PRN_VOLUMEWEEK
                0x1fff8320                PRN_VOLUMEDAY
                0x1fff8330                PRN_TRANSTYPE
 .data          0x1fff8340       0x10 .\CortexM3\ARM_GCC_493\Debug\Design01.a(CyLib.o)
                0x1fff8340                cydelay_32k_ms
                0x1fff8344                cydelay_freq_khz
                0x1fff8348                cydelay_freq_mhz
                0x1fff834c                cydelay_freq_hz
                0x1fff8350                . = ALIGN (0x8)
 *(.ram)
                0x1fff8350                _edata = .

.igot.plt       0x1fff8350        0x0 load address 0x0000cdb0
 .igot.plt      0x00000000        0x0 c:/program files (x86)/cypress/psoc creator/3.3/psoc creator/import/gnu/arm/4.9.3/bin/../lib/gcc/arm-none-eabi/4.9.3/armv7-m/crtbegin.o

.bss            0x1fff8350     0x1268 load address 0x0000cdb0
                0x1fff8350                PROVIDE (__bss_start__, .)
 *(.shbss)
 *(.bss .bss.* .gnu.linkonce.b.*)
 .bss           0x1fff8350       0x1c c:/program files (x86)/cypress/psoc creator/3.3/psoc creator/import/gnu/arm/4.9.3/bin/../lib/gcc/arm-none-eabi/4.9.3/armv7-m/crtbegin.o
 .bss           0x1fff836c        0xa .\CortexM3\ARM_GCC_493\Debug\Design01.a(RF_Physical.o)
                0x1fff836c                RF_Physical_errorStatus
                0x1fff836d                RF_Physical_initVar
                0x1fff836e                RF_Physical_rxBufferRead
                0x1fff8370                RF_Physical_rxBufferWrite
                0x1fff8372                RF_Physical_rxBufferLoopDetect
                0x1fff8373                RF_Physical_rxBufferOverflow
 .bss           0x1fff8376        0x2 .\CortexM3\ARM_GCC_493\Debug\Design01.a(Printer.o)
                0x1fff8376                Printer_initVar
 .bss           0x1fff8378        0x7 .\CortexM3\ARM_GCC_493\Debug\Design01.a(Display1.o)
                0x1fff8378                Display1_errorStatus
                0x1fff8379                Display1_initVar
                0x1fff837a                Display1_rxBufferRead
                0x1fff837b                Display1_rxBufferWrite
                0x1fff837c                Display1_rxBufferLoopDetect
                0x1fff837d                Display1_rxBufferOverflow
 .bss           0x1fff837f        0x7 .\CortexM3\ARM_GCC_493\Debug\Design01.a(Display2.o)
                0x1fff837f                Display2_errorStatus
                0x1fff8380                Display2_initVar
                0x1fff8381                Display2_rxBufferRead
                0x1fff8382                Display2_rxBufferWrite
                0x1fff8383                Display2_rxBufferLoopDetect
                0x1fff8384                Display2_rxBufferOverflow
 .bss           0x1fff8386        0xa .\CortexM3\ARM_GCC_493\Debug\Design01.a(Pump.o)
                0x1fff8386                Pump_errorStatus
                0x1fff8387                Pump_initVar
                0x1fff8388                Pump_rxBufferRead
                0x1fff838a                Pump_rxBufferWrite
                0x1fff838c                Pump_rxBufferLoopDetect
                0x1fff838d                Pump_rxBufferOverflow
 .bss           0x1fff8390        0x1 .\CortexM3\ARM_GCC_493\Debug\Design01.a(I2C_Bus.o)
                0x1fff8390                I2C_Bus_initVar
 .bss           0x1fff8391        0x1 .\CortexM3\ARM_GCC_493\Debug\Design01.a(Timer_Animacion.o)
                0x1fff8391                Timer_Animacion_initVar
 *fill*         0x1fff8392        0x2 
 .bss           0x1fff8394        0x8 .\CortexM3\ARM_GCC_493\Debug\Design01.a(CySpc.o)
                0x1fff8394                SpcLockState
 *(COMMON)
 *fill*         0x1fff839c        0x4 
 COMMON         0x1fff83a0      0xeb8 .\CortexM3\ARM_GCC_493\Debug\main.o
                0x1fff83a0                idSeller
                0x1fff83bc                delayPicture2
                0x1fff83c0                side
                0x1fff87cc                flagPoint2
                0x1fff87cd                count_protector2
                0x1fff87ce                decimalVolume
                0x1fff87d0                bufferDisplay1
                0x1fff8a44                PrevStatePump
                0x1fff8a48                screen
                0x1fff8a4a                UnitType
                0x1fff8a4b                VolDec
                0x1fff8a50                countAnimation1
                0x1fff8a58                flowDisplay3
                0x1fff8a5c                turn
                0x1fff8a60                bufferDisplay2
                0x1fff8cd1                MoneyDec
                0x1fff8cd4                residue
                0x1fff8ce2                flagResetMux
                0x1fff8ce3                PlateRequest
                0x1fff8ce4                passwordSeller
                0x1fff8cec                lockTurn
                0x1fff8cf0                dateDownHandle
                0x1fff8cf3                PrinterType
                0x1fff8cf4                productNumber
                0x1fff8cf8                statePump
                0x1fff8cfc                symbols
                0x1fff8cfe                digits
                0x1fff8cff                count_protector
                0x1fff8d00                numberKeys1
                0x1fff8d08                countAnimation2
                0x1fff8d10                countBeagleTX
                0x1fff8d18                flowDisplay1
                0x1fff8d1c                bufferDisplay4
                0x1fff8f8d                ppux10
                0x1fff8f90                flowDisplay2
                0x1fff8f94                time
                0x1fff8f97                flagPoint1
                0x1fff8f98                VolUnit
                0x1fff8fa0                bufferDisplay3
                0x1fff9214                temporal
                0x1fff9232                PPUDec
                0x1fff9233                numberKeys2
                0x1fff9234                ConversionFactor
                0x1fff9238                delayPicture1
                0x1fff923c                date
                0x1fff9240                countPump
                0x1fff9248                DDMode
                0x1fff924c                timeDownHandle
                0x1fff9250                flowDisplay4
                0x1fff9254                NumPositions
                0x1fff9255                stateBeagleSoft
                0x1fff9256                decimalMoney
                0x1fff9257                typeIdSeller
 COMMON         0x1fff9258      0x200 .\CortexM3\ARM_GCC_493\Debug\Design01.a(RF_Physical.o)
                0x1fff9258                RF_Physical_rxBuffer
 COMMON         0x1fff9458       0x20 .\CortexM3\ARM_GCC_493\Debug\Design01.a(Display1.o)
                0x1fff9458                Display1_rxBuffer
 COMMON         0x1fff9478       0x20 .\CortexM3\ARM_GCC_493\Debug\Design01.a(Display2.o)
                0x1fff9478                Display2_rxBuffer
 COMMON         0x1fff9498      0x100 .\CortexM3\ARM_GCC_493\Debug\Design01.a(Pump.o)
                0x1fff9498                Pump_rxBuffer
 COMMON         0x1fff9598        0x1 .\CortexM3\ARM_GCC_493\Debug\Design01.a(I2C_Bus.o)
                0x1fff9598                I2C_Bus_state
 *fill*         0x1fff9599        0x3 
 COMMON         0x1fff959c       0x11 .\CortexM3\ARM_GCC_493\Debug\Design01.a(I2C_Bus_MASTER.o)
                0x1fff959c                I2C_Bus_mstrWrBufSize
                0x1fff959d                I2C_Bus_mstrControl
                0x1fff959e                I2C_Bus_mstrRdBufSize
                0x1fff95a0                I2C_Bus_mstrRdBufPtr
                0x1fff95a4                I2C_Bus_mstrStatus
                0x1fff95a5                I2C_Bus_mstrWrBufIndex
                0x1fff95a8                I2C_Bus_mstrWrBufPtr
                0x1fff95ac                I2C_Bus_mstrRdBufIndex
 *fill*         0x1fff95ad        0x3 
 COMMON         0x1fff95b0        0x2 .\CortexM3\ARM_GCC_493\Debug\Design01.a(CyFlash.o)
                0x1fff95b0                dieTemperature
                0x1fff95b8                . = ALIGN (0x8)
 *fill*         0x1fff95b2        0x6 
 *(.ram.b)
                0x1fff95b8                _end = .
                0x1fff95b8                __end = .
                0x1fff95b8                PROVIDE (end, .)
                0x1fff95b8                PROVIDE (__bss_end__, .)
                0x0000cb68                __cy_region_init_ram = LOADADDR (.data)
                0x00000248                __cy_region_init_size_ram = (_edata - ADDR (.data))
                0x00001268                __cy_region_zero_size_ram = (_end - _edata)

.heap           0x1fff95b8       0x80 load address 0x0000cdb0
                0x1fff95b8                . = _end
                0x1fff9638                . = (. + 0x80)
 *fill*         0x1fff95b8       0x80 
                0x1fff9638                __cy_heap_limit = .

.stack          0x20007800      0x800
                0x20007800                __cy_stack_limit = .
                0x20008000                . = (. + 0x800)
 *fill*         0x20007800      0x800 
                0x00000001                ASSERT ((__cy_stack_limit >= __cy_heap_limit), region RAM overflowed with stack)
                0x00000000                cy_checksum_exclude_size = (CY_APPL_LOADABLE == 0x1)?SIZEOF (.cy_checksum_exclude):0x0
                0x00000001                ASSERT ((cy_checksum_exclude_size <= CY_CHECKSUM_EXCLUDE_SIZE), CY_BOOT: Section .cy_checksum_exclude size exceedes specified limit.)

.cyloadermeta
 *(.cyloadermeta)

.cyloadablemeta
 *(.cyloadablemeta)

.cyconfigecc    0x80000000     0x1004
 *(.cyconfigecc)
 .cyconfigecc   0x80000000     0x1004 .\CortexM3\ARM_GCC_493\Debug\cymetadata.o
                0x80000000                cy_meta_configecc

.cycustnvl      0x90000000        0x4
 *(.cycustnvl)
 .cycustnvl     0x90000000        0x4 .\CortexM3\ARM_GCC_493\Debug\cymetadata.o
                0x90000000                cy_meta_custnvl

.cywolatch      0x90100000        0x4
 *(.cywolatch)
 .cywolatch     0x90100000        0x4 .\CortexM3\ARM_GCC_493\Debug\cymetadata.o
                0x90100000                cy_meta_wonvl

.cyeeprom       0x90200000        0x0
 *(.cyeeprom)
                0x00000001                ASSERT ((. <= ((0x90200000 + ee_offset) + ee_size)), .cyeeprom data will not fit in EEPROM)

.cyflashprotect
                0x90400000      0x100
 *(.cyflashprotect)
 .cyflashprotect
                0x90400000      0x100 .\CortexM3\ARM_GCC_493\Debug\cymetadata.o
                0x90400000                cy_meta_flashprotect

.cymeta         0x90500000        0xc
 *(.cymeta)
 .cymeta        0x90500000        0xc .\CortexM3\ARM_GCC_493\Debug\cymetadata.o
                0x90500000                cy_metadata

.rel.dyn        0x0000cdb0        0x0 load address 0x9050000c
 .rel.iplt      0x00000000        0x0 c:/program files (x86)/cypress/psoc creator/3.3/psoc creator/import/gnu/arm/4.9.3/bin/../lib/gcc/arm-none-eabi/4.9.3/armv7-m/crtbegin.o

.stab
 *(.stab)

.stabstr
 *(.stabstr)

.debug
 *(.debug)

.line
 *(.line)

.debug_srcinfo
 *(.debug_srcinfo)

.debug_sfnames
 *(.debug_sfnames)

.debug_aranges  0x00000000     0x1150
 *(.debug_aranges)
 .debug_aranges
                0x00000000       0x78 .\CortexM3\ARM_GCC_493\Debug\main.o
 .debug_aranges
                0x00000078       0x58 .\CortexM3\ARM_GCC_493\Debug\protocol.o
 .debug_aranges
                0x000000d0       0x48 .\CortexM3\ARM_GCC_493\Debug\LCD.o
 .debug_aranges
                0x00000118       0x20 .\CortexM3\ARM_GCC_493\Debug\keyboard.o
 .debug_aranges
                0x00000138       0x30 .\CortexM3\ARM_GCC_493\Debug\I2C.o
 .debug_aranges
                0x00000168       0x30 .\CortexM3\ARM_GCC_493\Debug\Print.o
 .debug_aranges
                0x00000198       0x38 .\CortexM3\ARM_GCC_493\Debug\ibuton.o
 .debug_aranges
                0x000001d0       0x18 .\CortexM3\ARM_GCC_493\Debug\cymetadata.o
 .debug_aranges
                0x000001e8       0x48 .\CortexM3\ARM_GCC_493\Debug\Cm3Start.o
 .debug_aranges
                0x00000230       0x58 .\CortexM3\ARM_GCC_493\Debug\Design01.a(cyfitter_cfg.o)
 .debug_aranges
                0x00000288       0xf0 .\CortexM3\ARM_GCC_493\Debug\Design01.a(RF_Physical.o)
 .debug_aranges
                0x00000378       0x20 .\CortexM3\ARM_GCC_493\Debug\Design01.a(RF_Physical_INT.o)
 .debug_aranges
                0x00000398       0xf0 .\CortexM3\ARM_GCC_493\Debug\Design01.a(Printer.o)
 .debug_aranges
                0x00000488       0xf0 .\CortexM3\ARM_GCC_493\Debug\Design01.a(Display1.o)
 .debug_aranges
                0x00000578       0x20 .\CortexM3\ARM_GCC_493\Debug\Design01.a(Display1_INT.o)
 .debug_aranges
                0x00000598       0xf0 .\CortexM3\ARM_GCC_493\Debug\Design01.a(Display2.o)
 .debug_aranges
                0x00000688       0x20 .\CortexM3\ARM_GCC_493\Debug\Design01.a(Display2_INT.o)
 .debug_aranges
                0x000006a8       0x70 .\CortexM3\ARM_GCC_493\Debug\Design01.a(RF_Physical_IntClock.o)
 .debug_aranges
                0x00000718       0x70 .\CortexM3\ARM_GCC_493\Debug\Design01.a(Display1_IntClock.o)
 .debug_aranges
                0x00000788       0x70 .\CortexM3\ARM_GCC_493\Debug\Design01.a(Display2_IntClock.o)
 .debug_aranges
                0x000007f8       0x20 .\CortexM3\ARM_GCC_493\Debug\Design01.a(CyBootAsmGnu.o)
 .debug_aranges
                0x00000818      0x298 .\CortexM3\ARM_GCC_493\Debug\Design01.a(CyLib.o)
 .debug_aranges
                0x00000ab0       0x98 .\CortexM3\ARM_GCC_493\Debug\Design01.a(cyPm.o)
 .debug_aranges
                0x00000b48       0x70 .\CortexM3\ARM_GCC_493\Debug\Design01.a(Printer_IntClock.o)
 .debug_aranges
                0x00000bb8       0xf0 .\CortexM3\ARM_GCC_493\Debug\Design01.a(Pump.o)
 .debug_aranges
                0x00000ca8       0x20 .\CortexM3\ARM_GCC_493\Debug\Design01.a(Pump_INT.o)
 .debug_aranges
                0x00000cc8       0x78 .\CortexM3\ARM_GCC_493\Debug\Design01.a(EEPROM_1.o)
 .debug_aranges
                0x00000d40       0x38 .\CortexM3\ARM_GCC_493\Debug\Design01.a(I2C_Bus.o)
 .debug_aranges
                0x00000d78       0x20 .\CortexM3\ARM_GCC_493\Debug\Design01.a(I2C_Bus_INT.o)
 .debug_aranges
                0x00000d98       0x38 .\CortexM3\ARM_GCC_493\Debug\Design01.a(I2C_Bus_PM.o)
 .debug_aranges
                0x00000dd0       0x88 .\CortexM3\ARM_GCC_493\Debug\Design01.a(I2C_Bus_MASTER.o)
 .debug_aranges
                0x00000e58       0x88 .\CortexM3\ARM_GCC_493\Debug\Design01.a(Timer_Animacion.o)
 .debug_aranges
                0x00000ee0       0x80 .\CortexM3\ARM_GCC_493\Debug\Design01.a(isr_3.o)
 .debug_aranges
                0x00000f60       0x88 .\CortexM3\ARM_GCC_493\Debug\Design01.a(Timer_Animacion2.o)
 .debug_aranges
                0x00000fe8       0x38 .\CortexM3\ARM_GCC_493\Debug\Design01.a(IB1.o)
 .debug_aranges
                0x00001020       0x38 .\CortexM3\ARM_GCC_493\Debug\Design01.a(IB2.o)
 .debug_aranges
                0x00001058       0x80 .\CortexM3\ARM_GCC_493\Debug\Design01.a(CyFlash.o)
 .debug_aranges
                0x000010d8       0x78 .\CortexM3\ARM_GCC_493\Debug\Design01.a(CySpc.o)

.debug_pubnames
 *(.debug_pubnames)

.debug_info     0x00000000     0xfc50
 *(.debug_info .gnu.linkonce.wi.*)
 .debug_info    0x00000000     0x2093 .\CortexM3\ARM_GCC_493\Debug\main.o
 .debug_info    0x00002093     0x1070 .\CortexM3\ARM_GCC_493\Debug\protocol.o
 .debug_info    0x00003103      0xd95 .\CortexM3\ARM_GCC_493\Debug\LCD.o
 .debug_info    0x00003e98      0xdf4 .\CortexM3\ARM_GCC_493\Debug\keyboard.o
 .debug_info    0x00004c8c      0xbad .\CortexM3\ARM_GCC_493\Debug\I2C.o
 .debug_info    0x00005839     0x1d0c .\CortexM3\ARM_GCC_493\Debug\Print.o
 .debug_info    0x00007545      0x575 .\CortexM3\ARM_GCC_493\Debug\ibuton.o
 .debug_info    0x00007aba      0x13f .\CortexM3\ARM_GCC_493\Debug\cymetadata.o
 .debug_info    0x00007bf9      0x3a5 .\CortexM3\ARM_GCC_493\Debug\Cm3Start.o
 .debug_info    0x00007f9e      0x5fc .\CortexM3\ARM_GCC_493\Debug\Design01.a(cyfitter_cfg.o)
 .debug_info    0x0000859a      0x757 .\CortexM3\ARM_GCC_493\Debug\Design01.a(RF_Physical.o)
 .debug_info    0x00008cf1      0x157 .\CortexM3\ARM_GCC_493\Debug\Design01.a(RF_Physical_INT.o)
 .debug_info    0x00008e48      0x603 .\CortexM3\ARM_GCC_493\Debug\Design01.a(Printer.o)
 .debug_info    0x0000944b      0x751 .\CortexM3\ARM_GCC_493\Debug\Design01.a(Display1.o)
 .debug_info    0x00009b9c      0x145 .\CortexM3\ARM_GCC_493\Debug\Design01.a(Display1_INT.o)
 .debug_info    0x00009ce1      0x751 .\CortexM3\ARM_GCC_493\Debug\Design01.a(Display2.o)
 .debug_info    0x0000a432      0x145 .\CortexM3\ARM_GCC_493\Debug\Design01.a(Display2_INT.o)
 .debug_info    0x0000a577      0x283 .\CortexM3\ARM_GCC_493\Debug\Design01.a(RF_Physical_IntClock.o)
 .debug_info    0x0000a7fa      0x283 .\CortexM3\ARM_GCC_493\Debug\Design01.a(Display1_IntClock.o)
 .debug_info    0x0000aa7d      0x283 .\CortexM3\ARM_GCC_493\Debug\Design01.a(Display2_IntClock.o)
 .debug_info    0x0000ad00       0x93 .\CortexM3\ARM_GCC_493\Debug\Design01.a(CyBootAsmGnu.o)
 .debug_info    0x0000ad93     0x1371 .\CortexM3\ARM_GCC_493\Debug\Design01.a(CyLib.o)
 .debug_info    0x0000c104      0xa58 .\CortexM3\ARM_GCC_493\Debug\Design01.a(cyPm.o)
 .debug_info    0x0000cb5c      0x283 .\CortexM3\ARM_GCC_493\Debug\Design01.a(Printer_IntClock.o)
 .debug_info    0x0000cddf      0x724 .\CortexM3\ARM_GCC_493\Debug\Design01.a(Pump.o)
 .debug_info    0x0000d503      0x156 .\CortexM3\ARM_GCC_493\Debug\Design01.a(Pump_INT.o)
 .debug_info    0x0000d659      0x668 .\CortexM3\ARM_GCC_493\Debug\Design01.a(EEPROM_1.o)
 .debug_info    0x0000dcc1      0x2d7 .\CortexM3\ARM_GCC_493\Debug\Design01.a(I2C_Bus.o)
 .debug_info    0x0000df98      0x193 .\CortexM3\ARM_GCC_493\Debug\Design01.a(I2C_Bus_INT.o)
 .debug_info    0x0000e12b      0x1f2 .\CortexM3\ARM_GCC_493\Debug\Design01.a(I2C_Bus_PM.o)
 .debug_info    0x0000e31d      0x412 .\CortexM3\ARM_GCC_493\Debug\Design01.a(I2C_Bus_MASTER.o)
 .debug_info    0x0000e72f      0x28e .\CortexM3\ARM_GCC_493\Debug\Design01.a(Timer_Animacion.o)
 .debug_info    0x0000e9bd      0x2cb .\CortexM3\ARM_GCC_493\Debug\Design01.a(isr_3.o)
 .debug_info    0x0000ec88      0x28e .\CortexM3\ARM_GCC_493\Debug\Design01.a(Timer_Animacion2.o)
 .debug_info    0x0000ef16      0x11f .\CortexM3\ARM_GCC_493\Debug\Design01.a(IB1.o)
 .debug_info    0x0000f035      0x121 .\CortexM3\ARM_GCC_493\Debug\Design01.a(IB2.o)
 .debug_info    0x0000f156      0x60a .\CortexM3\ARM_GCC_493\Debug\Design01.a(CyFlash.o)
 .debug_info    0x0000f760      0x4f0 .\CortexM3\ARM_GCC_493\Debug\Design01.a(CySpc.o)

.debug_abbrev   0x00000000     0x33a9
 *(.debug_abbrev)
 .debug_abbrev  0x00000000      0x207 .\CortexM3\ARM_GCC_493\Debug\main.o
 .debug_abbrev  0x00000207      0x273 .\CortexM3\ARM_GCC_493\Debug\protocol.o
 .debug_abbrev  0x0000047a      0x1b0 .\CortexM3\ARM_GCC_493\Debug\LCD.o
 .debug_abbrev  0x0000062a      0x18a .\CortexM3\ARM_GCC_493\Debug\keyboard.o
 .debug_abbrev  0x000007b4      0x1b5 .\CortexM3\ARM_GCC_493\Debug\I2C.o
 .debug_abbrev  0x00000969      0x1cd .\CortexM3\ARM_GCC_493\Debug\Print.o
 .debug_abbrev  0x00000b36      0x11f .\CortexM3\ARM_GCC_493\Debug\ibuton.o
 .debug_abbrev  0x00000c55       0x77 .\CortexM3\ARM_GCC_493\Debug\cymetadata.o
 .debug_abbrev  0x00000ccc      0x20f .\CortexM3\ARM_GCC_493\Debug\Cm3Start.o
 .debug_abbrev  0x00000edb      0x212 .\CortexM3\ARM_GCC_493\Debug\Design01.a(cyfitter_cfg.o)
 .debug_abbrev  0x000010ed      0x1b8 .\CortexM3\ARM_GCC_493\Debug\Design01.a(RF_Physical.o)
 .debug_abbrev  0x000012a5       0x8a .\CortexM3\ARM_GCC_493\Debug\Design01.a(RF_Physical_INT.o)
 .debug_abbrev  0x0000132f      0x1a2 .\CortexM3\ARM_GCC_493\Debug\Design01.a(Printer.o)
 .debug_abbrev  0x000014d1      0x1b8 .\CortexM3\ARM_GCC_493\Debug\Design01.a(Display1.o)
 .debug_abbrev  0x00001689       0x8a .\CortexM3\ARM_GCC_493\Debug\Design01.a(Display1_INT.o)
 .debug_abbrev  0x00001713      0x1b8 .\CortexM3\ARM_GCC_493\Debug\Design01.a(Display2.o)
 .debug_abbrev  0x000018cb       0x8a .\CortexM3\ARM_GCC_493\Debug\Design01.a(Display2_INT.o)
 .debug_abbrev  0x00001955      0x139 .\CortexM3\ARM_GCC_493\Debug\Design01.a(RF_Physical_IntClock.o)
 .debug_abbrev  0x00001a8e      0x139 .\CortexM3\ARM_GCC_493\Debug\Design01.a(Display1_IntClock.o)
 .debug_abbrev  0x00001bc7      0x139 .\CortexM3\ARM_GCC_493\Debug\Design01.a(Display2_IntClock.o)
 .debug_abbrev  0x00001d00       0x14 .\CortexM3\ARM_GCC_493\Debug\Design01.a(CyBootAsmGnu.o)
 .debug_abbrev  0x00001d14      0x296 .\CortexM3\ARM_GCC_493\Debug\Design01.a(CyLib.o)
 .debug_abbrev  0x00001faa      0x1ed .\CortexM3\ARM_GCC_493\Debug\Design01.a(cyPm.o)
 .debug_abbrev  0x00002197      0x139 .\CortexM3\ARM_GCC_493\Debug\Design01.a(Printer_IntClock.o)
 .debug_abbrev  0x000022d0      0x1b8 .\CortexM3\ARM_GCC_493\Debug\Design01.a(Pump.o)
 .debug_abbrev  0x00002488       0x8a .\CortexM3\ARM_GCC_493\Debug\Design01.a(Pump_INT.o)
 .debug_abbrev  0x00002512      0x1a3 .\CortexM3\ARM_GCC_493\Debug\Design01.a(EEPROM_1.o)
 .debug_abbrev  0x000026b5      0x159 .\CortexM3\ARM_GCC_493\Debug\Design01.a(I2C_Bus.o)
 .debug_abbrev  0x0000280e       0xdb .\CortexM3\ARM_GCC_493\Debug\Design01.a(I2C_Bus_INT.o)
 .debug_abbrev  0x000028e9      0x12b .\CortexM3\ARM_GCC_493\Debug\Design01.a(I2C_Bus_PM.o)
 .debug_abbrev  0x00002a14      0x13c .\CortexM3\ARM_GCC_493\Debug\Design01.a(I2C_Bus_MASTER.o)
 .debug_abbrev  0x00002b50      0x11a .\CortexM3\ARM_GCC_493\Debug\Design01.a(Timer_Animacion.o)
 .debug_abbrev  0x00002c6a      0x173 .\CortexM3\ARM_GCC_493\Debug\Design01.a(isr_3.o)
 .debug_abbrev  0x00002ddd      0x11a .\CortexM3\ARM_GCC_493\Debug\Design01.a(Timer_Animacion2.o)
 .debug_abbrev  0x00002ef7       0x90 .\CortexM3\ARM_GCC_493\Debug\Design01.a(IB1.o)
 .debug_abbrev  0x00002f87       0x90 .\CortexM3\ARM_GCC_493\Debug\Design01.a(IB2.o)
 .debug_abbrev  0x00003017      0x1d1 .\CortexM3\ARM_GCC_493\Debug\Design01.a(CyFlash.o)
 .debug_abbrev  0x000031e8      0x1c1 .\CortexM3\ARM_GCC_493\Debug\Design01.a(CySpc.o)

.debug_line     0x00000000     0x559f
 *(.debug_line)
 .debug_line    0x00000000      0x6e5 .\CortexM3\ARM_GCC_493\Debug\main.o
 .debug_line    0x000006e5      0x55c .\CortexM3\ARM_GCC_493\Debug\protocol.o
 .debug_line    0x00000c41      0x277 .\CortexM3\ARM_GCC_493\Debug\LCD.o
 .debug_line    0x00000eb8      0x24d .\CortexM3\ARM_GCC_493\Debug\keyboard.o
 .debug_line    0x00001105      0x212 .\CortexM3\ARM_GCC_493\Debug\I2C.o
 .debug_line    0x00001317      0x764 .\CortexM3\ARM_GCC_493\Debug\Print.o
 .debug_line    0x00001a7b      0x299 .\CortexM3\ARM_GCC_493\Debug\ibuton.o
 .debug_line    0x00001d14       0x53 .\CortexM3\ARM_GCC_493\Debug\cymetadata.o
 .debug_line    0x00001d67      0x249 .\CortexM3\ARM_GCC_493\Debug\Cm3Start.o
 .debug_line    0x00001fb0      0x20b .\CortexM3\ARM_GCC_493\Debug\Design01.a(cyfitter_cfg.o)
 .debug_line    0x000021bb      0x312 .\CortexM3\ARM_GCC_493\Debug\Design01.a(RF_Physical.o)
 .debug_line    0x000024cd       0x91 .\CortexM3\ARM_GCC_493\Debug\Design01.a(RF_Physical_INT.o)
 .debug_line    0x0000255e      0x2c4 .\CortexM3\ARM_GCC_493\Debug\Design01.a(Printer.o)
 .debug_line    0x00002822      0x30c .\CortexM3\ARM_GCC_493\Debug\Design01.a(Display1.o)
 .debug_line    0x00002b2e       0x8a .\CortexM3\ARM_GCC_493\Debug\Design01.a(Display1_INT.o)
 .debug_line    0x00002bb8      0x30c .\CortexM3\ARM_GCC_493\Debug\Design01.a(Display2.o)
 .debug_line    0x00002ec4       0x8a .\CortexM3\ARM_GCC_493\Debug\Design01.a(Display2_INT.o)
 .debug_line    0x00002f4e      0x19c .\CortexM3\ARM_GCC_493\Debug\Design01.a(RF_Physical_IntClock.o)
 .debug_line    0x000030ea      0x199 .\CortexM3\ARM_GCC_493\Debug\Design01.a(Display1_IntClock.o)
 .debug_line    0x00003283      0x199 .\CortexM3\ARM_GCC_493\Debug\Design01.a(Display2_IntClock.o)
 .debug_line    0x0000341c       0x68 .\CortexM3\ARM_GCC_493\Debug\Design01.a(CyBootAsmGnu.o)
 .debug_line    0x00003484      0x806 .\CortexM3\ARM_GCC_493\Debug\Design01.a(CyLib.o)
 .debug_line    0x00003c8a      0x366 .\CortexM3\ARM_GCC_493\Debug\Design01.a(cyPm.o)
 .debug_line    0x00003ff0      0x198 .\CortexM3\ARM_GCC_493\Debug\Design01.a(Printer_IntClock.o)
 .debug_line    0x00004188      0x2f1 .\CortexM3\ARM_GCC_493\Debug\Design01.a(Pump.o)
 .debug_line    0x00004479       0x83 .\CortexM3\ARM_GCC_493\Debug\Design01.a(Pump_INT.o)
 .debug_line    0x000044fc      0x268 .\CortexM3\ARM_GCC_493\Debug\Design01.a(EEPROM_1.o)
 .debug_line    0x00004764       0xe4 .\CortexM3\ARM_GCC_493\Debug\Design01.a(I2C_Bus.o)
 .debug_line    0x00004848      0x130 .\CortexM3\ARM_GCC_493\Debug\Design01.a(I2C_Bus_INT.o)
 .debug_line    0x00004978       0xc8 .\CortexM3\ARM_GCC_493\Debug\Design01.a(I2C_Bus_PM.o)
 .debug_line    0x00004a40      0x207 .\CortexM3\ARM_GCC_493\Debug\Design01.a(I2C_Bus_MASTER.o)
 .debug_line    0x00004c47      0x15f .\CortexM3\ARM_GCC_493\Debug\Design01.a(Timer_Animacion.o)
 .debug_line    0x00004da6      0x14b .\CortexM3\ARM_GCC_493\Debug\Design01.a(isr_3.o)
 .debug_line    0x00004ef1      0x160 .\CortexM3\ARM_GCC_493\Debug\Design01.a(Timer_Animacion2.o)
 .debug_line    0x00005051       0x92 .\CortexM3\ARM_GCC_493\Debug\Design01.a(IB1.o)
 .debug_line    0x000050e3       0x92 .\CortexM3\ARM_GCC_493\Debug\Design01.a(IB2.o)
 .debug_line    0x00005175      0x1ec .\CortexM3\ARM_GCC_493\Debug\Design01.a(CyFlash.o)
 .debug_line    0x00005361      0x23e .\CortexM3\ARM_GCC_493\Debug\Design01.a(CySpc.o)

.debug_frame    0x00000000     0x2a94
 *(.debug_frame)
 .debug_frame   0x00000000      0x180 .\CortexM3\ARM_GCC_493\Debug\main.o
 .debug_frame   0x00000180      0x110 .\CortexM3\ARM_GCC_493\Debug\protocol.o
 .debug_frame   0x00000290       0xf4 .\CortexM3\ARM_GCC_493\Debug\LCD.o
 .debug_frame   0x00000384       0x34 .\CortexM3\ARM_GCC_493\Debug\keyboard.o
 .debug_frame   0x000003b8       0x70 .\CortexM3\ARM_GCC_493\Debug\I2C.o
 .debug_frame   0x00000428       0x70 .\CortexM3\ARM_GCC_493\Debug\Print.o
 .debug_frame   0x00000498       0x7c .\CortexM3\ARM_GCC_493\Debug\ibuton.o
 .debug_frame   0x00000514       0xac .\CortexM3\ARM_GCC_493\Debug\Cm3Start.o
 .debug_frame   0x000005c0       0xe4 .\CortexM3\ARM_GCC_493\Debug\Design01.a(cyfitter_cfg.o)
 .debug_frame   0x000006a4      0x25c .\CortexM3\ARM_GCC_493\Debug\Design01.a(RF_Physical.o)
 .debug_frame   0x00000900       0x20 .\CortexM3\ARM_GCC_493\Debug\Design01.a(RF_Physical_INT.o)
 .debug_frame   0x00000920      0x250 .\CortexM3\ARM_GCC_493\Debug\Design01.a(Printer.o)
 .debug_frame   0x00000b70      0x25c .\CortexM3\ARM_GCC_493\Debug\Design01.a(Display1.o)
 .debug_frame   0x00000dcc       0x20 .\CortexM3\ARM_GCC_493\Debug\Design01.a(Display1_INT.o)
 .debug_frame   0x00000dec      0x25c .\CortexM3\ARM_GCC_493\Debug\Design01.a(Display2.o)
 .debug_frame   0x00001048       0x20 .\CortexM3\ARM_GCC_493\Debug\Design01.a(Display2_INT.o)
 .debug_frame   0x00001068       0xe0 .\CortexM3\ARM_GCC_493\Debug\Design01.a(RF_Physical_IntClock.o)
 .debug_frame   0x00001148       0xe0 .\CortexM3\ARM_GCC_493\Debug\Design01.a(Display1_IntClock.o)
 .debug_frame   0x00001228       0xe0 .\CortexM3\ARM_GCC_493\Debug\Design01.a(Display2_IntClock.o)
 .debug_frame   0x00001308      0x728 .\CortexM3\ARM_GCC_493\Debug\Design01.a(CyLib.o)
 .debug_frame   0x00001a30      0x1f8 .\CortexM3\ARM_GCC_493\Debug\Design01.a(cyPm.o)
 .debug_frame   0x00001c28       0xe0 .\CortexM3\ARM_GCC_493\Debug\Design01.a(Printer_IntClock.o)
 .debug_frame   0x00001d08      0x25c .\CortexM3\ARM_GCC_493\Debug\Design01.a(Pump.o)
 .debug_frame   0x00001f64       0x20 .\CortexM3\ARM_GCC_493\Debug\Design01.a(Pump_INT.o)
 .debug_frame   0x00001f84      0x17c .\CortexM3\ARM_GCC_493\Debug\Design01.a(EEPROM_1.o)
 .debug_frame   0x00002100       0x8c .\CortexM3\ARM_GCC_493\Debug\Design01.a(I2C_Bus.o)
 .debug_frame   0x0000218c       0x30 .\CortexM3\ARM_GCC_493\Debug\Design01.a(I2C_Bus_INT.o)
 .debug_frame   0x000021bc       0x74 .\CortexM3\ARM_GCC_493\Debug\Design01.a(I2C_Bus_PM.o)
 .debug_frame   0x00002230      0x120 .\CortexM3\ARM_GCC_493\Debug\Design01.a(I2C_Bus_MASTER.o)
 .debug_frame   0x00002350      0x108 .\CortexM3\ARM_GCC_493\Debug\Design01.a(Timer_Animacion.o)
 .debug_frame   0x00002458      0x104 .\CortexM3\ARM_GCC_493\Debug\Design01.a(isr_3.o)
 .debug_frame   0x0000255c      0x108 .\CortexM3\ARM_GCC_493\Debug\Design01.a(Timer_Animacion2.o)
 .debug_frame   0x00002664       0x50 .\CortexM3\ARM_GCC_493\Debug\Design01.a(IB1.o)
 .debug_frame   0x000026b4       0x50 .\CortexM3\ARM_GCC_493\Debug\Design01.a(IB2.o)
 .debug_frame   0x00002704      0x174 .\CortexM3\ARM_GCC_493\Debug\Design01.a(CyFlash.o)
 .debug_frame   0x00002878      0x160 .\CortexM3\ARM_GCC_493\Debug\Design01.a(CySpc.o)
 .debug_frame   0x000029d8       0x20 c:/program files (x86)/cypress/psoc creator/3.3/psoc creator/import/gnu/arm/4.9.3/bin/../lib/gcc/arm-none-eabi/4.9.3/../../../../arm-none-eabi/lib/armv7-m\libg_nano.a(lib_a-errno.o)
 .debug_frame   0x000029f8       0x28 c:/program files (x86)/cypress/psoc creator/3.3/psoc creator/import/gnu/arm/4.9.3/bin/../lib/gcc/arm-none-eabi/4.9.3/../../../../arm-none-eabi/lib/armv7-m\libg_nano.a(lib_a-exit.o)
 .debug_frame   0x00002a20       0x2c c:/program files (x86)/cypress/psoc creator/3.3/psoc creator/import/gnu/arm/4.9.3/bin/../lib/gcc/arm-none-eabi/4.9.3/../../../../arm-none-eabi/lib/armv7-m\libg_nano.a(lib_a-init.o)
 .debug_frame   0x00002a4c       0x28 c:/program files (x86)/cypress/psoc creator/3.3/psoc creator/import/gnu/arm/4.9.3/bin/../lib/gcc/arm-none-eabi/4.9.3/../../../../arm-none-eabi/lib/armv7-m\libg_nano.a(lib_a-memcpy.o)
 .debug_frame   0x00002a74       0x20 c:/program files (x86)/cypress/psoc creator/3.3/psoc creator/import/gnu/arm/4.9.3/bin/../lib/gcc/arm-none-eabi/4.9.3/../../../../arm-none-eabi/lib/armv7-m\libg_nano.a(lib_a-memset.o)

.debug_str      0x00000000     0x4484
 *(.debug_str)
 .debug_str     0x00000000      0xfe9 .\CortexM3\ARM_GCC_493\Debug\main.o
                               0x1050 (size before relaxing)
 .debug_str     0x00000fe9      0x121 .\CortexM3\ARM_GCC_493\Debug\protocol.o
                                0x8e3 (size before relaxing)
 .debug_str     0x0000110a       0xb4 .\CortexM3\ARM_GCC_493\Debug\LCD.o
                                0x82f (size before relaxing)
 .debug_str     0x000011be       0x30 .\CortexM3\ARM_GCC_493\Debug\keyboard.o
                                0x812 (size before relaxing)
 .debug_str     0x000011ee       0xa2 .\CortexM3\ARM_GCC_493\Debug\I2C.o
                                0x7c9 (size before relaxing)
 .debug_str     0x00001290      0x26e .\CortexM3\ARM_GCC_493\Debug\Print.o
                                0x9a6 (size before relaxing)
 .debug_str     0x000014fe       0x43 .\CortexM3\ARM_GCC_493\Debug\ibuton.o
                                0x22c (size before relaxing)
 .debug_str     0x00001541       0x77 .\CortexM3\ARM_GCC_493\Debug\cymetadata.o
                                0x1ed (size before relaxing)
 .debug_str     0x000015b8      0x158 .\CortexM3\ARM_GCC_493\Debug\Cm3Start.o
                                0x301 (size before relaxing)
 .debug_str     0x00001710      0x185 .\CortexM3\ARM_GCC_493\Debug\Design01.a(cyfitter_cfg.o)
                                0x33b (size before relaxing)
 .debug_str     0x00001895      0x483 .\CortexM3\ARM_GCC_493\Debug\Design01.a(RF_Physical.o)
                                0x64b (size before relaxing)
 .debug_str     0x00001d18       0x63 .\CortexM3\ARM_GCC_493\Debug\Design01.a(RF_Physical_INT.o)
                                0x281 (size before relaxing)
 .debug_str     0x00001d7b      0x278 .\CortexM3\ARM_GCC_493\Debug\Design01.a(Printer.o)
                                0x4c9 (size before relaxing)
 .debug_str     0x00001ff3      0x2cd .\CortexM3\ARM_GCC_493\Debug\Design01.a(Display1.o)
                                0x5dc (size before relaxing)
 .debug_str     0x000022c0       0x37 .\CortexM3\ARM_GCC_493\Debug\Design01.a(Display1_INT.o)
                                0x262 (size before relaxing)
 .debug_str     0x000022f7      0x2cd .\CortexM3\ARM_GCC_493\Debug\Design01.a(Display2.o)
                                0x5dc (size before relaxing)
 .debug_str     0x000025c4       0x37 .\CortexM3\ARM_GCC_493\Debug\Design01.a(Display2_INT.o)
                                0x262 (size before relaxing)
 .debug_str     0x000025fb      0x1cb .\CortexM3\ARM_GCC_493\Debug\Design01.a(RF_Physical_IntClock.o)
                                0x38d (size before relaxing)
 .debug_str     0x000027c6      0x162 .\CortexM3\ARM_GCC_493\Debug\Design01.a(Display1_IntClock.o)
                                0x369 (size before relaxing)
 .debug_str     0x00002928      0x162 .\CortexM3\ARM_GCC_493\Debug\Design01.a(Display2_IntClock.o)
                                0x369 (size before relaxing)
 .debug_str     0x00002a8a      0x7b4 .\CortexM3\ARM_GCC_493\Debug\Design01.a(CyLib.o)
                                0xa26 (size before relaxing)
 .debug_str     0x0000323e      0x35b .\CortexM3\ARM_GCC_493\Debug\Design01.a(cyPm.o)
                                0x71e (size before relaxing)
 .debug_str     0x00003599      0x158 .\CortexM3\ARM_GCC_493\Debug\Design01.a(Printer_IntClock.o)
                                0x35d (size before relaxing)
 .debug_str     0x000036f1      0x216 .\CortexM3\ARM_GCC_493\Debug\Design01.a(Pump.o)
                                0x521 (size before relaxing)
 .debug_str     0x00003907       0x2f .\CortexM3\ARM_GCC_493\Debug\Design01.a(Pump_INT.o)
                                0x249 (size before relaxing)
 .debug_str     0x00003936      0x1db .\CortexM3\ARM_GCC_493\Debug\Design01.a(EEPROM_1.o)
                                0x3d3 (size before relaxing)
 .debug_str     0x00003b11       0xe7 .\CortexM3\ARM_GCC_493\Debug\Design01.a(I2C_Bus.o)
                                0x313 (size before relaxing)
 .debug_str     0x00003bf8       0xf8 .\CortexM3\ARM_GCC_493\Debug\Design01.a(I2C_Bus_INT.o)
                                0x295 (size before relaxing)
 .debug_str     0x00003cf0       0x6c .\CortexM3\ARM_GCC_493\Debug\Design01.a(I2C_Bus_PM.o)
                                0x29b (size before relaxing)
 .debug_str     0x00003d5c       0xfb .\CortexM3\ARM_GCC_493\Debug\Design01.a(I2C_Bus_MASTER.o)
                                0x40a (size before relaxing)
 .debug_str     0x00003e57      0x1ae .\CortexM3\ARM_GCC_493\Debug\Design01.a(Timer_Animacion.o)
                                0x38c (size before relaxing)
 .debug_str     0x00004005       0xcf .\CortexM3\ARM_GCC_493\Debug\Design01.a(isr_3.o)
                                0x29d (size before relaxing)
 .debug_str     0x000040d4      0x1bf .\CortexM3\ARM_GCC_493\Debug\Design01.a(Timer_Animacion2.o)
                                0x39c (size before relaxing)
 .debug_str     0x00004293       0x4b .\CortexM3\ARM_GCC_493\Debug\Design01.a(IB1.o)
                                0x1db (size before relaxing)
 .debug_str     0x000042de       0x40 .\CortexM3\ARM_GCC_493\Debug\Design01.a(IB2.o)
                                0x1db (size before relaxing)
 .debug_str     0x0000431e       0xf6 .\CortexM3\ARM_GCC_493\Debug\Design01.a(CyFlash.o)
                                0x398 (size before relaxing)
 .debug_str     0x00004414       0x70 .\CortexM3\ARM_GCC_493\Debug\Design01.a(CySpc.o)
                                0x321 (size before relaxing)

.debug_loc      0x00000000     0x5b47
 *(.debug_loc)
 .debug_loc     0x00000000      0x278 .\CortexM3\ARM_GCC_493\Debug\main.o
 .debug_loc     0x00000278      0x80a .\CortexM3\ARM_GCC_493\Debug\protocol.o
 .debug_loc     0x00000a82      0x411 .\CortexM3\ARM_GCC_493\Debug\LCD.o
 .debug_loc     0x00000e93      0x1b8 .\CortexM3\ARM_GCC_493\Debug\keyboard.o
 .debug_loc     0x0000104b      0x183 .\CortexM3\ARM_GCC_493\Debug\I2C.o
 .debug_loc     0x000011ce      0xdf5 .\CortexM3\ARM_GCC_493\Debug\Print.o
 .debug_loc     0x00001fc3      0x20e .\CortexM3\ARM_GCC_493\Debug\ibuton.o
 .debug_loc     0x000021d1      0x144 .\CortexM3\ARM_GCC_493\Debug\Cm3Start.o
 .debug_loc     0x00002315      0x289 .\CortexM3\ARM_GCC_493\Debug\Design01.a(cyfitter_cfg.o)
 .debug_loc     0x0000259e      0x34e .\CortexM3\ARM_GCC_493\Debug\Design01.a(RF_Physical.o)
 .debug_loc     0x000028ec       0x45 .\CortexM3\ARM_GCC_493\Debug\Design01.a(RF_Physical_INT.o)
 .debug_loc     0x00002931      0x258 .\CortexM3\ARM_GCC_493\Debug\Design01.a(Printer.o)
 .debug_loc     0x00002b89      0x34e .\CortexM3\ARM_GCC_493\Debug\Design01.a(Display1.o)
 .debug_loc     0x00002ed7       0x45 .\CortexM3\ARM_GCC_493\Debug\Design01.a(Display1_INT.o)
 .debug_loc     0x00002f1c      0x34e .\CortexM3\ARM_GCC_493\Debug\Design01.a(Display2.o)
 .debug_loc     0x0000326a       0x45 .\CortexM3\ARM_GCC_493\Debug\Design01.a(Display2_INT.o)
 .debug_loc     0x000032af      0x128 .\CortexM3\ARM_GCC_493\Debug\Design01.a(RF_Physical_IntClock.o)
 .debug_loc     0x000033d7      0x128 .\CortexM3\ARM_GCC_493\Debug\Design01.a(Display1_IntClock.o)
 .debug_loc     0x000034ff      0x12c .\CortexM3\ARM_GCC_493\Debug\Design01.a(Display2_IntClock.o)
 .debug_loc     0x0000362b      0xa11 .\CortexM3\ARM_GCC_493\Debug\Design01.a(CyLib.o)
 .debug_loc     0x0000403c      0x1e4 .\CortexM3\ARM_GCC_493\Debug\Design01.a(cyPm.o)
 .debug_loc     0x00004220      0x128 .\CortexM3\ARM_GCC_493\Debug\Design01.a(Printer_IntClock.o)
 .debug_loc     0x00004348      0x34e .\CortexM3\ARM_GCC_493\Debug\Design01.a(Pump.o)
 .debug_loc     0x00004696       0x45 .\CortexM3\ARM_GCC_493\Debug\Design01.a(Pump_INT.o)
 .debug_loc     0x000046db      0x49f .\CortexM3\ARM_GCC_493\Debug\Design01.a(EEPROM_1.o)
 .debug_loc     0x00004b7a       0x26 .\CortexM3\ARM_GCC_493\Debug\Design01.a(I2C_Bus.o)
 .debug_loc     0x00004ba0       0x29 .\CortexM3\ARM_GCC_493\Debug\Design01.a(I2C_Bus_INT.o)
 .debug_loc     0x00004bc9       0x13 .\CortexM3\ARM_GCC_493\Debug\Design01.a(I2C_Bus_PM.o)
 .debug_loc     0x00004bdc      0x531 .\CortexM3\ARM_GCC_493\Debug\Design01.a(I2C_Bus_MASTER.o)
 .debug_loc     0x0000510d       0x56 .\CortexM3\ARM_GCC_493\Debug\Design01.a(isr_3.o)
 .debug_loc     0x00005163       0x42 .\CortexM3\ARM_GCC_493\Debug\Design01.a(IB1.o)
 .debug_loc     0x000051a5       0x55 .\CortexM3\ARM_GCC_493\Debug\Design01.a(IB2.o)
 .debug_loc     0x000051fa      0x300 .\CortexM3\ARM_GCC_493\Debug\Design01.a(CyFlash.o)
 .debug_loc     0x000054fa      0x64d .\CortexM3\ARM_GCC_493\Debug\Design01.a(CySpc.o)

.debug_macinfo
 *(.debug_macinfo)

.debug_ranges   0x00000000      0xed8
 *(.debug_ranges)
 .debug_ranges  0x00000000       0x68 .\CortexM3\ARM_GCC_493\Debug\main.o
 .debug_ranges  0x00000068       0x48 .\CortexM3\ARM_GCC_493\Debug\protocol.o
 .debug_ranges  0x000000b0       0x38 .\CortexM3\ARM_GCC_493\Debug\LCD.o
 .debug_ranges  0x000000e8       0x10 .\CortexM3\ARM_GCC_493\Debug\keyboard.o
 .debug_ranges  0x000000f8       0x20 .\CortexM3\ARM_GCC_493\Debug\I2C.o
 .debug_ranges  0x00000118       0x20 .\CortexM3\ARM_GCC_493\Debug\Print.o
 .debug_ranges  0x00000138       0x28 .\CortexM3\ARM_GCC_493\Debug\ibuton.o
 .debug_ranges  0x00000160       0x38 .\CortexM3\ARM_GCC_493\Debug\Cm3Start.o
 .debug_ranges  0x00000198       0x48 .\CortexM3\ARM_GCC_493\Debug\Design01.a(cyfitter_cfg.o)
 .debug_ranges  0x000001e0       0xe0 .\CortexM3\ARM_GCC_493\Debug\Design01.a(RF_Physical.o)
 .debug_ranges  0x000002c0       0x10 .\CortexM3\ARM_GCC_493\Debug\Design01.a(RF_Physical_INT.o)
 .debug_ranges  0x000002d0       0xe0 .\CortexM3\ARM_GCC_493\Debug\Design01.a(Printer.o)
 .debug_ranges  0x000003b0       0xe0 .\CortexM3\ARM_GCC_493\Debug\Design01.a(Display1.o)
 .debug_ranges  0x00000490       0x10 .\CortexM3\ARM_GCC_493\Debug\Design01.a(Display1_INT.o)
 .debug_ranges  0x000004a0       0xe0 .\CortexM3\ARM_GCC_493\Debug\Design01.a(Display2.o)
 .debug_ranges  0x00000580       0x10 .\CortexM3\ARM_GCC_493\Debug\Design01.a(Display2_INT.o)
 .debug_ranges  0x00000590       0x60 .\CortexM3\ARM_GCC_493\Debug\Design01.a(RF_Physical_IntClock.o)
 .debug_ranges  0x000005f0       0x60 .\CortexM3\ARM_GCC_493\Debug\Design01.a(Display1_IntClock.o)
 .debug_ranges  0x00000650       0x60 .\CortexM3\ARM_GCC_493\Debug\Design01.a(Display2_IntClock.o)
 .debug_ranges  0x000006b0      0x288 .\CortexM3\ARM_GCC_493\Debug\Design01.a(CyLib.o)
 .debug_ranges  0x00000938       0x88 .\CortexM3\ARM_GCC_493\Debug\Design01.a(cyPm.o)
 .debug_ranges  0x000009c0       0x60 .\CortexM3\ARM_GCC_493\Debug\Design01.a(Printer_IntClock.o)
 .debug_ranges  0x00000a20       0xe0 .\CortexM3\ARM_GCC_493\Debug\Design01.a(Pump.o)
 .debug_ranges  0x00000b00       0x10 .\CortexM3\ARM_GCC_493\Debug\Design01.a(Pump_INT.o)
 .debug_ranges  0x00000b10       0x68 .\CortexM3\ARM_GCC_493\Debug\Design01.a(EEPROM_1.o)
 .debug_ranges  0x00000b78       0x28 .\CortexM3\ARM_GCC_493\Debug\Design01.a(I2C_Bus.o)
 .debug_ranges  0x00000ba0       0x10 .\CortexM3\ARM_GCC_493\Debug\Design01.a(I2C_Bus_INT.o)
 .debug_ranges  0x00000bb0       0x28 .\CortexM3\ARM_GCC_493\Debug\Design01.a(I2C_Bus_PM.o)
 .debug_ranges  0x00000bd8       0x78 .\CortexM3\ARM_GCC_493\Debug\Design01.a(I2C_Bus_MASTER.o)
 .debug_ranges  0x00000c50       0x78 .\CortexM3\ARM_GCC_493\Debug\Design01.a(Timer_Animacion.o)
 .debug_ranges  0x00000cc8       0x70 .\CortexM3\ARM_GCC_493\Debug\Design01.a(isr_3.o)
 .debug_ranges  0x00000d38       0x78 .\CortexM3\ARM_GCC_493\Debug\Design01.a(Timer_Animacion2.o)
 .debug_ranges  0x00000db0       0x28 .\CortexM3\ARM_GCC_493\Debug\Design01.a(IB1.o)
 .debug_ranges  0x00000dd8       0x28 .\CortexM3\ARM_GCC_493\Debug\Design01.a(IB2.o)
 .debug_ranges  0x00000e00       0x70 .\CortexM3\ARM_GCC_493\Debug\Design01.a(CyFlash.o)
 .debug_ranges  0x00000e70       0x68 .\CortexM3\ARM_GCC_493\Debug\Design01.a(CySpc.o)

.comment        0x00000000       0x70
 .comment       0x00000000       0x70 .\CortexM3\ARM_GCC_493\Debug\main.o
                                 0x71 (size before relaxing)
 .comment       0x00000000       0x71 .\CortexM3\ARM_GCC_493\Debug\protocol.o
 .comment       0x00000000       0x71 .\CortexM3\ARM_GCC_493\Debug\LCD.o
 .comment       0x00000000       0x71 .\CortexM3\ARM_GCC_493\Debug\keyboard.o
 .comment       0x00000000       0x71 .\CortexM3\ARM_GCC_493\Debug\I2C.o
 .comment       0x00000000       0x71 .\CortexM3\ARM_GCC_493\Debug\Print.o
 .comment       0x00000000       0x71 .\CortexM3\ARM_GCC_493\Debug\ibuton.o
 .comment       0x00000000       0x71 .\CortexM3\ARM_GCC_493\Debug\cymetadata.o
 .comment       0x00000000       0x71 .\CortexM3\ARM_GCC_493\Debug\Cm3Start.o
 .comment       0x00000000       0x71 .\CortexM3\ARM_GCC_493\Debug\Design01.a(cyfitter_cfg.o)
 .comment       0x00000000       0x71 .\CortexM3\ARM_GCC_493\Debug\Design01.a(RF_Physical.o)
 .comment       0x00000000       0x71 .\CortexM3\ARM_GCC_493\Debug\Design01.a(RF_Physical_INT.o)
 .comment       0x00000000       0x71 .\CortexM3\ARM_GCC_493\Debug\Design01.a(Printer.o)
 .comment       0x00000000       0x71 .\CortexM3\ARM_GCC_493\Debug\Design01.a(Display1.o)
 .comment       0x00000000       0x71 .\CortexM3\ARM_GCC_493\Debug\Design01.a(Display1_INT.o)
 .comment       0x00000000       0x71 .\CortexM3\ARM_GCC_493\Debug\Design01.a(Display2.o)
 .comment       0x00000000       0x71 .\CortexM3\ARM_GCC_493\Debug\Design01.a(Display2_INT.o)
 .comment       0x00000000       0x71 .\CortexM3\ARM_GCC_493\Debug\Design01.a(RF_Physical_IntClock.o)
 .comment       0x00000000       0x71 .\CortexM3\ARM_GCC_493\Debug\Design01.a(Display1_IntClock.o)
 .comment       0x00000000       0x71 .\CortexM3\ARM_GCC_493\Debug\Design01.a(Display2_IntClock.o)
 .comment       0x00000000       0x71 .\CortexM3\ARM_GCC_493\Debug\Design01.a(CyLib.o)
 .comment       0x00000000       0x71 .\CortexM3\ARM_GCC_493\Debug\Design01.a(cyPm.o)
 .comment       0x00000000       0x71 .\CortexM3\ARM_GCC_493\Debug\Design01.a(Printer_IntClock.o)
 .comment       0x00000000       0x71 .\CortexM3\ARM_GCC_493\Debug\Design01.a(Pump.o)
 .comment       0x00000000       0x71 .\CortexM3\ARM_GCC_493\Debug\Design01.a(Pump_INT.o)
 .comment       0x00000000       0x71 .\CortexM3\ARM_GCC_493\Debug\Design01.a(EEPROM_1.o)
 .comment       0x00000000       0x71 .\CortexM3\ARM_GCC_493\Debug\Design01.a(I2C_Bus.o)
 .comment       0x00000000       0x71 .\CortexM3\ARM_GCC_493\Debug\Design01.a(I2C_Bus_INT.o)
 .comment       0x00000000       0x71 .\CortexM3\ARM_GCC_493\Debug\Design01.a(I2C_Bus_PM.o)
 .comment       0x00000000       0x71 .\CortexM3\ARM_GCC_493\Debug\Design01.a(I2C_Bus_MASTER.o)
 .comment       0x00000000       0x71 .\CortexM3\ARM_GCC_493\Debug\Design01.a(Timer_Animacion.o)
 .comment       0x00000000       0x71 .\CortexM3\ARM_GCC_493\Debug\Design01.a(isr_3.o)
 .comment       0x00000000       0x71 .\CortexM3\ARM_GCC_493\Debug\Design01.a(Timer_Animacion2.o)
 .comment       0x00000000       0x71 .\CortexM3\ARM_GCC_493\Debug\Design01.a(IB1.o)
 .comment       0x00000000       0x71 .\CortexM3\ARM_GCC_493\Debug\Design01.a(IB2.o)
 .comment       0x00000000       0x71 .\CortexM3\ARM_GCC_493\Debug\Design01.a(CyFlash.o)
 .comment       0x00000000       0x71 .\CortexM3\ARM_GCC_493\Debug\Design01.a(CySpc.o)

.debug_weaknames
 *(.debug_weaknames)

.debug_funcnames
 *(.debug_funcnames)

.debug_typenames
 *(.debug_typenames)

.debug_varnames
 *(.debug_varnames)

.note.gnu.arm.ident
 *(.note.gnu.arm.ident)

.ARM.attributes
                0x00000000       0x29
 *(.ARM.attributes)
 .ARM.attributes
                0x00000000       0x1d c:/program files (x86)/cypress/psoc creator/3.3/psoc creator/import/gnu/arm/4.9.3/bin/../lib/gcc/arm-none-eabi/4.9.3/armv7-m/crti.o
 .ARM.attributes
                0x0000001d       0x2d c:/program files (x86)/cypress/psoc creator/3.3/psoc creator/import/gnu/arm/4.9.3/bin/../lib/gcc/arm-none-eabi/4.9.3/armv7-m/crtbegin.o
 .ARM.attributes
                0x0000004a       0x1b c:/program files (x86)/cypress/psoc creator/3.3/psoc creator/import/gnu/arm/4.9.3/bin/../lib/gcc/arm-none-eabi/4.9.3/../../../../arm-none-eabi/lib/armv7-m/crt0.o
 .ARM.attributes
                0x00000065       0x33 .\CortexM3\ARM_GCC_493\Debug\main.o
 .ARM.attributes
                0x00000098       0x33 .\CortexM3\ARM_GCC_493\Debug\protocol.o
 .ARM.attributes
                0x000000cb       0x33 .\CortexM3\ARM_GCC_493\Debug\LCD.o
 .ARM.attributes
                0x000000fe       0x33 .\CortexM3\ARM_GCC_493\Debug\keyboard.o
 .ARM.attributes
                0x00000131       0x33 .\CortexM3\ARM_GCC_493\Debug\I2C.o
 .ARM.attributes
                0x00000164       0x33 .\CortexM3\ARM_GCC_493\Debug\Print.o
 .ARM.attributes
                0x00000197       0x33 .\CortexM3\ARM_GCC_493\Debug\ibuton.o
 .ARM.attributes
                0x000001ca       0x33 .\CortexM3\ARM_GCC_493\Debug\cymetadata.o
 .ARM.attributes
                0x000001fd       0x33 .\CortexM3\ARM_GCC_493\Debug\Cm3Start.o
 .ARM.attributes
                0x00000230       0x33 .\CortexM3\ARM_GCC_493\Debug\Design01.a(cyfitter_cfg.o)
 .ARM.attributes
                0x00000263       0x33 .\CortexM3\ARM_GCC_493\Debug\Design01.a(RF_Physical.o)
 .ARM.attributes
                0x00000296       0x33 .\CortexM3\ARM_GCC_493\Debug\Design01.a(RF_Physical_INT.o)
 .ARM.attributes
                0x000002c9       0x33 .\CortexM3\ARM_GCC_493\Debug\Design01.a(Printer.o)
 .ARM.attributes
                0x000002fc       0x33 .\CortexM3\ARM_GCC_493\Debug\Design01.a(Display1.o)
 .ARM.attributes
                0x0000032f       0x33 .\CortexM3\ARM_GCC_493\Debug\Design01.a(Display1_INT.o)
 .ARM.attributes
                0x00000362       0x33 .\CortexM3\ARM_GCC_493\Debug\Design01.a(Display2.o)
 .ARM.attributes
                0x00000395       0x33 .\CortexM3\ARM_GCC_493\Debug\Design01.a(Display2_INT.o)
 .ARM.attributes
                0x000003c8       0x33 .\CortexM3\ARM_GCC_493\Debug\Design01.a(RF_Physical_IntClock.o)
 .ARM.attributes
                0x000003fb       0x33 .\CortexM3\ARM_GCC_493\Debug\Design01.a(Display1_IntClock.o)
 .ARM.attributes
                0x0000042e       0x33 .\CortexM3\ARM_GCC_493\Debug\Design01.a(Display2_IntClock.o)
 .ARM.attributes
                0x00000461       0x21 .\CortexM3\ARM_GCC_493\Debug\Design01.a(CyBootAsmGnu.o)
 .ARM.attributes
                0x00000482       0x33 .\CortexM3\ARM_GCC_493\Debug\Design01.a(CyLib.o)
 .ARM.attributes
                0x000004b5       0x33 .\CortexM3\ARM_GCC_493\Debug\Design01.a(cyPm.o)
 .ARM.attributes
                0x000004e8       0x33 .\CortexM3\ARM_GCC_493\Debug\Design01.a(Printer_IntClock.o)
 .ARM.attributes
                0x0000051b       0x33 .\CortexM3\ARM_GCC_493\Debug\Design01.a(Pump.o)
 .ARM.attributes
                0x0000054e       0x33 .\CortexM3\ARM_GCC_493\Debug\Design01.a(Pump_INT.o)
 .ARM.attributes
                0x00000581       0x33 .\CortexM3\ARM_GCC_493\Debug\Design01.a(EEPROM_1.o)
 .ARM.attributes
                0x000005b4       0x33 .\CortexM3\ARM_GCC_493\Debug\Design01.a(I2C_Bus.o)
 .ARM.attributes
                0x000005e7       0x33 .\CortexM3\ARM_GCC_493\Debug\Design01.a(I2C_Bus_INT.o)
 .ARM.attributes
                0x0000061a       0x33 .\CortexM3\ARM_GCC_493\Debug\Design01.a(I2C_Bus_PM.o)
 .ARM.attributes
                0x0000064d       0x33 .\CortexM3\ARM_GCC_493\Debug\Design01.a(I2C_Bus_MASTER.o)
 .ARM.attributes
                0x00000680       0x33 .\CortexM3\ARM_GCC_493\Debug\Design01.a(Timer_Animacion.o)
 .ARM.attributes
                0x000006b3       0x33 .\CortexM3\ARM_GCC_493\Debug\Design01.a(isr_3.o)
 .ARM.attributes
                0x000006e6       0x33 .\CortexM3\ARM_GCC_493\Debug\Design01.a(Timer_Animacion2.o)
 .ARM.attributes
                0x00000719       0x33 .\CortexM3\ARM_GCC_493\Debug\Design01.a(IB1.o)
 .ARM.attributes
                0x0000074c       0x33 .\CortexM3\ARM_GCC_493\Debug\Design01.a(IB2.o)
 .ARM.attributes
                0x0000077f       0x33 .\CortexM3\ARM_GCC_493\Debug\Design01.a(CyFlash.o)
 .ARM.attributes
                0x000007b2       0x33 .\CortexM3\ARM_GCC_493\Debug\Design01.a(CySpc.o)
 .ARM.attributes
                0x000007e5       0x2d c:/program files (x86)/cypress/psoc creator/3.3/psoc creator/import/gnu/arm/4.9.3/bin/../lib/gcc/arm-none-eabi/4.9.3/../../../../arm-none-eabi/lib/armv7-m\libg_nano.a(lib_a-errno.o)
 .ARM.attributes
                0x00000812       0x2d c:/program files (x86)/cypress/psoc creator/3.3/psoc creator/import/gnu/arm/4.9.3/bin/../lib/gcc/arm-none-eabi/4.9.3/../../../../arm-none-eabi/lib/armv7-m\libg_nano.a(lib_a-exit.o)
 .ARM.attributes
                0x0000083f       0x2d c:/program files (x86)/cypress/psoc creator/3.3/psoc creator/import/gnu/arm/4.9.3/bin/../lib/gcc/arm-none-eabi/4.9.3/../../../../arm-none-eabi/lib/armv7-m\libg_nano.a(lib_a-impure.o)
 .ARM.attributes
                0x0000086c       0x2d c:/program files (x86)/cypress/psoc creator/3.3/psoc creator/import/gnu/arm/4.9.3/bin/../lib/gcc/arm-none-eabi/4.9.3/../../../../arm-none-eabi/lib/armv7-m\libg_nano.a(lib_a-init.o)
 .ARM.attributes
                0x00000899       0x2d c:/program files (x86)/cypress/psoc creator/3.3/psoc creator/import/gnu/arm/4.9.3/bin/../lib/gcc/arm-none-eabi/4.9.3/../../../../arm-none-eabi/lib/armv7-m\libg_nano.a(lib_a-memcpy.o)
 .ARM.attributes
                0x000008c6       0x2d c:/program files (x86)/cypress/psoc creator/3.3/psoc creator/import/gnu/arm/4.9.3/bin/../lib/gcc/arm-none-eabi/4.9.3/../../../../arm-none-eabi/lib/armv7-m\libg_nano.a(lib_a-memset.o)
 .ARM.attributes
                0x000008f3       0x2d c:/program files (x86)/cypress/psoc creator/3.3/psoc creator/import/gnu/arm/4.9.3/bin/../lib/gcc/arm-none-eabi/4.9.3/armv7-m/crtend.o
 .ARM.attributes
                0x00000920       0x1d c:/program files (x86)/cypress/psoc creator/3.3/psoc creator/import/gnu/arm/4.9.3/bin/../lib/gcc/arm-none-eabi/4.9.3/armv7-m/crtn.o

/DISCARD/
 *(.note.GNU-stack)
OUTPUT(.\CortexM3\ARM_GCC_493\Debug\Design01.elf elf32-littlearm)
