Archive member included because of file (symbol)

.\CortexM3\ARM_GCC_493\Debug\Design01.a(cyfitter_cfg.o)
                              .\CortexM3\ARM_GCC_493\Debug\Cm3Start.o (cyfitter_cfg)
.\CortexM3\ARM_GCC_493\Debug\Design01.a(Printer.o)
                              .\CortexM3\ARM_GCC_493\Debug\main.o (Printer_Start)
.\CortexM3\ARM_GCC_493\Debug\Design01.a(Display1.o)
                              .\CortexM3\ARM_GCC_493\Debug\main.o (Display1_Start)
.\CortexM3\ARM_GCC_493\Debug\Design01.a(Display1_INT.o)
                              .\CortexM3\ARM_GCC_493\Debug\Design01.a(Display1.o) (Display1_RXISR)
.\CortexM3\ARM_GCC_493\Debug\Design01.a(Display2.o)
                              .\CortexM3\ARM_GCC_493\Debug\main.o (Display2_Start)
.\CortexM3\ARM_GCC_493\Debug\Design01.a(Display2_INT.o)
                              .\CortexM3\ARM_GCC_493\Debug\Design01.a(Display2.o) (Display2_RXISR)
.\CortexM3\ARM_GCC_493\Debug\Design01.a(Display1_IntClock.o)
                              .\CortexM3\ARM_GCC_493\Debug\Design01.a(Display1.o) (Display1_IntClock_Start)
.\CortexM3\ARM_GCC_493\Debug\Design01.a(Display2_IntClock.o)
                              .\CortexM3\ARM_GCC_493\Debug\Design01.a(Display2.o) (Display2_IntClock_Start)
.\CortexM3\ARM_GCC_493\Debug\Design01.a(CyBootAsmGnu.o)
                              .\CortexM3\ARM_GCC_493\Debug\Design01.a(cyfitter_cfg.o) (CyDelayCycles)
.\CortexM3\ARM_GCC_493\Debug\Design01.a(CyLib.o)
                              .\CortexM3\ARM_GCC_493\Debug\Cm3Start.o (CyHalt)
.\CortexM3\ARM_GCC_493\Debug\Design01.a(cyPm.o)
                              .\CortexM3\ARM_GCC_493\Debug\Design01.a(CyLib.o) (CyPmReadStatus)
.\CortexM3\ARM_GCC_493\Debug\Design01.a(Printer_IntClock.o)
                              .\CortexM3\ARM_GCC_493\Debug\Design01.a(Printer.o) (Printer_IntClock_Start)
.\CortexM3\ARM_GCC_493\Debug\Design01.a(Pump.o)
                              .\CortexM3\ARM_GCC_493\Debug\main.o (Pump_Start)
.\CortexM3\ARM_GCC_493\Debug\Design01.a(Pump_INT.o)
                              .\CortexM3\ARM_GCC_493\Debug\Design01.a(Pump.o) (Pump_RXISR)
.\CortexM3\ARM_GCC_493\Debug\Design01.a(EEPROM_1.o)
                              .\CortexM3\ARM_GCC_493\Debug\main.o (EEPROM_1_Start)
.\CortexM3\ARM_GCC_493\Debug\Design01.a(I2C_Bus.o)
                              .\CortexM3\ARM_GCC_493\Debug\main.o (I2C_Bus_Start)
.\CortexM3\ARM_GCC_493\Debug\Design01.a(I2C_Bus_INT.o)
                              .\CortexM3\ARM_GCC_493\Debug\Design01.a(I2C_Bus.o) (I2C_Bus_ISR)
.\CortexM3\ARM_GCC_493\Debug\Design01.a(I2C_Bus_PM.o)
                              .\CortexM3\ARM_GCC_493\Debug\Design01.a(I2C_Bus.o) (I2C_Bus_backup)
.\CortexM3\ARM_GCC_493\Debug\Design01.a(I2C_Bus_MASTER.o)
                              .\CortexM3\ARM_GCC_493\Debug\Design01.a(I2C_Bus_INT.o) (I2C_Bus_mstrStatus)
.\CortexM3\ARM_GCC_493\Debug\Design01.a(Timer_Animacion.o)
                              .\CortexM3\ARM_GCC_493\Debug\main.o (Timer_Animacion_Stop)
.\CortexM3\ARM_GCC_493\Debug\Design01.a(isr_3.o)
                              .\CortexM3\ARM_GCC_493\Debug\main.o (isr_3_StartEx)
.\CortexM3\ARM_GCC_493\Debug\Design01.a(Timer_Animacion2.o)
                              .\CortexM3\ARM_GCC_493\Debug\main.o (Timer_Animacion2_Stop)
.\CortexM3\ARM_GCC_493\Debug\Design01.a(isr_4.o)
                              .\CortexM3\ARM_GCC_493\Debug\main.o (isr_4_StartEx)
.\CortexM3\ARM_GCC_493\Debug\Design01.a(IB1.o)
                              .\CortexM3\ARM_GCC_493\Debug\ibuton.o (IB1_Write)
.\CortexM3\ARM_GCC_493\Debug\Design01.a(IB2.o)
                              .\CortexM3\ARM_GCC_493\Debug\ibuton.o (IB2_Write)
.\CortexM3\ARM_GCC_493\Debug\Design01.a(RF_Connection.o)
                              .\CortexM3\ARM_GCC_493\Debug\main.o (RF_Connection_Start)
.\CortexM3\ARM_GCC_493\Debug\Design01.a(RF_Connection_INT.o)
                              .\CortexM3\ARM_GCC_493\Debug\Design01.a(RF_Connection.o) (RF_Connection_RXISR)
.\CortexM3\ARM_GCC_493\Debug\Design01.a(RF_Connection_IntClock.o)
                              .\CortexM3\ARM_GCC_493\Debug\Design01.a(RF_Connection.o) (RF_Connection_IntClock_Start)
.\CortexM3\ARM_GCC_493\Debug\Design01.a(Waitable_4.o)
                              .\CortexM3\ARM_GCC_493\Debug\main.o (Waitable_4_ReadStatusRegister)
.\CortexM3\ARM_GCC_493\Debug\Design01.a(Waitable_3.o)
                              .\CortexM3\ARM_GCC_493\Debug\main.o (Waitable_3_ReadStatusRegister)
.\CortexM3\ARM_GCC_493\Debug\Design01.a(isr_1.o)
                              .\CortexM3\ARM_GCC_493\Debug\main.o (isr_1_StartEx)
.\CortexM3\ARM_GCC_493\Debug\Design01.a(isr_2.o)
                              .\CortexM3\ARM_GCC_493\Debug\main.o (isr_2_StartEx)
.\CortexM3\ARM_GCC_493\Debug\Design01.a(CyFlash.o)
                              .\CortexM3\ARM_GCC_493\Debug\Design01.a(EEPROM_1.o) (dieTemperature)
.\CortexM3\ARM_GCC_493\Debug\Design01.a(CySpc.o)
[...]
Memory Configuration

Name             Origin             Length             Attributes
rom              0x00000000         0x00040000         xr
ram              0x1fff8000         0x00010000         xrw
*default*        0x00000000         0xffffffff

Linker script and memory map

LOAD c:/program files (x86)/cypress/psoc creator/3.3/psoc creator/import/gnu/arm/4.9.3/bin/../lib/gcc/arm-none-eabi/4.9.3/armv7-m/crti.o
LOAD c:/program files (x86)/cypress/psoc creator/3.3/psoc creator/import/gnu/arm/4.9.3/bin/../lib/gcc/arm-none-eabi/4.9.3/armv7-m/crtbegin.o
LOAD c:/program files (x86)/cypress/psoc creator/3.3/psoc creator/import/gnu/arm/4.9.3/bin/../lib/gcc/arm-none-eabi/4.9.3/../../../../arm-none-eabi/lib/armv7-m/crt0.o
START GROUP
LOAD .\CortexM3\ARM_GCC_493\Debug\main.o
LOAD .\CortexM3\ARM_GCC_493\Debug\protocol.o
LOAD .\CortexM3\ARM_GCC_493\Debug\LCD.o
LOAD .\CortexM3\ARM_GCC_493\Debug\keyboard.o
LOAD .\CortexM3\ARM_GCC_493\Debug\I2C.o
LOAD .\CortexM3\ARM_GCC_493\Debug\Print.o
LOAD .\CortexM3\ARM_GCC_493\Debug\ibuton.o
LOAD .\CortexM3\ARM_GCC_493\Debug\RFPoll.o
LOAD .\CortexM3\ARM_GCC_493\Debug\cymetadata.o
LOAD .\CortexM3\ARM_GCC_493\Debug\Cm3Start.o
LOAD .\CortexM3\ARM_GCC_493\Debug\Design01.a
LOAD C:\Program Files (x86)\Cypress\PSoC Creator\3.3\PSoC Creator\psoc\content\cycomponentlibrary\CyComponentLibrary.cylib\CortexM3\ARM_GCC_493\Debug\CyComponentLibrary.a
END GROUP
START GROUP
LOAD c:/program files (x86)/cypress/psoc creator/3.3/psoc creator/import/gnu/arm/4.9.3/bin/../lib/gcc/arm-none-eabi/4.9.3/armv7-m\libgcc.a
LOAD c:/program files (x86)/cypress/psoc creator/3.3/psoc creator/import/gnu/arm/4.9.3/bin/../lib/gcc/arm-none-eabi/4.9.3/../../../../arm-none-eabi/lib/armv7-m\libg_nano.a
LOAD c:/program files (x86)/cypress/psoc creator/3.3/psoc creator/import/gnu/arm/4.9.3/bin/../lib/gcc/arm-none-eabi/4.9.3/../../../../arm-none-eabi/lib/armv7-m\libc_nano.a
END GROUP
START GROUP
LOAD c:/program files (x86)/cypress/psoc creator/3.3/psoc creator/import/gnu/arm/4.9.3/bin/../lib/gcc/arm-none-eabi/4.9.3/armv7-m\libgcc.a
LOAD c:/program files (x86)/cypress/psoc creator/3.3/psoc creator/import/gnu/arm/4.9.3/bin/../lib/gcc/arm-none-eabi/4.9.3/../../../../arm-none-eabi/lib/armv7-m\libc_nano.a
END GROUP
LOAD c:/program files (x86)/cypress/psoc creator/3.3/psoc creator/import/gnu/arm/4.9.3/bin/../lib/gcc/arm-none-eabi/4.9.3/armv7-m/crtend.o
LOAD c:/program files (x86)/cypress/psoc creator/3.3/psoc creator/import/gnu/arm/4.9.3/bin/../lib/gcc/arm-none-eabi/4.9.3/armv7-m/crtn.o
START GROUP
LOAD c:/program files (x86)/cypress/psoc creator/3.3/psoc creator/import/gnu/arm/4.9.3/bin/../lib/gcc/arm-none-eabi/4.9.3/armv7-m\libgcc.a
LOAD c:/program files (x86)/cypress/psoc creator/3.3/psoc creator/import/gnu/arm/4.9.3/bin/../lib/gcc/arm-none-eabi/4.9.3/../../../../arm-none-eabi/lib/armv7-m\libc.a
LOAD c:/program files (x86)/cypress/psoc creator/3.3/psoc creator/import/gnu/arm/4.9.3/bin/../lib/gcc/arm-none-eabi/4.9.3/../../../../arm-none-eabi/lib/armv7-m\libnosys.a
END GROUP
                0x00000000                CY_APPL_ORIGIN = 0x0
                0x00000100                CY_FLASH_ROW_SIZE = 0x100
                0x00000020                CY_ECC_ROW_SIZE = 0x20
                0x00000000                CY_EE_IN_BTLDR = 0x0
                0x00000000                CY_APPL_LOADABLE = 0x0
                0x00000800                CY_EE_SIZE = 0x800
                0x00000001                CY_APPL_NUM = 0x1
                0x00000001                CY_APPL_MAX = 0x1
                0x00000040                CY_METADATA_SIZE = 0x40
                0x00000000                CY_APPL_LOADABLE = 0x0
                0x00000000                CY_CHECKSUM_EXCLUDE_SIZE = ALIGN (0x0, CY_FLASH_ROW_SIZE)
                0x1fff9b60                PROVIDE (__cy_heap_start, _end)
                0x00000001                PROVIDE (__cy_region_num, ((__cy_regions_end - __cy_regions) / 0x10))
                0x20008000                PROVIDE (__cy_stack, (ORIGIN (ram) + 0x10000))
                0x20007800                PROVIDE (__cy_heap_end, (__cy_stack - 0x800))

.cybootloader   0x00000000        0x0
 *(.cybootloader)
                0x00000000                appl1_start = CY_APPL_ORIGIN?CY_APPL_ORIGIN:ALIGN (CY_FLASH_ROW_SIZE)
                0x0001ff00                appl2_start = (appl1_start + ALIGN ((((0x40000 - appl1_start) - (0x2 * CY_FLASH_ROW_SIZE)) / 0x2), CY_FLASH_ROW_SIZE))
                0x00000000                appl_start = (CY_APPL_NUM == 0x1)?appl1_start:appl2_start
                0x00000000                ecc_offset = ((appl_start / CY_FLASH_ROW_SIZE) * CY_ECC_ROW_SIZE)
                0x00000000                ee_offset = (CY_APPL_LOADABLE && ! (CY_EE_IN_BTLDR))?((CY_EE_SIZE / CY_APPL_MAX) * (CY_APPL_NUM - 0x1)):0x0
                0x00000800                ee_size = (CY_APPL_LOADABLE && ! (CY_EE_IN_BTLDR))?(CY_EE_SIZE / CY_APPL_MAX):CY_EE_SIZE
                0x00000000                PROVIDE (CY_ECC_OFFSET, ecc_offset)

.text           0x00000000     0x8f44
 CREATE_OBJECT_SYMBOLS
                0x00000000                PROVIDE (__cy_interrupt_vector, RomVectors)
 *(.romvectors)
 .romvectors    0x00000000       0x10 .\CortexM3\ARM_GCC_493\Debug\Cm3Start.o
                0x00000000                RomVectors
                0x00000001                ASSERT ((. != __cy_interrupt_vector), No interrupt vector)
                0x00000001                ASSERT (CY_APPL_ORIGIN?(SIZEOF (.cybootloader) <= CY_APPL_ORIGIN):0x1, Wrong image location)
                0x00000010                PROVIDE (__cy_reset, Reset)
 *(.text.Reset)
 .text.Reset    0x00000010       0x18 .\CortexM3\ARM_GCC_493\Debug\Cm3Start.o
                0x00000010                Reset
                0x00000001                ASSERT ((. != __cy_reset), No reset code)
 *(.dma_init)
                0x00000001                ASSERT ((((appl_start + .) <= 0x10000) || 0x1), DMA Init must be within the first 64k of flash)
 *(.text .text.* .gnu.linkonce.t.*)
 .text          0x00000028       0x5c c:/program files (x86)/cypress/psoc creator/3.3/psoc creator/import/gnu/arm/4.9.3/bin/../lib/gcc/arm-none-eabi/4.9.3/armv7-m/crtbegin.o
 .text.animacion
                0x00000084       0x14 .\CortexM3\ARM_GCC_493\Debug\main.o
                0x00000084                animacion
 .text.animacion2
                0x00000098       0x14 .\CortexM3\ARM_GCC_493\Debug\main.o
                0x00000098                animacion2
 .text.timerRFRX
                0x000000ac       0x1c .\CortexM3\ARM_GCC_493\Debug\main.o
                0x000000ac                timerRFRX
 .text.timerLCD
                0x000000c8        0x8 .\CortexM3\ARM_GCC_493\Debug\main.o
                0x000000c8                timerLCD
 .text.GlobalInitializer
                0x000000d0       0x50 .\CortexM3\ARM_GCC_493\Debug\main.o
                0x000000d0                GlobalInitializer
 .text.StoreConfiguration
                0x00000120       0x94 .\CortexM3\ARM_GCC_493\Debug\main.o
                0x00000120                StoreConfiguration
 .text.loadConfiguration
                0x000001b4       0xc8 .\CortexM3\ARM_GCC_493\Debug\main.o
                0x000001b4                loadConfiguration
 .text.InitDisplay1
                0x0000027c      0x28c .\CortexM3\ARM_GCC_493\Debug\main.o
                0x0000027c                InitDisplay1
 .text.InitDisplay2
                0x00000508       0x50 .\CortexM3\ARM_GCC_493\Debug\main.o
                0x00000508                InitDisplay2
 .text.InitPump
                0x00000558       0xc4 .\CortexM3\ARM_GCC_493\Debug\main.o
                0x00000558                InitPump
 .text.PrintTest
                0x0000061c       0xc4 .\CortexM3\ARM_GCC_493\Debug\main.o
                0x0000061c                PrintTest
 .text.PollingDisplay1
                0x000006e0     0x1420 .\CortexM3\ARM_GCC_493\Debug\main.o
                0x000006e0                PollingDisplay1
 .text.PollingDisplay2
                0x00001b00     0x1410 .\CortexM3\ARM_GCC_493\Debug\main.o
                0x00001b00                PollingDisplay2
 .text.main     0x00002f10       0x90 .\CortexM3\ARM_GCC_493\Debug\main.o
                0x00002f10                main
 .text.get_state
                0x00002fa0       0x30 .\CortexM3\ARM_GCC_493\Debug\protocol.o
                0x00002fa0                get_state
 .text.get_position
                0x00002fd0      0x120 .\CortexM3\ARM_GCC_493\Debug\protocol.o
                0x00002fd0                get_position
 .text.getTotals
                0x000030f0      0x4b4 .\CortexM3\ARM_GCC_493\Debug\protocol.o
                0x000030f0                getTotals
 .text.priceChange
                0x000035a4      0x1dc .\CortexM3\ARM_GCC_493\Debug\protocol.o
                0x000035a4                priceChange
 .text.getSale  0x00003780      0x3c8 .\CortexM3\ARM_GCC_493\Debug\protocol.o
                0x00003780                getSale
 .text.PumpIsInValidState
                0x00003b48       0x14 .\CortexM3\ARM_GCC_493\Debug\protocol.o
                0x00003b48                PumpIsInValidState
 .text.GetLRC   0x00003b5c       0x28 .\CortexM3\ARM_GCC_493\Debug\protocol.o
                0x00003b5c                GetLRC
 .text.PresetData
                0x00003b84      0x490 .\CortexM3\ARM_GCC_493\Debug\protocol.o
                0x00003b84                PresetData
 .text.PumpCompleteConfiguration
                0x00004014      0x160 .\CortexM3\ARM_GCC_493\Debug\protocol.o
                0x00004014                PumpCompleteConfiguration
 .text.PumpHoseActiveState
                0x00004174       0xc0 .\CortexM3\ARM_GCC_493\Debug\protocol.o
                0x00004174                PumpHoseActiveState
 .text.SetPicture
                0x00004234       0x50 .\CortexM3\ARM_GCC_493\Debug\LCD.o
                0x00004234                SetPicture
 .text.WriteMessage
                0x00004284       0xc8 .\CortexM3\ARM_GCC_493\Debug\LCD.o
                0x00004284                WriteMessage
 .text.ShowRectangle
                0x0000434c       0x5c .\CortexM3\ARM_GCC_493\Debug\LCD.o
                0x0000434c                ShowRectangle
 .text.ShowMessage
                0x000043a8       0x34 .\CortexM3\ARM_GCC_493\Debug\LCD.o
                0x000043a8                ShowMessage
 .text.UnmapCode
                0x000043dc       0x1c .\CortexM3\ARM_GCC_493\Debug\LCD.o
                0x000043dc                UnmapCode
 .text.WriteLCD
                0x000043f8       0xc8 .\CortexM3\ARM_GCC_493\Debug\LCD.o
                0x000043f8                WriteLCD
 .text.alphanumeric_keyboard
                0x000044c0      0x494 .\CortexM3\ARM_GCC_493\Debug\keyboard.o
                0x000044c0                alphanumeric_keyboard
 .text.write_psoc1
                0x00004954       0x48 .\CortexM3\ARM_GCC_493\Debug\I2C.o
                0x00004954                write_psoc1
 .text.leer_fecha
                0x0000499c       0x5c .\CortexM3\ARM_GCC_493\Debug\I2C.o
                0x0000499c                leer_fecha
 .text.write_fecha
                0x000049f8       0x5c .\CortexM3\ARM_GCC_493\Debug\I2C.o
                0x000049f8                write_fecha
 .text.leer_hora
                0x00004a54       0x5c .\CortexM3\ARM_GCC_493\Debug\I2C.o
                0x00004a54                leer_hora
 .text.write_hora
                0x00004ab0       0x58 .\CortexM3\ARM_GCC_493\Debug\I2C.o
                0x00004ab0                write_hora
 .text.printLogoP
                0x00004b08      0x1f0 .\CortexM3\ARM_GCC_493\Debug\Print.o
                0x00004b08                printLogoP
 .text.imprimir
                0x00004cf8      0xf94 .\CortexM3\ARM_GCC_493\Debug\Print.o
                0x00004cf8                imprimir
 .text.touch_present
                0x00005c8c       0x84 .\CortexM3\ARM_GCC_493\Debug\ibuton.o
                0x00005c8c                touch_present
 .text.touch_write
                0x00005d10       0xd4 .\CortexM3\ARM_GCC_493\Debug\ibuton.o
                0x00005d10                touch_write
 .text.touch_read_byte
                0x00005de4       0x78 .\CortexM3\ARM_GCC_493\Debug\ibuton.o
                0x00005de4                touch_read_byte
 .text.crc_check
                0x00005e5c       0x20 .\CortexM3\ARM_GCC_493\Debug\ibuton.o
                0x00005e5c                crc_check
 .text.verificar_check
                0x00005e7c       0x34 .\CortexM3\ARM_GCC_493\Debug\RFPoll.o
                0x00005e7c                verificar_check
 .text.pollingRFA_Tx
                0x00005eb0      0x544 .\CortexM3\ARM_GCC_493\Debug\RFPoll.o
                0x00005eb0                pollingRFA_Tx
 .text.pollingRFB_Tx
                0x000063f4      0x48c .\CortexM3\ARM_GCC_493\Debug\RFPoll.o
                0x000063f4                pollingRFB_Tx
 .text.pollingRF_Rx
                0x00006880      0x8b4 .\CortexM3\ARM_GCC_493\Debug\RFPoll.o
                0x00006880                pollingRF_Rx
 .text.IntDefaultHandler
                0x00007134        0x4 .\CortexM3\ARM_GCC_493\Debug\Cm3Start.o
                0x00007134                IntDefaultHandler
 .text.Start_c  0x00007138       0x4c .\CortexM3\ARM_GCC_493\Debug\Cm3Start.o
                0x00007138                Start_c
 .text.initialize_psoc
                0x00007184       0x74 .\CortexM3\ARM_GCC_493\Debug\Cm3Start.o
                0x00007184                initialize_psoc
 .text.CyClockStartupError
                0x000071f8        0x4 .\CortexM3\ARM_GCC_493\Debug\Design01.a(cyfitter_cfg.o)
 .text.cfg_write_bytes32
                0x000071fc       0x34 .\CortexM3\ARM_GCC_493\Debug\Design01.a(cyfitter_cfg.o)
 .text.AnalogSetDefault
                0x00007230       0x28 .\CortexM3\ARM_GCC_493\Debug\Design01.a(cyfitter_cfg.o)
 .text.CYMEMZERO
                0x00007258        0xc .\CortexM3\ARM_GCC_493\Debug\Design01.a(cyfitter_cfg.o)
 .text.ClockSetup
                0x00007264       0xf8 .\CortexM3\ARM_GCC_493\Debug\Design01.a(cyfitter_cfg.o)
 .text.CYCONFIGCPY
                0x0000735c        0x8 .\CortexM3\ARM_GCC_493\Debug\Design01.a(cyfitter_cfg.o)
 .text.cyfitter_cfg
                0x00007364      0x13c .\CortexM3\ARM_GCC_493\Debug\Design01.a(cyfitter_cfg.o)
                0x00007364                cyfitter_cfg
 .text.Printer_Init
                0x000074a0       0x24 .\CortexM3\ARM_GCC_493\Debug\Design01.a(Printer.o)
                0x000074a0                Printer_Init
 .text.Printer_Enable
                0x000074c4       0x38 .\CortexM3\ARM_GCC_493\Debug\Design01.a(Printer.o)
                0x000074c4                Printer_Enable
 .text.Printer_Start
                0x000074fc       0x1c .\CortexM3\ARM_GCC_493\Debug\Design01.a(Printer.o)
                0x000074fc                Printer_Start
 .text.Display1_Init
                0x00007518       0x44 .\CortexM3\ARM_GCC_493\Debug\Design01.a(Display1.o)
                0x00007518                Display1_Init
 .text.Display1_Enable
                0x0000755c       0x44 .\CortexM3\ARM_GCC_493\Debug\Design01.a(Display1.o)
                0x0000755c                Display1_Enable
 .text.Display1_Start
                0x000075a0       0x1c .\CortexM3\ARM_GCC_493\Debug\Design01.a(Display1.o)
                0x000075a0                Display1_Start
 .text.Display1_GetRxBufferSize
                0x000075bc       0x5c .\CortexM3\ARM_GCC_493\Debug\Design01.a(Display1.o)
                0x000075bc                Display1_GetRxBufferSize
 .text.Display1_ClearRxBuffer
                0x00007618       0x44 .\CortexM3\ARM_GCC_493\Debug\Design01.a(Display1.o)
                0x00007618                Display1_ClearRxBuffer
 .text.Display1_PutChar
                0x0000765c       0x18 .\CortexM3\ARM_GCC_493\Debug\Design01.a(Display1.o)
                0x0000765c                Display1_PutChar
 .text.Display1_RXISR
                0x00007674       0x94 .\CortexM3\ARM_GCC_493\Debug\Design01.a(Display1_INT.o)
                0x00007674                Display1_RXISR
 .text.Display2_Init
                0x00007708       0x44 .\CortexM3\ARM_GCC_493\Debug\Design01.a(Display2.o)
                0x00007708                Display2_Init
 .text.Display2_Enable
                0x0000774c       0x44 .\CortexM3\ARM_GCC_493\Debug\Design01.a(Display2.o)
                0x0000774c                Display2_Enable
 .text.Display2_Start
                0x00007790       0x1c .\CortexM3\ARM_GCC_493\Debug\Design01.a(Display2.o)
                0x00007790                Display2_Start
 .text.Display2_GetRxBufferSize
                0x000077ac       0x5c .\CortexM3\ARM_GCC_493\Debug\Design01.a(Display2.o)
                0x000077ac                Display2_GetRxBufferSize
 .text.Display2_ClearRxBuffer
                0x00007808       0x44 .\CortexM3\ARM_GCC_493\Debug\Design01.a(Display2.o)
                0x00007808                Display2_ClearRxBuffer
 .text.Display2_PutChar
                0x0000784c       0x18 .\CortexM3\ARM_GCC_493\Debug\Design01.a(Display2.o)
                0x0000784c                Display2_PutChar
 .text.Display2_RXISR
                0x00007864       0x94 .\CortexM3\ARM_GCC_493\Debug\Design01.a(Display2_INT.o)
                0x00007864                Display2_RXISR
 .text.Display1_IntClock_Start
                0x000078f8       0x1c .\CortexM3\ARM_GCC_493\Debug\Design01.a(Display1_IntClock.o)
                0x000078f8                Display1_IntClock_Start
 .text.Display2_IntClock_Start
                0x00007914       0x1c .\CortexM3\ARM_GCC_493\Debug\Design01.a(Display2_IntClock.o)
                0x00007914                Display2_IntClock_Start
 .text          0x00007930       0x20 .\CortexM3\ARM_GCC_493\Debug\Design01.a(CyBootAsmGnu.o)
                0x00007930                CyDelayCycles
                0x00007940                CyEnterCriticalSection
                0x00007948                CyExitCriticalSection
 .text.CyHalt   0x00007950        0x4 .\CortexM3\ARM_GCC_493\Debug\Design01.a(CyLib.o)
                0x00007950                CyHalt
 .text.CyDelay  0x00007954       0x2c .\CortexM3\ARM_GCC_493\Debug\Design01.a(CyLib.o)
                0x00007954                CyDelay
 .text.CyDelayUs
                0x00007980       0x14 .\CortexM3\ARM_GCC_493\Debug\Design01.a(CyLib.o)
                0x00007980                CyDelayUs
 .text.CyWdtStart
                0x00007994       0x40 .\CortexM3\ARM_GCC_493\Debug\Design01.a(CyLib.o)
                0x00007994                CyWdtStart
 .text.CyWdtClear
                0x000079d4        0xc .\CortexM3\ARM_GCC_493\Debug\Design01.a(CyLib.o)
                0x000079d4                CyWdtClear
 .text.CyIntSetVector
                0x000079e0       0x28 .\CortexM3\ARM_GCC_493\Debug\Design01.a(CyLib.o)
                0x000079e0                CyIntSetVector
 .text.CyIntSetPriority
                0x00007a08       0x30 .\CortexM3\ARM_GCC_493\Debug\Design01.a(CyLib.o)
                0x00007a08                CyIntSetPriority
 .text.Printer_IntClock_Start
                0x00007a38       0x1c .\CortexM3\ARM_GCC_493\Debug\Design01.a(Printer_IntClock.o)
                0x00007a38                Printer_IntClock_Start
 .text.Pump_Init
                0x00007a54       0x44 .\CortexM3\ARM_GCC_493\Debug\Design01.a(Pump.o)
                0x00007a54                Pump_Init
 .text.Pump_Enable
                0x00007a98       0x3c .\CortexM3\ARM_GCC_493\Debug\Design01.a(Pump.o)
                0x00007a98                Pump_Enable
 .text.Pump_Start
                0x00007ad4       0x1c .\CortexM3\ARM_GCC_493\Debug\Design01.a(Pump.o)
                0x00007ad4                Pump_Start
 .text.Pump_ReadRxData
                0x00007af0       0x64 .\CortexM3\ARM_GCC_493\Debug\Design01.a(Pump.o)
                0x00007af0                Pump_ReadRxData
 .text.Pump_GetRxBufferSize
                0x00007b54       0x68 .\CortexM3\ARM_GCC_493\Debug\Design01.a(Pump.o)
                0x00007b54                Pump_GetRxBufferSize
 .text.Pump_ClearRxBuffer
                0x00007bbc       0x44 .\CortexM3\ARM_GCC_493\Debug\Design01.a(Pump.o)
                0x00007bbc                Pump_ClearRxBuffer
 .text.Pump_PutChar
                0x00007c00       0x18 .\CortexM3\ARM_GCC_493\Debug\Design01.a(Pump.o)
                0x00007c00                Pump_PutChar
 .text.Pump_RXISR
                0x00007c18       0x98 .\CortexM3\ARM_GCC_493\Debug\Design01.a(Pump_INT.o)
                0x00007c18                Pump_RXISR
 .text.EEPROM_1_Enable
                0x00007cb0        0xc .\CortexM3\ARM_GCC_493\Debug\Design01.a(EEPROM_1.o)
                0x00007cb0                EEPROM_1_Enable
 .text.EEPROM_1_Start
                0x00007cbc        0x8 .\CortexM3\ARM_GCC_493\Debug\Design01.a(EEPROM_1.o)
                0x00007cbc                EEPROM_1_Start
 .text.EEPROM_1_WriteByte
                0x00007cc4       0xd4 .\CortexM3\ARM_GCC_493\Debug\Design01.a(EEPROM_1.o)
                0x00007cc4                EEPROM_1_WriteByte
 .text.EEPROM_1_ReadByte
                0x00007d98       0x28 .\CortexM3\ARM_GCC_493\Debug\Design01.a(EEPROM_1.o)
                0x00007d98                EEPROM_1_ReadByte
 .text.I2C_Bus_Init
                0x00007dc0       0x58 .\CortexM3\ARM_GCC_493\Debug\Design01.a(I2C_Bus.o)
                0x00007dc0                I2C_Bus_Init
 .text.I2C_Bus_Enable
                0x00007e18       0x24 .\CortexM3\ARM_GCC_493\Debug\Design01.a(I2C_Bus.o)
                0x00007e18                I2C_Bus_Enable
 .text.I2C_Bus_Start
                0x00007e3c       0x28 .\CortexM3\ARM_GCC_493\Debug\Design01.a(I2C_Bus.o)
                0x00007e3c                I2C_Bus_Start
 .text.I2C_Bus_ISR
                0x00007e64      0x2d0 .\CortexM3\ARM_GCC_493\Debug\Design01.a(I2C_Bus_INT.o)
                0x00007e64                I2C_Bus_ISR
 .text.I2C_Bus_MasterSendStart
                0x00008134       0x80 .\CortexM3\ARM_GCC_493\Debug\Design01.a(I2C_Bus_MASTER.o)
                0x00008134                I2C_Bus_MasterSendStart
 .text.I2C_Bus_MasterSendStop
                0x000081b4       0x38 .\CortexM3\ARM_GCC_493\Debug\Design01.a(I2C_Bus_MASTER.o)
                0x000081b4                I2C_Bus_MasterSendStop
 .text.I2C_Bus_MasterWriteByte
                0x000081ec       0x58 .\CortexM3\ARM_GCC_493\Debug\Design01.a(I2C_Bus_MASTER.o)
                0x000081ec                I2C_Bus_MasterWriteByte
 .text.I2C_Bus_MasterReadByte
                0x00008244       0x58 .\CortexM3\ARM_GCC_493\Debug\Design01.a(I2C_Bus_MASTER.o)
                0x00008244                I2C_Bus_MasterReadByte
 .text.I2C_Bus_MasterClearStatus
                0x0000829c       0x10 .\CortexM3\ARM_GCC_493\Debug\Design01.a(I2C_Bus_MASTER.o)
                0x0000829c                I2C_Bus_MasterClearStatus
 .text.I2C_Bus_MasterClearReadBuf
                0x000082ac       0x1c .\CortexM3\ARM_GCC_493\Debug\Design01.a(I2C_Bus_MASTER.o)
                0x000082ac                I2C_Bus_MasterClearReadBuf
 .text.I2C_Bus_MasterClearWriteBuf
                0x000082c8       0x1c .\CortexM3\ARM_GCC_493\Debug\Design01.a(I2C_Bus_MASTER.o)
                0x000082c8                I2C_Bus_MasterClearWriteBuf
 .text.I2C_Bus_Workaround
                0x000082e4        0x4 .\CortexM3\ARM_GCC_493\Debug\Design01.a(I2C_Bus_MASTER.o)
                0x000082e4                I2C_Bus_Workaround
 .text.Timer_Animacion_Enable
                0x000082e8       0x28 .\CortexM3\ARM_GCC_493\Debug\Design01.a(Timer_Animacion.o)
                0x000082e8                Timer_Animacion_Enable
 .text.Timer_Animacion_Stop
                0x00008310       0x28 .\CortexM3\ARM_GCC_493\Debug\Design01.a(Timer_Animacion.o)
                0x00008310                Timer_Animacion_Stop
 .text.Timer_Animacion_SetInterruptMode
                0x00008338        0xc .\CortexM3\ARM_GCC_493\Debug\Design01.a(Timer_Animacion.o)
                0x00008338                Timer_Animacion_SetInterruptMode
 .text.Timer_Animacion_ReadStatusRegister
                0x00008344        0xc .\CortexM3\ARM_GCC_493\Debug\Design01.a(Timer_Animacion.o)
                0x00008344                Timer_Animacion_ReadStatusRegister
 .text.Timer_Animacion_WritePeriod
                0x00008350        0xc .\CortexM3\ARM_GCC_493\Debug\Design01.a(Timer_Animacion.o)
                0x00008350                Timer_Animacion_WritePeriod
 .text.Timer_Animacion_WriteCounter
                0x0000835c        0xc .\CortexM3\ARM_GCC_493\Debug\Design01.a(Timer_Animacion.o)
                0x0000835c                Timer_Animacion_WriteCounter
 .text.Timer_Animacion_Init
                0x00008368       0x68 .\CortexM3\ARM_GCC_493\Debug\Design01.a(Timer_Animacion.o)
                0x00008368                Timer_Animacion_Init
 .text.Timer_Animacion_Start
                0x000083d0       0x1c .\CortexM3\ARM_GCC_493\Debug\Design01.a(Timer_Animacion.o)
                0x000083d0                Timer_Animacion_Start
 .text.isr_3_SetVector
                0x000083ec       0x10 .\CortexM3\ARM_GCC_493\Debug\Design01.a(isr_3.o)
                0x000083ec                isr_3_SetVector
 .text.isr_3_SetPriority
                0x000083fc       0x10 .\CortexM3\ARM_GCC_493\Debug\Design01.a(isr_3.o)
                0x000083fc                isr_3_SetPriority
 .text.isr_3_Enable
                0x0000840c       0x10 .\CortexM3\ARM_GCC_493\Debug\Design01.a(isr_3.o)
                0x0000840c                isr_3_Enable
 .text.isr_3_Disable
                0x0000841c       0x10 .\CortexM3\ARM_GCC_493\Debug\Design01.a(isr_3.o)
                0x0000841c                isr_3_Disable
 .text.isr_3_StartEx
                0x0000842c       0x1c .\CortexM3\ARM_GCC_493\Debug\Design01.a(isr_3.o)
                0x0000842c                isr_3_StartEx
 .text.isr_3_Stop
                0x00008448       0x14 .\CortexM3\ARM_GCC_493\Debug\Design01.a(isr_3.o)
                0x00008448                isr_3_Stop
 .text.Timer_Animacion2_Stop
                0x0000845c       0x28 .\CortexM3\ARM_GCC_493\Debug\Design01.a(Timer_Animacion2.o)
                0x0000845c                Timer_Animacion2_Stop
 .text.Timer_Animacion2_ReadStatusRegister
                0x00008484        0xc .\CortexM3\ARM_GCC_493\Debug\Design01.a(Timer_Animacion2.o)
                0x00008484                Timer_Animacion2_ReadStatusRegister
 .text.isr_4_SetVector
                0x00008490       0x10 .\CortexM3\ARM_GCC_493\Debug\Design01.a(isr_4.o)
                0x00008490                isr_4_SetVector
 .text.isr_4_SetPriority
                0x000084a0       0x10 .\CortexM3\ARM_GCC_493\Debug\Design01.a(isr_4.o)
                0x000084a0                isr_4_SetPriority
 .text.isr_4_Enable
                0x000084b0       0x10 .\CortexM3\ARM_GCC_493\Debug\Design01.a(isr_4.o)
                0x000084b0                isr_4_Enable
 .text.isr_4_Disable
                0x000084c0       0x10 .\CortexM3\ARM_GCC_493\Debug\Design01.a(isr_4.o)
                0x000084c0                isr_4_Disable
 .text.isr_4_StartEx
                0x000084d0       0x1c .\CortexM3\ARM_GCC_493\Debug\Design01.a(isr_4.o)
                0x000084d0                isr_4_StartEx
 .text.isr_4_Stop
                0x000084ec       0x14 .\CortexM3\ARM_GCC_493\Debug\Design01.a(isr_4.o)
                0x000084ec                isr_4_Stop
 .text.IB1_Write
                0x00008500       0x18 .\CortexM3\ARM_GCC_493\Debug\Design01.a(IB1.o)
                0x00008500                IB1_Write
 .text.IB1_Read
                0x00008518       0x10 .\CortexM3\ARM_GCC_493\Debug\Design01.a(IB1.o)
                0x00008518                IB1_Read
 .text.IB2_Write
                0x00008528       0x18 .\CortexM3\ARM_GCC_493\Debug\Design01.a(IB2.o)
                0x00008528                IB2_Write
 .text.IB2_Read
                0x00008540        0xc .\CortexM3\ARM_GCC_493\Debug\Design01.a(IB2.o)
                0x00008540                IB2_Read
 .text.RF_Connection_Enable
                0x0000854c       0x44 .\CortexM3\ARM_GCC_493\Debug\Design01.a(RF_Connection.o)
                0x0000854c                RF_Connection_Enable
 .text.RF_Connection_ReadControlRegister
                0x00008590        0xc .\CortexM3\ARM_GCC_493\Debug\Design01.a(RF_Connection.o)
                0x00008590                RF_Connection_ReadControlRegister
 .text.RF_Connection_WriteControlRegister
                0x0000859c        0xc .\CortexM3\ARM_GCC_493\Debug\Design01.a(RF_Connection.o)
                0x0000859c                RF_Connection_WriteControlRegister
 .text.RF_Connection_Init
                0x000085a8       0x50 .\CortexM3\ARM_GCC_493\Debug\Design01.a(RF_Connection.o)
                0x000085a8                RF_Connection_Init
 .text.RF_Connection_Start
                0x000085f8       0x1c .\CortexM3\ARM_GCC_493\Debug\Design01.a(RF_Connection.o)
                0x000085f8                RF_Connection_Start
 .text.RF_Connection_ReadRxData
                0x00008614       0x64 .\CortexM3\ARM_GCC_493\Debug\Design01.a(RF_Connection.o)
                0x00008614                RF_Connection_ReadRxData
 .text.RF_Connection_GetRxBufferSize
                0x00008678       0x68 .\CortexM3\ARM_GCC_493\Debug\Design01.a(RF_Connection.o)
                0x00008678                RF_Connection_GetRxBufferSize
 .text.RF_Connection_ClearRxBuffer
                0x000086e0       0x44 .\CortexM3\ARM_GCC_493\Debug\Design01.a(RF_Connection.o)
                0x000086e0                RF_Connection_ClearRxBuffer
 .text.RF_Connection_PutChar
                0x00008724       0x18 .\CortexM3\ARM_GCC_493\Debug\Design01.a(RF_Connection.o)
                0x00008724                RF_Connection_PutChar
 .text.RF_Connection_RXISR
                0x0000873c       0x9c .\CortexM3\ARM_GCC_493\Debug\Design01.a(RF_Connection_INT.o)
                0x0000873c                RF_Connection_RXISR
 .text.RF_Connection_IntClock_Start
                0x000087d8       0x1c .\CortexM3\ARM_GCC_493\Debug\Design01.a(RF_Connection_IntClock.o)
                0x000087d8                RF_Connection_IntClock_Start
 .text.Waitable_4_Enable
                0x000087f4       0x28 .\CortexM3\ARM_GCC_493\Debug\Design01.a(Waitable_4.o)
                0x000087f4                Waitable_4_Enable
 .text.Waitable_4_SetInterruptMode
                0x0000881c        0xc .\CortexM3\ARM_GCC_493\Debug\Design01.a(Waitable_4.o)
                0x0000881c                Waitable_4_SetInterruptMode
 .text.Waitable_4_ReadStatusRegister
                0x00008828        0xc .\CortexM3\ARM_GCC_493\Debug\Design01.a(Waitable_4.o)
                0x00008828                Waitable_4_ReadStatusRegister
 .text.Waitable_4_WritePeriod
                0x00008834        0xc .\CortexM3\ARM_GCC_493\Debug\Design01.a(Waitable_4.o)
                0x00008834                Waitable_4_WritePeriod
 .text.Waitable_4_WriteCounter
                0x00008840        0xc .\CortexM3\ARM_GCC_493\Debug\Design01.a(Waitable_4.o)
                0x00008840                Waitable_4_WriteCounter
 .text.Waitable_4_Init
                0x0000884c       0x64 .\CortexM3\ARM_GCC_493\Debug\Design01.a(Waitable_4.o)
                0x0000884c                Waitable_4_Init
 .text.Waitable_4_Start
                0x000088b0       0x1c .\CortexM3\ARM_GCC_493\Debug\Design01.a(Waitable_4.o)
                0x000088b0                Waitable_4_Start
 .text.Waitable_3_Enable
                0x000088cc       0x28 .\CortexM3\ARM_GCC_493\Debug\Design01.a(Waitable_3.o)
                0x000088cc                Waitable_3_Enable
 .text.Waitable_3_SetInterruptMode
                0x000088f4        0xc .\CortexM3\ARM_GCC_493\Debug\Design01.a(Waitable_3.o)
                0x000088f4                Waitable_3_SetInterruptMode
 .text.Waitable_3_ReadStatusRegister
                0x00008900        0xc .\CortexM3\ARM_GCC_493\Debug\Design01.a(Waitable_3.o)
                0x00008900                Waitable_3_ReadStatusRegister
 .text.Waitable_3_WritePeriod
                0x0000890c        0xc .\CortexM3\ARM_GCC_493\Debug\Design01.a(Waitable_3.o)
                0x0000890c                Waitable_3_WritePeriod
 .text.Waitable_3_WriteCounter
                0x00008918        0xc .\CortexM3\ARM_GCC_493\Debug\Design01.a(Waitable_3.o)
                0x00008918                Waitable_3_WriteCounter
 .text.Waitable_3_Init
                0x00008924       0x64 .\CortexM3\ARM_GCC_493\Debug\Design01.a(Waitable_3.o)
                0x00008924                Waitable_3_Init
 .text.Waitable_3_Start
                0x00008988       0x1c .\CortexM3\ARM_GCC_493\Debug\Design01.a(Waitable_3.o)
                0x00008988                Waitable_3_Start
 .text.isr_1_SetVector
                0x000089a4       0x10 .\CortexM3\ARM_GCC_493\Debug\Design01.a(isr_1.o)
                0x000089a4                isr_1_SetVector
 .text.isr_1_SetPriority
                0x000089b4       0x10 .\CortexM3\ARM_GCC_493\Debug\Design01.a(isr_1.o)
                0x000089b4                isr_1_SetPriority
 .text.isr_1_Enable
                0x000089c4       0x10 .\CortexM3\ARM_GCC_493\Debug\Design01.a(isr_1.o)
                0x000089c4                isr_1_Enable
 .text.isr_1_Disable
                0x000089d4       0x10 .\CortexM3\ARM_GCC_493\Debug\Design01.a(isr_1.o)
                0x000089d4                isr_1_Disable
 .text.isr_1_StartEx
                0x000089e4       0x1c .\CortexM3\ARM_GCC_493\Debug\Design01.a(isr_1.o)
                0x000089e4                isr_1_StartEx
 .text.isr_2_SetVector
                0x00008a00       0x10 .\CortexM3\ARM_GCC_493\Debug\Design01.a(isr_2.o)
                0x00008a00                isr_2_SetVector
 .text.isr_2_SetPriority
                0x00008a10       0x10 .\CortexM3\ARM_GCC_493\Debug\Design01.a(isr_2.o)
                0x00008a10                isr_2_SetPriority
 .text.isr_2_Enable
                0x00008a20       0x10 .\CortexM3\ARM_GCC_493\Debug\Design01.a(isr_2.o)
                0x00008a20                isr_2_Enable
 .text.isr_2_Disable
                0x00008a30       0x10 .\CortexM3\ARM_GCC_493\Debug\Design01.a(isr_2.o)
                0x00008a30                isr_2_Disable
 .text.isr_2_StartEx
                0x00008a40       0x1c .\CortexM3\ARM_GCC_493\Debug\Design01.a(isr_2.o)
                0x00008a40                isr_2_StartEx
 .text.CyFlashGetSpcAlgorithm
                0x00008a5c       0x4c .\CortexM3\ARM_GCC_493\Debug\Design01.a(CyFlash.o)
 .text.CySetTempInt
                0x00008aa8       0x60 .\CortexM3\ARM_GCC_493\Debug\Design01.a(CyFlash.o)
 .text.CySetTemp
                0x00008b08       0x14 .\CortexM3\ARM_GCC_493\Debug\Design01.a(CyFlash.o)
                0x00008b08                CySetTemp
 .text.CyEEPROM_Start
                0x00008b1c       0x54 .\CortexM3\ARM_GCC_493\Debug\Design01.a(CyFlash.o)
                0x00008b1c                CyEEPROM_Start
 .text.CyEEPROM_ReadReserve
                0x00008b70       0x1c .\CortexM3\ARM_GCC_493\Debug\Design01.a(CyFlash.o)
                0x00008b70                CyEEPROM_ReadReserve
 .text.CyEEPROM_ReadRelease
                0x00008b8c       0x10 .\CortexM3\ARM_GCC_493\Debug\Design01.a(CyFlash.o)
                0x00008b8c                CyEEPROM_ReadRelease
 .text.CySpcStart
                0x00008b9c       0x24 .\CortexM3\ARM_GCC_493\Debug\Design01.a(CySpc.o)
                0x00008b9c                CySpcStart
 .text.CySpcReadData
                0x00008bc0       0x34 .\CortexM3\ARM_GCC_493\Debug\Design01.a(CySpc.o)
                0x00008bc0                CySpcReadData
 .text.CySpcLoadMultiByte
                0x00008bf4       0x78 .\CortexM3\ARM_GCC_493\Debug\Design01.a(CySpc.o)
                0x00008bf4                CySpcLoadMultiByte
 .text.CySpcWriteRow
                0x00008c6c       0x4c .\CortexM3\ARM_GCC_493\Debug\Design01.a(CySpc.o)
                0x00008c6c                CySpcWriteRow
 .text.CySpcGetTemp
                0x00008cb8       0x3c .\CortexM3\ARM_GCC_493\Debug\Design01.a(CySpc.o)
                0x00008cb8                CySpcGetTemp
 .text.CySpcLock
                0x00008cf4       0x4c .\CortexM3\ARM_GCC_493\Debug\Design01.a(CySpc.o)
                0x00008cf4                CySpcLock
 .text.CySpcUnlock
                0x00008d40       0x38 .\CortexM3\ARM_GCC_493\Debug\Design01.a(CySpc.o)
                0x00008d40                CySpcUnlock
 .text.CySpcGetAlgorithm
                0x00008d78       0x28 .\CortexM3\ARM_GCC_493\Debug\Design01.a(CySpc.o)
                0x00008d78                CySpcGetAlgorithm
 .text.atoi     0x00008da0        0x8 c:/program files (x86)/cypress/psoc creator/3.3/psoc creator/import/gnu/arm/4.9.3/bin/../lib/gcc/arm-none-eabi/4.9.3/../../../../arm-none-eabi/lib/armv7-m\libg_nano.a(lib_a-atoi.o)
                0x00008da0                atoi
 .text.__libc_init_array
                0x00008da8       0x4c c:/program files (x86)/cypress/psoc creator/3.3/psoc creator/import/gnu/arm/4.9.3/bin/../lib/gcc/arm-none-eabi/4.9.3/../../../../arm-none-eabi/lib/armv7-m\libg_nano.a(lib_a-init.o)
                0x00008da8                __libc_init_array
 .text.memcpy   0x00008df4       0x16 c:/program files (x86)/cypress/psoc creator/3.3/psoc creator/import/gnu/arm/4.9.3/bin/../lib/gcc/arm-none-eabi/4.9.3/../../../../arm-none-eabi/lib/armv7-m\libg_nano.a(lib_a-memcpy.o)
                0x00008df4                memcpy
 .text.memset   0x00008e0a       0x10 c:/program files (x86)/cypress/psoc creator/3.3/psoc creator/import/gnu/arm/4.9.3/bin/../lib/gcc/arm-none-eabi/4.9.3/../../../../arm-none-eabi/lib/armv7-m\libg_nano.a(lib_a-memset.o)
                0x00008e0a                memset
 *fill*         0x00008e1a        0x2 
 .text._strtol_r
                0x00008e1c      0x10c c:/program files (x86)/cypress/psoc creator/3.3/psoc creator/import/gnu/arm/4.9.3/bin/../lib/gcc/arm-none-eabi/4.9.3/../../../../arm-none-eabi/lib/armv7-m\libg_nano.a(lib_a-strtol.o)
                0x00008e1c                _strtol_r
 .text.strtol   0x00008f28       0x1c c:/program files (x86)/cypress/psoc creator/3.3/psoc creator/import/gnu/arm/4.9.3/bin/../lib/gcc/arm-none-eabi/4.9.3/../../../../arm-none-eabi/lib/armv7-m\libg_nano.a(lib_a-strtol.o)
                0x00008f28                strtol
 *(.plt)
 *(.gnu.warning)
 *(.glue_7t)
 .glue_7t       0x00000000        0x0 linker stubs
 *(.glue_7)
 .glue_7        0x00000000        0x0 linker stubs
 *(.vfp11_veneer)
 .vfp11_veneer  0x00000000        0x0 linker stubs
 *(.bootloader)
 *(.ARM.extab* .gnu.linkonce.armextab.*)
 *(.gcc_except_table)

.v4_bx          0x00008f44        0x0
 .v4_bx         0x00000000        0x0 linker stubs

.iplt           0x00008f44        0x0
 .iplt          0x00000000        0x0 c:/program files (x86)/cypress/psoc creator/3.3/psoc creator/import/gnu/arm/4.9.3/bin/../lib/gcc/arm-none-eabi/4.9.3/armv7-m/crtbegin.o

.eh_frame_hdr
 *(.eh_frame_hdr)

.eh_frame       0x00008f44        0x4
 *(.eh_frame)
 .eh_frame      0x00008f44        0x0 c:/program files (x86)/cypress/psoc creator/3.3/psoc creator/import/gnu/arm/4.9.3/bin/../lib/gcc/arm-none-eabi/4.9.3/armv7-m/crtbegin.o
 .eh_frame      0x00008f44        0x4 c:/program files (x86)/cypress/psoc creator/3.3/psoc creator/import/gnu/arm/4.9.3/bin/../lib/gcc/arm-none-eabi/4.9.3/armv7-m/crtend.o
                0x00008f48                PROVIDE (__exidx_start, .)

.ARM.exidx
 *(.ARM.exidx* .gnu.linkonce.armexidx.*)
                0x00008f48                __exidx_end = .

.rodata         0x00008f48     0x8718
 *(.rodata .rodata.* .gnu.linkonce.r.*)
 .rodata        0x00008f48       0x8c .\CortexM3\ARM_GCC_493\Debug\main.o
 .rodata.str1.4
                0x00008fd4       0x18 .\CortexM3\ARM_GCC_493\Debug\main.o
 .rodata        0x00008fec       0x10 .\CortexM3\ARM_GCC_493\Debug\protocol.o
 .rodata        0x00008ffc       0x40 .\CortexM3\ARM_GCC_493\Debug\LCD.o
 .rodata        0x0000903c     0x8364 .\CortexM3\ARM_GCC_493\Debug\Print.o
                0x0000903c                biomax
                0x00009624                brio
                0x00009c0c                cencosud
                0x0000a1f4                ecospetrol
                0x0000a7dc                esso
                0x0000adc4                National
                0x0000b3ac                mineroil
                0x0000b760                mobil
                0x0000bb14                petrobras
                0x0000c0fc                plus
                0x0000c3f0                terpel
                0x0000c9d8                texaco
                0x0000cfc0                zeus
                0x0000d2b4                petromil
                0x0000d89c                biomax1
                0x0000dc4c                brio1
                0x0000dffc                cencosud1
                0x0000e3ac                ecospetrol1
                0x0000e75c                esso1
                0x0000eb0c                National1
                0x0000eebc                mineroil1
                0x0000f26c                mobil1
                0x0000f61c                petrobras1
                0x0000f9cc                plus1
                0x0000fd7c                terpel1
                0x0001012c                texaco1
                0x000104dc                zeus1
                0x0001088c                petromil1
                0x00010c3c                exito1
                0x00010fec                exito
 .rodata        0x000113a0      0x100 .\CortexM3\ARM_GCC_493\Debug\RFPoll.o
 .rodata        0x000114a0       0x88 .\CortexM3\ARM_GCC_493\Debug\Design01.a(cyfitter_cfg.o)
 .rodata.str1.1
                0x00011528        0x2 c:/program files (x86)/cypress/psoc creator/3.3/psoc creator/import/gnu/arm/4.9.3/bin/../lib/gcc/arm-none-eabi/4.9.3/../../../../arm-none-eabi/lib/armv7-m\libg_nano.a(lib_a-impure.o)
 .rodata._ctype_
                0x0001152a      0x101 c:/program files (x86)/cypress/psoc creator/3.3/psoc creator/import/gnu/arm/4.9.3/bin/../lib/gcc/arm-none-eabi/4.9.3/../../../../arm-none-eabi/lib/armv7-m\libg_nano.a(lib_a-ctype_.o)
                0x0001152a                _ctype_
                0x0001162c                . = ALIGN (0x4)
 *fill*         0x0001162b        0x1 
 *(.init)
 .init          0x0001162c        0x4 c:/program files (x86)/cypress/psoc creator/3.3/psoc creator/import/gnu/arm/4.9.3/bin/../lib/gcc/arm-none-eabi/4.9.3/armv7-m/crti.o
                0x0001162c                _init
 .init          0x00011630        0x8 c:/program files (x86)/cypress/psoc creator/3.3/psoc creator/import/gnu/arm/4.9.3/bin/../lib/gcc/arm-none-eabi/4.9.3/armv7-m/crtn.o
                0x00011638                . = ALIGN (0x4)
                0x00011638                __preinit_array_start = .
 *(.preinit_array)
                0x00011638                __preinit_array_end = .
                0x00011638                . = ALIGN (0x4)
                0x00011638                __init_array_start = .
 *(SORT(.init_array.*))
 *(.init_array)
 .init_array    0x00011638        0x4 c:/program files (x86)/cypress/psoc creator/3.3/psoc creator/import/gnu/arm/4.9.3/bin/../lib/gcc/arm-none-eabi/4.9.3/armv7-m/crtbegin.o
 .init_array    0x0001163c        0x4 .\CortexM3\ARM_GCC_493\Debug\Cm3Start.o
                0x00011640                __init_array_end = .
                0x00011640                . = ALIGN (0x4)
 *(.fini)
 .fini          0x00011640        0x4 c:/program files (x86)/cypress/psoc creator/3.3/psoc creator/import/gnu/arm/4.9.3/bin/../lib/gcc/arm-none-eabi/4.9.3/armv7-m/crti.o
                0x00011640                _fini
 .fini          0x00011644        0x8 c:/program files (x86)/cypress/psoc creator/3.3/psoc creator/import/gnu/arm/4.9.3/bin/../lib/gcc/arm-none-eabi/4.9.3/armv7-m/crtn.o
                0x0001164c                . = ALIGN (0x4)
                0x0001164c                __fini_array_start = .
 *(.fini_array)
 .fini_array    0x0001164c        0x4 c:/program files (x86)/cypress/psoc creator/3.3/psoc creator/import/gnu/arm/4.9.3/bin/../lib/gcc/arm-none-eabi/4.9.3/armv7-m/crtbegin.o
 *(SORT(.fini_array.*))
                0x00011650                __fini_array_end = .
                0x00011650                . = ALIGN (0x4)
 *crtbegin.o(.ctors)
 *(EXCLUDE_FILE(*crtend.o) .ctors)
 *(SORT(.ctors.*))
 *crtend.o(.ctors)
                0x00011650                . = ALIGN (0x4)
 *crtbegin.o(.dtors)
 *(EXCLUDE_FILE(*crtend.o) .dtors)
 *(SORT(.dtors.*))
 *crtend.o(.dtors)
                0x00011650                . = ALIGN (0x4)
                0x00011650                __cy_regions = .
                0x00011650        0x4 LONG 0x11660 __cy_region_init_ram
                0x00011654        0x4 LONG 0x1fff8108 __cy_region_start_data
                0x00011658        0x4 LONG 0x2c8 __cy_region_init_size_ram
                0x0001165c        0x4 LONG 0x1790 __cy_region_zero_size_ram
                0x00011660                __cy_regions_end = .
                0x00011660                . = ALIGN (0x8)
                0x00011660                _etext = .

.cy_checksum_exclude
                0x00011660        0x0
 *(.cy_checksum_exclude)

.ramvectors     0x1fff8000      0x100
                0x1fff8000                __cy_region_start_ram = .
 *(.ramvectors)
 .ramvectors    0x1fff8000      0x100 .\CortexM3\ARM_GCC_493\Debug\Cm3Start.o
                0x1fff8000                CyRamVectors

.noinit         0x1fff8100        0x5
 *(.noinit)
 .noinit        0x1fff8100        0x4 .\CortexM3\ARM_GCC_493\Debug\Cm3Start.o
 .noinit        0x1fff8104        0x1 .\CortexM3\ARM_GCC_493\Debug\Design01.a(CyLib.o)
                0x1fff8104                CyResetStatus

.data           0x1fff8108      0x2c8 load address 0x00011660
                0x1fff8108                __cy_region_start_data = .
 *(.jcr)
 .jcr           0x1fff8108        0x0 c:/program files (x86)/cypress/psoc creator/3.3/psoc creator/import/gnu/arm/4.9.3/bin/../lib/gcc/arm-none-eabi/4.9.3/armv7-m/crtbegin.o
 .jcr           0x1fff8108        0x4 c:/program files (x86)/cypress/psoc creator/3.3/psoc creator/import/gnu/arm/4.9.3/bin/../lib/gcc/arm-none-eabi/4.9.3/armv7-m/crtend.o
 *(.got.plt)
 *(.got)
 *(.shdata)
 *(.data .data.* .gnu.linkonce.d.*)
 .data          0x1fff810c       0x14 .\CortexM3\ARM_GCC_493\Debug\main.o
                0x1fff810c                passwordPump
                0x1fff8114                MuxVersion
 .data          0x1fff8120       0x54 .\CortexM3\ARM_GCC_493\Debug\LCD.o
                0x1fff8120                _g_charmaplut
 .data          0x1fff8174      0x1e4 .\CortexM3\ARM_GCC_493\Debug\Print.o
                0x1fff8174                SEPARATOR
                0x1fff8194                msn_fecha
                0x1fff81a4                msn_hora
                0x1fff81b4                msn_pos
                0x1fff81c4                msn_numero
                0x1fff81d4                PRN_PRODUCT
                0x1fff81e4                msn_ppu
                0x1fff81f4                PRN_CURRENCY
                0x1fff81f8                msn_vol
                0x1fff8208                msn_din
                0x1fff8218                msn_placa
                0x1fff8228                PRN_PRESET
                0x1fff8238                PRN_MILLEAGE
                0x1fff8248                PRN_SERIAL
                0x1fff8258                PRN_BALANCE
                0x1fff8268                PRN_COMPANY
                0x1fff8278                PRN_ACCOUNT
                0x1fff8288                PRN_VISITSDAY
                0x1fff8298                PRN_VISITSWEEK
                0x1fff82a8                PRN_VISITSMONTH
                0x1fff82b8                PRN_MONEYDAY
                0x1fff82c8                PRN_MONEYWEEK
                0x1fff82d8                PRN_MONEYMONTH
                0x1fff82e8                PRN_ACCOUNTTYPE
                0x1fff82f8                PRN_SIGNATURE
                0x1fff8308                PRN_ID
                0x1fff8318                PRN_VOLUMEMONTH
                0x1fff8328                PRN_VOLUMEWEEK
                0x1fff8338                PRN_VOLUMEDAY
                0x1fff8348                PRN_TRANSTYPE
 .data          0x1fff8358       0x10 .\CortexM3\ARM_GCC_493\Debug\Design01.a(CyLib.o)
                0x1fff8358                cydelay_32k_ms
                0x1fff835c                cydelay_freq_khz
                0x1fff8360                cydelay_freq_mhz
                0x1fff8364                cydelay_freq_hz
 .data.impure_data
                0x1fff8368       0x60 c:/program files (x86)/cypress/psoc creator/3.3/psoc creator/import/gnu/arm/4.9.3/bin/../lib/gcc/arm-none-eabi/4.9.3/../../../../arm-none-eabi/lib/armv7-m\libg_nano.a(lib_a-impure.o)
 .data._impure_ptr
                0x1fff83c8        0x4 c:/program files (x86)/cypress/psoc creator/3.3/psoc creator/import/gnu/arm/4.9.3/bin/../lib/gcc/arm-none-eabi/4.9.3/../../../../arm-none-eabi/lib/armv7-m\libg_nano.a(lib_a-impure.o)
                0x1fff83c8                _impure_ptr
 .data.__ctype_ptr__
                0x1fff83cc        0x4 c:/program files (x86)/cypress/psoc creator/3.3/psoc creator/import/gnu/arm/4.9.3/bin/../lib/gcc/arm-none-eabi/4.9.3/../../../../arm-none-eabi/lib/armv7-m\libg_nano.a(lib_a-ctype_.o)
                0x1fff83cc                __ctype_ptr__
                0x1fff83d0                . = ALIGN (0x8)
 *(.ram)
                0x1fff83d0                _edata = .

.igot.plt       0x1fff83d0        0x0 load address 0x00011928
 .igot.plt      0x00000000        0x0 c:/program files (x86)/cypress/psoc creator/3.3/psoc creator/import/gnu/arm/4.9.3/bin/../lib/gcc/arm-none-eabi/4.9.3/armv7-m/crtbegin.o

.bss            0x1fff83d0     0x1790 load address 0x00011928
                0x1fff83d0                PROVIDE (__bss_start__, .)
 *(.shbss)
 *(.bss .bss.* .gnu.linkonce.b.*)
 .bss           0x1fff83d0       0x1c c:/program files (x86)/cypress/psoc creator/3.3/psoc creator/import/gnu/arm/4.9.3/bin/../lib/gcc/arm-none-eabi/4.9.3/armv7-m/crtbegin.o
 .bss           0x1fff83ec        0x2 .\CortexM3\ARM_GCC_493\Debug\Design01.a(Printer.o)
                0x1fff83ec                Printer_initVar
 .bss           0x1fff83ee        0x7 .\CortexM3\ARM_GCC_493\Debug\Design01.a(Display1.o)
                0x1fff83ee                Display1_errorStatus
                0x1fff83ef                Display1_initVar
                0x1fff83f0                Display1_rxBufferRead
                0x1fff83f1                Display1_rxBufferWrite
                0x1fff83f2                Display1_rxBufferLoopDetect
                0x1fff83f3                Display1_rxBufferOverflow
 .bss           0x1fff83f5        0x7 .\CortexM3\ARM_GCC_493\Debug\Design01.a(Display2.o)
                0x1fff83f5                Display2_errorStatus
                0x1fff83f6                Display2_initVar
                0x1fff83f7                Display2_rxBufferRead
                0x1fff83f8                Display2_rxBufferWrite
                0x1fff83f9                Display2_rxBufferLoopDetect
                0x1fff83fa                Display2_rxBufferOverflow
 .bss           0x1fff83fc        0xa .\CortexM3\ARM_GCC_493\Debug\Design01.a(Pump.o)
                0x1fff83fc                Pump_errorStatus
                0x1fff83fd                Pump_initVar
                0x1fff83fe                Pump_rxBufferRead
                0x1fff8400                Pump_rxBufferWrite
                0x1fff8402                Pump_rxBufferLoopDetect
                0x1fff8403                Pump_rxBufferOverflow
 .bss           0x1fff8406        0x1 .\CortexM3\ARM_GCC_493\Debug\Design01.a(I2C_Bus.o)
                0x1fff8406                I2C_Bus_initVar
 .bss           0x1fff8407        0x1 .\CortexM3\ARM_GCC_493\Debug\Design01.a(Timer_Animacion.o)
                0x1fff8407                Timer_Animacion_initVar
 .bss           0x1fff8408        0xa .\CortexM3\ARM_GCC_493\Debug\Design01.a(RF_Connection.o)
                0x1fff8408                RF_Connection_errorStatus
                0x1fff8409                RF_Connection_initVar
                0x1fff840a                RF_Connection_rxBufferRead
                0x1fff840c                RF_Connection_rxBufferWrite
                0x1fff840e                RF_Connection_rxBufferLoopDetect
                0x1fff840f                RF_Connection_rxBufferOverflow
 .bss           0x1fff8412        0x1 .\CortexM3\ARM_GCC_493\Debug\Design01.a(Waitable_4.o)
                0x1fff8412                Waitable_4_initVar
 .bss           0x1fff8413        0x1 .\CortexM3\ARM_GCC_493\Debug\Design01.a(Waitable_3.o)
                0x1fff8413                Waitable_3_initVar
 .bss           0x1fff8414        0x8 .\CortexM3\ARM_GCC_493\Debug\Design01.a(CySpc.o)
                0x1fff8414                SpcLockState
 *(COMMON)
 *fill*         0x1fff841c        0x4 
 COMMON         0x1fff8420     0x13de .\CortexM3\ARM_GCC_493\Debug\main.o
                0x1fff8420                buffer_txPreset
                0x1fff845c                idSeller
                0x1fff8478                delayPicture2
                0x1fff847c                Encabezado4
                0x1fff849c                side
                0x1fff88e4                flagPoint2
                0x1fff88e8                buffer_txTotals
                0x1fff8ae8                tempPPU
                0x1fff8af0                buffer_A
                0x1fff8bf0                countRX
                0x1fff8bf8                ShiftState
                0x1fff8bf9                count_protector2
                0x1fff8bfa                hiddenKeys
                0x1fff8bfc                bufferDisplay1
                0x1fff8d48                pollTotals
                0x1fff8d4c                PrevStatePump
                0x1fff8d50                configAccess
                0x1fff8d55                CopiasCredito
                0x1fff8d58                pumpGap
                0x1fff8d5c                screen
                0x1fff8d60                GradesHose
                0x1fff8d68                countTX
                0x1fff8d70                Encabezado3
                0x1fff8d8e                ActiveRF
                0x1fff8d8f                UnitType
                0x1fff8d90                VolDec
                0x1fff8d98                countAnimation1
                0x1fff8da0                buffer_tx
                0x1fff8fa0                buffer_print
                0x1fff909c                flowDisplay3
                0x1fff90a0                tempPreset
                0x1fff90a8                bufferDisplay2
                0x1fff91f4                MoneyDec
                0x1fff91f8                Encabezado1
                0x1fff9218                residue
                0x1fff9226                flagResetMux
                0x1fff9227                PlateRequest
                0x1fff9228                passwordSeller
                0x1fff9230                lockTurn
                0x1fff9231                controlChar
                0x1fff9234                dateDownHandle
                0x1fff9237                PrinterType
                0x1fff9238                productNumber
                0x1fff923c                statePump
                0x1fff9240                symbols
                0x1fff9244                IDCast
                0x1fff9246                CGrade
                0x1fff9247                digits
                0x1fff9248                printPortB
                0x1fff9249                count_protector
                0x1fff924a                numberKeys1
                0x1fff9250                countLCD
                0x1fff9258                countAnimation2
                0x1fff9260                flowDisplay1
                0x1fff9264                bufferDisplay4
                0x1fff93b0                ppux10
                0x1fff93b4                buffer_txDisplay
                0x1fff93f0                flowDisplay2
                0x1fff93f4                time
                0x1fff93f7                flagPoint1
                0x1fff93f8                VolUnit
                0x1fff9400                buffer_rf
                0x1fff9600                intIDStation
                0x1fff9604                bufferDisplay3
                0x1fff9750                idStation
                0x1fff9758                temporal
                0x1fff9778                Encabezado2
                0x1fff9796                PPUDec
                0x1fff9797                numberKeys2
                0x1fff9798                ConversionFactor
                0x1fff979c                delayPicture1
                0x1fff97a0                date
                0x1fff97a8                countPump
                0x1fff97b0                DDMode
                0x1fff97b1                printPortA
                0x1fff97b4                timeDownHandle
                0x1fff97b8                buffer_txEOT
                0x1fff97f4                flowDisplay4
                0x1fff97f8                sizeSendB
                0x1fff97f9                counterRF
                0x1fff97fa                NumPositions
                0x1fff97fb                stateBeagleSoft
                0x1fff97fc                bufferAready
                0x1fff97fd                typeIdSeller
 *fill*         0x1fff97fe        0x2 
 COMMON         0x1fff9800       0x20 .\CortexM3\ARM_GCC_493\Debug\Design01.a(Display1.o)
                0x1fff9800                Display1_rxBuffer
 COMMON         0x1fff9820       0x20 .\CortexM3\ARM_GCC_493\Debug\Design01.a(Display2.o)
                0x1fff9820                Display2_rxBuffer
 COMMON         0x1fff9840      0x100 .\CortexM3\ARM_GCC_493\Debug\Design01.a(Pump.o)
                0x1fff9840                Pump_rxBuffer
 COMMON         0x1fff9940        0x1 .\CortexM3\ARM_GCC_493\Debug\Design01.a(I2C_Bus.o)
                0x1fff9940                I2C_Bus_state
 *fill*         0x1fff9941        0x3 
 COMMON         0x1fff9944       0x11 .\CortexM3\ARM_GCC_493\Debug\Design01.a(I2C_Bus_MASTER.o)
                0x1fff9944                I2C_Bus_mstrWrBufSize
                0x1fff9945                I2C_Bus_mstrControl
                0x1fff9946                I2C_Bus_mstrRdBufSize
                0x1fff9948                I2C_Bus_mstrRdBufPtr
                0x1fff994c                I2C_Bus_mstrStatus
                0x1fff994d                I2C_Bus_mstrWrBufIndex
                0x1fff9950                I2C_Bus_mstrWrBufPtr
                0x1fff9954                I2C_Bus_mstrRdBufIndex
 *fill*         0x1fff9955        0x3 
 COMMON         0x1fff9958      0x200 .\CortexM3\ARM_GCC_493\Debug\Design01.a(RF_Connection.o)
                0x1fff9958                RF_Connection_rxBuffer
 COMMON         0x1fff9b58        0x2 .\CortexM3\ARM_GCC_493\Debug\Design01.a(CyFlash.o)
                0x1fff9b58                dieTemperature
                0x1fff9b60                . = ALIGN (0x8)
 *fill*         0x1fff9b5a        0x6 
 *(.ram.b)
                0x1fff9b60                _end = .
                0x1fff9b60                __end = .
                0x1fff9b60                PROVIDE (end, .)
                0x1fff9b60                PROVIDE (__bss_end__, .)
                0x00011660                __cy_region_init_ram = LOADADDR (.data)
                0x000002c8                __cy_region_init_size_ram = (_edata - ADDR (.data))
                0x00001790                __cy_region_zero_size_ram = (_end - _edata)

.heap           0x1fff9b60       0x80 load address 0x00011928
                0x1fff9b60                . = _end
                0x1fff9be0                . = (. + 0x80)
 *fill*         0x1fff9b60       0x80 
                0x1fff9be0                __cy_heap_limit = .

.stack          0x20007800      0x800
                0x20007800                __cy_stack_limit = .
                0x20008000                . = (. + 0x800)
 *fill*         0x20007800      0x800 
                0x00000001                ASSERT ((__cy_stack_limit >= __cy_heap_limit), region RAM overflowed with stack)
                0x00000000                cy_checksum_exclude_size = (CY_APPL_LOADABLE == 0x1)?SIZEOF (.cy_checksum_exclude):0x0
                0x00000001                ASSERT ((cy_checksum_exclude_size <= CY_CHECKSUM_EXCLUDE_SIZE), CY_BOOT: Section .cy_checksum_exclude size exceedes specified limit.)

.cyloadermeta
 *(.cyloadermeta)

.cyloadablemeta
 *(.cyloadablemeta)

.cyconfigecc    0x80000000     0x1168
 *(.cyconfigecc)
 .cyconfigecc   0x80000000     0x1168 .\CortexM3\ARM_GCC_493\Debug\cymetadata.o
                0x80000000                cy_meta_configecc

.cycustnvl      0x90000000        0x4
 *(.cycustnvl)
 .cycustnvl     0x90000000        0x4 .\CortexM3\ARM_GCC_493\Debug\cymetadata.o
                0x90000000                cy_meta_custnvl

.cywolatch      0x90100000        0x4
 *(.cywolatch)
 .cywolatch     0x90100000        0x4 .\CortexM3\ARM_GCC_493\Debug\cymetadata.o
                0x90100000                cy_meta_wonvl

.cyeeprom       0x90200000        0x0
 *(.cyeeprom)
                0x00000001                ASSERT ((. <= ((0x90200000 + ee_offset) + ee_size)), .cyeeprom data will not fit in EEPROM)

.cyflashprotect
                0x90400000      0x100
 *(.cyflashprotect)
 .cyflashprotect
                0x90400000      0x100 .\CortexM3\ARM_GCC_493\Debug\cymetadata.o
                0x90400000                cy_meta_flashprotect

.cymeta         0x90500000        0xc
 *(.cymeta)
 .cymeta        0x90500000        0xc .\CortexM3\ARM_GCC_493\Debug\cymetadata.o
                0x90500000                cy_metadata

.rel.dyn        0x00011928        0x0 load address 0x9050000c
 .rel.iplt      0x00000000        0x0 c:/program files (x86)/cypress/psoc creator/3.3/psoc creator/import/gnu/arm/4.9.3/bin/../lib/gcc/arm-none-eabi/4.9.3/armv7-m/crtbegin.o

.stab
 *(.stab)

.stabstr
 *(.stabstr)

.debug
 *(.debug)

.line
 *(.line)

.debug_srcinfo
 *(.debug_srcinfo)

.debug_sfnames
 *(.debug_sfnames)

.debug_aranges  0x00000000     0x1450
 *(.debug_aranges)
 .debug_aranges
                0x00000000       0x90 .\CortexM3\ARM_GCC_493\Debug\main.o
 .debug_aranges
                0x00000090       0x68 .\CortexM3\ARM_GCC_493\Debug\protocol.o
 .debug_aranges
                0x000000f8       0x48 .\CortexM3\ARM_GCC_493\Debug\LCD.o
 .debug_aranges
                0x00000140       0x20 .\CortexM3\ARM_GCC_493\Debug\keyboard.o
 .debug_aranges
                0x00000160       0x40 .\CortexM3\ARM_GCC_493\Debug\I2C.o
 .debug_aranges
                0x000001a0       0x30 .\CortexM3\ARM_GCC_493\Debug\Print.o
 .debug_aranges
                0x000001d0       0x38 .\CortexM3\ARM_GCC_493\Debug\ibuton.o
 .debug_aranges
                0x00000208       0x38 .\CortexM3\ARM_GCC_493\Debug\RFPoll.o
 .debug_aranges
                0x00000240       0x18 .\CortexM3\ARM_GCC_493\Debug\cymetadata.o
 .debug_aranges
                0x00000258       0x48 .\CortexM3\ARM_GCC_493\Debug\Cm3Start.o
 .debug_aranges
                0x000002a0       0x58 .\CortexM3\ARM_GCC_493\Debug\Design01.a(cyfitter_cfg.o)
 .debug_aranges
                0x000002f8       0xf0 .\CortexM3\ARM_GCC_493\Debug\Design01.a(Printer.o)
 .debug_aranges
                0x000003e8       0xf0 .\CortexM3\ARM_GCC_493\Debug\Design01.a(Display1.o)
 .debug_aranges
                0x000004d8       0x20 .\CortexM3\ARM_GCC_493\Debug\Design01.a(Display1_INT.o)
 .debug_aranges
                0x000004f8       0xf0 .\CortexM3\ARM_GCC_493\Debug\Design01.a(Display2.o)
 .debug_aranges
                0x000005e8       0x20 .\CortexM3\ARM_GCC_493\Debug\Design01.a(Display2_INT.o)
 .debug_aranges
                0x00000608       0x70 .\CortexM3\ARM_GCC_493\Debug\Design01.a(Display1_IntClock.o)
 .debug_aranges
                0x00000678       0x70 .\CortexM3\ARM_GCC_493\Debug\Design01.a(Display2_IntClock.o)
 .debug_aranges
                0x000006e8       0x20 .\CortexM3\ARM_GCC_493\Debug\Design01.a(CyBootAsmGnu.o)
 .debug_aranges
                0x00000708      0x298 .\CortexM3\ARM_GCC_493\Debug\Design01.a(CyLib.o)
 .debug_aranges
                0x000009a0       0x98 .\CortexM3\ARM_GCC_493\Debug\Design01.a(cyPm.o)
 .debug_aranges
                0x00000a38       0x70 .\CortexM3\ARM_GCC_493\Debug\Design01.a(Printer_IntClock.o)
 .debug_aranges
                0x00000aa8       0xf0 .\CortexM3\ARM_GCC_493\Debug\Design01.a(Pump.o)
 .debug_aranges
                0x00000b98       0x20 .\CortexM3\ARM_GCC_493\Debug\Design01.a(Pump_INT.o)
 .debug_aranges
                0x00000bb8       0x78 .\CortexM3\ARM_GCC_493\Debug\Design01.a(EEPROM_1.o)
 .debug_aranges
                0x00000c30       0x38 .\CortexM3\ARM_GCC_493\Debug\Design01.a(I2C_Bus.o)
 .debug_aranges
                0x00000c68       0x20 .\CortexM3\ARM_GCC_493\Debug\Design01.a(I2C_Bus_INT.o)
 .debug_aranges
                0x00000c88       0x38 .\CortexM3\ARM_GCC_493\Debug\Design01.a(I2C_Bus_PM.o)
 .debug_aranges
                0x00000cc0       0x88 .\CortexM3\ARM_GCC_493\Debug\Design01.a(I2C_Bus_MASTER.o)
 .debug_aranges
                0x00000d48       0x88 .\CortexM3\ARM_GCC_493\Debug\Design01.a(Timer_Animacion.o)
 .debug_aranges
                0x00000dd0       0x80 .\CortexM3\ARM_GCC_493\Debug\Design01.a(isr_3.o)
 .debug_aranges
                0x00000e50       0x88 .\CortexM3\ARM_GCC_493\Debug\Design01.a(Timer_Animacion2.o)
 .debug_aranges
                0x00000ed8       0x80 .\CortexM3\ARM_GCC_493\Debug\Design01.a(isr_4.o)
 .debug_aranges
                0x00000f58       0x38 .\CortexM3\ARM_GCC_493\Debug\Design01.a(IB1.o)
 .debug_aranges
                0x00000f90       0x38 .\CortexM3\ARM_GCC_493\Debug\Design01.a(IB2.o)
 .debug_aranges
                0x00000fc8       0xf0 .\CortexM3\ARM_GCC_493\Debug\Design01.a(RF_Connection.o)
 .debug_aranges
                0x000010b8       0x20 .\CortexM3\ARM_GCC_493\Debug\Design01.a(RF_Connection_INT.o)
 .debug_aranges
                0x000010d8       0x70 .\CortexM3\ARM_GCC_493\Debug\Design01.a(RF_Connection_IntClock.o)
 .debug_aranges
                0x00001148       0x88 .\CortexM3\ARM_GCC_493\Debug\Design01.a(Waitable_4.o)
 .debug_aranges
                0x000011d0       0x88 .\CortexM3\ARM_GCC_493\Debug\Design01.a(Waitable_3.o)
 .debug_aranges
                0x00001258       0x80 .\CortexM3\ARM_GCC_493\Debug\Design01.a(isr_1.o)
 .debug_aranges
                0x000012d8       0x80 .\CortexM3\ARM_GCC_493\Debug\Design01.a(isr_2.o)
 .debug_aranges
                0x00001358       0x80 .\CortexM3\ARM_GCC_493\Debug\Design01.a(CyFlash.o)
 .debug_aranges
                0x000013d8       0x78 .\CortexM3\ARM_GCC_493\Debug\Design01.a(CySpc.o)

.debug_pubnames
 *(.debug_pubnames)

.debug_info     0x00000000    0x150c0
 *(.debug_info .gnu.linkonce.wi.*)
 .debug_info    0x00000000     0x3dff .\CortexM3\ARM_GCC_493\Debug\main.o
 .debug_info    0x00003dff     0x14fa .\CortexM3\ARM_GCC_493\Debug\protocol.o
 .debug_info    0x000052f9      0xfb7 .\CortexM3\ARM_GCC_493\Debug\LCD.o
 .debug_info    0x000062b0     0x1022 .\CortexM3\ARM_GCC_493\Debug\keyboard.o
 .debug_info    0x000072d2      0xeef .\CortexM3\ARM_GCC_493\Debug\I2C.o
 .debug_info    0x000081c1     0x26a4 .\CortexM3\ARM_GCC_493\Debug\Print.o
 .debug_info    0x0000a865      0x575 .\CortexM3\ARM_GCC_493\Debug\ibuton.o
 .debug_info    0x0000adda     0x137c .\CortexM3\ARM_GCC_493\Debug\RFPoll.o
 .debug_info    0x0000c156      0x13f .\CortexM3\ARM_GCC_493\Debug\cymetadata.o
 .debug_info    0x0000c295      0x3a5 .\CortexM3\ARM_GCC_493\Debug\Cm3Start.o
 .debug_info    0x0000c63a      0x5fc .\CortexM3\ARM_GCC_493\Debug\Design01.a(cyfitter_cfg.o)
 .debug_info    0x0000cc36      0x603 .\CortexM3\ARM_GCC_493\Debug\Design01.a(Printer.o)
 .debug_info    0x0000d239      0x751 .\CortexM3\ARM_GCC_493\Debug\Design01.a(Display1.o)
 .debug_info    0x0000d98a      0x145 .\CortexM3\ARM_GCC_493\Debug\Design01.a(Display1_INT.o)
 .debug_info    0x0000dacf      0x751 .\CortexM3\ARM_GCC_493\Debug\Design01.a(Display2.o)
 .debug_info    0x0000e220      0x145 .\CortexM3\ARM_GCC_493\Debug\Design01.a(Display2_INT.o)
 .debug_info    0x0000e365      0x283 .\CortexM3\ARM_GCC_493\Debug\Design01.a(Display1_IntClock.o)
 .debug_info    0x0000e5e8      0x283 .\CortexM3\ARM_GCC_493\Debug\Design01.a(Display2_IntClock.o)
 .debug_info    0x0000e86b       0x96 .\CortexM3\ARM_GCC_493\Debug\Design01.a(CyBootAsmGnu.o)
 .debug_info    0x0000e901     0x1371 .\CortexM3\ARM_GCC_493\Debug\Design01.a(CyLib.o)
 .debug_info    0x0000fc72      0xa58 .\CortexM3\ARM_GCC_493\Debug\Design01.a(cyPm.o)
 .debug_info    0x000106ca      0x283 .\CortexM3\ARM_GCC_493\Debug\Design01.a(Printer_IntClock.o)
 .debug_info    0x0001094d      0x724 .\CortexM3\ARM_GCC_493\Debug\Design01.a(Pump.o)
 .debug_info    0x00011071      0x156 .\CortexM3\ARM_GCC_493\Debug\Design01.a(Pump_INT.o)
 .debug_info    0x000111c7      0x668 .\CortexM3\ARM_GCC_493\Debug\Design01.a(EEPROM_1.o)
 .debug_info    0x0001182f      0x2d7 .\CortexM3\ARM_GCC_493\Debug\Design01.a(I2C_Bus.o)
 .debug_info    0x00011b06      0x193 .\CortexM3\ARM_GCC_493\Debug\Design01.a(I2C_Bus_INT.o)
 .debug_info    0x00011c99      0x1f2 .\CortexM3\ARM_GCC_493\Debug\Design01.a(I2C_Bus_PM.o)
 .debug_info    0x00011e8b      0x412 .\CortexM3\ARM_GCC_493\Debug\Design01.a(I2C_Bus_MASTER.o)
 .debug_info    0x0001229d      0x28e .\CortexM3\ARM_GCC_493\Debug\Design01.a(Timer_Animacion.o)
 .debug_info    0x0001252b      0x2cb .\CortexM3\ARM_GCC_493\Debug\Design01.a(isr_3.o)
 .debug_info    0x000127f6      0x28e .\CortexM3\ARM_GCC_493\Debug\Design01.a(Timer_Animacion2.o)
 .debug_info    0x00012a84      0x2cb .\CortexM3\ARM_GCC_493\Debug\Design01.a(isr_4.o)
 .debug_info    0x00012d4f      0x11f .\CortexM3\ARM_GCC_493\Debug\Design01.a(IB1.o)
 .debug_info    0x00012e6e      0x121 .\CortexM3\ARM_GCC_493\Debug\Design01.a(IB2.o)
 .debug_info    0x00012f8f      0x7b3 .\CortexM3\ARM_GCC_493\Debug\Design01.a(RF_Connection.o)
 .debug_info    0x00013742      0x157 .\CortexM3\ARM_GCC_493\Debug\Design01.a(RF_Connection_INT.o)
 .debug_info    0x00013899      0x283 .\CortexM3\ARM_GCC_493\Debug\Design01.a(RF_Connection_IntClock.o)
 .debug_info    0x00013b1c      0x28a .\CortexM3\ARM_GCC_493\Debug\Design01.a(Waitable_4.o)
 .debug_info    0x00013da6      0x28a .\CortexM3\ARM_GCC_493\Debug\Design01.a(Waitable_3.o)
 .debug_info    0x00014030      0x2cb .\CortexM3\ARM_GCC_493\Debug\Design01.a(isr_1.o)
 .debug_info    0x000142fb      0x2cb .\CortexM3\ARM_GCC_493\Debug\Design01.a(isr_2.o)
 .debug_info    0x000145c6      0x60a .\CortexM3\ARM_GCC_493\Debug\Design01.a(CyFlash.o)
 .debug_info    0x00014bd0      0x4f0 .\CortexM3\ARM_GCC_493\Debug\Design01.a(CySpc.o)

.debug_abbrev   0x00000000     0x3cca
 *(.debug_abbrev)
 .debug_abbrev  0x00000000      0x23c .\CortexM3\ARM_GCC_493\Debug\main.o
 .debug_abbrev  0x0000023c      0x267 .\CortexM3\ARM_GCC_493\Debug\protocol.o
 .debug_abbrev  0x000004a3      0x1b9 .\CortexM3\ARM_GCC_493\Debug\LCD.o
 .debug_abbrev  0x0000065c      0x193 .\CortexM3\ARM_GCC_493\Debug\keyboard.o
 .debug_abbrev  0x000007ef      0x1be .\CortexM3\ARM_GCC_493\Debug\I2C.o
 .debug_abbrev  0x000009ad      0x1cd .\CortexM3\ARM_GCC_493\Debug\Print.o
 .debug_abbrev  0x00000b7a      0x11f .\CortexM3\ARM_GCC_493\Debug\ibuton.o
 .debug_abbrev  0x00000c99      0x23f .\CortexM3\ARM_GCC_493\Debug\RFPoll.o
 .debug_abbrev  0x00000ed8       0x77 .\CortexM3\ARM_GCC_493\Debug\cymetadata.o
 .debug_abbrev  0x00000f4f      0x20f .\CortexM3\ARM_GCC_493\Debug\Cm3Start.o
 .debug_abbrev  0x0000115e      0x212 .\CortexM3\ARM_GCC_493\Debug\Design01.a(cyfitter_cfg.o)
 .debug_abbrev  0x00001370      0x1a2 .\CortexM3\ARM_GCC_493\Debug\Design01.a(Printer.o)
 .debug_abbrev  0x00001512      0x1b8 .\CortexM3\ARM_GCC_493\Debug\Design01.a(Display1.o)
 .debug_abbrev  0x000016ca       0x8a .\CortexM3\ARM_GCC_493\Debug\Design01.a(Display1_INT.o)
 .debug_abbrev  0x00001754      0x1b8 .\CortexM3\ARM_GCC_493\Debug\Design01.a(Display2.o)
 .debug_abbrev  0x0000190c       0x8a .\CortexM3\ARM_GCC_493\Debug\Design01.a(Display2_INT.o)
 .debug_abbrev  0x00001996      0x139 .\CortexM3\ARM_GCC_493\Debug\Design01.a(Display1_IntClock.o)
 .debug_abbrev  0x00001acf      0x139 .\CortexM3\ARM_GCC_493\Debug\Design01.a(Display2_IntClock.o)
 .debug_abbrev  0x00001c08       0x14 .\CortexM3\ARM_GCC_493\Debug\Design01.a(CyBootAsmGnu.o)
 .debug_abbrev  0x00001c1c      0x296 .\CortexM3\ARM_GCC_493\Debug\Design01.a(CyLib.o)
 .debug_abbrev  0x00001eb2      0x1ed .\CortexM3\ARM_GCC_493\Debug\Design01.a(cyPm.o)
 .debug_abbrev  0x0000209f      0x139 .\CortexM3\ARM_GCC_493\Debug\Design01.a(Printer_IntClock.o)
 .debug_abbrev  0x000021d8      0x1b8 .\CortexM3\ARM_GCC_493\Debug\Design01.a(Pump.o)
 .debug_abbrev  0x00002390       0x8a .\CortexM3\ARM_GCC_493\Debug\Design01.a(Pump_INT.o)
 .debug_abbrev  0x0000241a      0x1a3 .\CortexM3\ARM_GCC_493\Debug\Design01.a(EEPROM_1.o)
 .debug_abbrev  0x000025bd      0x159 .\CortexM3\ARM_GCC_493\Debug\Design01.a(I2C_Bus.o)
 .debug_abbrev  0x00002716       0xdb .\CortexM3\ARM_GCC_493\Debug\Design01.a(I2C_Bus_INT.o)
 .debug_abbrev  0x000027f1      0x12b .\CortexM3\ARM_GCC_493\Debug\Design01.a(I2C_Bus_PM.o)
 .debug_abbrev  0x0000291c      0x13c .\CortexM3\ARM_GCC_493\Debug\Design01.a(I2C_Bus_MASTER.o)
 .debug_abbrev  0x00002a58      0x11a .\CortexM3\ARM_GCC_493\Debug\Design01.a(Timer_Animacion.o)
 .debug_abbrev  0x00002b72      0x173 .\CortexM3\ARM_GCC_493\Debug\Design01.a(isr_3.o)
 .debug_abbrev  0x00002ce5      0x11a .\CortexM3\ARM_GCC_493\Debug\Design01.a(Timer_Animacion2.o)
 .debug_abbrev  0x00002dff      0x173 .\CortexM3\ARM_GCC_493\Debug\Design01.a(isr_4.o)
 .debug_abbrev  0x00002f72       0x90 .\CortexM3\ARM_GCC_493\Debug\Design01.a(IB1.o)
 .debug_abbrev  0x00003002       0x90 .\CortexM3\ARM_GCC_493\Debug\Design01.a(IB2.o)
 .debug_abbrev  0x00003092      0x1c9 .\CortexM3\ARM_GCC_493\Debug\Design01.a(RF_Connection.o)
 .debug_abbrev  0x0000325b       0x8a .\CortexM3\ARM_GCC_493\Debug\Design01.a(RF_Connection_INT.o)
 .debug_abbrev  0x000032e5      0x139 .\CortexM3\ARM_GCC_493\Debug\Design01.a(RF_Connection_IntClock.o)
 .debug_abbrev  0x0000341e      0x11a .\CortexM3\ARM_GCC_493\Debug\Design01.a(Waitable_4.o)
 .debug_abbrev  0x00003538      0x11a .\CortexM3\ARM_GCC_493\Debug\Design01.a(Waitable_3.o)
 .debug_abbrev  0x00003652      0x173 .\CortexM3\ARM_GCC_493\Debug\Design01.a(isr_1.o)
 .debug_abbrev  0x000037c5      0x173 .\CortexM3\ARM_GCC_493\Debug\Design01.a(isr_2.o)
 .debug_abbrev  0x00003938      0x1d1 .\CortexM3\ARM_GCC_493\Debug\Design01.a(CyFlash.o)
 .debug_abbrev  0x00003b09      0x1c1 .\CortexM3\ARM_GCC_493\Debug\Design01.a(CySpc.o)

.debug_line     0x00000000     0x7463
 *(.debug_line)
 .debug_line    0x00000000      0xd9e .\CortexM3\ARM_GCC_493\Debug\main.o
 .debug_line    0x00000d9e      0xa04 .\CortexM3\ARM_GCC_493\Debug\protocol.o
 .debug_line    0x000017a2      0x277 .\CortexM3\ARM_GCC_493\Debug\LCD.o
 .debug_line    0x00001a19      0x24d .\CortexM3\ARM_GCC_493\Debug\keyboard.o
 .debug_line    0x00001c66      0x279 .\CortexM3\ARM_GCC_493\Debug\I2C.o
 .debug_line    0x00001edf      0xb37 .\CortexM3\ARM_GCC_493\Debug\Print.o
 .debug_line    0x00002a16      0x299 .\CortexM3\ARM_GCC_493\Debug\ibuton.o
 .debug_line    0x00002caf      0x882 .\CortexM3\ARM_GCC_493\Debug\RFPoll.o
 .debug_line    0x00003531       0x53 .\CortexM3\ARM_GCC_493\Debug\cymetadata.o
 .debug_line    0x00003584      0x249 .\CortexM3\ARM_GCC_493\Debug\Cm3Start.o
 .debug_line    0x000037cd      0x20b .\CortexM3\ARM_GCC_493\Debug\Design01.a(cyfitter_cfg.o)
 .debug_line    0x000039d8      0x2c4 .\CortexM3\ARM_GCC_493\Debug\Design01.a(Printer.o)
 .debug_line    0x00003c9c      0x30c .\CortexM3\ARM_GCC_493\Debug\Design01.a(Display1.o)
 .debug_line    0x00003fa8       0x8a .\CortexM3\ARM_GCC_493\Debug\Design01.a(Display1_INT.o)
 .debug_line    0x00004032      0x30c .\CortexM3\ARM_GCC_493\Debug\Design01.a(Display2.o)
 .debug_line    0x0000433e       0x8a .\CortexM3\ARM_GCC_493\Debug\Design01.a(Display2_INT.o)
 .debug_line    0x000043c8      0x199 .\CortexM3\ARM_GCC_493\Debug\Design01.a(Display1_IntClock.o)
 .debug_line    0x00004561      0x199 .\CortexM3\ARM_GCC_493\Debug\Design01.a(Display2_IntClock.o)
 .debug_line    0x000046fa       0x68 .\CortexM3\ARM_GCC_493\Debug\Design01.a(CyBootAsmGnu.o)
 .debug_line    0x00004762      0x806 .\CortexM3\ARM_GCC_493\Debug\Design01.a(CyLib.o)
 .debug_line    0x00004f68      0x366 .\CortexM3\ARM_GCC_493\Debug\Design01.a(cyPm.o)
 .debug_line    0x000052ce      0x198 .\CortexM3\ARM_GCC_493\Debug\Design01.a(Printer_IntClock.o)
 .debug_line    0x00005466      0x2f1 .\CortexM3\ARM_GCC_493\Debug\Design01.a(Pump.o)
 .debug_line    0x00005757       0x83 .\CortexM3\ARM_GCC_493\Debug\Design01.a(Pump_INT.o)
 .debug_line    0x000057da      0x268 .\CortexM3\ARM_GCC_493\Debug\Design01.a(EEPROM_1.o)
 .debug_line    0x00005a42       0xe4 .\CortexM3\ARM_GCC_493\Debug\Design01.a(I2C_Bus.o)
 .debug_line    0x00005b26      0x130 .\CortexM3\ARM_GCC_493\Debug\Design01.a(I2C_Bus_INT.o)
 .debug_line    0x00005c56       0xc8 .\CortexM3\ARM_GCC_493\Debug\Design01.a(I2C_Bus_PM.o)
 .debug_line    0x00005d1e      0x207 .\CortexM3\ARM_GCC_493\Debug\Design01.a(I2C_Bus_MASTER.o)
 .debug_line    0x00005f25      0x15f .\CortexM3\ARM_GCC_493\Debug\Design01.a(Timer_Animacion.o)
 .debug_line    0x00006084      0x14b .\CortexM3\ARM_GCC_493\Debug\Design01.a(isr_3.o)
 .debug_line    0x000061cf      0x160 .\CortexM3\ARM_GCC_493\Debug\Design01.a(Timer_Animacion2.o)
 .debug_line    0x0000632f      0x14b .\CortexM3\ARM_GCC_493\Debug\Design01.a(isr_4.o)
 .debug_line    0x0000647a       0x92 .\CortexM3\ARM_GCC_493\Debug\Design01.a(IB1.o)
 .debug_line    0x0000650c       0x92 .\CortexM3\ARM_GCC_493\Debug\Design01.a(IB2.o)
 .debug_line    0x0000659e      0x31e .\CortexM3\ARM_GCC_493\Debug\Design01.a(RF_Connection.o)
 .debug_line    0x000068bc       0x95 .\CortexM3\ARM_GCC_493\Debug\Design01.a(RF_Connection_INT.o)
 .debug_line    0x00006951      0x19e .\CortexM3\ARM_GCC_493\Debug\Design01.a(RF_Connection_IntClock.o)
 .debug_line    0x00006aef      0x15a .\CortexM3\ARM_GCC_493\Debug\Design01.a(Waitable_4.o)
 .debug_line    0x00006c49      0x15a .\CortexM3\ARM_GCC_493\Debug\Design01.a(Waitable_3.o)
 .debug_line    0x00006da3      0x14b .\CortexM3\ARM_GCC_493\Debug\Design01.a(isr_1.o)
 .debug_line    0x00006eee      0x14b .\CortexM3\ARM_GCC_493\Debug\Design01.a(isr_2.o)
 .debug_line    0x00007039      0x1ec .\CortexM3\ARM_GCC_493\Debug\Design01.a(CyFlash.o)
 .debug_line    0x00007225      0x23e .\CortexM3\ARM_GCC_493\Debug\Design01.a(CySpc.o)

.debug_frame    0x00000000     0x31fc
 *(.debug_frame)
 .debug_frame   0x00000000      0x1ec .\CortexM3\ARM_GCC_493\Debug\main.o
 .debug_frame   0x000001ec      0x168 .\CortexM3\ARM_GCC_493\Debug\protocol.o
 .debug_frame   0x00000354       0xf4 .\CortexM3\ARM_GCC_493\Debug\LCD.o
 .debug_frame   0x00000448       0x34 .\CortexM3\ARM_GCC_493\Debug\keyboard.o
 .debug_frame   0x0000047c       0xb0 .\CortexM3\ARM_GCC_493\Debug\I2C.o
 .debug_frame   0x0000052c       0x78 .\CortexM3\ARM_GCC_493\Debug\Print.o
 .debug_frame   0x000005a4       0x7c .\CortexM3\ARM_GCC_493\Debug\ibuton.o
 .debug_frame   0x00000620       0xa0 .\CortexM3\ARM_GCC_493\Debug\RFPoll.o
 .debug_frame   0x000006c0       0xac .\CortexM3\ARM_GCC_493\Debug\Cm3Start.o
 .debug_frame   0x0000076c       0xe4 .\CortexM3\ARM_GCC_493\Debug\Design01.a(cyfitter_cfg.o)
 .debug_frame   0x00000850      0x250 .\CortexM3\ARM_GCC_493\Debug\Design01.a(Printer.o)
 .debug_frame   0x00000aa0      0x25c .\CortexM3\ARM_GCC_493\Debug\Design01.a(Display1.o)
 .debug_frame   0x00000cfc       0x20 .\CortexM3\ARM_GCC_493\Debug\Design01.a(Display1_INT.o)
 .debug_frame   0x00000d1c      0x25c .\CortexM3\ARM_GCC_493\Debug\Design01.a(Display2.o)
 .debug_frame   0x00000f78       0x20 .\CortexM3\ARM_GCC_493\Debug\Design01.a(Display2_INT.o)
 .debug_frame   0x00000f98       0xe0 .\CortexM3\ARM_GCC_493\Debug\Design01.a(Display1_IntClock.o)
 .debug_frame   0x00001078       0xe0 .\CortexM3\ARM_GCC_493\Debug\Design01.a(Display2_IntClock.o)
 .debug_frame   0x00001158      0x728 .\CortexM3\ARM_GCC_493\Debug\Design01.a(CyLib.o)
 .debug_frame   0x00001880      0x1f8 .\CortexM3\ARM_GCC_493\Debug\Design01.a(cyPm.o)
 .debug_frame   0x00001a78       0xe0 .\CortexM3\ARM_GCC_493\Debug\Design01.a(Printer_IntClock.o)
 .debug_frame   0x00001b58      0x25c .\CortexM3\ARM_GCC_493\Debug\Design01.a(Pump.o)
 .debug_frame   0x00001db4       0x20 .\CortexM3\ARM_GCC_493\Debug\Design01.a(Pump_INT.o)
 .debug_frame   0x00001dd4      0x17c .\CortexM3\ARM_GCC_493\Debug\Design01.a(EEPROM_1.o)
 .debug_frame   0x00001f50       0x8c .\CortexM3\ARM_GCC_493\Debug\Design01.a(I2C_Bus.o)
 .debug_frame   0x00001fdc       0x30 .\CortexM3\ARM_GCC_493\Debug\Design01.a(I2C_Bus_INT.o)
 .debug_frame   0x0000200c       0x74 .\CortexM3\ARM_GCC_493\Debug\Design01.a(I2C_Bus_PM.o)
 .debug_frame   0x00002080      0x120 .\CortexM3\ARM_GCC_493\Debug\Design01.a(I2C_Bus_MASTER.o)
 .debug_frame   0x000021a0      0x108 .\CortexM3\ARM_GCC_493\Debug\Design01.a(Timer_Animacion.o)
 .debug_frame   0x000022a8      0x104 .\CortexM3\ARM_GCC_493\Debug\Design01.a(isr_3.o)
 .debug_frame   0x000023ac      0x108 .\CortexM3\ARM_GCC_493\Debug\Design01.a(Timer_Animacion2.o)
 .debug_frame   0x000024b4      0x104 .\CortexM3\ARM_GCC_493\Debug\Design01.a(isr_4.o)
 .debug_frame   0x000025b8       0x50 .\CortexM3\ARM_GCC_493\Debug\Design01.a(IB1.o)
 .debug_frame   0x00002608       0x50 .\CortexM3\ARM_GCC_493\Debug\Design01.a(IB2.o)
 .debug_frame   0x00002658      0x278 .\CortexM3\ARM_GCC_493\Debug\Design01.a(RF_Connection.o)
 .debug_frame   0x000028d0       0x20 .\CortexM3\ARM_GCC_493\Debug\Design01.a(RF_Connection_INT.o)
 .debug_frame   0x000028f0       0xe0 .\CortexM3\ARM_GCC_493\Debug\Design01.a(RF_Connection_IntClock.o)
 .debug_frame   0x000029d0      0x108 .\CortexM3\ARM_GCC_493\Debug\Design01.a(Waitable_4.o)
 .debug_frame   0x00002ad8      0x108 .\CortexM3\ARM_GCC_493\Debug\Design01.a(Waitable_3.o)
 .debug_frame   0x00002be0      0x104 .\CortexM3\ARM_GCC_493\Debug\Design01.a(isr_1.o)
 .debug_frame   0x00002ce4      0x104 .\CortexM3\ARM_GCC_493\Debug\Design01.a(isr_2.o)
 .debug_frame   0x00002de8      0x174 .\CortexM3\ARM_GCC_493\Debug\Design01.a(CyFlash.o)
 .debug_frame   0x00002f5c      0x160 .\CortexM3\ARM_GCC_493\Debug\Design01.a(CySpc.o)
 .debug_frame   0x000030bc       0x30 c:/program files (x86)/cypress/psoc creator/3.3/psoc creator/import/gnu/arm/4.9.3/bin/../lib/gcc/arm-none-eabi/4.9.3/../../../../arm-none-eabi/lib/armv7-m\libg_nano.a(lib_a-atoi.o)
 .debug_frame   0x000030ec       0x20 c:/program files (x86)/cypress/psoc creator/3.3/psoc creator/import/gnu/arm/4.9.3/bin/../lib/gcc/arm-none-eabi/4.9.3/../../../../arm-none-eabi/lib/armv7-m\libg_nano.a(lib_a-errno.o)
 .debug_frame   0x0000310c       0x28 c:/program files (x86)/cypress/psoc creator/3.3/psoc creator/import/gnu/arm/4.9.3/bin/../lib/gcc/arm-none-eabi/4.9.3/../../../../arm-none-eabi/lib/armv7-m\libg_nano.a(lib_a-exit.o)
 .debug_frame   0x00003134       0x2c c:/program files (x86)/cypress/psoc creator/3.3/psoc creator/import/gnu/arm/4.9.3/bin/../lib/gcc/arm-none-eabi/4.9.3/../../../../arm-none-eabi/lib/armv7-m\libg_nano.a(lib_a-init.o)
 .debug_frame   0x00003160       0x28 c:/program files (x86)/cypress/psoc creator/3.3/psoc creator/import/gnu/arm/4.9.3/bin/../lib/gcc/arm-none-eabi/4.9.3/../../../../arm-none-eabi/lib/armv7-m\libg_nano.a(lib_a-memcpy.o)
 .debug_frame   0x00003188       0x20 c:/program files (x86)/cypress/psoc creator/3.3/psoc creator/import/gnu/arm/4.9.3/bin/../lib/gcc/arm-none-eabi/4.9.3/../../../../arm-none-eabi/lib/armv7-m\libg_nano.a(lib_a-memset.o)
 .debug_frame   0x000031a8       0x54 c:/program files (x86)/cypress/psoc creator/3.3/psoc creator/import/gnu/arm/4.9.3/bin/../lib/gcc/arm-none-eabi/4.9.3/../../../../arm-none-eabi/lib/armv7-m\libg_nano.a(lib_a-strtol.o)

.debug_str      0x00000000     0x4d58
 *(.debug_str)
 .debug_str     0x00000000     0x134d .\CortexM3\ARM_GCC_493\Debug\main.o
                               0x13b4 (size before relaxing)
 .debug_str     0x0000134d       0xde .\CortexM3\ARM_GCC_493\Debug\protocol.o
                                0xa4e (size before relaxing)
 .debug_str     0x0000142b       0xb4 .\CortexM3\ARM_GCC_493\Debug\LCD.o
                                0x964 (size before relaxing)
 .debug_str     0x000014df       0x30 .\CortexM3\ARM_GCC_493\Debug\keyboard.o
                                0x94e (size before relaxing)
 .debug_str     0x0000150f       0xa9 .\CortexM3\ARM_GCC_493\Debug\I2C.o
                                0x91c (size before relaxing)
 .debug_str     0x000015b8      0x279 .\CortexM3\ARM_GCC_493\Debug\Print.o
                                0xae6 (size before relaxing)
 .debug_str     0x00001831       0x43 .\CortexM3\ARM_GCC_493\Debug\ibuton.o
                                0x22f (size before relaxing)
 .debug_str     0x00001874       0xae .\CortexM3\ARM_GCC_493\Debug\RFPoll.o
                                0xfdc (size before relaxing)
 .debug_str     0x00001922       0x77 .\CortexM3\ARM_GCC_493\Debug\cymetadata.o
                                0x1f0 (size before relaxing)
 .debug_str     0x00001999      0x158 .\CortexM3\ARM_GCC_493\Debug\Cm3Start.o
                                0x304 (size before relaxing)
 .debug_str     0x00001af1      0x17e .\CortexM3\ARM_GCC_493\Debug\Design01.a(cyfitter_cfg.o)
                                0x33e (size before relaxing)
 .debug_str     0x00001c6f      0x31f .\CortexM3\ARM_GCC_493\Debug\Design01.a(Printer.o)
                                0x4cc (size before relaxing)
 .debug_str     0x00001f8e      0x31d .\CortexM3\ARM_GCC_493\Debug\Design01.a(Display1.o)
                                0x5df (size before relaxing)
 .debug_str     0x000022ab       0x5d .\CortexM3\ARM_GCC_493\Debug\Design01.a(Display1_INT.o)
                                0x265 (size before relaxing)
 .debug_str     0x00002308      0x2cd .\CortexM3\ARM_GCC_493\Debug\Design01.a(Display2.o)
                                0x5df (size before relaxing)
 .debug_str     0x000025d5       0x37 .\CortexM3\ARM_GCC_493\Debug\Design01.a(Display2_INT.o)
                                0x265 (size before relaxing)
 .debug_str     0x0000260c      0x1ad .\CortexM3\ARM_GCC_493\Debug\Design01.a(Display1_IntClock.o)
                                0x36c (size before relaxing)
 .debug_str     0x000027b9      0x162 .\CortexM3\ARM_GCC_493\Debug\Design01.a(Display2_IntClock.o)
                                0x36c (size before relaxing)
 .debug_str     0x0000291b      0x7b4 .\CortexM3\ARM_GCC_493\Debug\Design01.a(CyLib.o)
                                0xa29 (size before relaxing)
 .debug_str     0x000030cf      0x35b .\CortexM3\ARM_GCC_493\Debug\Design01.a(cyPm.o)
                                0x721 (size before relaxing)
 .debug_str     0x0000342a      0x158 .\CortexM3\ARM_GCC_493\Debug\Design01.a(Printer_IntClock.o)
                                0x360 (size before relaxing)
 .debug_str     0x00003582      0x216 .\CortexM3\ARM_GCC_493\Debug\Design01.a(Pump.o)
                                0x524 (size before relaxing)
 .debug_str     0x00003798       0x2f .\CortexM3\ARM_GCC_493\Debug\Design01.a(Pump_INT.o)
                                0x24c (size before relaxing)
 .debug_str     0x000037c7      0x1c9 .\CortexM3\ARM_GCC_493\Debug\Design01.a(EEPROM_1.o)
                                0x3d6 (size before relaxing)
 .debug_str     0x00003990       0xe7 .\CortexM3\ARM_GCC_493\Debug\Design01.a(I2C_Bus.o)
                                0x316 (size before relaxing)
 .debug_str     0x00003a77       0xf8 .\CortexM3\ARM_GCC_493\Debug\Design01.a(I2C_Bus_INT.o)
                                0x298 (size before relaxing)
 .debug_str     0x00003b6f       0x6c .\CortexM3\ARM_GCC_493\Debug\Design01.a(I2C_Bus_PM.o)
                                0x29e (size before relaxing)
 .debug_str     0x00003bdb       0xfb .\CortexM3\ARM_GCC_493\Debug\Design01.a(I2C_Bus_MASTER.o)
                                0x40d (size before relaxing)
 .debug_str     0x00003cd6      0x1ae .\CortexM3\ARM_GCC_493\Debug\Design01.a(Timer_Animacion.o)
                                0x38f (size before relaxing)
 .debug_str     0x00003e84       0xcf .\CortexM3\ARM_GCC_493\Debug\Design01.a(isr_3.o)
                                0x2a0 (size before relaxing)
 .debug_str     0x00003f53      0x1a9 .\CortexM3\ARM_GCC_493\Debug\Design01.a(Timer_Animacion2.o)
                                0x39f (size before relaxing)
 .debug_str     0x000040fc       0xcf .\CortexM3\ARM_GCC_493\Debug\Design01.a(isr_4.o)
                                0x2a0 (size before relaxing)
 .debug_str     0x000041cb       0x4b .\CortexM3\ARM_GCC_493\Debug\Design01.a(IB1.o)
                                0x1de (size before relaxing)
 .debug_str     0x00004216       0x40 .\CortexM3\ARM_GCC_493\Debug\Design01.a(IB2.o)
                                0x1de (size before relaxing)
 .debug_str     0x00004256      0x36b .\CortexM3\ARM_GCC_493\Debug\Design01.a(RF_Connection.o)
                                0x698 (size before relaxing)
 .debug_str     0x000045c1       0x41 .\CortexM3\ARM_GCC_493\Debug\Design01.a(RF_Connection_INT.o)
                                0x294 (size before relaxing)
 .debug_str     0x00004602      0x194 .\CortexM3\ARM_GCC_493\Debug\Design01.a(RF_Connection_IntClock.o)
                                0x3a8 (size before relaxing)
 .debug_str     0x00004796      0x154 .\CortexM3\ARM_GCC_493\Debug\Design01.a(Waitable_4.o)
                                0x33f (size before relaxing)
 .debug_str     0x000048ea      0x154 .\CortexM3\ARM_GCC_493\Debug\Design01.a(Waitable_3.o)
                                0x33f (size before relaxing)
 .debug_str     0x00004a3e       0xda .\CortexM3\ARM_GCC_493\Debug\Design01.a(isr_1.o)
                                0x2a0 (size before relaxing)
 .debug_str     0x00004b18       0xda .\CortexM3\ARM_GCC_493\Debug\Design01.a(isr_2.o)
                                0x2a0 (size before relaxing)
 .debug_str     0x00004bf2       0xf6 .\CortexM3\ARM_GCC_493\Debug\Design01.a(CyFlash.o)
                                0x39b (size before relaxing)
 .debug_str     0x00004ce8       0x70 .\CortexM3\ARM_GCC_493\Debug\Design01.a(CySpc.o)
                                0x324 (size before relaxing)

.debug_loc      0x00000000     0x7f70
 *(.debug_loc)
 .debug_loc     0x00000000      0x6fd .\CortexM3\ARM_GCC_493\Debug\main.o
 .debug_loc     0x000006fd     0x12d8 .\CortexM3\ARM_GCC_493\Debug\protocol.o
 .debug_loc     0x000019d5      0x411 .\CortexM3\ARM_GCC_493\Debug\LCD.o
 .debug_loc     0x00001de6      0x1b8 .\CortexM3\ARM_GCC_493\Debug\keyboard.o
 .debug_loc     0x00001f9e      0x23d .\CortexM3\ARM_GCC_493\Debug\I2C.o
 .debug_loc     0x000021db     0x13a6 .\CortexM3\ARM_GCC_493\Debug\Print.o
 .debug_loc     0x00003581      0x20e .\CortexM3\ARM_GCC_493\Debug\ibuton.o
 .debug_loc     0x0000378f      0xd24 .\CortexM3\ARM_GCC_493\Debug\RFPoll.o
 .debug_loc     0x000044b3      0x144 .\CortexM3\ARM_GCC_493\Debug\Cm3Start.o
 .debug_loc     0x000045f7      0x289 .\CortexM3\ARM_GCC_493\Debug\Design01.a(cyfitter_cfg.o)
 .debug_loc     0x00004880      0x258 .\CortexM3\ARM_GCC_493\Debug\Design01.a(Printer.o)
 .debug_loc     0x00004ad8      0x34e .\CortexM3\ARM_GCC_493\Debug\Design01.a(Display1.o)
 .debug_loc     0x00004e26       0x45 .\CortexM3\ARM_GCC_493\Debug\Design01.a(Display1_INT.o)
 .debug_loc     0x00004e6b      0x34e .\CortexM3\ARM_GCC_493\Debug\Design01.a(Display2.o)
 .debug_loc     0x000051b9       0x45 .\CortexM3\ARM_GCC_493\Debug\Design01.a(Display2_INT.o)
 .debug_loc     0x000051fe      0x128 .\CortexM3\ARM_GCC_493\Debug\Design01.a(Display1_IntClock.o)
 .debug_loc     0x00005326      0x12c .\CortexM3\ARM_GCC_493\Debug\Design01.a(Display2_IntClock.o)
 .debug_loc     0x00005452      0xa11 .\CortexM3\ARM_GCC_493\Debug\Design01.a(CyLib.o)
 .debug_loc     0x00005e63      0x1e4 .\CortexM3\ARM_GCC_493\Debug\Design01.a(cyPm.o)
 .debug_loc     0x00006047      0x128 .\CortexM3\ARM_GCC_493\Debug\Design01.a(Printer_IntClock.o)
 .debug_loc     0x0000616f      0x34e .\CortexM3\ARM_GCC_493\Debug\Design01.a(Pump.o)
 .debug_loc     0x000064bd       0x45 .\CortexM3\ARM_GCC_493\Debug\Design01.a(Pump_INT.o)
 .debug_loc     0x00006502      0x49f .\CortexM3\ARM_GCC_493\Debug\Design01.a(EEPROM_1.o)
 .debug_loc     0x000069a1       0x26 .\CortexM3\ARM_GCC_493\Debug\Design01.a(I2C_Bus.o)
 .debug_loc     0x000069c7       0x29 .\CortexM3\ARM_GCC_493\Debug\Design01.a(I2C_Bus_INT.o)
 .debug_loc     0x000069f0       0x13 .\CortexM3\ARM_GCC_493\Debug\Design01.a(I2C_Bus_PM.o)
 .debug_loc     0x00006a03      0x531 .\CortexM3\ARM_GCC_493\Debug\Design01.a(I2C_Bus_MASTER.o)
 .debug_loc     0x00006f34       0x56 .\CortexM3\ARM_GCC_493\Debug\Design01.a(isr_3.o)
 .debug_loc     0x00006f8a       0x56 .\CortexM3\ARM_GCC_493\Debug\Design01.a(isr_4.o)
 .debug_loc     0x00006fe0       0x42 .\CortexM3\ARM_GCC_493\Debug\Design01.a(IB1.o)
 .debug_loc     0x00007022       0x55 .\CortexM3\ARM_GCC_493\Debug\Design01.a(IB2.o)
 .debug_loc     0x00007077      0x393 .\CortexM3\ARM_GCC_493\Debug\Design01.a(RF_Connection.o)
 .debug_loc     0x0000740a       0x45 .\CortexM3\ARM_GCC_493\Debug\Design01.a(RF_Connection_INT.o)
 .debug_loc     0x0000744f      0x128 .\CortexM3\ARM_GCC_493\Debug\Design01.a(RF_Connection_IntClock.o)
 .debug_loc     0x00007577       0x56 .\CortexM3\ARM_GCC_493\Debug\Design01.a(isr_1.o)
 .debug_loc     0x000075cd       0x56 .\CortexM3\ARM_GCC_493\Debug\Design01.a(isr_2.o)
 .debug_loc     0x00007623      0x300 .\CortexM3\ARM_GCC_493\Debug\Design01.a(CyFlash.o)
 .debug_loc     0x00007923      0x64d .\CortexM3\ARM_GCC_493\Debug\Design01.a(CySpc.o)

.debug_macinfo
 *(.debug_macinfo)

.debug_ranges   0x00000000     0x1178
 *(.debug_ranges)
 .debug_ranges  0x00000000       0x80 .\CortexM3\ARM_GCC_493\Debug\main.o
 .debug_ranges  0x00000080       0x58 .\CortexM3\ARM_GCC_493\Debug\protocol.o
 .debug_ranges  0x000000d8       0x38 .\CortexM3\ARM_GCC_493\Debug\LCD.o
 .debug_ranges  0x00000110       0x10 .\CortexM3\ARM_GCC_493\Debug\keyboard.o
 .debug_ranges  0x00000120       0x30 .\CortexM3\ARM_GCC_493\Debug\I2C.o
 .debug_ranges  0x00000150       0x20 .\CortexM3\ARM_GCC_493\Debug\Print.o
 .debug_ranges  0x00000170       0x28 .\CortexM3\ARM_GCC_493\Debug\ibuton.o
 .debug_ranges  0x00000198       0x28 .\CortexM3\ARM_GCC_493\Debug\RFPoll.o
 .debug_ranges  0x000001c0       0x38 .\CortexM3\ARM_GCC_493\Debug\Cm3Start.o
 .debug_ranges  0x000001f8       0x48 .\CortexM3\ARM_GCC_493\Debug\Design01.a(cyfitter_cfg.o)