Archive member included because of file (symbol)

.\CortexM3\ARM_GCC_493\Debug\Design01.a(cyfitter_cfg.o)
                              .\CortexM3\ARM_GCC_493\Debug\Cm3Start.o (cyfitter_cfg)
.\CortexM3\ARM_GCC_493\Debug\Design01.a(RF_Physical.o)
                              .\CortexM3\ARM_GCC_493\Debug\main.o (RF_Physical_Start)
.\CortexM3\ARM_GCC_493\Debug\Design01.a(RF_Physical_INT.o)
                              .\CortexM3\ARM_GCC_493\Debug\Design01.a(RF_Physical.o) (RF_Physical_RXISR)
.\CortexM3\ARM_GCC_493\Debug\Design01.a(Printer.o)
                              .\CortexM3\ARM_GCC_493\Debug\main.o (Printer_Start)
.\CortexM3\ARM_GCC_493\Debug\Design01.a(Display1.o)
                              .\CortexM3\ARM_GCC_493\Debug\main.o (Display1_Start)
.\CortexM3\ARM_GCC_493\Debug\Design01.a(Display1_INT.o)
                              .\CortexM3\ARM_GCC_493\Debug\Design01.a(Display1.o) (Display1_RXISR)
.\CortexM3\ARM_GCC_493\Debug\Design01.a(Display2.o)
                              .\CortexM3\ARM_GCC_493\Debug\main.o (Display2_Start)
.\CortexM3\ARM_GCC_493\Debug\Design01.a(Display2_INT.o)
                              .\CortexM3\ARM_GCC_493\Debug\Design01.a(Display2.o) (Display2_RXISR)
.\CortexM3\ARM_GCC_493\Debug\Design01.a(RF_Physical_IntClock.o)
                              .\CortexM3\ARM_GCC_493\Debug\Design01.a(RF_Physical.o) (RF_Physical_IntClock_Start)
.\CortexM3\ARM_GCC_493\Debug\Design01.a(Display1_IntClock.o)
                              .\CortexM3\ARM_GCC_493\Debug\Design01.a(Display1.o) (Display1_IntClock_Start)
.\CortexM3\ARM_GCC_493\Debug\Design01.a(Display2_IntClock.o)
                              .\CortexM3\ARM_GCC_493\Debug\Design01.a(Display2.o) (Display2_IntClock_Start)
.\CortexM3\ARM_GCC_493\Debug\Design01.a(CyBootAsmGnu.o)
                              .\CortexM3\ARM_GCC_493\Debug\Design01.a(cyfitter_cfg.o) (CyDelayCycles)
.\CortexM3\ARM_GCC_493\Debug\Design01.a(CyLib.o)
                              .\CortexM3\ARM_GCC_493\Debug\Cm3Start.o (CyHalt)
.\CortexM3\ARM_GCC_493\Debug\Design01.a(cyPm.o)
                              .\CortexM3\ARM_GCC_493\Debug\Design01.a(CyLib.o) (CyPmReadStatus)
.\CortexM3\ARM_GCC_493\Debug\Design01.a(Printer_IntClock.o)
                              .\CortexM3\ARM_GCC_493\Debug\Design01.a(Printer.o) (Printer_IntClock_Start)
.\CortexM3\ARM_GCC_493\Debug\Design01.a(Pump.o)
                              .\CortexM3\ARM_GCC_493\Debug\main.o (Pump_Start)
.\CortexM3\ARM_GCC_493\Debug\Design01.a(Pump_INT.o)
                              .\CortexM3\ARM_GCC_493\Debug\Design01.a(Pump.o) (Pump_RXISR)
.\CortexM3\ARM_GCC_493\Debug\Design01.a(EEPROM_1.o)
                              .\CortexM3\ARM_GCC_493\Debug\main.o (EEPROM_1_Start)
.\CortexM3\ARM_GCC_493\Debug\Design01.a(CyFlash.o)
                              .\CortexM3\ARM_GCC_493\Debug\Design01.a(EEPROM_1.o) (dieTemperature)
.\CortexM3\ARM_GCC_493\Debug\Design01.a(CySpc.o)
                              .\CortexM3\ARM_GCC_493\Debug\Design01.a(EEPROM_1.o) (CySpcStart)
c:/program files (x86)/cypress/psoc creator/3.3/psoc creator/import/gnu/arm/4.9.3/bin/../lib/gcc/arm-none-eabi/4.9.3/../../../../arm-none-eabi/lib/armv7-m\libg_nano.a(lib_a-errno.o)
                              .\CortexM3\ARM_GCC_493\Debug\Cm3Start.o (__errno)
c:/program files (x86)/cypress/psoc creator/3.3/psoc creator/import/gnu/arm/4.9.3/bin/../lib/gcc/arm-none-eabi/4.9.3/../../../../arm-none-eabi/lib/armv7-m\libg_nano.a(lib_a-exit.o)
                              c:/program files (x86)/cypress/psoc creator/3.3/psoc creator/import/gnu/arm/4.9.3/bin/../lib/gcc/arm-none-eabi/4.9.3/../../../../arm-none-eabi/lib/armv7-m/crt0.o (exit)
c:/program files (x86)/cypress/psoc creator/3.3/psoc creator/import/gnu/arm/4.9.3/bin/../lib/gcc/arm-none-eabi/4.9.3/../../../../arm-none-eabi/lib/armv7-m\libg_nano.a(lib_a-impure.o)
                              c:/program files (x86)/cypress/psoc creator/3.3/psoc creator/import/gnu/arm/4.9.3/bin/../lib/gcc/arm-none-eabi/4.9.3/../../../../arm-none-eabi/lib/armv7-m\libg_nano.a(lib_a-exit.o) (_global_impure_ptr)
c:/program files (x86)/cypress/psoc creator/3.3/psoc creator/import/gnu/arm/4.9.3/bin/../lib/gcc/arm-none-eabi/4.9.3/../../../../arm-none-eabi/lib/armv7-m\libg_nano.a(lib_a-init.o)
                              c:/program files (x86)/cypress/psoc creator/3.3/psoc creator/import/gnu/arm/4.9.3/bin/../lib/gcc/arm-none-eabi/4.9.3/../../../../arm-none-eabi/lib/armv7-m/crt0.o (__libc_init_array)
c:/program files (x86)/cypress/psoc creator/3.3/psoc creator/import/gnu/arm/4.9.3/bin/../lib/gcc/arm-none-eabi/4.9.3/../../../../arm-none-eabi/lib/armv7-m\libg_nano.a(lib_a-memcpy.o)
                              .\CortexM3\ARM_GCC_493\Debug\Design01.a(cyfitter_cfg.o) (memcpy)
c:/program files (x86)/cypress/psoc creator/3.3/psoc creator/import/gnu/arm/4.9.3/bin/../lib/gcc/arm-none-eabi/4.9.3/../../../../arm-none-eabi/lib/armv7-m\libg_nano.a(lib_a-memset.o)
[...]
Memory Configuration

Name             Origin             Length             Attributes
rom              0x00000000         0x00040000         xr
ram              0x1fff8000         0x00010000         xrw
*default*        0x00000000         0xffffffff

Linker script and memory map

LOAD c:/program files (x86)/cypress/psoc creator/3.3/psoc creator/import/gnu/arm/4.9.3/bin/../lib/gcc/arm-none-eabi/4.9.3/armv7-m/crti.o
LOAD c:/program files (x86)/cypress/psoc creator/3.3/psoc creator/import/gnu/arm/4.9.3/bin/../lib/gcc/arm-none-eabi/4.9.3/armv7-m/crtbegin.o
LOAD c:/program files (x86)/cypress/psoc creator/3.3/psoc creator/import/gnu/arm/4.9.3/bin/../lib/gcc/arm-none-eabi/4.9.3/../../../../arm-none-eabi/lib/armv7-m/crt0.o
START GROUP
LOAD .\CortexM3\ARM_GCC_493\Debug\main.o
LOAD .\CortexM3\ARM_GCC_493\Debug\protocol.o
LOAD .\CortexM3\ARM_GCC_493\Debug\LCD.o
LOAD .\CortexM3\ARM_GCC_493\Debug\cymetadata.o
LOAD .\CortexM3\ARM_GCC_493\Debug\Cm3Start.o
LOAD .\CortexM3\ARM_GCC_493\Debug\Design01.a
LOAD C:\Program Files (x86)\Cypress\PSoC Creator\3.3\PSoC Creator\psoc\content\cycomponentlibrary\CyComponentLibrary.cylib\CortexM3\ARM_GCC_493\Debug\CyComponentLibrary.a
END GROUP
START GROUP
LOAD c:/program files (x86)/cypress/psoc creator/3.3/psoc creator/import/gnu/arm/4.9.3/bin/../lib/gcc/arm-none-eabi/4.9.3/armv7-m\libgcc.a
LOAD c:/program files (x86)/cypress/psoc creator/3.3/psoc creator/import/gnu/arm/4.9.3/bin/../lib/gcc/arm-none-eabi/4.9.3/../../../../arm-none-eabi/lib/armv7-m\libg_nano.a
LOAD c:/program files (x86)/cypress/psoc creator/3.3/psoc creator/import/gnu/arm/4.9.3/bin/../lib/gcc/arm-none-eabi/4.9.3/../../../../arm-none-eabi/lib/armv7-m\libc_nano.a
END GROUP
START GROUP
LOAD c:/program files (x86)/cypress/psoc creator/3.3/psoc creator/import/gnu/arm/4.9.3/bin/../lib/gcc/arm-none-eabi/4.9.3/armv7-m\libgcc.a
LOAD c:/program files (x86)/cypress/psoc creator/3.3/psoc creator/import/gnu/arm/4.9.3/bin/../lib/gcc/arm-none-eabi/4.9.3/../../../../arm-none-eabi/lib/armv7-m\libc_nano.a
END GROUP
LOAD c:/program files (x86)/cypress/psoc creator/3.3/psoc creator/import/gnu/arm/4.9.3/bin/../lib/gcc/arm-none-eabi/4.9.3/armv7-m/crtend.o
LOAD c:/program files (x86)/cypress/psoc creator/3.3/psoc creator/import/gnu/arm/4.9.3/bin/../lib/gcc/arm-none-eabi/4.9.3/armv7-m/crtn.o
START GROUP
LOAD c:/program files (x86)/cypress/psoc creator/3.3/psoc creator/import/gnu/arm/4.9.3/bin/../lib/gcc/arm-none-eabi/4.9.3/armv7-m\libgcc.a
LOAD c:/program files (x86)/cypress/psoc creator/3.3/psoc creator/import/gnu/arm/4.9.3/bin/../lib/gcc/arm-none-eabi/4.9.3/../../../../arm-none-eabi/lib/armv7-m\libc.a
LOAD c:/program files (x86)/cypress/psoc creator/3.3/psoc creator/import/gnu/arm/4.9.3/bin/../lib/gcc/arm-none-eabi/4.9.3/../../../../arm-none-eabi/lib/armv7-m\libnosys.a
END GROUP
                0x00000000                CY_APPL_ORIGIN = 0x0
                0x00000100                CY_FLASH_ROW_SIZE = 0x100
                0x00000020                CY_ECC_ROW_SIZE = 0x20
                0x00000000                CY_EE_IN_BTLDR = 0x0
                0x00000000                CY_APPL_LOADABLE = 0x0
                0x00000800                CY_EE_SIZE = 0x800
                0x00000001                CY_APPL_NUM = 0x1
                0x00000001                CY_APPL_MAX = 0x1
                0x00000040                CY_METADATA_SIZE = 0x40
                0x00000000                CY_APPL_LOADABLE = 0x0
                0x00000000                CY_CHECKSUM_EXCLUDE_SIZE = ALIGN (0x0, CY_FLASH_ROW_SIZE)
                0x1fff97e0                PROVIDE (__cy_heap_start, _end)
                0x00000001                PROVIDE (__cy_region_num, ((__cy_regions_end - __cy_regions) / 0x10))
                0x20008000                PROVIDE (__cy_stack, (ORIGIN (ram) + 0x10000))
                0x20007800                PROVIDE (__cy_heap_end, (__cy_stack - 0x800))

.cybootloader   0x00000000        0x0
 *(.cybootloader)
                0x00000000                appl1_start = CY_APPL_ORIGIN?CY_APPL_ORIGIN:ALIGN (CY_FLASH_ROW_SIZE)
                0x0001ff00                appl2_start = (appl1_start + ALIGN ((((0x40000 - appl1_start) - (0x2 * CY_FLASH_ROW_SIZE)) / 0x2), CY_FLASH_ROW_SIZE))
                0x00000000                appl_start = (CY_APPL_NUM == 0x1)?appl1_start:appl2_start
                0x00000000                ecc_offset = ((appl_start / CY_FLASH_ROW_SIZE) * CY_ECC_ROW_SIZE)
                0x00000000                ee_offset = (CY_APPL_LOADABLE && ! (CY_EE_IN_BTLDR))?((CY_EE_SIZE / CY_APPL_MAX) * (CY_APPL_NUM - 0x1)):0x0
                0x00000800                ee_size = (CY_APPL_LOADABLE && ! (CY_EE_IN_BTLDR))?(CY_EE_SIZE / CY_APPL_MAX):CY_EE_SIZE
                0x00000000                PROVIDE (CY_ECC_OFFSET, ecc_offset)

.text           0x00000000     0x203a
 CREATE_OBJECT_SYMBOLS
                0x00000000                PROVIDE (__cy_interrupt_vector, RomVectors)
 *(.romvectors)
 .romvectors    0x00000000       0x10 .\CortexM3\ARM_GCC_493\Debug\Cm3Start.o
                0x00000000                RomVectors
                0x00000001                ASSERT ((. != __cy_interrupt_vector), No interrupt vector)
                0x00000001                ASSERT (CY_APPL_ORIGIN?(SIZEOF (.cybootloader) <= CY_APPL_ORIGIN):0x1, Wrong image location)
                0x00000010                PROVIDE (__cy_reset, Reset)
 *(.text.Reset)
 .text.Reset    0x00000010       0x18 .\CortexM3\ARM_GCC_493\Debug\Cm3Start.o
                0x00000010                Reset
                0x00000001                ASSERT ((. != __cy_reset), No reset code)
 *(.dma_init)
                0x00000001                ASSERT ((((appl_start + .) <= 0x10000) || 0x1), DMA Init must be within the first 64k of flash)
 *(.text .text.* .gnu.linkonce.t.*)
 .text          0x00000028       0x5c c:/program files (x86)/cypress/psoc creator/3.3/psoc creator/import/gnu/arm/4.9.3/bin/../lib/gcc/arm-none-eabi/4.9.3/armv7-m/crtbegin.o
 .text.GlobalInitializer
                0x00000084       0x1c .\CortexM3\ARM_GCC_493\Debug\main.o
                0x00000084                GlobalInitializer
 .text.StoreConfiguration
                0x000000a0       0x58 .\CortexM3\ARM_GCC_493\Debug\main.o
                0x000000a0                StoreConfiguration
 .text.InitLCD1
                0x000000f8      0x1dc .\CortexM3\ARM_GCC_493\Debug\main.o
                0x000000f8                InitLCD1
 .text.InitLCD2
                0x000002d4       0x50 .\CortexM3\ARM_GCC_493\Debug\main.o
                0x000002d4                InitLCD2
 .text.InitPump
                0x00000324       0x94 .\CortexM3\ARM_GCC_493\Debug\main.o
                0x00000324                InitPump
 .text.PollingPump
                0x000003b8       0xcc .\CortexM3\ARM_GCC_493\Debug\main.o
                0x000003b8                PollingPump
 .text.PollingDisplay1
                0x00000484      0x328 .\CortexM3\ARM_GCC_493\Debug\main.o
                0x00000484                PollingDisplay1
 .text.PollingDisplay2
                0x000007ac      0x324 .\CortexM3\ARM_GCC_493\Debug\main.o
                0x000007ac                PollingDisplay2
 .text.main     0x00000ad0       0x48 .\CortexM3\ARM_GCC_493\Debug\main.o
                0x00000ad0                main
 .text.get_state
                0x00000b18       0x30 .\CortexM3\ARM_GCC_493\Debug\protocol.o
                0x00000b18                get_state
 .text.get_position
                0x00000b48      0x120 .\CortexM3\ARM_GCC_493\Debug\protocol.o
                0x00000b48                get_position
 .text.PumpIsInValidState
                0x00000c68       0x14 .\CortexM3\ARM_GCC_493\Debug\protocol.o
                0x00000c68                PumpIsInValidState
 .text.GetLRC   0x00000c7c       0x28 .\CortexM3\ARM_GCC_493\Debug\protocol.o
                0x00000c7c                GetLRC
 .text.PumpCompleteConfiguration
                0x00000ca4      0x100 .\CortexM3\ARM_GCC_493\Debug\protocol.o
                0x00000ca4                PumpCompleteConfiguration
 .text.SetPicture
                0x00000da4       0x50 .\CortexM3\ARM_GCC_493\Debug\LCD.o
                0x00000da4                SetPicture
 .text.WriteLCD
                0x00000df4       0xc8 .\CortexM3\ARM_GCC_493\Debug\LCD.o
                0x00000df4                WriteLCD
 .text.ShowRectangle
                0x00000ebc       0x5c .\CortexM3\ARM_GCC_493\Debug\LCD.o
                0x00000ebc                ShowRectangle
 .text.ShowMessage
                0x00000f18       0x34 .\CortexM3\ARM_GCC_493\Debug\LCD.o
                0x00000f18                ShowMessage
 .text.IntDefaultHandler
                0x00000f4c        0x4 .\CortexM3\ARM_GCC_493\Debug\Cm3Start.o
                0x00000f4c                IntDefaultHandler
 .text.Start_c  0x00000f50       0x4c .\CortexM3\ARM_GCC_493\Debug\Cm3Start.o
                0x00000f50                Start_c
 .text.initialize_psoc
                0x00000f9c       0x74 .\CortexM3\ARM_GCC_493\Debug\Cm3Start.o
                0x00000f9c                initialize_psoc
 .text.CyClockStartupError
                0x00001010        0x4 .\CortexM3\ARM_GCC_493\Debug\Design01.a(cyfitter_cfg.o)
 .text.cfg_write_bytes32
                0x00001014       0x34 .\CortexM3\ARM_GCC_493\Debug\Design01.a(cyfitter_cfg.o)
 .text.AnalogSetDefault
                0x00001048       0x28 .\CortexM3\ARM_GCC_493\Debug\Design01.a(cyfitter_cfg.o)
 .text.CYMEMZERO
                0x00001070        0xc .\CortexM3\ARM_GCC_493\Debug\Design01.a(cyfitter_cfg.o)
 .text.ClockSetup
                0x0000107c       0xec .\CortexM3\ARM_GCC_493\Debug\Design01.a(cyfitter_cfg.o)
 .text.CYCONFIGCPY
                0x00001168        0x8 .\CortexM3\ARM_GCC_493\Debug\Design01.a(cyfitter_cfg.o)
 .text.cyfitter_cfg
                0x00001170      0x120 .\CortexM3\ARM_GCC_493\Debug\Design01.a(cyfitter_cfg.o)
                0x00001170                cyfitter_cfg
 .text.RF_Physical_Init
                0x00001290       0x44 .\CortexM3\ARM_GCC_493\Debug\Design01.a(RF_Physical.o)
                0x00001290                RF_Physical_Init
 .text.RF_Physical_Enable
                0x000012d4       0x44 .\CortexM3\ARM_GCC_493\Debug\Design01.a(RF_Physical.o)
                0x000012d4                RF_Physical_Enable
 .text.RF_Physical_Start
                0x00001318       0x1c .\CortexM3\ARM_GCC_493\Debug\Design01.a(RF_Physical.o)
                0x00001318                RF_Physical_Start
 .text.RF_Physical_RXISR
                0x00001334       0x9c .\CortexM3\ARM_GCC_493\Debug\Design01.a(RF_Physical_INT.o)
                0x00001334                RF_Physical_RXISR
 .text.Printer_Init
                0x000013d0       0x24 .\CortexM3\ARM_GCC_493\Debug\Design01.a(Printer.o)
                0x000013d0                Printer_Init
 .text.Printer_Enable
                0x000013f4       0x38 .\CortexM3\ARM_GCC_493\Debug\Design01.a(Printer.o)
                0x000013f4                Printer_Enable
 .text.Printer_Start
                0x0000142c       0x1c .\CortexM3\ARM_GCC_493\Debug\Design01.a(Printer.o)
                0x0000142c                Printer_Start
 .text.Display1_Init
                0x00001448       0x48 .\CortexM3\ARM_GCC_493\Debug\Design01.a(Display1.o)
                0x00001448                Display1_Init
 .text.Display1_Enable
                0x00001490       0x48 .\CortexM3\ARM_GCC_493\Debug\Design01.a(Display1.o)
                0x00001490                Display1_Enable
 .text.Display1_Start
                0x000014d8       0x1c .\CortexM3\ARM_GCC_493\Debug\Design01.a(Display1.o)
                0x000014d8                Display1_Start
 .text.Display1_GetRxBufferSize
                0x000014f4       0x5c .\CortexM3\ARM_GCC_493\Debug\Design01.a(Display1.o)
                0x000014f4                Display1_GetRxBufferSize
 .text.Display1_ClearRxBuffer
                0x00001550       0x44 .\CortexM3\ARM_GCC_493\Debug\Design01.a(Display1.o)
                0x00001550                Display1_ClearRxBuffer
 .text.Display1_PutChar
                0x00001594       0x18 .\CortexM3\ARM_GCC_493\Debug\Design01.a(Display1.o)
                0x00001594                Display1_PutChar
 .text.Display1_RXISR
                0x000015ac       0x94 .\CortexM3\ARM_GCC_493\Debug\Design01.a(Display1_INT.o)
                0x000015ac                Display1_RXISR
 .text.Display2_Init
                0x00001640       0x44 .\CortexM3\ARM_GCC_493\Debug\Design01.a(Display2.o)
                0x00001640                Display2_Init
 .text.Display2_Enable
                0x00001684       0x44 .\CortexM3\ARM_GCC_493\Debug\Design01.a(Display2.o)
                0x00001684                Display2_Enable
 .text.Display2_Start
                0x000016c8       0x1c .\CortexM3\ARM_GCC_493\Debug\Design01.a(Display2.o)
                0x000016c8                Display2_Start
 .text.Display2_GetRxBufferSize
                0x000016e4       0x5c .\CortexM3\ARM_GCC_493\Debug\Design01.a(Display2.o)
                0x000016e4                Display2_GetRxBufferSize
 .text.Display2_ClearRxBuffer
                0x00001740       0x44 .\CortexM3\ARM_GCC_493\Debug\Design01.a(Display2.o)
                0x00001740                Display2_ClearRxBuffer
 .text.Display2_PutChar
                0x00001784       0x18 .\CortexM3\ARM_GCC_493\Debug\Design01.a(Display2.o)
                0x00001784                Display2_PutChar
 .text.Display2_RXISR
                0x0000179c       0x94 .\CortexM3\ARM_GCC_493\Debug\Design01.a(Display2_INT.o)
                0x0000179c                Display2_RXISR
 .text.RF_Physical_IntClock_Start
                0x00001830       0x1c .\CortexM3\ARM_GCC_493\Debug\Design01.a(RF_Physical_IntClock.o)
                0x00001830                RF_Physical_IntClock_Start
 .text.Display1_IntClock_Start
                0x0000184c       0x1c .\CortexM3\ARM_GCC_493\Debug\Design01.a(Display1_IntClock.o)
                0x0000184c                Display1_IntClock_Start
 .text.Display2_IntClock_Start
                0x00001868       0x1c .\CortexM3\ARM_GCC_493\Debug\Design01.a(Display2_IntClock.o)
                0x00001868                Display2_IntClock_Start
 *fill*         0x00001884        0x4 
 .text          0x00001888       0x20 .\CortexM3\ARM_GCC_493\Debug\Design01.a(CyBootAsmGnu.o)
                0x00001888                CyDelayCycles
                0x00001898                CyEnterCriticalSection
                0x000018a0                CyExitCriticalSection
 .text.CyHalt   0x000018a8        0x4 .\CortexM3\ARM_GCC_493\Debug\Design01.a(CyLib.o)
                0x000018a8                CyHalt
 .text.CyDelay  0x000018ac       0x2c .\CortexM3\ARM_GCC_493\Debug\Design01.a(CyLib.o)
                0x000018ac                CyDelay
 .text.CyDelayUs
                0x000018d8       0x14 .\CortexM3\ARM_GCC_493\Debug\Design01.a(CyLib.o)
                0x000018d8                CyDelayUs
 .text.CyWdtClear
                0x000018ec        0xc .\CortexM3\ARM_GCC_493\Debug\Design01.a(CyLib.o)
                0x000018ec                CyWdtClear
 .text.CyIntSetVector
                0x000018f8       0x28 .\CortexM3\ARM_GCC_493\Debug\Design01.a(CyLib.o)
                0x000018f8                CyIntSetVector
 .text.CyIntSetPriority
                0x00001920       0x30 .\CortexM3\ARM_GCC_493\Debug\Design01.a(CyLib.o)
                0x00001920                CyIntSetPriority
 .text.Printer_IntClock_Start
                0x00001950       0x1c .\CortexM3\ARM_GCC_493\Debug\Design01.a(Printer_IntClock.o)
                0x00001950                Printer_IntClock_Start
 .text.Pump_Init
                0x0000196c       0x44 .\CortexM3\ARM_GCC_493\Debug\Design01.a(Pump.o)
                0x0000196c                Pump_Init
 .text.Pump_Enable
                0x000019b0       0x3c .\CortexM3\ARM_GCC_493\Debug\Design01.a(Pump.o)
                0x000019b0                Pump_Enable
 .text.Pump_Start
                0x000019ec       0x1c .\CortexM3\ARM_GCC_493\Debug\Design01.a(Pump.o)
                0x000019ec                Pump_Start
 .text.Pump_ReadRxData
                0x00001a08       0x64 .\CortexM3\ARM_GCC_493\Debug\Design01.a(Pump.o)
                0x00001a08                Pump_ReadRxData
 .text.Pump_GetRxBufferSize
                0x00001a6c       0x68 .\CortexM3\ARM_GCC_493\Debug\Design01.a(Pump.o)
                0x00001a6c                Pump_GetRxBufferSize
 .text.Pump_ClearRxBuffer
                0x00001ad4       0x44 .\CortexM3\ARM_GCC_493\Debug\Design01.a(Pump.o)
                0x00001ad4                Pump_ClearRxBuffer
 .text.Pump_PutChar
                0x00001b18       0x18 .\CortexM3\ARM_GCC_493\Debug\Design01.a(Pump.o)
                0x00001b18                Pump_PutChar
 .text.Pump_RXISR
                0x00001b30       0x98 .\CortexM3\ARM_GCC_493\Debug\Design01.a(Pump_INT.o)
                0x00001b30                Pump_RXISR
 .text.EEPROM_1_Enable
                0x00001bc8        0xc .\CortexM3\ARM_GCC_493\Debug\Design01.a(EEPROM_1.o)
                0x00001bc8                EEPROM_1_Enable
 .text.EEPROM_1_Start
                0x00001bd4        0x8 .\CortexM3\ARM_GCC_493\Debug\Design01.a(EEPROM_1.o)
                0x00001bd4                EEPROM_1_Start
 .text.EEPROM_1_WriteByte
                0x00001bdc       0xd4 .\CortexM3\ARM_GCC_493\Debug\Design01.a(EEPROM_1.o)
                0x00001bdc                EEPROM_1_WriteByte
 .text.CyFlashGetSpcAlgorithm
                0x00001cb0       0x4c .\CortexM3\ARM_GCC_493\Debug\Design01.a(CyFlash.o)
 .text.CySetTempInt
                0x00001cfc       0x60 .\CortexM3\ARM_GCC_493\Debug\Design01.a(CyFlash.o)
 .text.CySetTemp
                0x00001d5c       0x14 .\CortexM3\ARM_GCC_493\Debug\Design01.a(CyFlash.o)
                0x00001d5c                CySetTemp
 .text.CyEEPROM_Start
                0x00001d70       0x54 .\CortexM3\ARM_GCC_493\Debug\Design01.a(CyFlash.o)
                0x00001d70                CyEEPROM_Start
 .text.CySpcStart
                0x00001dc4       0x24 .\CortexM3\ARM_GCC_493\Debug\Design01.a(CySpc.o)
                0x00001dc4                CySpcStart
 .text.CySpcReadData
                0x00001de8       0x34 .\CortexM3\ARM_GCC_493\Debug\Design01.a(CySpc.o)
                0x00001de8                CySpcReadData
 .text.CySpcLoadMultiByte
                0x00001e1c       0x78 .\CortexM3\ARM_GCC_493\Debug\Design01.a(CySpc.o)
                0x00001e1c                CySpcLoadMultiByte
 .text.CySpcWriteRow
                0x00001e94       0x4c .\CortexM3\ARM_GCC_493\Debug\Design01.a(CySpc.o)
                0x00001e94                CySpcWriteRow
 .text.CySpcGetTemp
                0x00001ee0       0x3c .\CortexM3\ARM_GCC_493\Debug\Design01.a(CySpc.o)
                0x00001ee0                CySpcGetTemp
 .text.CySpcLock
                0x00001f1c       0x4c .\CortexM3\ARM_GCC_493\Debug\Design01.a(CySpc.o)
                0x00001f1c                CySpcLock
 .text.CySpcUnlock
                0x00001f68       0x38 .\CortexM3\ARM_GCC_493\Debug\Design01.a(CySpc.o)
                0x00001f68                CySpcUnlock
 .text.CySpcGetAlgorithm
                0x00001fa0       0x28 .\CortexM3\ARM_GCC_493\Debug\Design01.a(CySpc.o)
                0x00001fa0                CySpcGetAlgorithm
 .text.__libc_init_array
                0x00001fc8       0x4c c:/program files (x86)/cypress/psoc creator/3.3/psoc creator/import/gnu/arm/4.9.3/bin/../lib/gcc/arm-none-eabi/4.9.3/../../../../arm-none-eabi/lib/armv7-m\libg_nano.a(lib_a-init.o)
                0x00001fc8                __libc_init_array
 .text.memcpy   0x00002014       0x16 c:/program files (x86)/cypress/psoc creator/3.3/psoc creator/import/gnu/arm/4.9.3/bin/../lib/gcc/arm-none-eabi/4.9.3/../../../../arm-none-eabi/lib/armv7-m\libg_nano.a(lib_a-memcpy.o)
                0x00002014                memcpy
 .text.memset   0x0000202a       0x10 c:/program files (x86)/cypress/psoc creator/3.3/psoc creator/import/gnu/arm/4.9.3/bin/../lib/gcc/arm-none-eabi/4.9.3/../../../../arm-none-eabi/lib/armv7-m\libg_nano.a(lib_a-memset.o)
                0x0000202a                memset
 *(.plt)
 *(.gnu.warning)
 *(.glue_7t)
 .glue_7t       0x00000000        0x0 linker stubs
 *(.glue_7)
 .glue_7        0x00000000        0x0 linker stubs
 *(.vfp11_veneer)
 .vfp11_veneer  0x00000000        0x0 linker stubs
 *(.bootloader)
 *(.ARM.extab* .gnu.linkonce.armextab.*)
 *(.gcc_except_table)

.v4_bx          0x0000203c        0x0
 .v4_bx         0x00000000        0x0 linker stubs

.iplt           0x0000203c        0x0
 .iplt          0x00000000        0x0 c:/program files (x86)/cypress/psoc creator/3.3/psoc creator/import/gnu/arm/4.9.3/bin/../lib/gcc/arm-none-eabi/4.9.3/armv7-m/crtbegin.o

.eh_frame_hdr
 *(.eh_frame_hdr)

.eh_frame       0x0000203c        0x4
 *(.eh_frame)
 .eh_frame      0x0000203c        0x0 c:/program files (x86)/cypress/psoc creator/3.3/psoc creator/import/gnu/arm/4.9.3/bin/../lib/gcc/arm-none-eabi/4.9.3/armv7-m/crtbegin.o
 .eh_frame      0x0000203c        0x4 c:/program files (x86)/cypress/psoc creator/3.3/psoc creator/import/gnu/arm/4.9.3/bin/../lib/gcc/arm-none-eabi/4.9.3/armv7-m/crtend.o
                0x00002040                PROVIDE (__exidx_start, .)

.ARM.exidx
 *(.ARM.exidx* .gnu.linkonce.armexidx.*)
                0x00002040                __exidx_end = .

.rodata         0x00002040      0x110
 *(.rodata .rodata.* .gnu.linkonce.r.*)
 .rodata        0x00002040       0x54 .\CortexM3\ARM_GCC_493\Debug\main.o
 .rodata.str1.4
                0x00002094       0x18 .\CortexM3\ARM_GCC_493\Debug\main.o
 .rodata        0x000020ac       0x2c .\CortexM3\ARM_GCC_493\Debug\LCD.o
 .rodata        0x000020d8       0x44 .\CortexM3\ARM_GCC_493\Debug\Design01.a(cyfitter_cfg.o)
                0x0000211c                . = ALIGN (0x4)
 *(.init)
 .init          0x0000211c        0x4 c:/program files (x86)/cypress/psoc creator/3.3/psoc creator/import/gnu/arm/4.9.3/bin/../lib/gcc/arm-none-eabi/4.9.3/armv7-m/crti.o
                0x0000211c                _init
 .init          0x00002120        0x8 c:/program files (x86)/cypress/psoc creator/3.3/psoc creator/import/gnu/arm/4.9.3/bin/../lib/gcc/arm-none-eabi/4.9.3/armv7-m/crtn.o
                0x00002128                . = ALIGN (0x4)
                0x00002128                __preinit_array_start = .
 *(.preinit_array)
                0x00002128                __preinit_array_end = .
                0x00002128                . = ALIGN (0x4)
                0x00002128                __init_array_start = .
 *(SORT(.init_array.*))
 *(.init_array)
 .init_array    0x00002128        0x4 c:/program files (x86)/cypress/psoc creator/3.3/psoc creator/import/gnu/arm/4.9.3/bin/../lib/gcc/arm-none-eabi/4.9.3/armv7-m/crtbegin.o
 .init_array    0x0000212c        0x4 .\CortexM3\ARM_GCC_493\Debug\Cm3Start.o
                0x00002130                __init_array_end = .
                0x00002130                . = ALIGN (0x4)
 *(.fini)
 .fini          0x00002130        0x4 c:/program files (x86)/cypress/psoc creator/3.3/psoc creator/import/gnu/arm/4.9.3/bin/../lib/gcc/arm-none-eabi/4.9.3/armv7-m/crti.o
                0x00002130                _fini
 .fini          0x00002134        0x8 c:/program files (x86)/cypress/psoc creator/3.3/psoc creator/import/gnu/arm/4.9.3/bin/../lib/gcc/arm-none-eabi/4.9.3/armv7-m/crtn.o
                0x0000213c                . = ALIGN (0x4)
                0x0000213c                __fini_array_start = .
 *(.fini_array)
 .fini_array    0x0000213c        0x4 c:/program files (x86)/cypress/psoc creator/3.3/psoc creator/import/gnu/arm/4.9.3/bin/../lib/gcc/arm-none-eabi/4.9.3/armv7-m/crtbegin.o
 *(SORT(.fini_array.*))
                0x00002140                __fini_array_end = .
                0x00002140                . = ALIGN (0x4)
 *crtbegin.o(.ctors)
 *(EXCLUDE_FILE(*crtend.o) .ctors)
 *(SORT(.ctors.*))
 *crtend.o(.ctors)
                0x00002140                . = ALIGN (0x4)
 *crtbegin.o(.dtors)
 *(EXCLUDE_FILE(*crtend.o) .dtors)
 *(SORT(.dtors.*))
 *crtend.o(.dtors)
                0x00002140                . = ALIGN (0x4)
                0x00002140                __cy_regions = .
                0x00002140        0x4 LONG 0x2150 __cy_region_init_ram
                0x00002144        0x4 LONG 0x1fff8108 __cy_region_start_data
                0x00002148        0x4 LONG 0x20 __cy_region_init_size_ram
                0x0000214c        0x4 LONG 0x16b8 __cy_region_zero_size_ram
                0x00002150                __cy_regions_end = .
                0x00002150                . = ALIGN (0x8)
                0x00002150                _etext = .

.cy_checksum_exclude
                0x00002150        0x0
 *(.cy_checksum_exclude)

.ramvectors     0x1fff8000      0x100
                0x1fff8000                __cy_region_start_ram = .
 *(.ramvectors)
 .ramvectors    0x1fff8000      0x100 .\CortexM3\ARM_GCC_493\Debug\Cm3Start.o
                0x1fff8000                CyRamVectors

.noinit         0x1fff8100        0x5
 *(.noinit)
 .noinit        0x1fff8100        0x4 .\CortexM3\ARM_GCC_493\Debug\Cm3Start.o
 .noinit        0x1fff8104        0x1 .\CortexM3\ARM_GCC_493\Debug\Design01.a(CyLib.o)
                0x1fff8104                CyResetStatus

.data           0x1fff8108       0x20 load address 0x00002150
                0x1fff8108                __cy_region_start_data = .
 *(.jcr)
 .jcr           0x1fff8108        0x0 c:/program files (x86)/cypress/psoc creator/3.3/psoc creator/import/gnu/arm/4.9.3/bin/../lib/gcc/arm-none-eabi/4.9.3/armv7-m/crtbegin.o
 .jcr           0x1fff8108        0x4 c:/program files (x86)/cypress/psoc creator/3.3/psoc creator/import/gnu/arm/4.9.3/bin/../lib/gcc/arm-none-eabi/4.9.3/armv7-m/crtend.o
 *(.got.plt)
 *(.got)
 *(.shdata)
 *(.data .data.* .gnu.linkonce.d.*)
 .data          0x1fff810c        0xc .\CortexM3\ARM_GCC_493\Debug\main.o
                0x1fff810c                MuxVersion
 .data          0x1fff8118       0x10 .\CortexM3\ARM_GCC_493\Debug\Design01.a(CyLib.o)
                0x1fff8118                cydelay_32k_ms
                0x1fff811c                cydelay_freq_khz
                0x1fff8120                cydelay_freq_mhz
                0x1fff8124                cydelay_freq_hz
                0x1fff8128                . = ALIGN (0x8)
 *(.ram)
                0x1fff8128                _edata = .

.igot.plt       0x1fff8128        0x0 load address 0x00002170
 .igot.plt      0x00000000        0x0 c:/program files (x86)/cypress/psoc creator/3.3/psoc creator/import/gnu/arm/4.9.3/bin/../lib/gcc/arm-none-eabi/4.9.3/armv7-m/crtbegin.o

.bss            0x1fff8128     0x16b8 load address 0x00002170
                0x1fff8128                PROVIDE (__bss_start__, .)
 *(.shbss)
 *(.bss .bss.* .gnu.linkonce.b.*)
 .bss           0x1fff8128       0x1c c:/program files (x86)/cypress/psoc creator/3.3/psoc creator/import/gnu/arm/4.9.3/bin/../lib/gcc/arm-none-eabi/4.9.3/armv7-m/crtbegin.o
 .bss           0x1fff8144        0xa .\CortexM3\ARM_GCC_493\Debug\Design01.a(RF_Physical.o)
                0x1fff8144                RF_Physical_errorStatus
                0x1fff8145                RF_Physical_initVar
                0x1fff8146                RF_Physical_rxBufferRead
                0x1fff8148                RF_Physical_rxBufferWrite
                0x1fff814a                RF_Physical_rxBufferLoopDetect
                0x1fff814b                RF_Physical_rxBufferOverflow
 .bss           0x1fff814e        0x2 .\CortexM3\ARM_GCC_493\Debug\Design01.a(Printer.o)
                0x1fff814e                Printer_initVar
 .bss           0x1fff8150        0x7 .\CortexM3\ARM_GCC_493\Debug\Design01.a(Display1.o)
                0x1fff8150                Display1_errorStatus
                0x1fff8151                Display1_initVar
                0x1fff8152                Display1_rxBufferRead
                0x1fff8153                Display1_rxBufferWrite
                0x1fff8154                Display1_rxBufferLoopDetect
                0x1fff8155                Display1_rxBufferOverflow
 .bss           0x1fff8157        0x7 .\CortexM3\ARM_GCC_493\Debug\Design01.a(Display2.o)
                0x1fff8157                Display2_errorStatus
                0x1fff8158                Display2_initVar
                0x1fff8159                Display2_rxBufferRead
                0x1fff815a                Display2_rxBufferWrite
                0x1fff815b                Display2_rxBufferLoopDetect
                0x1fff815c                Display2_rxBufferOverflow
 .bss           0x1fff815e        0xa .\CortexM3\ARM_GCC_493\Debug\Design01.a(Pump.o)
                0x1fff815e                Pump_errorStatus
                0x1fff815f                Pump_initVar
                0x1fff8160                Pump_rxBufferRead
                0x1fff8162                Pump_rxBufferWrite
                0x1fff8164                Pump_rxBufferLoopDetect
                0x1fff8165                Pump_rxBufferOverflow
 .bss           0x1fff8168        0x8 .\CortexM3\ARM_GCC_493\Debug\Design01.a(CySpc.o)
                0x1fff8168                SpcLockState
 *(COMMON)
 COMMON         0x1fff8170     0x132c .\CortexM3\ARM_GCC_493\Debug\main.o
                0x1fff8170                idSeller
                0x1fff818c                delayPicture2
                0x1fff8190                side
                0x1fff8590                flagPoint2
                0x1fff8591                decimalVolume
                0x1fff8594                bufferDisplay1
                0x1fff882c                PrevStatePump
                0x1fff8830                screen
                0x1fff8832                UnitType
                0x1fff8833                VolDec
                0x1fff8838                countAnimation1
                0x1fff8840                flowDisplay3
                0x1fff8844                turn
                0x1fff8848                bufferDisplay2
                0x1fff8add                MoneyDec
                0x1fff8ae0                button
                0x1fff8ea0                residue
                0x1fff8eae                flagResetMux
                0x1fff8eb0                passwordSeller
                0x1fff8eb8                presetFast
                0x1fff8ed6                lockTurn
                0x1fff8ed7                productNumber
                0x1fff8ed8                statePump
                0x1fff8edc                symbols
                0x1fff8ede                digits
                0x1fff8edf                numberKeys1
                0x1fff8ee0                ipAdress
                0x1fff8ef0                countAnimation2
                0x1fff8ef8                countBeagleTX
                0x1fff8f00                flowDisplay1
                0x1fff8f04                bufferDisplay4
                0x1fff9199                ppux10
                0x1fff919c                flowDisplay2
                0x1fff91a0                time
                0x1fff91a3                flagPoint1
                0x1fff91a4                bufferDisplay3
                0x1fff943c                temporal
                0x1fff945a                PrevScreen
                0x1fff945b                PPUDec
                0x1fff945c                numberKeys2
                0x1fff945d                ConversionFactor
                0x1fff9460                delayPicture1
                0x1fff9464                date
                0x1fff9468                countPump
                0x1fff9470                DDMode
                0x1fff9474                flowDisplay4
                0x1fff9478                NumPositions
                0x1fff9479                stateBeagleSoft
                0x1fff947c                temporalCom
                0x1fff949a                decimalMoney
                0x1fff949b                typeIdSeller
 COMMON         0x1fff949c      0x200 .\CortexM3\ARM_GCC_493\Debug\Design01.a(RF_Physical.o)
                0x1fff949c                RF_Physical_rxBuffer
 COMMON         0x1fff969c       0x20 .\CortexM3\ARM_GCC_493\Debug\Design01.a(Display1.o)
                0x1fff969c                Display1_rxBuffer
 COMMON         0x1fff96bc       0x20 .\CortexM3\ARM_GCC_493\Debug\Design01.a(Display2.o)
                0x1fff96bc                Display2_rxBuffer
 COMMON         0x1fff96dc      0x100 .\CortexM3\ARM_GCC_493\Debug\Design01.a(Pump.o)
                0x1fff96dc                Pump_rxBuffer
 COMMON         0x1fff97dc        0x2 .\CortexM3\ARM_GCC_493\Debug\Design01.a(CyFlash.o)
                0x1fff97dc                dieTemperature
                0x1fff97e0                . = ALIGN (0x8)
 *fill*         0x1fff97de        0x2 
 *(.ram.b)
                0x1fff97e0                _end = .
                0x1fff97e0                __end = .
                0x1fff97e0                PROVIDE (end, .)
                0x1fff97e0                PROVIDE (__bss_end__, .)
                0x00002150                __cy_region_init_ram = LOADADDR (.data)
                0x00000020                __cy_region_init_size_ram = (_edata - ADDR (.data))
                0x000016b8                __cy_region_zero_size_ram = (_end - _edata)

.heap           0x1fff97e0       0x80 load address 0x00002170
                0x1fff97e0                . = _end
                0x1fff9860                . = (. + 0x80)
 *fill*         0x1fff97e0       0x80 
                0x1fff9860                __cy_heap_limit = .

.stack          0x20007800      0x800
                0x20007800                __cy_stack_limit = .
                0x20008000                . = (. + 0x800)
 *fill*         0x20007800      0x800 
                0x00000001                ASSERT ((__cy_stack_limit >= __cy_heap_limit), region RAM overflowed with stack)
                0x00000000                cy_checksum_exclude_size = (CY_APPL_LOADABLE == 0x1)?SIZEOF (.cy_checksum_exclude):0x0
                0x00000001                ASSERT ((cy_checksum_exclude_size <= CY_CHECKSUM_EXCLUDE_SIZE), CY_BOOT: Section .cy_checksum_exclude size exceedes specified limit.)

.cyloadermeta
 *(.cyloadermeta)

.cyloadablemeta
 *(.cyloadablemeta)

.cyconfigecc    0x80000000      0xecc
 *(.cyconfigecc)
 .cyconfigecc   0x80000000      0xecc .\CortexM3\ARM_GCC_493\Debug\cymetadata.o
                0x80000000                cy_meta_configecc

.cycustnvl      0x90000000        0x4
 *(.cycustnvl)
 .cycustnvl     0x90000000        0x4 .\CortexM3\ARM_GCC_493\Debug\cymetadata.o
                0x90000000                cy_meta_custnvl

.cywolatch      0x90100000        0x4
 *(.cywolatch)
 .cywolatch     0x90100000        0x4 .\CortexM3\ARM_GCC_493\Debug\cymetadata.o
                0x90100000                cy_meta_wonvl

.cyeeprom       0x90200000        0x0
 *(.cyeeprom)
                0x00000001                ASSERT ((. <= ((0x90200000 + ee_offset) + ee_size)), .cyeeprom data will not fit in EEPROM)

.cyflashprotect
                0x90400000      0x100
 *(.cyflashprotect)
 .cyflashprotect
                0x90400000      0x100 .\CortexM3\ARM_GCC_493\Debug\cymetadata.o
                0x90400000                cy_meta_flashprotect

.cymeta         0x90500000        0xc
 *(.cymeta)
 .cymeta        0x90500000        0xc .\CortexM3\ARM_GCC_493\Debug\cymetadata.o
                0x90500000                cy_metadata

.rel.dyn        0x00002170        0x0 load address 0x9050000c
 .rel.iplt      0x00000000        0x0 c:/program files (x86)/cypress/psoc creator/3.3/psoc creator/import/gnu/arm/4.9.3/bin/../lib/gcc/arm-none-eabi/4.9.3/armv7-m/crtbegin.o

.stab
 *(.stab)

.stabstr
 *(.stabstr)

.debug
 *(.debug)

.line
 *(.line)

.debug_srcinfo
 *(.debug_srcinfo)

.debug_sfnames
 *(.debug_sfnames)

.debug_aranges  0x00000000      0xd48
 *(.debug_aranges)
 .debug_aranges
                0x00000000       0x60 .\CortexM3\ARM_GCC_493\Debug\main.o
 .debug_aranges
                0x00000060       0x40 .\CortexM3\ARM_GCC_493\Debug\protocol.o
 .debug_aranges
                0x000000a0       0x40 .\CortexM3\ARM_GCC_493\Debug\LCD.o
 .debug_aranges
                0x000000e0       0x18 .\CortexM3\ARM_GCC_493\Debug\cymetadata.o
 .debug_aranges
                0x000000f8       0x48 .\CortexM3\ARM_GCC_493\Debug\Cm3Start.o
 .debug_aranges
                0x00000140       0x58 .\CortexM3\ARM_GCC_493\Debug\Design01.a(cyfitter_cfg.o)
 .debug_aranges
                0x00000198       0xf0 .\CortexM3\ARM_GCC_493\Debug\Design01.a(RF_Physical.o)
 .debug_aranges
                0x00000288       0x20 .\CortexM3\ARM_GCC_493\Debug\Design01.a(RF_Physical_INT.o)
 .debug_aranges
                0x000002a8       0xf0 .\CortexM3\ARM_GCC_493\Debug\Design01.a(Printer.o)
 .debug_aranges
                0x00000398       0xf0 .\CortexM3\ARM_GCC_493\Debug\Design01.a(Display1.o)
 .debug_aranges
                0x00000488       0x20 .\CortexM3\ARM_GCC_493\Debug\Design01.a(Display1_INT.o)
 .debug_aranges
                0x000004a8       0xf0 .\CortexM3\ARM_GCC_493\Debug\Design01.a(Display2.o)
 .debug_aranges
                0x00000598       0x20 .\CortexM3\ARM_GCC_493\Debug\Design01.a(Display2_INT.o)
 .debug_aranges
                0x000005b8       0x70 .\CortexM3\ARM_GCC_493\Debug\Design01.a(RF_Physical_IntClock.o)
 .debug_aranges
                0x00000628       0x70 .\CortexM3\ARM_GCC_493\Debug\Design01.a(Display1_IntClock.o)
 .debug_aranges
                0x00000698       0x70 .\CortexM3\ARM_GCC_493\Debug\Design01.a(Display2_IntClock.o)
 .debug_aranges
                0x00000708       0x20 .\CortexM3\ARM_GCC_493\Debug\Design01.a(CyBootAsmGnu.o)
 .debug_aranges
                0x00000728      0x298 .\CortexM3\ARM_GCC_493\Debug\Design01.a(CyLib.o)
 .debug_aranges
                0x000009c0       0x98 .\CortexM3\ARM_GCC_493\Debug\Design01.a(cyPm.o)
 .debug_aranges
                0x00000a58       0x70 .\CortexM3\ARM_GCC_493\Debug\Design01.a(Printer_IntClock.o)
 .debug_aranges
                0x00000ac8       0xf0 .\CortexM3\ARM_GCC_493\Debug\Design01.a(Pump.o)
 .debug_aranges
                0x00000bb8       0x20 .\CortexM3\ARM_GCC_493\Debug\Design01.a(Pump_INT.o)
 .debug_aranges
                0x00000bd8       0x78 .\CortexM3\ARM_GCC_493\Debug\Design01.a(EEPROM_1.o)
 .debug_aranges
                0x00000c50       0x80 .\CortexM3\ARM_GCC_493\Debug\Design01.a(CyFlash.o)
 .debug_aranges
                0x00000cd0       0x78 .\CortexM3\ARM_GCC_493\Debug\Design01.a(CySpc.o)

.debug_pubnames
 *(.debug_pubnames)

.debug_info     0x00000000     0x9f12
 *(.debug_info .gnu.linkonce.wi.*)
 .debug_info    0x00000000     0x1885 .\CortexM3\ARM_GCC_493\Debug\main.o
 .debug_info    0x00001885      0xd09 .\CortexM3\ARM_GCC_493\Debug\protocol.o
 .debug_info    0x0000258e      0xcb8 .\CortexM3\ARM_GCC_493\Debug\LCD.o
 .debug_info    0x00003246      0x13f .\CortexM3\ARM_GCC_493\Debug\cymetadata.o
 .debug_info    0x00003385      0x3a5 .\CortexM3\ARM_GCC_493\Debug\Cm3Start.o
 .debug_info    0x0000372a      0x5c4 .\CortexM3\ARM_GCC_493\Debug\Design01.a(cyfitter_cfg.o)
 .debug_info    0x00003cee      0x757 .\CortexM3\ARM_GCC_493\Debug\Design01.a(RF_Physical.o)
 .debug_info    0x00004445      0x157 .\CortexM3\ARM_GCC_493\Debug\Design01.a(RF_Physical_INT.o)
 .debug_info    0x0000459c      0x603 .\CortexM3\ARM_GCC_493\Debug\Design01.a(Printer.o)
 .debug_info    0x00004b9f      0x751 .\CortexM3\ARM_GCC_493\Debug\Design01.a(Display1.o)
 .debug_info    0x000052f0      0x145 .\CortexM3\ARM_GCC_493\Debug\Design01.a(Display1_INT.o)
 .debug_info    0x00005435      0x751 .\CortexM3\ARM_GCC_493\Debug\Design01.a(Display2.o)
 .debug_info    0x00005b86      0x145 .\CortexM3\ARM_GCC_493\Debug\Design01.a(Display2_INT.o)
 .debug_info    0x00005ccb      0x283 .\CortexM3\ARM_GCC_493\Debug\Design01.a(RF_Physical_IntClock.o)
 .debug_info    0x00005f4e      0x283 .\CortexM3\ARM_GCC_493\Debug\Design01.a(Display1_IntClock.o)
 .debug_info    0x000061d1      0x283 .\CortexM3\ARM_GCC_493\Debug\Design01.a(Display2_IntClock.o)
 .debug_info    0x00006454       0x96 .\CortexM3\ARM_GCC_493\Debug\Design01.a(CyBootAsmGnu.o)
 .debug_info    0x000064ea     0x1371 .\CortexM3\ARM_GCC_493\Debug\Design01.a(CyLib.o)
 .debug_info    0x0000785b      0xa58 .\CortexM3\ARM_GCC_493\Debug\Design01.a(cyPm.o)
 .debug_info    0x000082b3      0x283 .\CortexM3\ARM_GCC_493\Debug\Design01.a(Printer_IntClock.o)
 .debug_info    0x00008536      0x724 .\CortexM3\ARM_GCC_493\Debug\Design01.a(Pump.o)
 .debug_info    0x00008c5a      0x156 .\CortexM3\ARM_GCC_493\Debug\Design01.a(Pump_INT.o)
 .debug_info    0x00008db0      0x668 .\CortexM3\ARM_GCC_493\Debug\Design01.a(EEPROM_1.o)
 .debug_info    0x00009418      0x60a .\CortexM3\ARM_GCC_493\Debug\Design01.a(CyFlash.o)
 .debug_info    0x00009a22      0x4f0 .\CortexM3\ARM_GCC_493\Debug\Design01.a(CySpc.o)

.debug_abbrev   0x00000000     0x23b4
 *(.debug_abbrev)
 .debug_abbrev  0x00000000      0x211 .\CortexM3\ARM_GCC_493\Debug\main.o
 .debug_abbrev  0x00000211      0x201 .\CortexM3\ARM_GCC_493\Debug\protocol.o
 .debug_abbrev  0x00000412      0x1b0 .\CortexM3\ARM_GCC_493\Debug\LCD.o
 .debug_abbrev  0x000005c2       0x77 .\CortexM3\ARM_GCC_493\Debug\cymetadata.o
 .debug_abbrev  0x00000639      0x20f .\CortexM3\ARM_GCC_493\Debug\Cm3Start.o
 .debug_abbrev  0x00000848      0x212 .\CortexM3\ARM_GCC_493\Debug\Design01.a(cyfitter_cfg.o)
 .debug_abbrev  0x00000a5a      0x1b8 .\CortexM3\ARM_GCC_493\Debug\Design01.a(RF_Physical.o)
 .debug_abbrev  0x00000c12       0x8a .\CortexM3\ARM_GCC_493\Debug\Design01.a(RF_Physical_INT.o)
 .debug_abbrev  0x00000c9c      0x1a2 .\CortexM3\ARM_GCC_493\Debug\Design01.a(Printer.o)
 .debug_abbrev  0x00000e3e      0x1b8 .\CortexM3\ARM_GCC_493\Debug\Design01.a(Display1.o)
 .debug_abbrev  0x00000ff6       0x8a .\CortexM3\ARM_GCC_493\Debug\Design01.a(Display1_INT.o)
 .debug_abbrev  0x00001080      0x1b8 .\CortexM3\ARM_GCC_493\Debug\Design01.a(Display2.o)
 .debug_abbrev  0x00001238       0x8a .\CortexM3\ARM_GCC_493\Debug\Design01.a(Display2_INT.o)
 .debug_abbrev  0x000012c2      0x139 .\CortexM3\ARM_GCC_493\Debug\Design01.a(RF_Physical_IntClock.o)
 .debug_abbrev  0x000013fb      0x139 .\CortexM3\ARM_GCC_493\Debug\Design01.a(Display1_IntClock.o)
 .debug_abbrev  0x00001534      0x139 .\CortexM3\ARM_GCC_493\Debug\Design01.a(Display2_IntClock.o)
 .debug_abbrev  0x0000166d       0x14 .\CortexM3\ARM_GCC_493\Debug\Design01.a(CyBootAsmGnu.o)
 .debug_abbrev  0x00001681      0x296 .\CortexM3\ARM_GCC_493\Debug\Design01.a(CyLib.o)
 .debug_abbrev  0x00001917      0x1ed .\CortexM3\ARM_GCC_493\Debug\Design01.a(cyPm.o)
 .debug_abbrev  0x00001b04      0x139 .\CortexM3\ARM_GCC_493\Debug\Design01.a(Printer_IntClock.o)
 .debug_abbrev  0x00001c3d      0x1b8 .\CortexM3\ARM_GCC_493\Debug\Design01.a(Pump.o)
 .debug_abbrev  0x00001df5       0x8a .\CortexM3\ARM_GCC_493\Debug\Design01.a(Pump_INT.o)
 .debug_abbrev  0x00001e7f      0x1a3 .\CortexM3\ARM_GCC_493\Debug\Design01.a(EEPROM_1.o)
 .debug_abbrev  0x00002022      0x1d1 .\CortexM3\ARM_GCC_493\Debug\Design01.a(CyFlash.o)
 .debug_abbrev  0x000021f3      0x1c1 .\CortexM3\ARM_GCC_493\Debug\Design01.a(CySpc.o)

.debug_line     0x00000000     0x37d3
 *(.debug_line)
 .debug_line    0x00000000      0x46a .\CortexM3\ARM_GCC_493\Debug\main.o
 .debug_line    0x0000046a      0x2ad .\CortexM3\ARM_GCC_493\Debug\protocol.o
 .debug_line    0x00000717      0x24a .\CortexM3\ARM_GCC_493\Debug\LCD.o
 .debug_line    0x00000961       0x53 .\CortexM3\ARM_GCC_493\Debug\cymetadata.o
 .debug_line    0x000009b4      0x249 .\CortexM3\ARM_GCC_493\Debug\Cm3Start.o
 .debug_line    0x00000bfd      0x203 .\CortexM3\ARM_GCC_493\Debug\Design01.a(cyfitter_cfg.o)
 .debug_line    0x00000e00      0x312 .\CortexM3\ARM_GCC_493\Debug\Design01.a(RF_Physical.o)
 .debug_line    0x00001112       0x91 .\CortexM3\ARM_GCC_493\Debug\Design01.a(RF_Physical_INT.o)
 .debug_line    0x000011a3      0x2c4 .\CortexM3\ARM_GCC_493\Debug\Design01.a(Printer.o)
 .debug_line    0x00001467      0x30c .\CortexM3\ARM_GCC_493\Debug\Design01.a(Display1.o)
 .debug_line    0x00001773       0x8a .\CortexM3\ARM_GCC_493\Debug\Design01.a(Display1_INT.o)
 .debug_line    0x000017fd      0x30c .\CortexM3\ARM_GCC_493\Debug\Design01.a(Display2.o)
 .debug_line    0x00001b09       0x8a .\CortexM3\ARM_GCC_493\Debug\Design01.a(Display2_INT.o)
 .debug_line    0x00001b93      0x19c .\CortexM3\ARM_GCC_493\Debug\Design01.a(RF_Physical_IntClock.o)
 .debug_line    0x00001d2f      0x199 .\CortexM3\ARM_GCC_493\Debug\Design01.a(Display1_IntClock.o)
 .debug_line    0x00001ec8      0x199 .\CortexM3\ARM_GCC_493\Debug\Design01.a(Display2_IntClock.o)
 .debug_line    0x00002061       0x68 .\CortexM3\ARM_GCC_493\Debug\Design01.a(CyBootAsmGnu.o)
 .debug_line    0x000020c9      0x806 .\CortexM3\ARM_GCC_493\Debug\Design01.a(CyLib.o)
 .debug_line    0x000028cf      0x366 .\CortexM3\ARM_GCC_493\Debug\Design01.a(cyPm.o)
 .debug_line    0x00002c35      0x198 .\CortexM3\ARM_GCC_493\Debug\Design01.a(Printer_IntClock.o)
 .debug_line    0x00002dcd      0x2f1 .\CortexM3\ARM_GCC_493\Debug\Design01.a(Pump.o)
 .debug_line    0x000030be       0x83 .\CortexM3\ARM_GCC_493\Debug\Design01.a(Pump_INT.o)
 .debug_line    0x00003141      0x268 .\CortexM3\ARM_GCC_493\Debug\Design01.a(EEPROM_1.o)
 .debug_line    0x000033a9      0x1ec .\CortexM3\ARM_GCC_493\Debug\Design01.a(CyFlash.o)
 .debug_line    0x00003595      0x23e .\CortexM3\ARM_GCC_493\Debug\Design01.a(CySpc.o)

.debug_frame    0x00000000     0x21ec
 *(.debug_frame)
 .debug_frame   0x00000000      0x114 .\CortexM3\ARM_GCC_493\Debug\main.o
 .debug_frame   0x00000114       0x98 .\CortexM3\ARM_GCC_493\Debug\protocol.o
 .debug_frame   0x000001ac       0xc4 .\CortexM3\ARM_GCC_493\Debug\LCD.o
 .debug_frame   0x00000270       0xac .\CortexM3\ARM_GCC_493\Debug\Cm3Start.o
 .debug_frame   0x0000031c       0xe4 .\CortexM3\ARM_GCC_493\Debug\Design01.a(cyfitter_cfg.o)
 .debug_frame   0x00000400      0x25c .\CortexM3\ARM_GCC_493\Debug\Design01.a(RF_Physical.o)
 .debug_frame   0x0000065c       0x20 .\CortexM3\ARM_GCC_493\Debug\Design01.a(RF_Physical_INT.o)
 .debug_frame   0x0000067c      0x250 .\CortexM3\ARM_GCC_493\Debug\Design01.a(Printer.o)
 .debug_frame   0x000008cc      0x25c .\CortexM3\ARM_GCC_493\Debug\Design01.a(Display1.o)
 .debug_frame   0x00000b28       0x20 .\CortexM3\ARM_GCC_493\Debug\Design01.a(Display1_INT.o)
 .debug_frame   0x00000b48      0x25c .\CortexM3\ARM_GCC_493\Debug\Design01.a(Display2.o)
 .debug_frame   0x00000da4       0x20 .\CortexM3\ARM_GCC_493\Debug\Design01.a(Display2_INT.o)
 .debug_frame   0x00000dc4       0xe0 .\CortexM3\ARM_GCC_493\Debug\Design01.a(RF_Physical_IntClock.o)
 .debug_frame   0x00000ea4       0xe0 .\CortexM3\ARM_GCC_493\Debug\Design01.a(Display1_IntClock.o)
 .debug_frame   0x00000f84       0xe0 .\CortexM3\ARM_GCC_493\Debug\Design01.a(Display2_IntClock.o)
 .debug_frame   0x00001064      0x728 .\CortexM3\ARM_GCC_493\Debug\Design01.a(CyLib.o)
 .debug_frame   0x0000178c      0x1f8 .\CortexM3\ARM_GCC_493\Debug\Design01.a(cyPm.o)
 .debug_frame   0x00001984       0xe0 .\CortexM3\ARM_GCC_493\Debug\Design01.a(Printer_IntClock.o)
 .debug_frame   0x00001a64      0x25c .\CortexM3\ARM_GCC_493\Debug\Design01.a(Pump.o)
 .debug_frame   0x00001cc0       0x20 .\CortexM3\ARM_GCC_493\Debug\Design01.a(Pump_INT.o)
 .debug_frame   0x00001ce0      0x17c .\CortexM3\ARM_GCC_493\Debug\Design01.a(EEPROM_1.o)
 .debug_frame   0x00001e5c      0x174 .\CortexM3\ARM_GCC_493\Debug\Design01.a(CyFlash.o)
 .debug_frame   0x00001fd0      0x160 .\CortexM3\ARM_GCC_493\Debug\Design01.a(CySpc.o)
 .debug_frame   0x00002130       0x20 c:/program files (x86)/cypress/psoc creator/3.3/psoc creator/import/gnu/arm/4.9.3/bin/../lib/gcc/arm-none-eabi/4.9.3/../../../../arm-none-eabi/lib/armv7-m\libg_nano.a(lib_a-errno.o)
 .debug_frame   0x00002150       0x28 c:/program files (x86)/cypress/psoc creator/3.3/psoc creator/import/gnu/arm/4.9.3/bin/../lib/gcc/arm-none-eabi/4.9.3/../../../../arm-none-eabi/lib/armv7-m\libg_nano.a(lib_a-exit.o)
 .debug_frame   0x00002178       0x2c c:/program files (x86)/cypress/psoc creator/3.3/psoc creator/import/gnu/arm/4.9.3/bin/../lib/gcc/arm-none-eabi/4.9.3/../../../../arm-none-eabi/lib/armv7-m\libg_nano.a(lib_a-init.o)
 .debug_frame   0x000021a4       0x28 c:/program files (x86)/cypress/psoc creator/3.3/psoc creator/import/gnu/arm/4.9.3/bin/../lib/gcc/arm-none-eabi/4.9.3/../../../../arm-none-eabi/lib/armv7-m\libg_nano.a(lib_a-memcpy.o)
 .debug_frame   0x000021cc       0x20 c:/program files (x86)/cypress/psoc creator/3.3/psoc creator/import/gnu/arm/4.9.3/bin/../lib/gcc/arm-none-eabi/4.9.3/../../../../arm-none-eabi/lib/armv7-m\libg_nano.a(lib_a-memset.o)

.debug_str      0x00000000     0x377e
 *(.debug_str)
 .debug_str     0x00000000      0xe3e .\CortexM3\ARM_GCC_493\Debug\main.o
                                0xe97 (size before relaxing)
 .debug_str     0x00000e3e      0x113 .\CortexM3\ARM_GCC_493\Debug\protocol.o
                                0x86a (size before relaxing)
 .debug_str     0x00000f51       0xbb .\CortexM3\ARM_GCC_493\Debug\LCD.o
                                0x7fc (size before relaxing)
 .debug_str     0x0000100c       0x77 .\CortexM3\ARM_GCC_493\Debug\cymetadata.o
                                0x1f0 (size before relaxing)
 .debug_str     0x00001083      0x165 .\CortexM3\ARM_GCC_493\Debug\Cm3Start.o
                                0x304 (size before relaxing)
 .debug_str     0x000011e8      0x18b .\CortexM3\ARM_GCC_493\Debug\Design01.a(cyfitter_cfg.o)
                                0x33e (size before relaxing)
 .debug_str     0x00001373      0x483 .\CortexM3\ARM_GCC_493\Debug\Design01.a(RF_Physical.o)
                                0x64e (size before relaxing)
 .debug_str     0x000017f6       0x63 .\CortexM3\ARM_GCC_493\Debug\Design01.a(RF_Physical_INT.o)
                                0x284 (size before relaxing)
 .debug_str     0x00001859      0x278 .\CortexM3\ARM_GCC_493\Debug\Design01.a(Printer.o)
                                0x4cc (size before relaxing)
 .debug_str     0x00001ad1      0x2cd .\CortexM3\ARM_GCC_493\Debug\Design01.a(Display1.o)
                                0x5df (size before relaxing)
 .debug_str     0x00001d9e       0x37 .\CortexM3\ARM_GCC_493\Debug\Design01.a(Display1_INT.o)
                                0x265 (size before relaxing)
 .debug_str     0x00001dd5      0x2cd .\CortexM3\ARM_GCC_493\Debug\Design01.a(Display2.o)
                                0x5df (size before relaxing)
 .debug_str     0x000020a2       0x37 .\CortexM3\ARM_GCC_493\Debug\Design01.a(Display2_INT.o)
                                0x265 (size before relaxing)
 .debug_str     0x000020d9      0x1cb .\CortexM3\ARM_GCC_493\Debug\Design01.a(RF_Physical_IntClock.o)
                                0x390 (size before relaxing)
 .debug_str     0x000022a4      0x162 .\CortexM3\ARM_GCC_493\Debug\Design01.a(Display1_IntClock.o)
                                0x36c (size before relaxing)
 .debug_str     0x00002406      0x162 .\CortexM3\ARM_GCC_493\Debug\Design01.a(Display2_IntClock.o)
                                0x36c (size before relaxing)
 .debug_str     0x00002568      0x7cf .\CortexM3\ARM_GCC_493\Debug\Design01.a(CyLib.o)
                                0xa29 (size before relaxing)
 .debug_str     0x00002d37      0x35b .\CortexM3\ARM_GCC_493\Debug\Design01.a(cyPm.o)
                                0x721 (size before relaxing)
 .debug_str     0x00003092      0x158 .\CortexM3\ARM_GCC_493\Debug\Design01.a(Printer_IntClock.o)
                                0x360 (size before relaxing)
 .debug_str     0x000031ea      0x224 .\CortexM3\ARM_GCC_493\Debug\Design01.a(Pump.o)
                                0x524 (size before relaxing)
 .debug_str     0x0000340e       0x2f .\CortexM3\ARM_GCC_493\Debug\Design01.a(Pump_INT.o)
                                0x24c (size before relaxing)
 .debug_str     0x0000343d      0x1db .\CortexM3\ARM_GCC_493\Debug\Design01.a(EEPROM_1.o)
                                0x3d6 (size before relaxing)
 .debug_str     0x00003618       0xf6 .\CortexM3\ARM_GCC_493\Debug\Design01.a(CyFlash.o)
                                0x39b (size before relaxing)
 .debug_str     0x0000370e       0x70 .\CortexM3\ARM_GCC_493\Debug\Design01.a(CySpc.o)
                                0x324 (size before relaxing)

.debug_loc      0x00000000     0x3849
 *(.debug_loc)
 .debug_loc     0x00000000       0x54 .\CortexM3\ARM_GCC_493\Debug\main.o
 .debug_loc     0x00000054      0x22b .\CortexM3\ARM_GCC_493\Debug\protocol.o
 .debug_loc     0x0000027f      0x303 .\CortexM3\ARM_GCC_493\Debug\LCD.o
 .debug_loc     0x00000582      0x144 .\CortexM3\ARM_GCC_493\Debug\Cm3Start.o
 .debug_loc     0x000006c6      0x25a .\CortexM3\ARM_GCC_493\Debug\Design01.a(cyfitter_cfg.o)
 .debug_loc     0x00000920      0x34e .\CortexM3\ARM_GCC_493\Debug\Design01.a(RF_Physical.o)
 .debug_loc     0x00000c6e       0x45 .\CortexM3\ARM_GCC_493\Debug\Design01.a(RF_Physical_INT.o)
 .debug_loc     0x00000cb3      0x258 .\CortexM3\ARM_GCC_493\Debug\Design01.a(Printer.o)
 .debug_loc     0x00000f0b      0x34e .\CortexM3\ARM_GCC_493\Debug\Design01.a(Display1.o)
 .debug_loc     0x00001259       0x45 .\CortexM3\ARM_GCC_493\Debug\Design01.a(Display1_INT.o)
 .debug_loc     0x0000129e      0x34e .\CortexM3\ARM_GCC_493\Debug\Design01.a(Display2.o)
 .debug_loc     0x000015ec       0x45 .\CortexM3\ARM_GCC_493\Debug\Design01.a(Display2_INT.o)
 .debug_loc     0x00001631      0x128 .\CortexM3\ARM_GCC_493\Debug\Design01.a(RF_Physical_IntClock.o)
 .debug_loc     0x00001759      0x128 .\CortexM3\ARM_GCC_493\Debug\Design01.a(Display1_IntClock.o)
 .debug_loc     0x00001881      0x12c .\CortexM3\ARM_GCC_493\Debug\Design01.a(Display2_IntClock.o)
 .debug_loc     0x000019ad      0xa11 .\CortexM3\ARM_GCC_493\Debug\Design01.a(CyLib.o)
 .debug_loc     0x000023be      0x1e4 .\CortexM3\ARM_GCC_493\Debug\Design01.a(cyPm.o)
 .debug_loc     0x000025a2      0x128 .\CortexM3\ARM_GCC_493\Debug\Design01.a(Printer_IntClock.o)
 .debug_loc     0x000026ca      0x34e .\CortexM3\ARM_GCC_493\Debug\Design01.a(Pump.o)
 .debug_loc     0x00002a18       0x45 .\CortexM3\ARM_GCC_493\Debug\Design01.a(Pump_INT.o)
 .debug_loc     0x00002a5d      0x49f .\CortexM3\ARM_GCC_493\Debug\Design01.a(EEPROM_1.o)
 .debug_loc     0x00002efc      0x300 .\CortexM3\ARM_GCC_493\Debug\Design01.a(CyFlash.o)
 .debug_loc     0x000031fc      0x64d .\CortexM3\ARM_GCC_493\Debug\Design01.a(CySpc.o)

.debug_macinfo
 *(.debug_macinfo)

.debug_ranges   0x00000000      0xba0
 *(.debug_ranges)
 .debug_ranges  0x00000000       0x50 .\CortexM3\ARM_GCC_493\Debug\main.o
 .debug_ranges  0x00000050       0x30 .\CortexM3\ARM_GCC_493\Debug\protocol.o
 .debug_ranges  0x00000080       0x30 .\CortexM3\ARM_GCC_493\Debug\LCD.o
 .debug_ranges  0x000000b0       0x38 .\CortexM3\ARM_GCC_493\Debug\Cm3Start.o
 .debug_ranges  0x000000e8       0x48 .\CortexM3\ARM_GCC_493\Debug\Design01.a(cyfitter_cfg.o)
 .debug_ranges  0x00000130       0xe0 .\CortexM3\ARM_GCC_493\Debug\Design01.a(RF_Physical.o)
 .debug_ranges  0x00000210       0x10 .\CortexM3\ARM_GCC_493\Debug\Design01.a(RF_Physical_INT.o)
 .debug_ranges  0x00000220       0xe0 .\CortexM3\ARM_GCC_493\Debug\Design01.a(Printer.o)
 .debug_ranges  0x00000300       0xe0 .\CortexM3\ARM_GCC_493\Debug\Design01.a(Display1.o)
 .debug_ranges  0x000003e0       0x10 .\CortexM3\ARM_GCC_493\Debug\Design01.a(Display1_INT.o)
 .debug_ranges  0x000003f0       0xe0 .\CortexM3\ARM_GCC_493\Debug\Design01.a(Display2.o)
 .debug_ranges  0x000004d0       0x10 .\CortexM3\ARM_GCC_493\Debug\Design01.a(Display2_INT.o)
 .debug_ranges  0x000004e0       0x60 .\CortexM3\ARM_GCC_493\Debug\Design01.a(RF_Physical_IntClock.o)
 .debug_ranges  0x00000540       0x60 .\CortexM3\ARM_GCC_493\Debug\Design01.a(Display1_IntClock.o)
 .debug_ranges  0x000005a0       0x60 .\CortexM3\ARM_GCC_493\Debug\Design01.a(Display2_IntClock.o)
 .debug_ranges  0x00000600      0x288 .\CortexM3\ARM_GCC_493\Debug\Design01.a(CyLib.o)
 .debug_ranges  0x00000888       0x88 .\CortexM3\ARM_GCC_493\Debug\Design01.a(cyPm.o)
 .debug_ranges  0x00000910       0x60 .\CortexM3\ARM_GCC_493\Debug\Design01.a(Printer_IntClock.o)
 .debug_ranges  0x00000970       0xe0 .\CortexM3\ARM_GCC_493\Debug\Design01.a(Pump.o)
 .debug_ranges  0x00000a50       0x10 .\CortexM3\ARM_GCC_493\Debug\Design01.a(Pump_INT.o)
 .debug_ranges  0x00000a60       0x68 .\CortexM3\ARM_GCC_493\Debug\Design01.a(EEPROM_1.o)
 .debug_ranges  0x00000ac8       0x70 .\CortexM3\ARM_GCC_493\Debug\Design01.a(CyFlash.o)
 .debug_ranges  0x00000b38       0x68 .\CortexM3\ARM_GCC_493\Debug\Design01.a(CySpc.o)

.comment        0x00000000       0x70
 .comment       0x00000000       0x70 .\CortexM3\ARM_GCC_493\Debug\main.o
                                 0x71 (size before relaxing)
 .comment       0x00000000       0x71 .\CortexM3\ARM_GCC_493\Debug\protocol.o
 .comment       0x00000000       0x71 .\CortexM3\ARM_GCC_493\Debug\LCD.o
 .comment       0x00000000       0x71 .\CortexM3\ARM_GCC_493\Debug\cymetadata.o
 .comment       0x00000000       0x71 .\CortexM3\ARM_GCC_493\Debug\Cm3Start.o
 .comment       0x00000000       0x71 .\CortexM3\ARM_GCC_493\Debug\Design01.a(cyfitter_cfg.o)
 .comment       0x00000000       0x71 .\CortexM3\ARM_GCC_493\Debug\Design01.a(RF_Physical.o)
 .comment       0x00000000       0x71 .\CortexM3\ARM_GCC_493\Debug\Design01.a(RF_Physical_INT.o)
 .comment       0x00000000       0x71 .\CortexM3\ARM_GCC_493\Debug\Design01.a(Printer.o)
 .comment       0x00000000       0x71 .\CortexM3\ARM_GCC_493\Debug\Design01.a(Display1.o)
 .comment       0x00000000       0x71 .\CortexM3\ARM_GCC_493\Debug\Design01.a(Display1_INT.o)
 .comment       0x00000000       0x71 .\CortexM3\ARM_GCC_493\Debug\Design01.a(Display2.o)
 .comment       0x00000000       0x71 .\CortexM3\ARM_GCC_493\Debug\Design01.a(Display2_INT.o)
 .comment       0x00000000       0x71 .\CortexM3\ARM_GCC_493\Debug\Design01.a(RF_Physical_IntClock.o)
 .comment       0x00000000       0x71 .\CortexM3\ARM_GCC_493\Debug\Design01.a(Display1_IntClock.o)
 .comment       0x00000000       0x71 .\CortexM3\ARM_GCC_493\Debug\Design01.a(Display2_IntClock.o)
 .comment       0x00000000       0x71 .\CortexM3\ARM_GCC_493\Debug\Design01.a(CyLib.o)
 .comment       0x00000000       0x71 .\CortexM3\ARM_GCC_493\Debug\Design01.a(cyPm.o)
 .comment       0x00000000       0x71 .\CortexM3\ARM_GCC_493\Debug\Design01.a(Printer_IntClock.o)
 .comment       0x00000000       0x71 .\CortexM3\ARM_GCC_493\Debug\Design01.a(Pump.o)
 .comment       0x00000000       0x71 .\CortexM3\ARM_GCC_493\Debug\Design01.a(Pump_INT.o)
 .comment       0x00000000       0x71 .\CortexM3\ARM_GCC_493\Debug\Design01.a(EEPROM_1.o)
 .comment       0x00000000       0x71 .\CortexM3\ARM_GCC_493\Debug\Design01.a(CyFlash.o)
 .comment       0x00000000       0x71 .\CortexM3\ARM_GCC_493\Debug\Design01.a(CySpc.o)

.debug_weaknames
 *(.debug_weaknames)

.debug_funcnames
 *(.debug_funcnames)

.debug_typenames
 *(.debug_typenames)

.debug_varnames
 *(.debug_varnames)

.note.gnu.arm.ident
 *(.note.gnu.arm.ident)

.ARM.attributes
                0x00000000       0x29
 *(.ARM.attributes)
 .ARM.attributes
                0x00000000       0x1d c:/program files (x86)/cypress/psoc creator/3.3/psoc creator/import/gnu/arm/4.9.3/bin/../lib/gcc/arm-none-eabi/4.9.3/armv7-m/crti.o
 .ARM.attributes
                0x0000001d       0x2d c:/program files (x86)/cypress/psoc creator/3.3/psoc creator/import/gnu/arm/4.9.3/bin/../lib/gcc/arm-none-eabi/4.9.3/armv7-m/crtbegin.o
 .ARM.attributes
                0x0000004a       0x1b c:/program files (x86)/cypress/psoc creator/3.3/psoc creator/import/gnu/arm/4.9.3/bin/../lib/gcc/arm-none-eabi/4.9.3/../../../../arm-none-eabi/lib/armv7-m/crt0.o
 .ARM.attributes
                0x00000065       0x33 .\CortexM3\ARM_GCC_493\Debug\main.o
 .ARM.attributes
                0x00000098       0x33 .\CortexM3\ARM_GCC_493\Debug\protocol.o
 .ARM.attributes
                0x000000cb       0x33 .\CortexM3\ARM_GCC_493\Debug\LCD.o
 .ARM.attributes
                0x000000fe       0x33 .\CortexM3\ARM_GCC_493\Debug\cymetadata.o
 .ARM.attributes
                0x00000131       0x33 .\CortexM3\ARM_GCC_493\Debug\Cm3Start.o
 .ARM.attributes
                0x00000164       0x33 .\CortexM3\ARM_GCC_493\Debug\Design01.a(cyfitter_cfg.o)
 .ARM.attributes
                0x00000197       0x33 .\CortexM3\ARM_GCC_493\Debug\Design01.a(RF_Physical.o)
 .ARM.attributes
                0x000001ca       0x33 .\CortexM3\ARM_GCC_493\Debug\Design01.a(RF_Physical_INT.o)
 .ARM.attributes
                0x000001fd       0x33 .\CortexM3\ARM_GCC_493\Debug\Design01.a(Printer.o)
 .ARM.attributes
                0x00000230       0x33 .\CortexM3\ARM_GCC_493\Debug\Design01.a(Display1.o)
 .ARM.attributes
                0x00000263       0x33 .\CortexM3\ARM_GCC_493\Debug\Design01.a(Display1_INT.o)
 .ARM.attributes
                0x00000296       0x33 .\CortexM3\ARM_GCC_493\Debug\Design01.a(Display2.o)
 .ARM.attributes
                0x000002c9       0x33 .\CortexM3\ARM_GCC_493\Debug\Design01.a(Display2_INT.o)
 .ARM.attributes
                0x000002fc       0x33 .\CortexM3\ARM_GCC_493\Debug\Design01.a(RF_Physical_IntClock.o)
 .ARM.attributes
                0x0000032f       0x33 .\CortexM3\ARM_GCC_493\Debug\Design01.a(Display1_IntClock.o)
 .ARM.attributes
                0x00000362       0x33 .\CortexM3\ARM_GCC_493\Debug\Design01.a(Display2_IntClock.o)
 .ARM.attributes
                0x00000395       0x21 .\CortexM3\ARM_GCC_493\Debug\Design01.a(CyBootAsmGnu.o)
 .ARM.attributes
                0x000003b6       0x33 .\CortexM3\ARM_GCC_493\Debug\Design01.a(CyLib.o)
 .ARM.attributes
                0x000003e9       0x33 .\CortexM3\ARM_GCC_493\Debug\Design01.a(cyPm.o)
 .ARM.attributes
                0x0000041c       0x33 .\CortexM3\ARM_GCC_493\Debug\Design01.a(Printer_IntClock.o)
 .ARM.attributes
                0x0000044f       0x33 .\CortexM3\ARM_GCC_493\Debug\Design01.a(Pump.o)
 .ARM.attributes
                0x00000482       0x33 .\CortexM3\ARM_GCC_493\Debug\Design01.a(Pump_INT.o)
 .ARM.attributes
                0x000004b5       0x33 .\CortexM3\ARM_GCC_493\Debug\Design01.a(EEPROM_1.o)
 .ARM.attributes
                0x000004e8       0x33 .\CortexM3\ARM_GCC_493\Debug\Design01.a(CyFlash.o)
 .ARM.attributes
                0x0000051b       0x33 .\CortexM3\ARM_GCC_493\Debug\Design01.a(CySpc.o)
 .ARM.attributes
                0x0000054e       0x2d c:/program files (x86)/cypress/psoc creator/3.3/psoc creator/import/gnu/arm/4.9.3/bin/../lib/gcc/arm-none-eabi/4.9.3/../../../../arm-none-eabi/lib/armv7-m\libg_nano.a(lib_a-errno.o)
 .ARM.attributes
                0x0000057b       0x2d c:/program files (x86)/cypress/psoc creator/3.3/psoc creator/import/gnu/arm/4.9.3/bin/../lib/gcc/arm-none-eabi/4.9.3/../../../../arm-none-eabi/lib/armv7-m\libg_nano.a(lib_a-exit.o)
 .ARM.attributes
                0x000005a8       0x2d c:/program files (x86)/cypress/psoc creator/3.3/psoc creator/import/gnu/arm/4.9.3/bin/../lib/gcc/arm-none-eabi/4.9.3/../../../../arm-none-eabi/lib/armv7-m\libg_nano.a(lib_a-impure.o)
 .ARM.attributes
                0x000005d5       0x2d c:/program files (x86)/cypress/psoc creator/3.3/psoc creator/import/gnu/arm/4.9.3/bin/../lib/gcc/arm-none-eabi/4.9.3/../../../../arm-none-eabi/lib/armv7-m\libg_nano.a(lib_a-init.o)
 .ARM.attributes
                0x00000602       0x2d c:/program files (x86)/cypress/psoc creator/3.3/psoc creator/import/gnu/arm/4.9.3/bin/../lib/gcc/arm-none-eabi/4.9.3/../../../../arm-none-eabi/lib/armv7-m\libg_nano.a(lib_a-memcpy.o)
 .ARM.attributes
                0x0000062f       0x2d c:/program files (x86)/cypress/psoc creator/3.3/psoc creator/import/gnu/arm/4.9.3/bin/../lib/gcc/arm-none-eabi/4.9.3/../../../../arm-none-eabi/lib/armv7-m\libg_nano.a(lib_a-memset.o)
 .ARM.attributes
                0x0000065c       0x2d c:/program files (x86)/cypress/psoc creator/3.3/psoc creator/import/gnu/arm/4.9.3/bin/../lib/gcc/arm-none-eabi/4.9.3/armv7-m/crtend.o
 .ARM.attributes
                0x00000689       0x1d c:/program files (x86)/cypress/psoc creator/3.3/psoc creator/import/gnu/arm/4.9.3/bin/../lib/gcc/arm-none-eabi/4.9.3/armv7-m/crtn.o

/DISCARD/
 *(.note.GNU-stack)
OUTPUT(.\CortexM3\ARM_GCC_493\Debug\Design01.elf elf32-littlearm)
