ARM GAS  C:\Users\Diego\AppData\Local\Temp\ccvfS30F.s 			page 1


   1              		.syntax unified
   2              		.cpu cortex-m3
   3              		.fpu softvfp
   4              		.eabi_attribute 20, 1
   5              		.eabi_attribute 21, 1
   6              		.eabi_attribute 23, 3
   7              		.eabi_attribute 24, 1
   8              		.eabi_attribute 25, 1
   9              		.eabi_attribute 26, 1
  10              		.eabi_attribute 30, 1
  11              		.eabi_attribute 34, 1
  12              		.eabi_attribute 18, 4
  13              		.thumb
  14              		.file	"RF_Connection_INT.c"
  15              		.text
  16              	.Ltext0:
  17              		.cfi_sections	.debug_frame
  18              		.section	.text.RF_Connection_RXISR,"ax",%progbits
  19              		.align	2
  20              		.global	RF_Connection_RXISR
  21              		.thumb
  22              		.thumb_func
  23              		.type	RF_Connection_RXISR, %function
  24              	RF_Connection_RXISR:
  25              	.LFB0:
  26              		.file 1 ".\\Generated_Source\\PSoC5\\RF_Connection_INT.c"
   1:.\Generated_Source\PSoC5/RF_Connection_INT.c **** /*******************************************************************************
   2:.\Generated_Source\PSoC5/RF_Connection_INT.c **** * File Name: RF_ConnectionINT.c
   3:.\Generated_Source\PSoC5/RF_Connection_INT.c **** * Version 2.50
   4:.\Generated_Source\PSoC5/RF_Connection_INT.c **** *
   5:.\Generated_Source\PSoC5/RF_Connection_INT.c **** * Description:
   6:.\Generated_Source\PSoC5/RF_Connection_INT.c **** *  This file provides all Interrupt Service functionality of the UART component
   7:.\Generated_Source\PSoC5/RF_Connection_INT.c **** *
   8:.\Generated_Source\PSoC5/RF_Connection_INT.c **** ********************************************************************************
   9:.\Generated_Source\PSoC5/RF_Connection_INT.c **** * Copyright 2008-2015, Cypress Semiconductor Corporation.  All rights reserved.
  10:.\Generated_Source\PSoC5/RF_Connection_INT.c **** * You may use this file only in accordance with the license, terms, conditions,
  11:.\Generated_Source\PSoC5/RF_Connection_INT.c **** * disclaimers, and limitations in the end user license agreement accompanying
  12:.\Generated_Source\PSoC5/RF_Connection_INT.c **** * the software package with which this file was provided.
  13:.\Generated_Source\PSoC5/RF_Connection_INT.c **** *******************************************************************************/
  14:.\Generated_Source\PSoC5/RF_Connection_INT.c **** 
  15:.\Generated_Source\PSoC5/RF_Connection_INT.c **** #include "RF_Connection.h"
  16:.\Generated_Source\PSoC5/RF_Connection_INT.c **** #include "cyapicallbacks.h"
  17:.\Generated_Source\PSoC5/RF_Connection_INT.c **** 
  18:.\Generated_Source\PSoC5/RF_Connection_INT.c **** 
  19:.\Generated_Source\PSoC5/RF_Connection_INT.c **** /***************************************
  20:.\Generated_Source\PSoC5/RF_Connection_INT.c **** * Custom Declarations
  21:.\Generated_Source\PSoC5/RF_Connection_INT.c **** ***************************************/
  22:.\Generated_Source\PSoC5/RF_Connection_INT.c **** /* `#START CUSTOM_DECLARATIONS` Place your declaration here */
  23:.\Generated_Source\PSoC5/RF_Connection_INT.c **** 
  24:.\Generated_Source\PSoC5/RF_Connection_INT.c **** /* `#END` */
  25:.\Generated_Source\PSoC5/RF_Connection_INT.c **** 
  26:.\Generated_Source\PSoC5/RF_Connection_INT.c **** #if (RF_Connection_RX_INTERRUPT_ENABLED && (RF_Connection_RX_ENABLED || RF_Connection_HD_ENABLED))
  27:.\Generated_Source\PSoC5/RF_Connection_INT.c ****     /*******************************************************************************
  28:.\Generated_Source\PSoC5/RF_Connection_INT.c ****     * Function Name: RF_Connection_RXISR
  29:.\Generated_Source\PSoC5/RF_Connection_INT.c ****     ********************************************************************************
  30:.\Generated_Source\PSoC5/RF_Connection_INT.c ****     *
  31:.\Generated_Source\PSoC5/RF_Connection_INT.c ****     * Summary:
ARM GAS  C:\Users\Diego\AppData\Local\Temp\ccvfS30F.s 			page 2


  32:.\Generated_Source\PSoC5/RF_Connection_INT.c ****     *  Interrupt Service Routine for RX portion of the UART
  33:.\Generated_Source\PSoC5/RF_Connection_INT.c ****     *
  34:.\Generated_Source\PSoC5/RF_Connection_INT.c ****     * Parameters:
  35:.\Generated_Source\PSoC5/RF_Connection_INT.c ****     *  None.
  36:.\Generated_Source\PSoC5/RF_Connection_INT.c ****     *
  37:.\Generated_Source\PSoC5/RF_Connection_INT.c ****     * Return:
  38:.\Generated_Source\PSoC5/RF_Connection_INT.c ****     *  None.
  39:.\Generated_Source\PSoC5/RF_Connection_INT.c ****     *
  40:.\Generated_Source\PSoC5/RF_Connection_INT.c ****     * Global Variables:
  41:.\Generated_Source\PSoC5/RF_Connection_INT.c ****     *  RF_Connection_rxBuffer - RAM buffer pointer for save received data.
  42:.\Generated_Source\PSoC5/RF_Connection_INT.c ****     *  RF_Connection_rxBufferWrite - cyclic index for write to rxBuffer,
  43:.\Generated_Source\PSoC5/RF_Connection_INT.c ****     *     increments after each byte saved to buffer.
  44:.\Generated_Source\PSoC5/RF_Connection_INT.c ****     *  RF_Connection_rxBufferRead - cyclic index for read from rxBuffer,
  45:.\Generated_Source\PSoC5/RF_Connection_INT.c ****     *     checked to detect overflow condition.
  46:.\Generated_Source\PSoC5/RF_Connection_INT.c ****     *  RF_Connection_rxBufferOverflow - software overflow flag. Set to one
  47:.\Generated_Source\PSoC5/RF_Connection_INT.c ****     *     when RF_Connection_rxBufferWrite index overtakes
  48:.\Generated_Source\PSoC5/RF_Connection_INT.c ****     *     RF_Connection_rxBufferRead index.
  49:.\Generated_Source\PSoC5/RF_Connection_INT.c ****     *  RF_Connection_rxBufferLoopDetect - additional variable to detect overflow.
  50:.\Generated_Source\PSoC5/RF_Connection_INT.c ****     *     Set to one when RF_Connection_rxBufferWrite is equal to
  51:.\Generated_Source\PSoC5/RF_Connection_INT.c ****     *    RF_Connection_rxBufferRead
  52:.\Generated_Source\PSoC5/RF_Connection_INT.c ****     *  RF_Connection_rxAddressMode - this variable contains the Address mode,
  53:.\Generated_Source\PSoC5/RF_Connection_INT.c ****     *     selected in customizer or set by UART_SetRxAddressMode() API.
  54:.\Generated_Source\PSoC5/RF_Connection_INT.c ****     *  RF_Connection_rxAddressDetected - set to 1 when correct address received,
  55:.\Generated_Source\PSoC5/RF_Connection_INT.c ****     *     and analysed to store following addressed data bytes to the buffer.
  56:.\Generated_Source\PSoC5/RF_Connection_INT.c ****     *     When not correct address received, set to 0 to skip following data bytes.
  57:.\Generated_Source\PSoC5/RF_Connection_INT.c ****     *
  58:.\Generated_Source\PSoC5/RF_Connection_INT.c ****     *******************************************************************************/
  59:.\Generated_Source\PSoC5/RF_Connection_INT.c ****     CY_ISR(RF_Connection_RXISR)
  60:.\Generated_Source\PSoC5/RF_Connection_INT.c ****     {
  27              		.loc 1 60 0
  28              		.cfi_startproc
  29              		@ args = 0, pretend = 0, frame = 0
  30              		@ frame_needed = 0, uses_anonymous_args = 0
  31              		@ link register save eliminated.
  32              	.L6:
  61:.\Generated_Source\PSoC5/RF_Connection_INT.c ****         uint8 readData;
  62:.\Generated_Source\PSoC5/RF_Connection_INT.c ****         uint8 readStatus;
  63:.\Generated_Source\PSoC5/RF_Connection_INT.c ****         uint8 increment_pointer = 0u;
  64:.\Generated_Source\PSoC5/RF_Connection_INT.c **** 
  65:.\Generated_Source\PSoC5/RF_Connection_INT.c ****     #if(CY_PSOC3)
  66:.\Generated_Source\PSoC5/RF_Connection_INT.c ****         uint8 int_en;
  67:.\Generated_Source\PSoC5/RF_Connection_INT.c ****     #endif /* (CY_PSOC3) */
  68:.\Generated_Source\PSoC5/RF_Connection_INT.c **** 
  69:.\Generated_Source\PSoC5/RF_Connection_INT.c ****     #ifdef RF_Connection_RXISR_ENTRY_CALLBACK
  70:.\Generated_Source\PSoC5/RF_Connection_INT.c ****         RF_Connection_RXISR_EntryCallback();
  71:.\Generated_Source\PSoC5/RF_Connection_INT.c ****     #endif /* RF_Connection_RXISR_ENTRY_CALLBACK */
  72:.\Generated_Source\PSoC5/RF_Connection_INT.c **** 
  73:.\Generated_Source\PSoC5/RF_Connection_INT.c ****         /* User code required at start of ISR */
  74:.\Generated_Source\PSoC5/RF_Connection_INT.c ****         /* `#START RF_Connection_RXISR_START` */
  75:.\Generated_Source\PSoC5/RF_Connection_INT.c **** 
  76:.\Generated_Source\PSoC5/RF_Connection_INT.c ****         /* `#END` */
  77:.\Generated_Source\PSoC5/RF_Connection_INT.c **** 
  78:.\Generated_Source\PSoC5/RF_Connection_INT.c ****     #if(CY_PSOC3)   /* Make sure nested interrupt is enabled */
  79:.\Generated_Source\PSoC5/RF_Connection_INT.c ****         int_en = EA;
  80:.\Generated_Source\PSoC5/RF_Connection_INT.c ****         CyGlobalIntEnable;
  81:.\Generated_Source\PSoC5/RF_Connection_INT.c ****     #endif /* (CY_PSOC3) */
  82:.\Generated_Source\PSoC5/RF_Connection_INT.c **** 
ARM GAS  C:\Users\Diego\AppData\Local\Temp\ccvfS30F.s 			page 3


  83:.\Generated_Source\PSoC5/RF_Connection_INT.c ****         do
  84:.\Generated_Source\PSoC5/RF_Connection_INT.c ****         {
  85:.\Generated_Source\PSoC5/RF_Connection_INT.c ****             /* Read receiver status register */
  86:.\Generated_Source\PSoC5/RF_Connection_INT.c ****             readStatus = RF_Connection_RXSTATUS_REG;
  33              		.loc 1 86 0
  34 0000 1E4B     		ldr	r3, .L7
  35 0002 1B78     		ldrb	r3, [r3]	@ zero_extendqisi2
  36 0004 DBB2     		uxtb	r3, r3
  37              	.LVL0:
  87:.\Generated_Source\PSoC5/RF_Connection_INT.c ****             /* Copy the same status to readData variable for backward compatibility support 
  88:.\Generated_Source\PSoC5/RF_Connection_INT.c ****             *  of the user code in RF_Connection_RXISR_ERROR` section. 
  89:.\Generated_Source\PSoC5/RF_Connection_INT.c ****             */
  90:.\Generated_Source\PSoC5/RF_Connection_INT.c ****             readData = readStatus;
  91:.\Generated_Source\PSoC5/RF_Connection_INT.c **** 
  92:.\Generated_Source\PSoC5/RF_Connection_INT.c ****             if((readStatus & (RF_Connection_RX_STS_BREAK | 
  38              		.loc 1 92 0
  39 0006 13F01E0F 		tst	r3, #30
  40 000a 05D0     		beq	.L2
  93:.\Generated_Source\PSoC5/RF_Connection_INT.c ****                             RF_Connection_RX_STS_PAR_ERROR |
  94:.\Generated_Source\PSoC5/RF_Connection_INT.c ****                             RF_Connection_RX_STS_STOP_ERROR | 
  95:.\Generated_Source\PSoC5/RF_Connection_INT.c ****                             RF_Connection_RX_STS_OVERRUN)) != 0u)
  96:.\Generated_Source\PSoC5/RF_Connection_INT.c ****             {
  97:.\Generated_Source\PSoC5/RF_Connection_INT.c ****                 /* ERROR handling. */
  98:.\Generated_Source\PSoC5/RF_Connection_INT.c ****                 RF_Connection_errorStatus |= readStatus & ( RF_Connection_RX_STS_BREAK | 
  41              		.loc 1 98 0
  42 000c 1C48     		ldr	r0, .L7+4
  43 000e 03F01E02 		and	r2, r3, #30
  44 0012 0178     		ldrb	r1, [r0]	@ zero_extendqisi2
  45 0014 0A43     		orrs	r2, r2, r1
  46 0016 0270     		strb	r2, [r0]
  47              	.L2:
  99:.\Generated_Source\PSoC5/RF_Connection_INT.c ****                                                             RF_Connection_RX_STS_PAR_ERROR | 
 100:.\Generated_Source\PSoC5/RF_Connection_INT.c ****                                                             RF_Connection_RX_STS_STOP_ERROR | 
 101:.\Generated_Source\PSoC5/RF_Connection_INT.c ****                                                             RF_Connection_RX_STS_OVERRUN);
 102:.\Generated_Source\PSoC5/RF_Connection_INT.c ****                 /* `#START RF_Connection_RXISR_ERROR` */
 103:.\Generated_Source\PSoC5/RF_Connection_INT.c **** 
 104:.\Generated_Source\PSoC5/RF_Connection_INT.c ****                 /* `#END` */
 105:.\Generated_Source\PSoC5/RF_Connection_INT.c ****                 
 106:.\Generated_Source\PSoC5/RF_Connection_INT.c ****             #ifdef RF_Connection_RXISR_ERROR_CALLBACK
 107:.\Generated_Source\PSoC5/RF_Connection_INT.c ****                 RF_Connection_RXISR_ERROR_Callback();
 108:.\Generated_Source\PSoC5/RF_Connection_INT.c ****             #endif /* RF_Connection_RXISR_ERROR_CALLBACK */
 109:.\Generated_Source\PSoC5/RF_Connection_INT.c ****             }
 110:.\Generated_Source\PSoC5/RF_Connection_INT.c ****             
 111:.\Generated_Source\PSoC5/RF_Connection_INT.c ****             if((readStatus & RF_Connection_RX_STS_FIFO_NOTEMPTY) != 0u)
  48              		.loc 1 111 0
  49 0018 03F02003 		and	r3, r3, #32
  50              	.LVL1:
  51 001c 03F0FF02 		and	r2, r3, #255
  52 0020 002B     		cmp	r3, #0
  53 0022 27D0     		beq	.L3
 112:.\Generated_Source\PSoC5/RF_Connection_INT.c ****             {
 113:.\Generated_Source\PSoC5/RF_Connection_INT.c ****                 /* Read data from the RX data register */
 114:.\Generated_Source\PSoC5/RF_Connection_INT.c ****                 readData = RF_Connection_RXDATA_REG;
  54              		.loc 1 114 0
  55 0024 174B     		ldr	r3, .L7+8
  56 0026 1978     		ldrb	r1, [r3]	@ zero_extendqisi2
  57 0028 C9B2     		uxtb	r1, r1
ARM GAS  C:\Users\Diego\AppData\Local\Temp\ccvfS30F.s 			page 4


  58              	.LVL2:
 115:.\Generated_Source\PSoC5/RF_Connection_INT.c ****             #if (RF_Connection_RXHW_ADDRESS_ENABLED)
 116:.\Generated_Source\PSoC5/RF_Connection_INT.c ****                 if(RF_Connection_rxAddressMode == (uint8)RF_Connection__B_UART__AM_SW_DETECT_TO_BUF
 117:.\Generated_Source\PSoC5/RF_Connection_INT.c ****                 {
 118:.\Generated_Source\PSoC5/RF_Connection_INT.c ****                     if((readStatus & RF_Connection_RX_STS_MRKSPC) != 0u)
 119:.\Generated_Source\PSoC5/RF_Connection_INT.c ****                     {
 120:.\Generated_Source\PSoC5/RF_Connection_INT.c ****                         if ((readStatus & RF_Connection_RX_STS_ADDR_MATCH) != 0u)
 121:.\Generated_Source\PSoC5/RF_Connection_INT.c ****                         {
 122:.\Generated_Source\PSoC5/RF_Connection_INT.c ****                             RF_Connection_rxAddressDetected = 1u;
 123:.\Generated_Source\PSoC5/RF_Connection_INT.c ****                         }
 124:.\Generated_Source\PSoC5/RF_Connection_INT.c ****                         else
 125:.\Generated_Source\PSoC5/RF_Connection_INT.c ****                         {
 126:.\Generated_Source\PSoC5/RF_Connection_INT.c ****                             RF_Connection_rxAddressDetected = 0u;
 127:.\Generated_Source\PSoC5/RF_Connection_INT.c ****                         }
 128:.\Generated_Source\PSoC5/RF_Connection_INT.c ****                     }
 129:.\Generated_Source\PSoC5/RF_Connection_INT.c ****                     if(RF_Connection_rxAddressDetected != 0u)
 130:.\Generated_Source\PSoC5/RF_Connection_INT.c ****                     {   /* Store only addressed data */
 131:.\Generated_Source\PSoC5/RF_Connection_INT.c ****                         RF_Connection_rxBuffer[RF_Connection_rxBufferWrite] = readData;
 132:.\Generated_Source\PSoC5/RF_Connection_INT.c ****                         increment_pointer = 1u;
 133:.\Generated_Source\PSoC5/RF_Connection_INT.c ****                     }
 134:.\Generated_Source\PSoC5/RF_Connection_INT.c ****                 }
 135:.\Generated_Source\PSoC5/RF_Connection_INT.c ****                 else /* Without software addressing */
 136:.\Generated_Source\PSoC5/RF_Connection_INT.c ****                 {
 137:.\Generated_Source\PSoC5/RF_Connection_INT.c ****                     RF_Connection_rxBuffer[RF_Connection_rxBufferWrite] = readData;
 138:.\Generated_Source\PSoC5/RF_Connection_INT.c ****                     increment_pointer = 1u;
 139:.\Generated_Source\PSoC5/RF_Connection_INT.c ****                 }
 140:.\Generated_Source\PSoC5/RF_Connection_INT.c ****             #else  /* Without addressing */
 141:.\Generated_Source\PSoC5/RF_Connection_INT.c ****                 RF_Connection_rxBuffer[RF_Connection_rxBufferWrite] = readData;
  59              		.loc 1 141 0
  60 002a 174B     		ldr	r3, .L7+12
  61 002c 1B88     		ldrh	r3, [r3]
  62 002e 9BB2     		uxth	r3, r3
  63 0030 1648     		ldr	r0, .L7+16
  64 0032 C154     		strb	r1, [r0, r3]
  65              	.LVL3:
 142:.\Generated_Source\PSoC5/RF_Connection_INT.c ****                 increment_pointer = 1u;
 143:.\Generated_Source\PSoC5/RF_Connection_INT.c ****             #endif /* (RF_Connection_RXHW_ADDRESS_ENABLED) */
 144:.\Generated_Source\PSoC5/RF_Connection_INT.c **** 
 145:.\Generated_Source\PSoC5/RF_Connection_INT.c ****                 /* Do not increment buffer pointer when skip not addressed data */
 146:.\Generated_Source\PSoC5/RF_Connection_INT.c ****                 if(increment_pointer != 0u)
 147:.\Generated_Source\PSoC5/RF_Connection_INT.c ****                 {
 148:.\Generated_Source\PSoC5/RF_Connection_INT.c ****                     if(RF_Connection_rxBufferLoopDetect != 0u)
  66              		.loc 1 148 0
  67 0034 164B     		ldr	r3, .L7+20
  68 0036 1B78     		ldrb	r3, [r3]	@ zero_extendqisi2
  69 0038 13F0FF0F 		tst	r3, #255
  70 003c 02D0     		beq	.L4
 149:.\Generated_Source\PSoC5/RF_Connection_INT.c ****                     {   /* Set Software Buffer status Overflow */
 150:.\Generated_Source\PSoC5/RF_Connection_INT.c ****                         RF_Connection_rxBufferOverflow = 1u;
  71              		.loc 1 150 0
  72 003e 0121     		movs	r1, #1
  73              	.LVL4:
  74 0040 144B     		ldr	r3, .L7+24
  75 0042 1970     		strb	r1, [r3]
  76              	.L4:
 151:.\Generated_Source\PSoC5/RF_Connection_INT.c ****                     }
 152:.\Generated_Source\PSoC5/RF_Connection_INT.c ****                     /* Set next pointer. */
ARM GAS  C:\Users\Diego\AppData\Local\Temp\ccvfS30F.s 			page 5


 153:.\Generated_Source\PSoC5/RF_Connection_INT.c ****                     RF_Connection_rxBufferWrite++;
  77              		.loc 1 153 0
  78 0044 1049     		ldr	r1, .L7+12
  79 0046 0B88     		ldrh	r3, [r1]
  80 0048 0133     		adds	r3, r3, #1
  81 004a 9BB2     		uxth	r3, r3
  82 004c 0B80     		strh	r3, [r1]	@ movhi
 154:.\Generated_Source\PSoC5/RF_Connection_INT.c **** 
 155:.\Generated_Source\PSoC5/RF_Connection_INT.c ****                     /* Check pointer for a loop condition */
 156:.\Generated_Source\PSoC5/RF_Connection_INT.c ****                     if(RF_Connection_rxBufferWrite >= RF_Connection_RX_BUFFER_SIZE)
  83              		.loc 1 156 0
  84 004e 0B88     		ldrh	r3, [r1]
  85 0050 9BB2     		uxth	r3, r3
  86 0052 B3F5007F 		cmp	r3, #512
  87 0056 02D3     		bcc	.L5
 157:.\Generated_Source\PSoC5/RF_Connection_INT.c ****                     {
 158:.\Generated_Source\PSoC5/RF_Connection_INT.c ****                         RF_Connection_rxBufferWrite = 0u;
  88              		.loc 1 158 0
  89 0058 0021     		movs	r1, #0
  90 005a 0B4B     		ldr	r3, .L7+12
  91 005c 1980     		strh	r1, [r3]	@ movhi
  92              	.L5:
 159:.\Generated_Source\PSoC5/RF_Connection_INT.c ****                     }
 160:.\Generated_Source\PSoC5/RF_Connection_INT.c **** 
 161:.\Generated_Source\PSoC5/RF_Connection_INT.c ****                     /* Detect pre-overload condition and set flag */
 162:.\Generated_Source\PSoC5/RF_Connection_INT.c ****                     if(RF_Connection_rxBufferWrite == RF_Connection_rxBufferRead)
  93              		.loc 1 162 0
  94 005e 0A4B     		ldr	r3, .L7+12
  95 0060 1988     		ldrh	r1, [r3]
  96 0062 89B2     		uxth	r1, r1
  97 0064 0C4B     		ldr	r3, .L7+28
  98 0066 1B88     		ldrh	r3, [r3]
  99 0068 9BB2     		uxth	r3, r3
 100 006a 9942     		cmp	r1, r3
 101 006c 02D1     		bne	.L3
 163:.\Generated_Source\PSoC5/RF_Connection_INT.c ****                     {
 164:.\Generated_Source\PSoC5/RF_Connection_INT.c ****                         RF_Connection_rxBufferLoopDetect = 1u;
 102              		.loc 1 164 0
 103 006e 0121     		movs	r1, #1
 104 0070 074B     		ldr	r3, .L7+20
 105 0072 1970     		strb	r1, [r3]
 106              	.LVL5:
 107              	.L3:
 165:.\Generated_Source\PSoC5/RF_Connection_INT.c ****                         /* When Hardware Flow Control selected */
 166:.\Generated_Source\PSoC5/RF_Connection_INT.c ****                         #if (RF_Connection_FLOW_CONTROL != 0u)
 167:.\Generated_Source\PSoC5/RF_Connection_INT.c ****                             /* Disable RX interrupt mask, it is enabled when user read data from th
 168:.\Generated_Source\PSoC5/RF_Connection_INT.c ****                             RF_Connection_RXSTATUS_MASK_REG  &= (uint8)~RF_Connection_RX_STS_FIFO_N
 169:.\Generated_Source\PSoC5/RF_Connection_INT.c ****                             CyIntClearPending(RF_Connection_RX_VECT_NUM);
 170:.\Generated_Source\PSoC5/RF_Connection_INT.c ****                             break; /* Break the reading of the FIFO loop, leave the data there for 
 171:.\Generated_Source\PSoC5/RF_Connection_INT.c ****                         #endif /* (RF_Connection_FLOW_CONTROL != 0u) */
 172:.\Generated_Source\PSoC5/RF_Connection_INT.c ****                     }
 173:.\Generated_Source\PSoC5/RF_Connection_INT.c ****                 }
 174:.\Generated_Source\PSoC5/RF_Connection_INT.c ****             }
 175:.\Generated_Source\PSoC5/RF_Connection_INT.c ****         }while((readStatus & RF_Connection_RX_STS_FIFO_NOTEMPTY) != 0u);
 108              		.loc 1 175 0
 109 0074 002A     		cmp	r2, #0
 110 0076 C3D1     		bne	.L6
ARM GAS  C:\Users\Diego\AppData\Local\Temp\ccvfS30F.s 			page 6


 176:.\Generated_Source\PSoC5/RF_Connection_INT.c **** 
 177:.\Generated_Source\PSoC5/RF_Connection_INT.c ****         /* User code required at end of ISR (Optional) */
 178:.\Generated_Source\PSoC5/RF_Connection_INT.c ****         /* `#START RF_Connection_RXISR_END` */
 179:.\Generated_Source\PSoC5/RF_Connection_INT.c **** 
 180:.\Generated_Source\PSoC5/RF_Connection_INT.c ****         /* `#END` */
 181:.\Generated_Source\PSoC5/RF_Connection_INT.c **** 
 182:.\Generated_Source\PSoC5/RF_Connection_INT.c ****     #ifdef RF_Connection_RXISR_EXIT_CALLBACK
 183:.\Generated_Source\PSoC5/RF_Connection_INT.c ****         RF_Connection_RXISR_ExitCallback();
 184:.\Generated_Source\PSoC5/RF_Connection_INT.c ****     #endif /* RF_Connection_RXISR_EXIT_CALLBACK */
 185:.\Generated_Source\PSoC5/RF_Connection_INT.c **** 
 186:.\Generated_Source\PSoC5/RF_Connection_INT.c ****     #if(CY_PSOC3)
 187:.\Generated_Source\PSoC5/RF_Connection_INT.c ****         EA = int_en;
 188:.\Generated_Source\PSoC5/RF_Connection_INT.c ****     #endif /* (CY_PSOC3) */
 189:.\Generated_Source\PSoC5/RF_Connection_INT.c ****     }
 111              		.loc 1 189 0
 112 0078 7047     		bx	lr
 113              	.L8:
 114 007a 00BF     		.align	2
 115              	.L7:
 116 007c 6D640040 		.word	1073767533
 117 0080 00000000 		.word	RF_Connection_errorStatus
 118 0084 48640040 		.word	1073767496
 119 0088 00000000 		.word	RF_Connection_rxBufferWrite
 120 008c 00000000 		.word	RF_Connection_rxBuffer
 121 0090 00000000 		.word	RF_Connection_rxBufferLoopDetect
 122 0094 00000000 		.word	RF_Connection_rxBufferOverflow
 123 0098 00000000 		.word	RF_Connection_rxBufferRead
 124              		.cfi_endproc
 125              	.LFE0:
 126              		.size	RF_Connection_RXISR, .-RF_Connection_RXISR
 127              		.text
 128              	.Letext0:
 129              		.file 2 ".\\Generated_Source\\PSoC5\\cytypes.h"
 130              		.file 3 ".\\Generated_Source\\PSoC5\\RF_Connection.h"
 131              		.section	.debug_info,"",%progbits
 132              	.Ldebug_info0:
 133 0000 53010000 		.4byte	0x153
 134 0004 0400     		.2byte	0x4
 135 0006 00000000 		.4byte	.Ldebug_abbrev0
 136 000a 04       		.byte	0x4
 137 000b 01       		.uleb128 0x1
 138 000c 21000000 		.4byte	.LASF25
 139 0010 01       		.byte	0x1
 140 0011 68010000 		.4byte	.LASF26
 141 0015 AF000000 		.4byte	.LASF27
 142 0019 00000000 		.4byte	.Ldebug_ranges0+0
 143 001d 00000000 		.4byte	0
 144 0021 00000000 		.4byte	.Ldebug_line0
 145 0025 02       		.uleb128 0x2
 146 0026 01       		.byte	0x1
 147 0027 06       		.byte	0x6
 148 0028 F3010000 		.4byte	.LASF0
 149 002c 02       		.uleb128 0x2
 150 002d 01       		.byte	0x1
 151 002e 08       		.byte	0x8
 152 002f 95010000 		.4byte	.LASF1
 153 0033 02       		.uleb128 0x2
ARM GAS  C:\Users\Diego\AppData\Local\Temp\ccvfS30F.s 			page 7


 154 0034 02       		.byte	0x2
 155 0035 05       		.byte	0x5
 156 0036 24020000 		.4byte	.LASF2
 157 003a 02       		.uleb128 0x2
 158 003b 02       		.byte	0x2
 159 003c 07       		.byte	0x7
 160 003d 0E000000 		.4byte	.LASF3
 161 0041 02       		.uleb128 0x2
 162 0042 04       		.byte	0x4
 163 0043 05       		.byte	0x5
 164 0044 A8010000 		.4byte	.LASF4
 165 0048 02       		.uleb128 0x2
 166 0049 04       		.byte	0x4
 167 004a 07       		.byte	0x7
 168 004b 28010000 		.4byte	.LASF5
 169 004f 02       		.uleb128 0x2
 170 0050 08       		.byte	0x8
 171 0051 05       		.byte	0x5
 172 0052 00000000 		.4byte	.LASF6
 173 0056 02       		.uleb128 0x2
 174 0057 08       		.byte	0x8
 175 0058 07       		.byte	0x7
 176 0059 3A010000 		.4byte	.LASF7
 177 005d 03       		.uleb128 0x3
 178 005e 04       		.byte	0x4
 179 005f 05       		.byte	0x5
 180 0060 696E7400 		.ascii	"int\000"
 181 0064 02       		.uleb128 0x2
 182 0065 04       		.byte	0x4
 183 0066 07       		.byte	0x7
 184 0067 35020000 		.4byte	.LASF8
 185 006b 04       		.uleb128 0x4
 186 006c 22010000 		.4byte	.LASF9
 187 0070 02       		.byte	0x2
 188 0071 3801     		.2byte	0x138
 189 0073 2C000000 		.4byte	0x2c
 190 0077 04       		.uleb128 0x4
 191 0078 2E020000 		.4byte	.LASF10
 192 007c 02       		.byte	0x2
 193 007d 3901     		.2byte	0x139
 194 007f 3A000000 		.4byte	0x3a
 195 0083 02       		.uleb128 0x2
 196 0084 04       		.byte	0x4
 197 0085 04       		.byte	0x4
 198 0086 1E020000 		.4byte	.LASF11
 199 008a 02       		.uleb128 0x2
 200 008b 08       		.byte	0x8
 201 008c 04       		.byte	0x4
 202 008d C5010000 		.4byte	.LASF12
 203 0091 02       		.uleb128 0x2
 204 0092 01       		.byte	0x1
 205 0093 08       		.byte	0x8
 206 0094 A3010000 		.4byte	.LASF13
 207 0098 04       		.uleb128 0x4
 208 0099 1D010000 		.4byte	.LASF14
 209 009d 02       		.byte	0x2
 210 009e E201     		.2byte	0x1e2
ARM GAS  C:\Users\Diego\AppData\Local\Temp\ccvfS30F.s 			page 8


 211 00a0 A4000000 		.4byte	0xa4
 212 00a4 05       		.uleb128 0x5
 213 00a5 6B000000 		.4byte	0x6b
 214 00a9 05       		.uleb128 0x5
 215 00aa 77000000 		.4byte	0x77
 216 00ae 02       		.uleb128 0x2
 217 00af 04       		.byte	0x4
 218 00b0 07       		.byte	0x7
 219 00b1 6C020000 		.4byte	.LASF15
 220 00b5 06       		.uleb128 0x6
 221 00b6 B1010000 		.4byte	.LASF28
 222 00ba 01       		.byte	0x1
 223 00bb 3B       		.byte	0x3b
 224 00bc 00000000 		.4byte	.LFB0
 225 00c0 9C000000 		.4byte	.LFE0-.LFB0
 226 00c4 01       		.uleb128 0x1
 227 00c5 9C       		.byte	0x9c
 228 00c6 F8000000 		.4byte	0xf8
 229 00ca 07       		.uleb128 0x7
 230 00cb 63020000 		.4byte	.LASF16
 231 00cf 01       		.byte	0x1
 232 00d0 3D       		.byte	0x3d
 233 00d1 6B000000 		.4byte	0x6b
 234 00d5 00000000 		.4byte	.LLST0
 235 00d9 07       		.uleb128 0x7
 236 00da CC010000 		.4byte	.LASF17
 237 00de 01       		.byte	0x1
 238 00df 3E       		.byte	0x3e
 239 00e0 6B000000 		.4byte	0x6b
 240 00e4 1E000000 		.4byte	.LLST1
 241 00e8 07       		.uleb128 0x7
 242 00e9 F1000000 		.4byte	.LASF18
 243 00ed 01       		.byte	0x1
 244 00ee 3F       		.byte	0x3f
 245 00ef 6B000000 		.4byte	0x6b
 246 00f3 31000000 		.4byte	.LLST2
 247 00f7 00       		.byte	0
 248 00f8 08       		.uleb128 0x8
 249 00f9 03010000 		.4byte	.LASF19
 250 00fd 03       		.byte	0x3
 251 00fe 3D01     		.2byte	0x13d
 252 0100 6B000000 		.4byte	0x6b
 253 0104 09       		.uleb128 0x9
 254 0105 6B000000 		.4byte	0x6b
 255 0109 15010000 		.4byte	0x115
 256 010d 0A       		.uleb128 0xa
 257 010e AE000000 		.4byte	0xae
 258 0112 FF01     		.2byte	0x1ff
 259 0114 00       		.byte	0
 260 0115 08       		.uleb128 0x8
 261 0116 51010000 		.4byte	.LASF20
 262 011a 03       		.byte	0x3
 263 011b 3E01     		.2byte	0x13e
 264 011d 21010000 		.4byte	0x121
 265 0121 05       		.uleb128 0x5
 266 0122 04010000 		.4byte	0x104
 267 0126 08       		.uleb128 0x8
ARM GAS  C:\Users\Diego\AppData\Local\Temp\ccvfS30F.s 			page 9


 268 0127 75020000 		.4byte	.LASF21
 269 012b 03       		.byte	0x3
 270 012c 3F01     		.2byte	0x13f
 271 012e A9000000 		.4byte	0xa9
 272 0132 08       		.uleb128 0x8
 273 0133 D7010000 		.4byte	.LASF22
 274 0137 03       		.byte	0x3
 275 0138 4001     		.2byte	0x140
 276 013a A9000000 		.4byte	0xa9
 277 013e 08       		.uleb128 0x8
 278 013f 42020000 		.4byte	.LASF23
 279 0143 03       		.byte	0x3
 280 0144 4101     		.2byte	0x141
 281 0146 A4000000 		.4byte	0xa4
 282 014a 08       		.uleb128 0x8
 283 014b FF010000 		.4byte	.LASF24
 284 014f 03       		.byte	0x3
 285 0150 4201     		.2byte	0x142
 286 0152 A4000000 		.4byte	0xa4
 287 0156 00       		.byte	0
 288              		.section	.debug_abbrev,"",%progbits
 289              	.Ldebug_abbrev0:
 290 0000 01       		.uleb128 0x1
 291 0001 11       		.uleb128 0x11
 292 0002 01       		.byte	0x1
 293 0003 25       		.uleb128 0x25
 294 0004 0E       		.uleb128 0xe
 295 0005 13       		.uleb128 0x13
 296 0006 0B       		.uleb128 0xb
 297 0007 03       		.uleb128 0x3
 298 0008 0E       		.uleb128 0xe
 299 0009 1B       		.uleb128 0x1b
 300 000a 0E       		.uleb128 0xe
 301 000b 55       		.uleb128 0x55
 302 000c 17       		.uleb128 0x17
 303 000d 11       		.uleb128 0x11
 304 000e 01       		.uleb128 0x1
 305 000f 10       		.uleb128 0x10
 306 0010 17       		.uleb128 0x17
 307 0011 00       		.byte	0
 308 0012 00       		.byte	0
 309 0013 02       		.uleb128 0x2
 310 0014 24       		.uleb128 0x24
 311 0015 00       		.byte	0
 312 0016 0B       		.uleb128 0xb
 313 0017 0B       		.uleb128 0xb
 314 0018 3E       		.uleb128 0x3e
 315 0019 0B       		.uleb128 0xb
 316 001a 03       		.uleb128 0x3
 317 001b 0E       		.uleb128 0xe
 318 001c 00       		.byte	0
 319 001d 00       		.byte	0
 320 001e 03       		.uleb128 0x3
 321 001f 24       		.uleb128 0x24
 322 0020 00       		.byte	0
 323 0021 0B       		.uleb128 0xb
 324 0022 0B       		.uleb128 0xb
ARM GAS  C:\Users\Diego\AppData\Local\Temp\ccvfS30F.s 			page 10


 325 0023 3E       		.uleb128 0x3e
 326 0024 0B       		.uleb128 0xb
 327 0025 03       		.uleb128 0x3
 328 0026 08       		.uleb128 0x8
 329 0027 00       		.byte	0
 330 0028 00       		.byte	0
 331 0029 04       		.uleb128 0x4
 332 002a 16       		.uleb128 0x16
 333 002b 00       		.byte	0
 334 002c 03       		.uleb128 0x3
 335 002d 0E       		.uleb128 0xe
 336 002e 3A       		.uleb128 0x3a
 337 002f 0B       		.uleb128 0xb
 338 0030 3B       		.uleb128 0x3b
 339 0031 05       		.uleb128 0x5
 340 0032 49       		.uleb128 0x49
 341 0033 13       		.uleb128 0x13
 342 0034 00       		.byte	0
 343 0035 00       		.byte	0
 344 0036 05       		.uleb128 0x5
 345 0037 35       		.uleb128 0x35
 346 0038 00       		.byte	0
 347 0039 49       		.uleb128 0x49
 348 003a 13       		.uleb128 0x13
 349 003b 00       		.byte	0
 350 003c 00       		.byte	0
 351 003d 06       		.uleb128 0x6
 352 003e 2E       		.uleb128 0x2e
 353 003f 01       		.byte	0x1
 354 0040 3F       		.uleb128 0x3f
 355 0041 19       		.uleb128 0x19
 356 0042 03       		.uleb128 0x3
 357 0043 0E       		.uleb128 0xe
 358 0044 3A       		.uleb128 0x3a
 359 0045 0B       		.uleb128 0xb
 360 0046 3B       		.uleb128 0x3b
 361 0047 0B       		.uleb128 0xb
 362 0048 27       		.uleb128 0x27
 363 0049 19       		.uleb128 0x19
 364 004a 11       		.uleb128 0x11
 365 004b 01       		.uleb128 0x1
 366 004c 12       		.uleb128 0x12
 367 004d 06       		.uleb128 0x6
 368 004e 40       		.uleb128 0x40
 369 004f 18       		.uleb128 0x18
 370 0050 9742     		.uleb128 0x2117
 371 0052 19       		.uleb128 0x19
 372 0053 01       		.uleb128 0x1
 373 0054 13       		.uleb128 0x13
 374 0055 00       		.byte	0
 375 0056 00       		.byte	0
 376 0057 07       		.uleb128 0x7
 377 0058 34       		.uleb128 0x34
 378 0059 00       		.byte	0
 379 005a 03       		.uleb128 0x3
 380 005b 0E       		.uleb128 0xe
 381 005c 3A       		.uleb128 0x3a
ARM GAS  C:\Users\Diego\AppData\Local\Temp\ccvfS30F.s 			page 11


 382 005d 0B       		.uleb128 0xb
 383 005e 3B       		.uleb128 0x3b
 384 005f 0B       		.uleb128 0xb
 385 0060 49       		.uleb128 0x49
 386 0061 13       		.uleb128 0x13
 387 0062 02       		.uleb128 0x2
 388 0063 17       		.uleb128 0x17
 389 0064 00       		.byte	0
 390 0065 00       		.byte	0
 391 0066 08       		.uleb128 0x8
 392 0067 34       		.uleb128 0x34
 393 0068 00       		.byte	0
 394 0069 03       		.uleb128 0x3
 395 006a 0E       		.uleb128 0xe
 396 006b 3A       		.uleb128 0x3a
 397 006c 0B       		.uleb128 0xb
 398 006d 3B       		.uleb128 0x3b
 399 006e 05       		.uleb128 0x5
 400 006f 49       		.uleb128 0x49
 401 0070 13       		.uleb128 0x13
 402 0071 3F       		.uleb128 0x3f
 403 0072 19       		.uleb128 0x19
 404 0073 3C       		.uleb128 0x3c
 405 0074 19       		.uleb128 0x19
 406 0075 00       		.byte	0
 407 0076 00       		.byte	0
 408 0077 09       		.uleb128 0x9
 409 0078 01       		.uleb128 0x1
 410 0079 01       		.byte	0x1
 411 007a 49       		.uleb128 0x49
 412 007b 13       		.uleb128 0x13
 413 007c 01       		.uleb128 0x1
 414 007d 13       		.uleb128 0x13
 415 007e 00       		.byte	0
 416 007f 00       		.byte	0
 417 0080 0A       		.uleb128 0xa
 418 0081 21       		.uleb128 0x21
 419 0082 00       		.byte	0
 420 0083 49       		.uleb128 0x49
 421 0084 13       		.uleb128 0x13
 422 0085 2F       		.uleb128 0x2f
 423 0086 05       		.uleb128 0x5
 424 0087 00       		.byte	0
 425 0088 00       		.byte	0
 426 0089 00       		.byte	0
 427              		.section	.debug_loc,"",%progbits
 428              	.Ldebug_loc0:
 429              	.LLST0:
 430 0000 06000000 		.4byte	.LVL0
 431 0004 1C000000 		.4byte	.LVL1
 432 0008 0100     		.2byte	0x1
 433 000a 53       		.byte	0x53
 434 000b 2A000000 		.4byte	.LVL2
 435 000f 40000000 		.4byte	.LVL4
 436 0013 0100     		.2byte	0x1
 437 0015 51       		.byte	0x51
 438 0016 00000000 		.4byte	0
ARM GAS  C:\Users\Diego\AppData\Local\Temp\ccvfS30F.s 			page 12


 439 001a 00000000 		.4byte	0
 440              	.LLST1:
 441 001e 06000000 		.4byte	.LVL0
 442 0022 1C000000 		.4byte	.LVL1
 443 0026 0100     		.2byte	0x1
 444 0028 53       		.byte	0x53
 445 0029 00000000 		.4byte	0
 446 002d 00000000 		.4byte	0
 447              	.LLST2:
 448 0031 34000000 		.4byte	.LVL3
 449 0035 74000000 		.4byte	.LVL5
 450 0039 0200     		.2byte	0x2
 451 003b 31       		.byte	0x31
 452 003c 9F       		.byte	0x9f
 453 003d 00000000 		.4byte	0
 454 0041 00000000 		.4byte	0
 455              		.section	.debug_aranges,"",%progbits
 456 0000 1C000000 		.4byte	0x1c
 457 0004 0200     		.2byte	0x2
 458 0006 00000000 		.4byte	.Ldebug_info0
 459 000a 04       		.byte	0x4
 460 000b 00       		.byte	0
 461 000c 0000     		.2byte	0
 462 000e 0000     		.2byte	0
 463 0010 00000000 		.4byte	.LFB0
 464 0014 9C000000 		.4byte	.LFE0-.LFB0
 465 0018 00000000 		.4byte	0
 466 001c 00000000 		.4byte	0
 467              		.section	.debug_ranges,"",%progbits
 468              	.Ldebug_ranges0:
 469 0000 00000000 		.4byte	.LFB0
 470 0004 9C000000 		.4byte	.LFE0
 471 0008 00000000 		.4byte	0
 472 000c 00000000 		.4byte	0
 473              		.section	.debug_line,"",%progbits
 474              	.Ldebug_line0:
 475 0000 91000000 		.section	.debug_str,"MS",%progbits,1
 475      02006300 
 475      00000201 
 475      FB0E0D00 
 475      01010101 
 476              	.LASF6:
 477 0000 6C6F6E67 		.ascii	"long long int\000"
 477      206C6F6E 
 477      6720696E 
 477      7400
 478              	.LASF3:
 479 000e 73686F72 		.ascii	"short unsigned int\000"
 479      7420756E 
 479      7369676E 
 479      65642069 
 479      6E7400
 480              	.LASF25:
 481 0021 474E5520 		.ascii	"GNU C 4.9.3 20150303 (release) [ARM/embedded-4_9-br"
 481      4320342E 
 481      392E3320 
 481      32303135 
ARM GAS  C:\Users\Diego\AppData\Local\Temp\ccvfS30F.s 			page 13


 481      30333033 
 482 0054 616E6368 		.ascii	"anch revision 221220] -mcpu=cortex-m3 -mthumb -g -O"
 482      20726576 
 482      6973696F 
 482      6E203232 
 482      31323230 
 483 0087 67202D66 		.ascii	"g -ffunction-sections -ffat-lto-objects\000"
 483      66756E63 
 483      74696F6E 
 483      2D736563 
 483      74696F6E 
 484              	.LASF27:
 485 00af 433A5C55 		.ascii	"C:\\Users\\Diego\\Documents\\GitHub\\NSY-DH\\Worksp"
 485      73657273 
 485      5C446965 
 485      676F5C44 
 485      6F63756D 
 486 00dc 61636530 		.ascii	"ace01\\Design01.cydsn\000"
 486      315C4465 
 486      7369676E 
 486      30312E63 
 486      7964736E 
 487              	.LASF18:
 488 00f1 696E6372 		.ascii	"increment_pointer\000"
 488      656D656E 
 488      745F706F 
 488      696E7465 
 488      7200
 489              	.LASF19:
 490 0103 52465F43 		.ascii	"RF_Connection_errorStatus\000"
 490      6F6E6E65 
 490      6374696F 
 490      6E5F6572 
 490      726F7253 
 491              	.LASF14:
 492 011d 72656738 		.ascii	"reg8\000"
 492      00
 493              	.LASF9:
 494 0122 75696E74 		.ascii	"uint8\000"
 494      3800
 495              	.LASF5:
 496 0128 6C6F6E67 		.ascii	"long unsigned int\000"
 496      20756E73 
 496      69676E65 
 496      6420696E 
 496      7400
 497              	.LASF7:
 498 013a 6C6F6E67 		.ascii	"long long unsigned int\000"
 498      206C6F6E 
 498      6720756E 
 498      7369676E 
 498      65642069 
 499              	.LASF20:
 500 0151 52465F43 		.ascii	"RF_Connection_rxBuffer\000"
 500      6F6E6E65 
 500      6374696F 
 500      6E5F7278 
ARM GAS  C:\Users\Diego\AppData\Local\Temp\ccvfS30F.s 			page 14


 500      42756666 
 501              	.LASF26:
 502 0168 2E5C4765 		.ascii	".\\Generated_Source\\PSoC5\\RF_Connection_INT.c\000"
 502      6E657261 
 502      7465645F 
 502      536F7572 
 502      63655C50 
 503              	.LASF1:
 504 0195 756E7369 		.ascii	"unsigned char\000"
 504      676E6564 
 504      20636861 
 504      7200
 505              	.LASF13:
 506 01a3 63686172 		.ascii	"char\000"
 506      00
 507              	.LASF4:
 508 01a8 6C6F6E67 		.ascii	"long int\000"
 508      20696E74 
 508      00
 509              	.LASF28:
 510 01b1 52465F43 		.ascii	"RF_Connection_RXISR\000"
 510      6F6E6E65 
 510      6374696F 
 510      6E5F5258 
 510      49535200 
 511              	.LASF12:
 512 01c5 646F7562 		.ascii	"double\000"
 512      6C6500
 513              	.LASF17:
 514 01cc 72656164 		.ascii	"readStatus\000"
 514      53746174 
 514      757300
 515              	.LASF22:
 516 01d7 52465F43 		.ascii	"RF_Connection_rxBufferWrite\000"
 516      6F6E6E65 
 516      6374696F 
 516      6E5F7278 
 516      42756666 
 517              	.LASF0:
 518 01f3 7369676E 		.ascii	"signed char\000"
 518      65642063 
 518      68617200 
 519              	.LASF24:
 520 01ff 52465F43 		.ascii	"RF_Connection_rxBufferOverflow\000"
 520      6F6E6E65 
 520      6374696F 
 520      6E5F7278 
 520      42756666 
 521              	.LASF11:
 522 021e 666C6F61 		.ascii	"float\000"
 522      7400
 523              	.LASF2:
 524 0224 73686F72 		.ascii	"short int\000"
 524      7420696E 
 524      7400
 525              	.LASF10:
 526 022e 75696E74 		.ascii	"uint16\000"
ARM GAS  C:\Users\Diego\AppData\Local\Temp\ccvfS30F.s 			page 15


 526      313600
 527              	.LASF8:
 528 0235 756E7369 		.ascii	"unsigned int\000"
 528      676E6564 
 528      20696E74 
 528      00
 529              	.LASF23:
 530 0242 52465F43 		.ascii	"RF_Connection_rxBufferLoopDetect\000"
 530      6F6E6E65 
 530      6374696F 
 530      6E5F7278 
 530      42756666 
 531              	.LASF16:
 532 0263 72656164 		.ascii	"readData\000"
 532      44617461 
 532      00
 533              	.LASF15:
 534 026c 73697A65 		.ascii	"sizetype\000"
 534      74797065 
 534      00
 535              	.LASF21:
 536 0275 52465F43 		.ascii	"RF_Connection_rxBufferRead\000"
 536      6F6E6E65 
 536      6374696F 
 536      6E5F7278 
 536      42756666 
 537              		.ident	"GCC: (GNU Tools for ARM Embedded Processors) 4.9.3 20150303 (release) [ARM/embedded-4_9-br
