ARM GAS  C:\Users\Diego\AppData\Local\Temp\ccImexDr.s 			page 1


   1              		.syntax unified
   2              		.cpu cortex-m3
   3              		.fpu softvfp
   4              		.eabi_attribute 20, 1
   5              		.eabi_attribute 21, 1
   6              		.eabi_attribute 23, 3
   7              		.eabi_attribute 24, 1
   8              		.eabi_attribute 25, 1
   9              		.eabi_attribute 26, 1
  10              		.eabi_attribute 30, 1
  11              		.eabi_attribute 34, 1
  12              		.eabi_attribute 18, 4
  13              		.thumb
  14              		.file	"RF_Connection_INT.c"
  15              		.text
  16              	.Ltext0:
  17              		.cfi_sections	.debug_frame
  18              		.section	.text.RF_Connection_RXISR,"ax",%progbits
  19              		.align	2
  20              		.global	RF_Connection_RXISR
  21              		.thumb
  22              		.thumb_func
  23              		.type	RF_Connection_RXISR, %function
  24              	RF_Connection_RXISR:
  25              	.LFB0:
  26              		.file 1 ".\\Generated_Source\\PSoC5\\RF_Connection_INT.c"
   1:.\Generated_Source\PSoC5/RF_Connection_INT.c **** /*******************************************************************************
   2:.\Generated_Source\PSoC5/RF_Connection_INT.c **** * File Name: RF_ConnectionINT.c
   3:.\Generated_Source\PSoC5/RF_Connection_INT.c **** * Version 2.50
   4:.\Generated_Source\PSoC5/RF_Connection_INT.c **** *
   5:.\Generated_Source\PSoC5/RF_Connection_INT.c **** * Description:
   6:.\Generated_Source\PSoC5/RF_Connection_INT.c **** *  This file provides all Interrupt Service functionality of the UART component
   7:.\Generated_Source\PSoC5/RF_Connection_INT.c **** *
   8:.\Generated_Source\PSoC5/RF_Connection_INT.c **** ********************************************************************************
   9:.\Generated_Source\PSoC5/RF_Connection_INT.c **** * Copyright 2008-2015, Cypress Semiconductor Corporation.  All rights reserved.
  10:.\Generated_Source\PSoC5/RF_Connection_INT.c **** * You may use this file only in accordance with the license, terms, conditions,
  11:.\Generated_Source\PSoC5/RF_Connection_INT.c **** * disclaimers, and limitations in the end user license agreement accompanying
  12:.\Generated_Source\PSoC5/RF_Connection_INT.c **** * the software package with which this file was provided.
  13:.\Generated_Source\PSoC5/RF_Connection_INT.c **** *******************************************************************************/
  14:.\Generated_Source\PSoC5/RF_Connection_INT.c **** 
  15:.\Generated_Source\PSoC5/RF_Connection_INT.c **** #include "RF_Connection.h"
  16:.\Generated_Source\PSoC5/RF_Connection_INT.c **** #include "cyapicallbacks.h"
  17:.\Generated_Source\PSoC5/RF_Connection_INT.c **** 
  18:.\Generated_Source\PSoC5/RF_Connection_INT.c **** 
  19:.\Generated_Source\PSoC5/RF_Connection_INT.c **** /***************************************
  20:.\Generated_Source\PSoC5/RF_Connection_INT.c **** * Custom Declarations
  21:.\Generated_Source\PSoC5/RF_Connection_INT.c **** ***************************************/
  22:.\Generated_Source\PSoC5/RF_Connection_INT.c **** /* `#START CUSTOM_DECLARATIONS` Place your declaration here */
  23:.\Generated_Source\PSoC5/RF_Connection_INT.c **** 
  24:.\Generated_Source\PSoC5/RF_Connection_INT.c **** /* `#END` */
  25:.\Generated_Source\PSoC5/RF_Connection_INT.c **** 
  26:.\Generated_Source\PSoC5/RF_Connection_INT.c **** #if (RF_Connection_RX_INTERRUPT_ENABLED && (RF_Connection_RX_ENABLED || RF_Connection_HD_ENABLED))
  27:.\Generated_Source\PSoC5/RF_Connection_INT.c ****     /*******************************************************************************
  28:.\Generated_Source\PSoC5/RF_Connection_INT.c ****     * Function Name: RF_Connection_RXISR
  29:.\Generated_Source\PSoC5/RF_Connection_INT.c ****     ********************************************************************************
  30:.\Generated_Source\PSoC5/RF_Connection_INT.c ****     *
  31:.\Generated_Source\PSoC5/RF_Connection_INT.c ****     * Summary:
ARM GAS  C:\Users\Diego\AppData\Local\Temp\ccImexDr.s 			page 2


  32:.\Generated_Source\PSoC5/RF_Connection_INT.c ****     *  Interrupt Service Routine for RX portion of the UART
  33:.\Generated_Source\PSoC5/RF_Connection_INT.c ****     *
  34:.\Generated_Source\PSoC5/RF_Connection_INT.c ****     * Parameters:
  35:.\Generated_Source\PSoC5/RF_Connection_INT.c ****     *  None.
  36:.\Generated_Source\PSoC5/RF_Connection_INT.c ****     *
  37:.\Generated_Source\PSoC5/RF_Connection_INT.c ****     * Return:
  38:.\Generated_Source\PSoC5/RF_Connection_INT.c ****     *  None.
  39:.\Generated_Source\PSoC5/RF_Connection_INT.c ****     *
  40:.\Generated_Source\PSoC5/RF_Connection_INT.c ****     * Global Variables:
  41:.\Generated_Source\PSoC5/RF_Connection_INT.c ****     *  RF_Connection_rxBuffer - RAM buffer pointer for save received data.
  42:.\Generated_Source\PSoC5/RF_Connection_INT.c ****     *  RF_Connection_rxBufferWrite - cyclic index for write to rxBuffer,
  43:.\Generated_Source\PSoC5/RF_Connection_INT.c ****     *     increments after each byte saved to buffer.
  44:.\Generated_Source\PSoC5/RF_Connection_INT.c ****     *  RF_Connection_rxBufferRead - cyclic index for read from rxBuffer,
  45:.\Generated_Source\PSoC5/RF_Connection_INT.c ****     *     checked to detect overflow condition.
  46:.\Generated_Source\PSoC5/RF_Connection_INT.c ****     *  RF_Connection_rxBufferOverflow - software overflow flag. Set to one
  47:.\Generated_Source\PSoC5/RF_Connection_INT.c ****     *     when RF_Connection_rxBufferWrite index overtakes
  48:.\Generated_Source\PSoC5/RF_Connection_INT.c ****     *     RF_Connection_rxBufferRead index.
  49:.\Generated_Source\PSoC5/RF_Connection_INT.c ****     *  RF_Connection_rxBufferLoopDetect - additional variable to detect overflow.
  50:.\Generated_Source\PSoC5/RF_Connection_INT.c ****     *     Set to one when RF_Connection_rxBufferWrite is equal to
  51:.\Generated_Source\PSoC5/RF_Connection_INT.c ****     *    RF_Connection_rxBufferRead
  52:.\Generated_Source\PSoC5/RF_Connection_INT.c ****     *  RF_Connection_rxAddressMode - this variable contains the Address mode,
  53:.\Generated_Source\PSoC5/RF_Connection_INT.c ****     *     selected in customizer or set by UART_SetRxAddressMode() API.
  54:.\Generated_Source\PSoC5/RF_Connection_INT.c ****     *  RF_Connection_rxAddressDetected - set to 1 when correct address received,
  55:.\Generated_Source\PSoC5/RF_Connection_INT.c ****     *     and analysed to store following addressed data bytes to the buffer.
  56:.\Generated_Source\PSoC5/RF_Connection_INT.c ****     *     When not correct address received, set to 0 to skip following data bytes.
  57:.\Generated_Source\PSoC5/RF_Connection_INT.c ****     *
  58:.\Generated_Source\PSoC5/RF_Connection_INT.c ****     *******************************************************************************/
  59:.\Generated_Source\PSoC5/RF_Connection_INT.c ****     CY_ISR(RF_Connection_RXISR)
  60:.\Generated_Source\PSoC5/RF_Connection_INT.c ****     {
  27              		.loc 1 60 0
  28              		.cfi_startproc
  29              		@ args = 0, pretend = 0, frame = 0
  30              		@ frame_needed = 0, uses_anonymous_args = 0
  31              		@ link register save eliminated.
  32              	.L6:
  61:.\Generated_Source\PSoC5/RF_Connection_INT.c ****         uint8 readData;
  62:.\Generated_Source\PSoC5/RF_Connection_INT.c ****         uint8 readStatus;
  63:.\Generated_Source\PSoC5/RF_Connection_INT.c ****         uint8 increment_pointer = 0u;
  64:.\Generated_Source\PSoC5/RF_Connection_INT.c **** 
  65:.\Generated_Source\PSoC5/RF_Connection_INT.c ****     #if(CY_PSOC3)
  66:.\Generated_Source\PSoC5/RF_Connection_INT.c ****         uint8 int_en;
  67:.\Generated_Source\PSoC5/RF_Connection_INT.c ****     #endif /* (CY_PSOC3) */
  68:.\Generated_Source\PSoC5/RF_Connection_INT.c **** 
  69:.\Generated_Source\PSoC5/RF_Connection_INT.c ****     #ifdef RF_Connection_RXISR_ENTRY_CALLBACK
  70:.\Generated_Source\PSoC5/RF_Connection_INT.c ****         RF_Connection_RXISR_EntryCallback();
  71:.\Generated_Source\PSoC5/RF_Connection_INT.c ****     #endif /* RF_Connection_RXISR_ENTRY_CALLBACK */
  72:.\Generated_Source\PSoC5/RF_Connection_INT.c **** 
  73:.\Generated_Source\PSoC5/RF_Connection_INT.c ****         /* User code required at start of ISR */
  74:.\Generated_Source\PSoC5/RF_Connection_INT.c ****         /* `#START RF_Connection_RXISR_START` */
  75:.\Generated_Source\PSoC5/RF_Connection_INT.c **** 
  76:.\Generated_Source\PSoC5/RF_Connection_INT.c ****         /* `#END` */
  77:.\Generated_Source\PSoC5/RF_Connection_INT.c **** 
  78:.\Generated_Source\PSoC5/RF_Connection_INT.c ****     #if(CY_PSOC3)   /* Make sure nested interrupt is enabled */
  79:.\Generated_Source\PSoC5/RF_Connection_INT.c ****         int_en = EA;
  80:.\Generated_Source\PSoC5/RF_Connection_INT.c ****         CyGlobalIntEnable;
  81:.\Generated_Source\PSoC5/RF_Connection_INT.c ****     #endif /* (CY_PSOC3) */
  82:.\Generated_Source\PSoC5/RF_Connection_INT.c **** 
ARM GAS  C:\Users\Diego\AppData\Local\Temp\ccImexDr.s 			page 3


  83:.\Generated_Source\PSoC5/RF_Connection_INT.c ****         do
  84:.\Generated_Source\PSoC5/RF_Connection_INT.c ****         {
  85:.\Generated_Source\PSoC5/RF_Connection_INT.c ****             /* Read receiver status register */
  86:.\Generated_Source\PSoC5/RF_Connection_INT.c ****             readStatus = RF_Connection_RXSTATUS_REG;
  33              		.loc 1 86 0
  34 0000 1D4B     		ldr	r3, .L7
  35 0002 1B78     		ldrb	r3, [r3]	@ zero_extendqisi2
  36 0004 DBB2     		uxtb	r3, r3
  37              	.LVL0:
  87:.\Generated_Source\PSoC5/RF_Connection_INT.c ****             /* Copy the same status to readData variable for backward compatibility support 
  88:.\Generated_Source\PSoC5/RF_Connection_INT.c ****             *  of the user code in RF_Connection_RXISR_ERROR` section. 
  89:.\Generated_Source\PSoC5/RF_Connection_INT.c ****             */
  90:.\Generated_Source\PSoC5/RF_Connection_INT.c ****             readData = readStatus;
  91:.\Generated_Source\PSoC5/RF_Connection_INT.c **** 
  92:.\Generated_Source\PSoC5/RF_Connection_INT.c ****             if((readStatus & (RF_Connection_RX_STS_BREAK | 
  38              		.loc 1 92 0
  39 0006 13F01E0F 		tst	r3, #30
  40 000a 05D0     		beq	.L2
  93:.\Generated_Source\PSoC5/RF_Connection_INT.c ****                             RF_Connection_RX_STS_PAR_ERROR |
  94:.\Generated_Source\PSoC5/RF_Connection_INT.c ****                             RF_Connection_RX_STS_STOP_ERROR | 
  95:.\Generated_Source\PSoC5/RF_Connection_INT.c ****                             RF_Connection_RX_STS_OVERRUN)) != 0u)
  96:.\Generated_Source\PSoC5/RF_Connection_INT.c ****             {
  97:.\Generated_Source\PSoC5/RF_Connection_INT.c ****                 /* ERROR handling. */
  98:.\Generated_Source\PSoC5/RF_Connection_INT.c ****                 RF_Connection_errorStatus |= readStatus & ( RF_Connection_RX_STS_BREAK | 
  41              		.loc 1 98 0
  42 000c 1B48     		ldr	r0, .L7+4
  43 000e 03F01E02 		and	r2, r3, #30
  44 0012 0178     		ldrb	r1, [r0]	@ zero_extendqisi2
  45 0014 0A43     		orrs	r2, r2, r1
  46 0016 0270     		strb	r2, [r0]
  47              	.L2:
  99:.\Generated_Source\PSoC5/RF_Connection_INT.c ****                                                             RF_Connection_RX_STS_PAR_ERROR | 
 100:.\Generated_Source\PSoC5/RF_Connection_INT.c ****                                                             RF_Connection_RX_STS_STOP_ERROR | 
 101:.\Generated_Source\PSoC5/RF_Connection_INT.c ****                                                             RF_Connection_RX_STS_OVERRUN);
 102:.\Generated_Source\PSoC5/RF_Connection_INT.c ****                 /* `#START RF_Connection_RXISR_ERROR` */
 103:.\Generated_Source\PSoC5/RF_Connection_INT.c **** 
 104:.\Generated_Source\PSoC5/RF_Connection_INT.c ****                 /* `#END` */
 105:.\Generated_Source\PSoC5/RF_Connection_INT.c ****                 
 106:.\Generated_Source\PSoC5/RF_Connection_INT.c ****             #ifdef RF_Connection_RXISR_ERROR_CALLBACK
 107:.\Generated_Source\PSoC5/RF_Connection_INT.c ****                 RF_Connection_RXISR_ERROR_Callback();
 108:.\Generated_Source\PSoC5/RF_Connection_INT.c ****             #endif /* RF_Connection_RXISR_ERROR_CALLBACK */
 109:.\Generated_Source\PSoC5/RF_Connection_INT.c ****             }
 110:.\Generated_Source\PSoC5/RF_Connection_INT.c ****             
 111:.\Generated_Source\PSoC5/RF_Connection_INT.c ****             if((readStatus & RF_Connection_RX_STS_FIFO_NOTEMPTY) != 0u)
  48              		.loc 1 111 0
  49 0018 03F02003 		and	r3, r3, #32
  50              	.LVL1:
  51 001c 03F0FF02 		and	r2, r3, #255
  52 0020 33B3     		cbz	r3, .L3
 112:.\Generated_Source\PSoC5/RF_Connection_INT.c ****             {
 113:.\Generated_Source\PSoC5/RF_Connection_INT.c ****                 /* Read data from the RX data register */
 114:.\Generated_Source\PSoC5/RF_Connection_INT.c ****                 readData = RF_Connection_RXDATA_REG;
  53              		.loc 1 114 0
  54 0022 174B     		ldr	r3, .L7+8
  55 0024 1978     		ldrb	r1, [r3]	@ zero_extendqisi2
  56 0026 C9B2     		uxtb	r1, r1
  57              	.LVL2:
ARM GAS  C:\Users\Diego\AppData\Local\Temp\ccImexDr.s 			page 4


 115:.\Generated_Source\PSoC5/RF_Connection_INT.c ****             #if (RF_Connection_RXHW_ADDRESS_ENABLED)
 116:.\Generated_Source\PSoC5/RF_Connection_INT.c ****                 if(RF_Connection_rxAddressMode == (uint8)RF_Connection__B_UART__AM_SW_DETECT_TO_BUF
 117:.\Generated_Source\PSoC5/RF_Connection_INT.c ****                 {
 118:.\Generated_Source\PSoC5/RF_Connection_INT.c ****                     if((readStatus & RF_Connection_RX_STS_MRKSPC) != 0u)
 119:.\Generated_Source\PSoC5/RF_Connection_INT.c ****                     {
 120:.\Generated_Source\PSoC5/RF_Connection_INT.c ****                         if ((readStatus & RF_Connection_RX_STS_ADDR_MATCH) != 0u)
 121:.\Generated_Source\PSoC5/RF_Connection_INT.c ****                         {
 122:.\Generated_Source\PSoC5/RF_Connection_INT.c ****                             RF_Connection_rxAddressDetected = 1u;
 123:.\Generated_Source\PSoC5/RF_Connection_INT.c ****                         }
 124:.\Generated_Source\PSoC5/RF_Connection_INT.c ****                         else
 125:.\Generated_Source\PSoC5/RF_Connection_INT.c ****                         {
 126:.\Generated_Source\PSoC5/RF_Connection_INT.c ****                             RF_Connection_rxAddressDetected = 0u;
 127:.\Generated_Source\PSoC5/RF_Connection_INT.c ****                         }
 128:.\Generated_Source\PSoC5/RF_Connection_INT.c ****                     }
 129:.\Generated_Source\PSoC5/RF_Connection_INT.c ****                     if(RF_Connection_rxAddressDetected != 0u)
 130:.\Generated_Source\PSoC5/RF_Connection_INT.c ****                     {   /* Store only addressed data */
 131:.\Generated_Source\PSoC5/RF_Connection_INT.c ****                         RF_Connection_rxBuffer[RF_Connection_rxBufferWrite] = readData;
 132:.\Generated_Source\PSoC5/RF_Connection_INT.c ****                         increment_pointer = 1u;
 133:.\Generated_Source\PSoC5/RF_Connection_INT.c ****                     }
 134:.\Generated_Source\PSoC5/RF_Connection_INT.c ****                 }
 135:.\Generated_Source\PSoC5/RF_Connection_INT.c ****                 else /* Without software addressing */
 136:.\Generated_Source\PSoC5/RF_Connection_INT.c ****                 {
 137:.\Generated_Source\PSoC5/RF_Connection_INT.c ****                     RF_Connection_rxBuffer[RF_Connection_rxBufferWrite] = readData;
 138:.\Generated_Source\PSoC5/RF_Connection_INT.c ****                     increment_pointer = 1u;
 139:.\Generated_Source\PSoC5/RF_Connection_INT.c ****                 }
 140:.\Generated_Source\PSoC5/RF_Connection_INT.c ****             #else  /* Without addressing */
 141:.\Generated_Source\PSoC5/RF_Connection_INT.c ****                 RF_Connection_rxBuffer[RF_Connection_rxBufferWrite] = readData;
  58              		.loc 1 141 0
  59 0028 164B     		ldr	r3, .L7+12
  60 002a 1B88     		ldrh	r3, [r3]
  61 002c 9BB2     		uxth	r3, r3
  62 002e 1648     		ldr	r0, .L7+16
  63 0030 C154     		strb	r1, [r0, r3]
  64              	.LVL3:
 142:.\Generated_Source\PSoC5/RF_Connection_INT.c ****                 increment_pointer = 1u;
 143:.\Generated_Source\PSoC5/RF_Connection_INT.c ****             #endif /* (RF_Connection_RXHW_ADDRESS_ENABLED) */
 144:.\Generated_Source\PSoC5/RF_Connection_INT.c **** 
 145:.\Generated_Source\PSoC5/RF_Connection_INT.c ****                 /* Do not increment buffer pointer when skip not addressed data */
 146:.\Generated_Source\PSoC5/RF_Connection_INT.c ****                 if(increment_pointer != 0u)
 147:.\Generated_Source\PSoC5/RF_Connection_INT.c ****                 {
 148:.\Generated_Source\PSoC5/RF_Connection_INT.c ****                     if(RF_Connection_rxBufferLoopDetect != 0u)
  65              		.loc 1 148 0
  66 0032 164B     		ldr	r3, .L7+20
  67 0034 1B78     		ldrb	r3, [r3]	@ zero_extendqisi2
  68 0036 13F0FF0F 		tst	r3, #255
  69 003a 02D0     		beq	.L4
 149:.\Generated_Source\PSoC5/RF_Connection_INT.c ****                     {   /* Set Software Buffer status Overflow */
 150:.\Generated_Source\PSoC5/RF_Connection_INT.c ****                         RF_Connection_rxBufferOverflow = 1u;
  70              		.loc 1 150 0
  71 003c 0121     		movs	r1, #1
  72              	.LVL4:
  73 003e 144B     		ldr	r3, .L7+24
  74 0040 1970     		strb	r1, [r3]
  75              	.L4:
 151:.\Generated_Source\PSoC5/RF_Connection_INT.c ****                     }
 152:.\Generated_Source\PSoC5/RF_Connection_INT.c ****                     /* Set next pointer. */
 153:.\Generated_Source\PSoC5/RF_Connection_INT.c ****                     RF_Connection_rxBufferWrite++;
ARM GAS  C:\Users\Diego\AppData\Local\Temp\ccImexDr.s 			page 5


  76              		.loc 1 153 0
  77 0042 1049     		ldr	r1, .L7+12
  78 0044 0B88     		ldrh	r3, [r1]
  79 0046 0133     		adds	r3, r3, #1
  80 0048 9BB2     		uxth	r3, r3
  81 004a 0B80     		strh	r3, [r1]	@ movhi
 154:.\Generated_Source\PSoC5/RF_Connection_INT.c **** 
 155:.\Generated_Source\PSoC5/RF_Connection_INT.c ****                     /* Check pointer for a loop condition */
 156:.\Generated_Source\PSoC5/RF_Connection_INT.c ****                     if(RF_Connection_rxBufferWrite >= RF_Connection_RX_BUFFER_SIZE)
  82              		.loc 1 156 0
  83 004c 0B88     		ldrh	r3, [r1]
  84 004e 9BB2     		uxth	r3, r3
  85 0050 FF2B     		cmp	r3, #255
  86 0052 02D9     		bls	.L5
 157:.\Generated_Source\PSoC5/RF_Connection_INT.c ****                     {
 158:.\Generated_Source\PSoC5/RF_Connection_INT.c ****                         RF_Connection_rxBufferWrite = 0u;
  87              		.loc 1 158 0
  88 0054 0021     		movs	r1, #0
  89 0056 0B4B     		ldr	r3, .L7+12
  90 0058 1980     		strh	r1, [r3]	@ movhi
  91              	.L5:
 159:.\Generated_Source\PSoC5/RF_Connection_INT.c ****                     }
 160:.\Generated_Source\PSoC5/RF_Connection_INT.c **** 
 161:.\Generated_Source\PSoC5/RF_Connection_INT.c ****                     /* Detect pre-overload condition and set flag */
 162:.\Generated_Source\PSoC5/RF_Connection_INT.c ****                     if(RF_Connection_rxBufferWrite == RF_Connection_rxBufferRead)
  92              		.loc 1 162 0
  93 005a 0A4B     		ldr	r3, .L7+12
  94 005c 1988     		ldrh	r1, [r3]
  95 005e 89B2     		uxth	r1, r1
  96 0060 0C4B     		ldr	r3, .L7+28
  97 0062 1B88     		ldrh	r3, [r3]
  98 0064 9BB2     		uxth	r3, r3
  99 0066 9942     		cmp	r1, r3
 100 0068 02D1     		bne	.L3
 163:.\Generated_Source\PSoC5/RF_Connection_INT.c ****                     {
 164:.\Generated_Source\PSoC5/RF_Connection_INT.c ****                         RF_Connection_rxBufferLoopDetect = 1u;
 101              		.loc 1 164 0
 102 006a 0121     		movs	r1, #1
 103 006c 074B     		ldr	r3, .L7+20
 104 006e 1970     		strb	r1, [r3]
 105              	.LVL5:
 106              	.L3:
 165:.\Generated_Source\PSoC5/RF_Connection_INT.c ****                         /* When Hardware Flow Control selected */
 166:.\Generated_Source\PSoC5/RF_Connection_INT.c ****                         #if (RF_Connection_FLOW_CONTROL != 0u)
 167:.\Generated_Source\PSoC5/RF_Connection_INT.c ****                             /* Disable RX interrupt mask, it is enabled when user read data from th
 168:.\Generated_Source\PSoC5/RF_Connection_INT.c ****                             RF_Connection_RXSTATUS_MASK_REG  &= (uint8)~RF_Connection_RX_STS_FIFO_N
 169:.\Generated_Source\PSoC5/RF_Connection_INT.c ****                             CyIntClearPending(RF_Connection_RX_VECT_NUM);
 170:.\Generated_Source\PSoC5/RF_Connection_INT.c ****                             break; /* Break the reading of the FIFO loop, leave the data there for 
 171:.\Generated_Source\PSoC5/RF_Connection_INT.c ****                         #endif /* (RF_Connection_FLOW_CONTROL != 0u) */
 172:.\Generated_Source\PSoC5/RF_Connection_INT.c ****                     }
 173:.\Generated_Source\PSoC5/RF_Connection_INT.c ****                 }
 174:.\Generated_Source\PSoC5/RF_Connection_INT.c ****             }
 175:.\Generated_Source\PSoC5/RF_Connection_INT.c ****         }while((readStatus & RF_Connection_RX_STS_FIFO_NOTEMPTY) != 0u);
 107              		.loc 1 175 0
 108 0070 002A     		cmp	r2, #0
 109 0072 C5D1     		bne	.L6
 176:.\Generated_Source\PSoC5/RF_Connection_INT.c **** 
ARM GAS  C:\Users\Diego\AppData\Local\Temp\ccImexDr.s 			page 6


 177:.\Generated_Source\PSoC5/RF_Connection_INT.c ****         /* User code required at end of ISR (Optional) */
 178:.\Generated_Source\PSoC5/RF_Connection_INT.c ****         /* `#START RF_Connection_RXISR_END` */
 179:.\Generated_Source\PSoC5/RF_Connection_INT.c **** 
 180:.\Generated_Source\PSoC5/RF_Connection_INT.c ****         /* `#END` */
 181:.\Generated_Source\PSoC5/RF_Connection_INT.c **** 
 182:.\Generated_Source\PSoC5/RF_Connection_INT.c ****     #ifdef RF_Connection_RXISR_EXIT_CALLBACK
 183:.\Generated_Source\PSoC5/RF_Connection_INT.c ****         RF_Connection_RXISR_ExitCallback();
 184:.\Generated_Source\PSoC5/RF_Connection_INT.c ****     #endif /* RF_Connection_RXISR_EXIT_CALLBACK */
 185:.\Generated_Source\PSoC5/RF_Connection_INT.c **** 
 186:.\Generated_Source\PSoC5/RF_Connection_INT.c ****     #if(CY_PSOC3)
 187:.\Generated_Source\PSoC5/RF_Connection_INT.c ****         EA = int_en;
 188:.\Generated_Source\PSoC5/RF_Connection_INT.c ****     #endif /* (CY_PSOC3) */
 189:.\Generated_Source\PSoC5/RF_Connection_INT.c ****     }
 110              		.loc 1 189 0
 111 0074 7047     		bx	lr
 112              	.L8:
 113 0076 00BF     		.align	2
 114              	.L7:
 115 0078 63640040 		.word	1073767523
 116 007c 00000000 		.word	RF_Connection_errorStatus
 117 0080 4C640040 		.word	1073767500
 118 0084 00000000 		.word	RF_Connection_rxBufferWrite
 119 0088 00000000 		.word	RF_Connection_rxBuffer
 120 008c 00000000 		.word	RF_Connection_rxBufferLoopDetect
 121 0090 00000000 		.word	RF_Connection_rxBufferOverflow
 122 0094 00000000 		.word	RF_Connection_rxBufferRead
 123              		.cfi_endproc
 124              	.LFE0:
 125              		.size	RF_Connection_RXISR, .-RF_Connection_RXISR
 126              		.text
 127              	.Letext0:
 128              		.file 2 ".\\Generated_Source\\PSoC5\\cytypes.h"
 129              		.file 3 ".\\Generated_Source\\PSoC5\\RF_Connection.h"
 130              		.section	.debug_info,"",%progbits
 131              	.Ldebug_info0:
 132 0000 52010000 		.4byte	0x152
 133 0004 0400     		.2byte	0x4
 134 0006 00000000 		.4byte	.Ldebug_abbrev0
 135 000a 04       		.byte	0x4
 136 000b 01       		.uleb128 0x1
 137 000c 21000000 		.4byte	.LASF25
 138 0010 01       		.byte	0x1
 139 0011 68010000 		.4byte	.LASF26
 140 0015 AF000000 		.4byte	.LASF27
 141 0019 00000000 		.4byte	.Ldebug_ranges0+0
 142 001d 00000000 		.4byte	0
 143 0021 00000000 		.4byte	.Ldebug_line0
 144 0025 02       		.uleb128 0x2
 145 0026 01       		.byte	0x1
 146 0027 06       		.byte	0x6
 147 0028 F3010000 		.4byte	.LASF0
 148 002c 02       		.uleb128 0x2
 149 002d 01       		.byte	0x1
 150 002e 08       		.byte	0x8
 151 002f 95010000 		.4byte	.LASF1
 152 0033 02       		.uleb128 0x2
 153 0034 02       		.byte	0x2
ARM GAS  C:\Users\Diego\AppData\Local\Temp\ccImexDr.s 			page 7


 154 0035 05       		.byte	0x5
 155 0036 24020000 		.4byte	.LASF2
 156 003a 02       		.uleb128 0x2
 157 003b 02       		.byte	0x2
 158 003c 07       		.byte	0x7
 159 003d 0E000000 		.4byte	.LASF3
 160 0041 02       		.uleb128 0x2
 161 0042 04       		.byte	0x4
 162 0043 05       		.byte	0x5
 163 0044 A8010000 		.4byte	.LASF4
 164 0048 02       		.uleb128 0x2
 165 0049 04       		.byte	0x4
 166 004a 07       		.byte	0x7
 167 004b 28010000 		.4byte	.LASF5
 168 004f 02       		.uleb128 0x2
 169 0050 08       		.byte	0x8
 170 0051 05       		.byte	0x5
 171 0052 00000000 		.4byte	.LASF6
 172 0056 02       		.uleb128 0x2
 173 0057 08       		.byte	0x8
 174 0058 07       		.byte	0x7
 175 0059 3A010000 		.4byte	.LASF7
 176 005d 03       		.uleb128 0x3
 177 005e 04       		.byte	0x4
 178 005f 05       		.byte	0x5
 179 0060 696E7400 		.ascii	"int\000"
 180 0064 02       		.uleb128 0x2
 181 0065 04       		.byte	0x4
 182 0066 07       		.byte	0x7
 183 0067 35020000 		.4byte	.LASF8
 184 006b 04       		.uleb128 0x4
 185 006c 22010000 		.4byte	.LASF9
 186 0070 02       		.byte	0x2
 187 0071 3801     		.2byte	0x138
 188 0073 2C000000 		.4byte	0x2c
 189 0077 04       		.uleb128 0x4
 190 0078 2E020000 		.4byte	.LASF10
 191 007c 02       		.byte	0x2
 192 007d 3901     		.2byte	0x139
 193 007f 3A000000 		.4byte	0x3a
 194 0083 02       		.uleb128 0x2
 195 0084 04       		.byte	0x4
 196 0085 04       		.byte	0x4
 197 0086 1E020000 		.4byte	.LASF11
 198 008a 02       		.uleb128 0x2
 199 008b 08       		.byte	0x8
 200 008c 04       		.byte	0x4
 201 008d C5010000 		.4byte	.LASF12
 202 0091 02       		.uleb128 0x2
 203 0092 01       		.byte	0x1
 204 0093 08       		.byte	0x8
 205 0094 A3010000 		.4byte	.LASF13
 206 0098 04       		.uleb128 0x4
 207 0099 1D010000 		.4byte	.LASF14
 208 009d 02       		.byte	0x2
 209 009e E201     		.2byte	0x1e2
 210 00a0 A4000000 		.4byte	0xa4
ARM GAS  C:\Users\Diego\AppData\Local\Temp\ccImexDr.s 			page 8


 211 00a4 05       		.uleb128 0x5
 212 00a5 6B000000 		.4byte	0x6b
 213 00a9 05       		.uleb128 0x5
 214 00aa 77000000 		.4byte	0x77
 215 00ae 02       		.uleb128 0x2
 216 00af 04       		.byte	0x4
 217 00b0 07       		.byte	0x7
 218 00b1 6C020000 		.4byte	.LASF15
 219 00b5 06       		.uleb128 0x6
 220 00b6 B1010000 		.4byte	.LASF28
 221 00ba 01       		.byte	0x1
 222 00bb 3B       		.byte	0x3b
 223 00bc 00000000 		.4byte	.LFB0
 224 00c0 98000000 		.4byte	.LFE0-.LFB0
 225 00c4 01       		.uleb128 0x1
 226 00c5 9C       		.byte	0x9c
 227 00c6 F8000000 		.4byte	0xf8
 228 00ca 07       		.uleb128 0x7
 229 00cb 63020000 		.4byte	.LASF16
 230 00cf 01       		.byte	0x1
 231 00d0 3D       		.byte	0x3d
 232 00d1 6B000000 		.4byte	0x6b
 233 00d5 00000000 		.4byte	.LLST0
 234 00d9 07       		.uleb128 0x7
 235 00da CC010000 		.4byte	.LASF17
 236 00de 01       		.byte	0x1
 237 00df 3E       		.byte	0x3e
 238 00e0 6B000000 		.4byte	0x6b
 239 00e4 1E000000 		.4byte	.LLST1
 240 00e8 07       		.uleb128 0x7
 241 00e9 F1000000 		.4byte	.LASF18
 242 00ed 01       		.byte	0x1
 243 00ee 3F       		.byte	0x3f
 244 00ef 6B000000 		.4byte	0x6b
 245 00f3 31000000 		.4byte	.LLST2
 246 00f7 00       		.byte	0
 247 00f8 08       		.uleb128 0x8
 248 00f9 03010000 		.4byte	.LASF19
 249 00fd 03       		.byte	0x3
 250 00fe 3D01     		.2byte	0x13d
 251 0100 6B000000 		.4byte	0x6b
 252 0104 09       		.uleb128 0x9
 253 0105 6B000000 		.4byte	0x6b
 254 0109 14010000 		.4byte	0x114
 255 010d 0A       		.uleb128 0xa
 256 010e AE000000 		.4byte	0xae
 257 0112 FF       		.byte	0xff
 258 0113 00       		.byte	0
 259 0114 08       		.uleb128 0x8
 260 0115 51010000 		.4byte	.LASF20
 261 0119 03       		.byte	0x3
 262 011a 3E01     		.2byte	0x13e
 263 011c 20010000 		.4byte	0x120
 264 0120 05       		.uleb128 0x5
 265 0121 04010000 		.4byte	0x104
 266 0125 08       		.uleb128 0x8
 267 0126 75020000 		.4byte	.LASF21
ARM GAS  C:\Users\Diego\AppData\Local\Temp\ccImexDr.s 			page 9


 268 012a 03       		.byte	0x3
 269 012b 3F01     		.2byte	0x13f
 270 012d A9000000 		.4byte	0xa9
 271 0131 08       		.uleb128 0x8
 272 0132 D7010000 		.4byte	.LASF22
 273 0136 03       		.byte	0x3
 274 0137 4001     		.2byte	0x140
 275 0139 A9000000 		.4byte	0xa9
 276 013d 08       		.uleb128 0x8
 277 013e 42020000 		.4byte	.LASF23
 278 0142 03       		.byte	0x3
 279 0143 4101     		.2byte	0x141
 280 0145 A4000000 		.4byte	0xa4
 281 0149 08       		.uleb128 0x8
 282 014a FF010000 		.4byte	.LASF24
 283 014e 03       		.byte	0x3
 284 014f 4201     		.2byte	0x142
 285 0151 A4000000 		.4byte	0xa4
 286 0155 00       		.byte	0
 287              		.section	.debug_abbrev,"",%progbits
 288              	.Ldebug_abbrev0:
 289 0000 01       		.uleb128 0x1
 290 0001 11       		.uleb128 0x11
 291 0002 01       		.byte	0x1
 292 0003 25       		.uleb128 0x25
 293 0004 0E       		.uleb128 0xe
 294 0005 13       		.uleb128 0x13
 295 0006 0B       		.uleb128 0xb
 296 0007 03       		.uleb128 0x3
 297 0008 0E       		.uleb128 0xe
 298 0009 1B       		.uleb128 0x1b
 299 000a 0E       		.uleb128 0xe
 300 000b 55       		.uleb128 0x55
 301 000c 17       		.uleb128 0x17
 302 000d 11       		.uleb128 0x11
 303 000e 01       		.uleb128 0x1
 304 000f 10       		.uleb128 0x10
 305 0010 17       		.uleb128 0x17
 306 0011 00       		.byte	0
 307 0012 00       		.byte	0
 308 0013 02       		.uleb128 0x2
 309 0014 24       		.uleb128 0x24
 310 0015 00       		.byte	0
 311 0016 0B       		.uleb128 0xb
 312 0017 0B       		.uleb128 0xb
 313 0018 3E       		.uleb128 0x3e
 314 0019 0B       		.uleb128 0xb
 315 001a 03       		.uleb128 0x3
 316 001b 0E       		.uleb128 0xe
 317 001c 00       		.byte	0
 318 001d 00       		.byte	0
 319 001e 03       		.uleb128 0x3
 320 001f 24       		.uleb128 0x24
 321 0020 00       		.byte	0
 322 0021 0B       		.uleb128 0xb
 323 0022 0B       		.uleb128 0xb
 324 0023 3E       		.uleb128 0x3e
ARM GAS  C:\Users\Diego\AppData\Local\Temp\ccImexDr.s 			page 10


 325 0024 0B       		.uleb128 0xb
 326 0025 03       		.uleb128 0x3
 327 0026 08       		.uleb128 0x8
 328 0027 00       		.byte	0
 329 0028 00       		.byte	0
 330 0029 04       		.uleb128 0x4
 331 002a 16       		.uleb128 0x16
 332 002b 00       		.byte	0
 333 002c 03       		.uleb128 0x3
 334 002d 0E       		.uleb128 0xe
 335 002e 3A       		.uleb128 0x3a
 336 002f 0B       		.uleb128 0xb
 337 0030 3B       		.uleb128 0x3b
 338 0031 05       		.uleb128 0x5
 339 0032 49       		.uleb128 0x49
 340 0033 13       		.uleb128 0x13
 341 0034 00       		.byte	0
 342 0035 00       		.byte	0
 343 0036 05       		.uleb128 0x5
 344 0037 35       		.uleb128 0x35
 345 0038 00       		.byte	0
 346 0039 49       		.uleb128 0x49
 347 003a 13       		.uleb128 0x13
 348 003b 00       		.byte	0
 349 003c 00       		.byte	0
 350 003d 06       		.uleb128 0x6
 351 003e 2E       		.uleb128 0x2e
 352 003f 01       		.byte	0x1
 353 0040 3F       		.uleb128 0x3f
 354 0041 19       		.uleb128 0x19
 355 0042 03       		.uleb128 0x3
 356 0043 0E       		.uleb128 0xe
 357 0044 3A       		.uleb128 0x3a
 358 0045 0B       		.uleb128 0xb
 359 0046 3B       		.uleb128 0x3b
 360 0047 0B       		.uleb128 0xb
 361 0048 27       		.uleb128 0x27
 362 0049 19       		.uleb128 0x19
 363 004a 11       		.uleb128 0x11
 364 004b 01       		.uleb128 0x1
 365 004c 12       		.uleb128 0x12
 366 004d 06       		.uleb128 0x6
 367 004e 40       		.uleb128 0x40
 368 004f 18       		.uleb128 0x18
 369 0050 9742     		.uleb128 0x2117
 370 0052 19       		.uleb128 0x19
 371 0053 01       		.uleb128 0x1
 372 0054 13       		.uleb128 0x13
 373 0055 00       		.byte	0
 374 0056 00       		.byte	0
 375 0057 07       		.uleb128 0x7
 376 0058 34       		.uleb128 0x34
 377 0059 00       		.byte	0
 378 005a 03       		.uleb128 0x3
 379 005b 0E       		.uleb128 0xe
 380 005c 3A       		.uleb128 0x3a
 381 005d 0B       		.uleb128 0xb
ARM GAS  C:\Users\Diego\AppData\Local\Temp\ccImexDr.s 			page 11


 382 005e 3B       		.uleb128 0x3b
 383 005f 0B       		.uleb128 0xb
 384 0060 49       		.uleb128 0x49
 385 0061 13       		.uleb128 0x13
 386 0062 02       		.uleb128 0x2
 387 0063 17       		.uleb128 0x17
 388 0064 00       		.byte	0
 389 0065 00       		.byte	0
 390 0066 08       		.uleb128 0x8
 391 0067 34       		.uleb128 0x34
 392 0068 00       		.byte	0
 393 0069 03       		.uleb128 0x3
 394 006a 0E       		.uleb128 0xe
 395 006b 3A       		.uleb128 0x3a
 396 006c 0B       		.uleb128 0xb
 397 006d 3B       		.uleb128 0x3b
 398 006e 05       		.uleb128 0x5
 399 006f 49       		.uleb128 0x49
 400 0070 13       		.uleb128 0x13
 401 0071 3F       		.uleb128 0x3f
 402 0072 19       		.uleb128 0x19
 403 0073 3C       		.uleb128 0x3c
 404 0074 19       		.uleb128 0x19
 405 0075 00       		.byte	0
 406 0076 00       		.byte	0
 407 0077 09       		.uleb128 0x9
 408 0078 01       		.uleb128 0x1
 409 0079 01       		.byte	0x1
 410 007a 49       		.uleb128 0x49
 411 007b 13       		.uleb128 0x13
 412 007c 01       		.uleb128 0x1
 413 007d 13       		.uleb128 0x13
 414 007e 00       		.byte	0
 415 007f 00       		.byte	0
 416 0080 0A       		.uleb128 0xa
 417 0081 21       		.uleb128 0x21
 418 0082 00       		.byte	0
 419 0083 49       		.uleb128 0x49
 420 0084 13       		.uleb128 0x13
 421 0085 2F       		.uleb128 0x2f
 422 0086 0B       		.uleb128 0xb
 423 0087 00       		.byte	0
 424 0088 00       		.byte	0
 425 0089 00       		.byte	0
 426              		.section	.debug_loc,"",%progbits
 427              	.Ldebug_loc0:
 428              	.LLST0:
 429 0000 06000000 		.4byte	.LVL0
 430 0004 1C000000 		.4byte	.LVL1
 431 0008 0100     		.2byte	0x1
 432 000a 53       		.byte	0x53
 433 000b 28000000 		.4byte	.LVL2
 434 000f 3E000000 		.4byte	.LVL4
 435 0013 0100     		.2byte	0x1
 436 0015 51       		.byte	0x51
 437 0016 00000000 		.4byte	0
 438 001a 00000000 		.4byte	0
ARM GAS  C:\Users\Diego\AppData\Local\Temp\ccImexDr.s 			page 12


 439              	.LLST1:
 440 001e 06000000 		.4byte	.LVL0
 441 0022 1C000000 		.4byte	.LVL1
 442 0026 0100     		.2byte	0x1
 443 0028 53       		.byte	0x53
 444 0029 00000000 		.4byte	0
 445 002d 00000000 		.4byte	0
 446              	.LLST2:
 447 0031 32000000 		.4byte	.LVL3
 448 0035 70000000 		.4byte	.LVL5
 449 0039 0200     		.2byte	0x2
 450 003b 31       		.byte	0x31
 451 003c 9F       		.byte	0x9f
 452 003d 00000000 		.4byte	0
 453 0041 00000000 		.4byte	0
 454              		.section	.debug_aranges,"",%progbits
 455 0000 1C000000 		.4byte	0x1c
 456 0004 0200     		.2byte	0x2
 457 0006 00000000 		.4byte	.Ldebug_info0
 458 000a 04       		.byte	0x4
 459 000b 00       		.byte	0
 460 000c 0000     		.2byte	0
 461 000e 0000     		.2byte	0
 462 0010 00000000 		.4byte	.LFB0
 463 0014 98000000 		.4byte	.LFE0-.LFB0
 464 0018 00000000 		.4byte	0
 465 001c 00000000 		.4byte	0
 466              		.section	.debug_ranges,"",%progbits
 467              	.Ldebug_ranges0:
 468 0000 00000000 		.4byte	.LFB0
 469 0004 98000000 		.4byte	.LFE0
 470 0008 00000000 		.4byte	0
 471 000c 00000000 		.4byte	0
 472              		.section	.debug_line,"",%progbits
 473              	.Ldebug_line0:
 474 0000 91000000 		.section	.debug_str,"MS",%progbits,1
 474      02006300 
 474      00000201 
 474      FB0E0D00 
 474      01010101 
 475              	.LASF6:
 476 0000 6C6F6E67 		.ascii	"long long int\000"
 476      206C6F6E 
 476      6720696E 
 476      7400
 477              	.LASF3:
 478 000e 73686F72 		.ascii	"short unsigned int\000"
 478      7420756E 
 478      7369676E 
 478      65642069 
 478      6E7400
 479              	.LASF25:
 480 0021 474E5520 		.ascii	"GNU C 4.9.3 20150303 (release) [ARM/embedded-4_9-br"
 480      4320342E 
 480      392E3320 
 480      32303135 
 480      30333033 
ARM GAS  C:\Users\Diego\AppData\Local\Temp\ccImexDr.s 			page 13


 481 0054 616E6368 		.ascii	"anch revision 221220] -mcpu=cortex-m3 -mthumb -g -O"
 481      20726576 
 481      6973696F 
 481      6E203232 
 481      31323230 
 482 0087 67202D66 		.ascii	"g -ffunction-sections -ffat-lto-objects\000"
 482      66756E63 
 482      74696F6E 
 482      2D736563 
 482      74696F6E 
 483              	.LASF27:
 484 00af 433A5C55 		.ascii	"C:\\Users\\Diego\\Documents\\GitHub\\NSY-DH\\Worksp"
 484      73657273 
 484      5C446965 
 484      676F5C44 
 484      6F63756D 
 485 00dc 61636530 		.ascii	"ace01\\Design01.cydsn\000"
 485      315C4465 
 485      7369676E 
 485      30312E63 
 485      7964736E 
 486              	.LASF18:
 487 00f1 696E6372 		.ascii	"increment_pointer\000"
 487      656D656E 
 487      745F706F 
 487      696E7465 
 487      7200
 488              	.LASF19:
 489 0103 52465F43 		.ascii	"RF_Connection_errorStatus\000"
 489      6F6E6E65 
 489      6374696F 
 489      6E5F6572 
 489      726F7253 
 490              	.LASF14:
 491 011d 72656738 		.ascii	"reg8\000"
 491      00
 492              	.LASF9:
 493 0122 75696E74 		.ascii	"uint8\000"
 493      3800
 494              	.LASF5:
 495 0128 6C6F6E67 		.ascii	"long unsigned int\000"
 495      20756E73 
 495      69676E65 
 495      6420696E 
 495      7400
 496              	.LASF7:
 497 013a 6C6F6E67 		.ascii	"long long unsigned int\000"
 497      206C6F6E 
 497      6720756E 
 497      7369676E 
 497      65642069 
 498              	.LASF20:
 499 0151 52465F43 		.ascii	"RF_Connection_rxBuffer\000"
 499      6F6E6E65 
 499      6374696F 
 499      6E5F7278 
 499      42756666 
ARM GAS  C:\Users\Diego\AppData\Local\Temp\ccImexDr.s 			page 14


 500              	.LASF26:
 501 0168 2E5C4765 		.ascii	".\\Generated_Source\\PSoC5\\RF_Connection_INT.c\000"
 501      6E657261 
 501      7465645F 
 501      536F7572 
 501      63655C50 
 502              	.LASF1:
 503 0195 756E7369 		.ascii	"unsigned char\000"
 503      676E6564 
 503      20636861 
 503      7200
 504              	.LASF13:
 505 01a3 63686172 		.ascii	"char\000"
 505      00
 506              	.LASF4:
 507 01a8 6C6F6E67 		.ascii	"long int\000"
 507      20696E74 
 507      00
 508              	.LASF28:
 509 01b1 52465F43 		.ascii	"RF_Connection_RXISR\000"
 509      6F6E6E65 
 509      6374696F 
 509      6E5F5258 
 509      49535200 
 510              	.LASF12:
 511 01c5 646F7562 		.ascii	"double\000"
 511      6C6500
 512              	.LASF17:
 513 01cc 72656164 		.ascii	"readStatus\000"
 513      53746174 
 513      757300
 514              	.LASF22:
 515 01d7 52465F43 		.ascii	"RF_Connection_rxBufferWrite\000"
 515      6F6E6E65 
 515      6374696F 
 515      6E5F7278 
 515      42756666 
 516              	.LASF0:
 517 01f3 7369676E 		.ascii	"signed char\000"
 517      65642063 
 517      68617200 
 518              	.LASF24:
 519 01ff 52465F43 		.ascii	"RF_Connection_rxBufferOverflow\000"
 519      6F6E6E65 
 519      6374696F 
 519      6E5F7278 
 519      42756666 
 520              	.LASF11:
 521 021e 666C6F61 		.ascii	"float\000"
 521      7400
 522              	.LASF2:
 523 0224 73686F72 		.ascii	"short int\000"
 523      7420696E 
 523      7400
 524              	.LASF10:
 525 022e 75696E74 		.ascii	"uint16\000"
 525      313600
ARM GAS  C:\Users\Diego\AppData\Local\Temp\ccImexDr.s 			page 15


 526              	.LASF8:
 527 0235 756E7369 		.ascii	"unsigned int\000"
 527      676E6564 
 527      20696E74 
 527      00
 528              	.LASF23:
 529 0242 52465F43 		.ascii	"RF_Connection_rxBufferLoopDetect\000"
 529      6F6E6E65 
 529      6374696F 
 529      6E5F7278 
 529      42756666 
 530              	.LASF16:
 531 0263 72656164 		.ascii	"readData\000"
 531      44617461 
 531      00
 532              	.LASF15:
 533 026c 73697A65 		.ascii	"sizetype\000"
 533      74797065 
 533      00
 534              	.LASF21:
 535 0275 52465F43 		.ascii	"RF_Connection_rxBufferRead\000"
 535      6F6E6E65 
 535      6374696F 
 535      6E5F7278 
 535      42756666 
 536              		.ident	"GCC: (GNU Tools for ARM Embedded Processors) 4.9.3 20150303 (release) [ARM/embedded-4_9-br
